[DEPRECATED] compile_apk_installer.sh is wrapped by build_adapter.sh — Phase 4 will absorb this
==========================================
  apk_installer compilation (ARM64)
==========================================
  Compiling apk_manifest_parser... OK
  Compiling apk_native_inventory... OK
  Compiling apk_native_inventory_names... OK
  Compiling apk_verify_result... OK
  Compiling apk_verifier_client... OK
  Compiling axml_parser... OK
  Compiling apk_installer... OK
  Compiling apk_label_resolver... OK
  Compiling icon_normalize... OK
  Compiling adaptive_icon... OK
  Compiling lodepng... OK
  Compiling arsc_resolver... OK
  Compiling permission_mapper... OK
  Compiling apk_signature_verifier... OK
  Compiling signing_metadata_v1... OK
  Compiling package_authority_service_v1... OK
  Compiling package_query_v1... OK
  Compiling elf_prepass_analyzer... OK
  Compiling prepass_bundle... OK
  Compiling package_transaction_v1... OK
  Compiling game_install_plan_v1... OK
  Compiling game_install_plan_wire... OK
  Compiling install_prepass_materializer... OK
  Compiling prepass_context_wire... OK
  Compiling app_data_dir_provisioner... OK
  Compiling directory_ex_shim... OK
  Compiling oh_adapter_install_apk_c_entry... OK
  Compiling unzip (C, minizip)... OK
  Compiling zip (C, minizip)... OK
  Compiling ioapi (C, minizip)... OK
  Compiling sha256 (C, minizip)... OK

  Compiled: 31/31
  Linking libapk_installer.so... OK
  ✅ libapk_installer.so: 1.4M

-rwxr-xr-x 1 zhaoyue zhaoyue 1.4M Sep 29 18:32 /Users/zhaoyue/orca/workspaces/westlake-harness-bms-deploy/bms/src/.work/installer-background-launcher/adapter/out/adapter/libapk_installer.so
30eee470873894cc08fc65bc44accd29a302be72e481d95e5fdad0eda5459a3f  /Users/zhaoyue/orca/workspaces/westlake-harness-bms-deploy/bms/src/.work/installer-background-launcher/adapter/out/adapter/libapk_installer.so
