Generated by HiviewDFX@OpenHarmony
================================================================
Device info:OpenHarmony 3.2
Build info:OpenHarmony 6.1.0.31
DeviceDebuggable:Yes
Fingerprint:3662f2fe7e6c1134a8af08e8221079f2dea9fb4452e6398105117340c5a184cc
Module name:init
Timestamp:2026-09-30 11:28:42.307
Pid:1
Uid:0
Process name:/bin/init
Process life time:13419s
Process Memory(kB): 5955(Rss)
Device Memory(kB): Total 7570984, Free 226172, Available 5856672
Reason:Signal:SIGSEGV(SEGV_MAPERR)@0x0000000000000034  probably caused by NULL pointer dereference
Fault thread info:
Tid:1, Name:init
#00 pc 0000000000033d80 /system/bin/init(CheckOndemandService+156)(f07e219e46065b113909c7d10896cf3d)
#01 pc 000000000002dc68 /system/bin/init(ProcessSignal+280)(f07e219e46065b113909c7d10896cf3d)
#02 pc 00000000000474b4 /system/bin/init(HandleSignalEvent_+112)(f07e219e46065b113909c7d10896cf3d)
#03 pc 00000000000466a8 /system/bin/init(ProcessEvent+88)(f07e219e46065b113909c7d10896cf3d)
#04 pc 0000000000046e14 /system/bin/init(RunLoop_+380)(f07e219e46065b113909c7d10896cf3d)
#05 pc 000000000004c67c /system/bin/init(ParamServiceStart+12)(f07e219e46065b113909c7d10896cf3d)
#06 pc 000000000003a934 /system/bin/init(main+192)(f07e219e46065b113909c7d10896cf3d)
#07 pc 0000000000095140 /system/lib/ld-musl-aarch64.so.1(libc_start_main_stage2+80)(a9d018197b852b7e2f585142e5dbffb2)
Registers:
x0:0000000000000057 x1:0000007fe258f370 x2:0000000000000057 x3:0000000000000057
x4:0000000000000000 x5:0000000000000000 x6:6c6e625e73686d68 x7:7f7f7f7f7f7f7f7f
x8:0000000000000040 x9:0000002a892c2a1c x10:0000000000000000 x11:6170737070612074
x12:726f6620782d6e77 x13:6563697672657320 x14:0000007fe258f1a4 x15:0000000000000000
x16:000000556b77df48 x17:0000007fbae3dc8c x18:0000000000000000 x19:0000007fbaa8c3d0
x20:000000556b71f5ed x21:000000556b72629d x22:000000556b72a65b x23:0000000000000000
x24:000000556b729fb1 x25:0000000000003cb6 x26:0000007fbaa8c3d0 x27:0000007fbaa6f580
x28:000000556b7237d6 x29:0000007fe258f760
lr:000000556b74dd7c sp:0000007fe258f690 pc:000000556b74dd80
pstate:0000000060001000 esr:0000000092000005
Memory near registers:
x1([stack]):
    0000007fe258f360 0000007fe258f4e0
    0000007fe258f368 0000000000000000
    0000007fe258f370 3d6469705b3e333c
    0000007fe258f378 5d74696e495b5d31
    0000007fe258f380 5b5d524f5252455b
    0000007fe258f388 6d6f635f74696e69
    0000007fe258f390 767265735f6e6f6d
    0000007fe258f398 37383a632e656369
    0000007fe258f3a0 696c61766e495d37
    0000007fe258f3a8 74656b636f732064
    0000007fe258f3b0 7761707370706120
    0000007fe258f3b8 20726f6620782d6e
    0000007fe258f3c0 0065636976726573
    0000007fe258f3c8 0000000000000000
    0000007fe258f3d0 0000000000000000
    0000007fe258f3d8 0000000000000000
    0000007fe258f3e0 0000000000000000
    0000007fe258f3e8 0000000000000000
    0000007fe258f3f0 0000000000000000
    0000007fe258f3f8 0000000000000000
    0000007fe258f400 0000000000000000
    0000007fe258f408 0000000000000000
    0000007fe258f410 0000000000000000
    0000007fe258f418 0000000000000000
    0000007fe258f420 0000000000000000
    0000007fe258f428 0000000000000000
    0000007fe258f430 0000000000000000
    0000007fe258f438 0000000000000000
    0000007fe258f440 0000000000000000
    0000007fe258f448 0000000000000000
    0000007fe258f450 0000000000000000
    0000007fe258f458 0000000000000000
x14([stack]):
    0000007fe258f190 0000000000000000
    0000007fe258f198 0000000000000000
    0000007fe258f1a0 0000000031000000
    0000007fe258f1a8 0000000000000000
    0000007fe258f1b0 0000007fe258f240
    0000007fe258f1b8 0000007fba8cd96c
    0000007fe258f1c0 000000556b7237d6
    0000007fe258f1c8 0000007fe258f370
    0000007fe258f1d0 0000007fbaa6f580
    0000007fe258f1d8 0000007fbaa8c3d0
    0000007fe258f1e0 0000000000003cb6
    0000007fe258f1e8 000000556b729fb1
    0000007fe258f1f0 0000000000000018
    0000007fe258f1f8 000000556b77f000
    0000007fe258f200 000000556b72b095
    0000007fe258f208 000000556b71f5ed
    0000007fe258f210 0000007fe258f370
    0000007fe258f218 2ea282371011c1aa
    0000007fe258f220 0000007fe258f360
    0000007fe258f228 0000007fe258f300
    0000007fe258f230 0000007fe258f2e0
    0000007fe258f238 ffffff80ffffffe0
    0000007fe258f240 0000007fe258f340
    0000007fe258f248 0000007fba8cc81c
    0000007fe258f250 0000007fe258f4e0
    0000007fe258f258 2ea282371011d1da
    0000007fe258f260 0000000000000000
    0000007fe258f268 0000000000000000
    0000007fe258f270 0000007fe258f610
    0000007fe258f278 ffffff80ffffffe0
    0000007fe258f280 0000007fe258f610
    0000007fe258f288 ffffff80ffffffe0
x16(/system/bin/init):
    000000556b77df38 0000007fbae127b0
    000000556b77df40 0000007fbadbdd5c
    000000556b77df48 0000007fbae3dc8c
    000000556b77df50 0000007fbadbf04c
    000000556b77df58 0000007fbad97980
    000000556b77df60 0000007fbae497fc
    000000556b77df68 0000007fba8cd320
    000000556b77df70 0000007fbad97c00
    000000556b77df78 0000007fbadfaff0
    000000556b77df80 0000007fbae12c4c
    000000556b77df88 0000007fbadcc4b4
    000000556b77df90 0000007fbaa82a98
    000000556b77df98 0000007fbaa81f88
    000000556b77dfa0 0000007fbae37160
    000000556b77dfa8 0000007fbae4c5f0
    000000556b77dfb0 0000007fbadfb244
    000000556b77dfb8 0000007fbae3daa4
    000000556b77dfc0 0000007fbadef294
    000000556b77dfc8 0000007fbae3bd78
    000000556b77dfd0 0000007fbae11d78
    000000556b77dfd8 0000007fba8cc7a4
    000000556b77dfe0 0000007fbadebcfc
    000000556b77dfe8 0000007fba8cc8f8
    000000556b77dff0 0000007fbae49a74
    000000556b77dff8 0000007fbad977c0
    000000556b77e000 0000007fba8c3fe8
    000000556b77e008 0000007fbadff778
    000000556b77e010 0000007fbadff110
    000000556b77e018 0000007fbadbd5cc
    000000556b77e020 0000007fbae0227c
    000000556b77e028 0000007fbae3a264
    000000556b77e030 0000007fbae41e08
x17(/system/lib/ld-musl-aarch64.so.1):
    0000007fbae3dc78 eb0901efca1e0129
    0000007fbae3dc80 d4200020b400004f
    0000007fbae3dc88 a9be7bfdd65f03c0
    0000007fbae3dc90 910003fdf9000bf3
    0000007fbae3dc98 aa0203e390000808
    0000007fbae3dca0 93407c01aa0103e2
    0000007fbae3dca8 b4000148f9466d08
    0000007fbae3dcb0 3400010839410108
    0000007fbae3dcb8 5280080090000808
    0000007fbae3dcc0 d63f0100f9467108
    0000007fbae3dcc8 54000122b13ffc1f
    0000007fbae3dcd0 aa0103e01400000d
    0000007fbae3dcd8 aa0203e152800808
    0000007fbae3dce0 d4000001aa0303e2
    0000007fbae3dce8 540000c3b13ffc1f
    0000007fbae3dcf0 97fdf9b64b0003f3
    0000007fbae3dcf8 92800000aa0003e8
    0000007fbae3dd00 f9400bf3b9000113
    0000007fbae3dd08 d65f03c0a8c27bfd
    0000007fbae3dd10 f9000bf3a9be7bfd
    0000007fbae3dd18 90000808910003fd
    0000007fbae3dd20 93407c01aa0103e9
    0000007fbae3dd28 f9466d0893407c43
    0000007fbae3dd30 39410908b4000168
    0000007fbae3dd38 9000080834000128
    0000007fbae3dd40 aa0903e252800840
    0000007fbae3dd48 d63f0100f9467108
    0000007fbae3dd50 54000122b13ffc1f
    0000007fbae3dd58 aa0103e01400000d
    0000007fbae3dd60 aa0903e152800848
    0000007fbae3dd68 d4000001aa0303e2
    0000007fbae3dd70 540000c3b13ffc1f
x19:
    0000007fbaa8c3c0 0000000000000000
    0000007fbaa8c3c8 003ca30000000014
    0000007fbaa8c3d0 0000007fbaa6f580
    0000007fbaa8c3d8 00000000ffffffff
    0000007fbaa8c3e0 0000000400000000
    0000007fbaa8c3e8 00010910000000f0
    0000007fbaa8c3f0 00000522ffffffec
    0000007fbaa8c3f8 000000002803a0d0
    0000007fbaa8c400 0000000000000000
    0000007fbaa8c408 0000000000000000
    0000007fbaa8c410 0000007fbaa758e0
    0000007fbaa8c418 000000000000000c
    0000007fbaa8c420 0000000000000000
    0000007fbaa8c428 0000000000000000
    0000007fbaa8c430 0000000000000000
    0000007fbaa8c438 0000000000000000
    0000007fbaa8c440 0000000000000000
    0000007fbaa8c448 0000000000000000
    0000007fbaa8c450 0000007fbaa797f0
    0000007fbaa8c458 0000000000000001
    0000007fbaa8c460 0000000000000000
    0000007fbaa8c468 baa6f5c000000004
    0000007fbaa8c470 000000020000007f
    0000007fbaa8c478 0000007fbaa6f700
    0000007fbaa8c480 0000000000000000
    0000007fbaa8c488 0000007fbaa7f370
    0000007fbaa8c490 0000000000000000
    0000007fbaa8c498 0000000000000000
    0000007fbaa8c4a0 0000000000000000
    0000007fbaa8c4a8 0000000000000000
    0000007fbaa8c4b0 0000000000000000
    0000007fbaa8c4b8 0000000000000000
x20(/system/bin/init):
    000000556b71f5d8 6562206576614820
    000000556b71f5e0 0074696e69206e65
    000000556b71f5e8 696e4962696c7441
    000000556b71f5f0 64253a73255b0074
    000000556b71f5f8 2074656b636f735d
    000000556b71f600 63786520656d616e
    000000556b71f608 6e656c2073646565
    000000556b71f610 696d696c20687467
    000000556b71f618 64253a73255b0074
    000000556b71f620 63206d617261505d
    000000556b71f628 6e2078616d20646d
    000000556b71f630 7865207265626d75
    000000556b71f638 6d696c2064656563
    000000556b71f640 253a73255b007469
    000000556b71f648 206d617261505d64
    000000556b71f650 626d756e20646d63
    000000556b71f658 6565637865207265
    000000556b71f660 0074696d696c2064
    000000556b71f668 73255b0074696177
    000000556b71f670 6e6e61435d64253a
    000000556b71f678 657372617020746f
    000000556b71f680 202220656c696620
    000000556b71f688 2074612022207325
    000000556b71f690 757a2520656e696c
    000000556b71f698 692070696b73202e
    000000556b71f6a0 64253a73255b0074
    000000556b71f6a8 6f6320646e69665d
    000000556b71f6b0 6e6120657261706d
    000000556b71f6b8 007469206f642064
    000000556b71f6c0 255d64253a73255b
    000000556b71f6c8 646165726c612073
    000000556b71f6d0 2c74736978652079
x21(/system/bin/init):
    000000556b726288 2f00656369767265
    000000556b726290 7265732f61746164
    000000556b726298 73255b0065636976
    000000556b7262a0 61766e495d64253a
    000000556b7262a8 6b636f732064696c
    000000556b7262b0 6f66207325207465
    000000556b7262b8 6369767265732072
    000000556b7262c0 64253a73255b0065
    000000556b7262c8 2064656c6961465d
    000000556b7262d0 6f6c6c616d206f74
    000000556b7262d8 657320726f662063
    000000556b7262e0 255b006563697672
    000000556b7262e8 6961465d64253a73
    000000556b7262f0 63206f742064656c
    000000556b7262f8 207364662079706f
    000000556b726300 6976726573206f74
    000000556b726308 253a73255b006563
    000000556b726310 6369767265735d64
    000000556b726318 6f74202c73253d65
    000000556b726320 6320796e616d206f
    000000556b726328 20746e635b737061
    000000556b726330 20726f66205d6425
    000000556b726338 7672657320656e6f
    000000556b726340 3a73255b00656369
    000000556b726348 69767265535d6425
    000000556b726350 72656d6974206563
    000000556b726358 737365636f727020
    000000556b726360 6e69206874697720
    000000556b726368 65732064696c6176
    000000556b726370 255b006563697672
    000000556b726378 6174535d64253a73
    000000556b726380 72656d6974207472
x22(/system/bin/init):
    000000556b72a648 7265646c6f685f64
    000000556b72a650 656369767265735f
    000000556b72a658 5f74696e6900632e
    000000556b72a660 735f6e6f6d6d6f63
    000000556b72a668 632e656369767265
    000000556b72a670 735f6d6172617000
    000000556b72a678 632e656369767265
    000000556b72a680 6f635f74696e6900
    000000556b72a688 64665f6c6f72746e
    000000556b72a690 656369767265735f
    000000556b72a698 636976656400632e
    000000556b72a6a0 646e617300632e65
    000000556b72a6a8 656d616e5f786f62
    000000556b72a6b0 00632e6563617073
    000000556b72a6b8 2e64746e65766575
    000000556b72a6c0 746f6f6265720063
    000000556b72a6c8 00632e6373696d5f
    000000556b72a6d0 5f706d6f63636573
    000000556b72a6d8 735f7963696c6f70
    000000556b72a6e0 00632e6369746174
    000000556b72a6e8 5f78756e696c6573
    000000556b72a6f0 632e636974617473
    000000556b72a6f8 6f635f74696e6900
    000000556b72a700 74735f747865746e
    000000556b72a708 6200632e63697461
    000000556b72a710 7472616863746f6f
    000000556b72a718 2e6369746174735f
    000000556b72a720 746f6f6265720063
    000000556b72a728 2e6369746174735f
    000000556b72a730 655f74696e690063
    000000556b72a738 69746174735f676e
    000000556b72a740 74696e6900632e63
x24(/system/bin/init):
    000000556b729fa0 6769732068746977
    000000556b729fa8 6425203a206c616e
    000000556b729fb0 5d64253a73255b00
    000000556b729fb8 727020646c696843
    000000556b729fc0 732520737365636f
    000000556b729fc8 2964252064697028
    000000556b729fd0 6977207469786520
    000000556b729fd8 2065646f63206874
    000000556b729fe0 73255b006425203a
    000000556b729fe8 616572435d64253a
    000000556b729ff0 6369766564206574
    000000556b729ff8 255b65646f6e2065
    000000556b72a000 6425202c64252073
    000000556b72a008 64656c696166205d
    000000556b72a010 73255b006425202e
    000000556b72a018 736772415d64253a
    000000556b72a020 736920657a697320
    000000556b72a028 2520676e6f727720
    000000556b72a030 255b006425202c73
    000000556b72a038 74735b5d64253a73
    000000556b72a040 61665f7075747261
    000000556b72a048 6665645d64656c69
    000000556b72a050 7261705f746c7561
    000000556b72a058 726f6d656d206d61
    000000556b72a060 746f6e2073692079
    000000556b72a068 2c6867756f6e6520
    000000556b72a070 206d657473797320
    000000556b72a078 2021746f6f626572
    000000556b72a080 253a73255b006425
    000000556b72a088 74726174735b5d64
    000000556b72a090 656c6961665f7075
    000000556b72a098 532064616f4c5d64
x26:
    0000007fbaa8c3c0 0000000000000000
    0000007fbaa8c3c8 003ca30000000014
    0000007fbaa8c3d0 0000007fbaa6f580
    0000007fbaa8c3d8 00000000ffffffff
    0000007fbaa8c3e0 0000000400000000
    0000007fbaa8c3e8 00010910000000f0
    0000007fbaa8c3f0 00000522ffffffec
    0000007fbaa8c3f8 000000002803a0d0
    0000007fbaa8c400 0000000000000000
    0000007fbaa8c408 0000000000000000
    0000007fbaa8c410 0000007fbaa758e0
    0000007fbaa8c418 000000000000000c
    0000007fbaa8c420 0000000000000000
    0000007fbaa8c428 0000000000000000
    0000007fbaa8c430 0000000000000000
    0000007fbaa8c438 0000000000000000
    0000007fbaa8c440 0000000000000000
    0000007fbaa8c448 0000000000000000
    0000007fbaa8c450 0000007fbaa797f0
    0000007fbaa8c458 0000000000000001
    0000007fbaa8c460 0000000000000000
    0000007fbaa8c468 baa6f5c000000004
    0000007fbaa8c470 000000020000007f
    0000007fbaa8c478 0000007fbaa6f700
    0000007fbaa8c480 0000000000000000
    0000007fbaa8c488 0000007fbaa7f370
    0000007fbaa8c490 0000000000000000
    0000007fbaa8c498 0000000000000000
    0000007fbaa8c4a0 0000000000000000
    0000007fbaa8c4a8 0000000000000000
    0000007fbaa8c4b0 0000000000000000
    0000007fbaa8c4b8 0000000000000000
x27:
    0000007fbaa6f570 0000000000000001
    0000007fbaa6f578 0000007fbaa8c3d0
    0000007fbaa6f580 6e77617073707061
    0000007fbaa6f588 0030b0000000782d
    0000007fbaa6f590 2f6d65747379732f
    0000007fbaa6f598 2f656c69666f7270
    0000007fbaa6f5a0 7270656369766564
    0000007fbaa6f5a8 736a2e656c69666f
    0000007fbaa6f5b0 0000000000006e6f
    0000007fbaa6f5b8 0033b10000000009
    0000007fbaa6f5c0 0000007fbaa6f6c0
    0000007fbaa6f5c8 0000007fbaa6f6e0
    0000007fbaa6f5d0 0000007fbaa797e0
    0000007fbaa6f5d8 0000000000000000
    0000007fbaa6f5e0 005252494d5f4500
    0000007fbaa6f5e8 0036b2000000000c
    0000007fbaa6f5f0 6d656d2f7665642f
    0000007fbaa6f5f8 5f667265702f6763
    0000007fbaa6f600 76697469736e6573
    0000007fbaa6f608 70756f7267632f65
    0000007fbaa6f610 000073636f72702e
    0000007fbaa6f618 0039b30000000005
    0000007fbaa6f620 2f6d65747379732f
    0000007fbaa6f628 2f656c69666f7270
    0000007fbaa6f630 5f676e6972616873
    0000007fbaa6f638 2e65636976726573
    0000007fbaa6f640 000000006e6f736a
    0000007fbaa6f648 0000000000000007
    0000007fbaa6f650 0000000000000000
    0000007fbaa6f658 0000000000000000
    0000007fbaa6f660 0000000000000000
    0000007fbaa6f668 0666da0000000000
x28(/system/bin/init):
    000000556b7237c0 6f6d20726f662079
    000000556b7237c8 6f646e6920746e75
    000000556b7237d0 6e55006f62746400
    000000556b7237d8 7061006e776f6e6b
    000000556b7237e0 6e006e7761707370
    000000556b7237e8 6e77617073626577
    000000556b7237f0 75612f74696e6900
    000000556b7237f8 686f006e75726f74
    000000556b723800 2e746f6f622e736f
    000000556b723808 732f637465006e73
    000000556b723810 632f786f62646e61
    000000556b723818 732d746573706968
    000000556b723820 6a2e786f62646e61
    000000556b723828 2f637465006e6f73
    000000556b723830 2f786f62646e6173
    000000556b723838 732d6d6574737973
    000000556b723840 6a2e786f62646e61
    000000556b723848 7461642f006e6f73
    000000556b723850 6369767265732f61
    000000556b723858 63612f306c652f65
    000000556b723860 6b6f745f73736563
    000000556b723868 766974616e2f6e65
    000000556b723870 6a2e6e656b6f7465
    000000556b723878 6f626572006e6f73
    000000556b723880 6f736165725f746f
    000000556b723888 666e49746547006e
    000000556b723890 6d6f72467272416f
    000000556b723898 746547006e6f734a
    000000556b7238a0 6f5465766974614e
    000000556b7238a8 4a6d6f72466e656b
    000000556b7238b0 41746547006e6f73
    000000556b7238b8 734a6d6f72466c70
fp([stack]):
    0000007fe258f750 0000007fe258f790
    0000007fe258f758 0000007fe258f730
    0000007fe258f760 0000007fe258f7d0
    0000007fe258f768 000000556b747c6c
    0000007fe258f770 000000556b7237d6
    0000007fe258f778 000000556b74d9a8
    0000007fe258f780 000000556b72e236
    0000007fe258f788 000000556b72a434
    0000007fe258f790 000000556b729f7b
    0000007fe258f798 000000556b71f5ed
    0000007fe258f7a0 0000007fe258f840
    0000007fe258f7a8 0000002a892c8bbc
    0000007fe258f7b0 0000000000000000
    0000007fe258f7b8 0000000000000009
    0000007fe258f7c0 0000000000000000
    0000007fe258f7c8 0000000900000000
    0000007fe258f7d0 0000007fe258f8c0
    0000007fe258f7d8 000000556b7614b8
    0000007fe258f7e0 0000000000cd3c07
    0000007fe258f7e8 0000000000000000
    0000007fe258f7f0 000000556b727df2
    0000007fe258f7f8 0000000000000001
    0000007fe258f800 0000000000000001
    0000007fe258f808 000000556b72a54b
    0000007fe258f810 0000000000000000
    0000007fe258f818 000000556b71f2eb
    0000007fe258f820 0000007fbace7140
    0000007fe258f828 0000000000000001
    0000007fe258f830 0000007fbac94210
    0000007fe258f838 0000002a892eec78
    0000007fe258f840 0000000000000011
    0000007fe258f848 00003cb600000002
lr(/system/bin/init):
    000000556b74dd68 aa1503e3aa1403e2
    000000556b74dd70 52806da5aa1603e4
    000000556b74dd78 f94002f79400b1d4
    000000556b74dd80 17ffffedb94036e2
    000000556b74dd88 90fffec1f9400260
    000000556b74dd90 9400b2d7912d9421
    000000556b74dd98 6f00e40035000720
    000000556b74dda0 90fffec0d10183a8
    000000556b74dda8 d10183a191126400
    000000556b74ddb0 ad010100910033e2
    000000556b74ddb8 52800c08ad020100
    000000556b74ddc0 ad0083e0ad3d03a0
    000000556b74ddc8 ad0183e0290123e8
    000000556b74ddd0 94006c6cad0283e0
    000000556b74ddd8 90fffec035000520
    000000556b74dde0 910043e1913d9800
    000000556b74dde8 94006c66910023e2
    000000556b74ddf0 785a03a835000460
    000000556b74ddf8 540004017100c11f
    000000556b74de00 7100c51f794023e8
    000000556b74de08 52858021540003a1
    000000556b74de10 30e8bec2d503201f
    000000556b74de18 9106ec63b0fffec3
    000000556b74de20 91196c84b0fffee4
    000000556b74de28 72a1a00152800020
    000000556b74de30 9400b1a552807165
    000000556b74de38 94000fbbaa1303e0
    000000556b74de40 5285802136f801e0
    000000556b74de48 30e8bd02d503201f
    000000556b74de50 91311c63b0fffec3
    000000556b74de58 91196c84b0fffee4
    000000556b74de60 72a1a00152800060
sp([stack]):
    0000007fe258f680 0000002a892c2a1c
    0000007fe258f688 00000000000060d8
    0000007fe258f690 0000007fe258f760
    0000007fe258f698 000000556b7474e0
    0000007fe258f6a0 000000556b729f7b
    0000007fe258f6a8 0000000000000005
    0000007fe258f6b0 0000007fbaa8c3d0
    0000007fe258f6b8 0000002a892c8380
    0000007fe258f6c0 7f00000000000005
    0000007fe258f6c8 0000003234353531
    0000007fe258f6d0 0000000000000000
    0000007fe258f6d8 009f000000000000
    0000007fe258f6e0 2e70757472617473
    0000007fe258f6e8 2e65636976726573
    0000007fe258f6f0 737070612e6c7463
    0000007fe258f6f8 702e782d6e776170
    0000007fe258f700 0000000000006469
    0000007fe258f708 0000000000000000
    0000007fe258f710 0000000000000000
    0000007fe258f718 0000000000000000
    0000007fe258f720 0000000000000000
    0000007fe258f728 0000000000000000
    0000007fe258f730 0000000000000000
    0000007fe258f738 0000000000000000
    0000007fe258f740 0000007fe258f710
    0000007fe258f748 ffffff80ffffffe0
    0000007fe258f750 0000007fe258f790
    0000007fe258f758 0000007fe258f730
    0000007fe258f760 0000007fe258f7d0
    0000007fe258f768 000000556b747c6c
    0000007fe258f770 000000556b7237d6
    0000007fe258f778 000000556b74d9a8
pc(/system/bin/init):
    000000556b74dd70 52806da5aa1603e4
    000000556b74dd78 f94002f79400b1d4
    000000556b74dd80 17ffffedb94036e2
    000000556b74dd88 90fffec1f9400260
    000000556b74dd90 9400b2d7912d9421
    000000556b74dd98 6f00e40035000720
    000000556b74dda0 90fffec0d10183a8
    000000556b74dda8 d10183a191126400
    000000556b74ddb0 ad010100910033e2
    000000556b74ddb8 52800c08ad020100
    000000556b74ddc0 ad0083e0ad3d03a0
    000000556b74ddc8 ad0183e0290123e8
    000000556b74ddd0 94006c6cad0283e0
    000000556b74ddd8 90fffec035000520
    000000556b74dde0 910043e1913d9800
    000000556b74dde8 94006c66910023e2
    000000556b74ddf0 785a03a835000460
    000000556b74ddf8 540004017100c11f
    000000556b74de00 7100c51f794023e8
    000000556b74de08 52858021540003a1
    000000556b74de10 30e8bec2d503201f
    000000556b74de18 9106ec63b0fffec3
    000000556b74de20 91196c84b0fffee4
    000000556b74de28 72a1a00152800020
    000000556b74de30 9400b1a552807165
    000000556b74de38 94000fbbaa1303e0
    000000556b74de40 5285802136f801e0
    000000556b74de48 30e8bd02d503201f
    000000556b74de50 91311c63b0fffec3
    000000556b74de58 91196c84b0fffee4
    000000556b74de60 72a1a00152800060
    000000556b74de68 9400b197528071a5
FaultStack:
    0000007fe258f590 0000007fe258f640
    0000007fe258f598 0000007fe258f5e0
    0000007fe258f5a0 0000007fe258f5c0
    0000007fe258f5a8 ffffff80ffffffe0
    0000007fe258f5b0 2e70757472617473
    0000007fe258f5b8 2e65636976726573
    0000007fe258f5c0 0000000000000000
    0000007fe258f5c8 4000000140000000
    0000007fe258f5d0 4010040000000000
    0000007fe258f5d8 4010040040100401
    0000007fe258f5e0 4010040140100401
    0000007fe258f5e8 4010040140100401
    0000007fe258f5f0 5455540041400000
    0000007fe258f5f8 5455540041400000
    0000007fe258f600 8060180680601806
    0000007fe258f608 8060180680601806
    0000007fe258f610 000000556b72a65b
    0000007fe258f618 000000000000036d
    0000007fe258f620 0000007fbaa6f580
    0000007fe258f628 2e65636976726573
    0000007fe258f630 0000007fe258f690
    0000007fe258f638 0000007fe258f630
    0000007fe258f640 0000007fe258f610
    0000007fe258f648 ffffff80ffffffe0
    0000007fe258f650 0000007fe258f690
    0000007fe258f658 0000007fe258f630
    0000007fe258f660 0000007fe258f610
    0000007fe258f668 ffffff80ffffffe0
    0000007fe258f670 0000007fe258f760
    0000007fe258f678 000000556b74dd7c
    0000007fe258f680 0000002a892c2a1c
    0000007fe258f688 00000000000060d8
sp0:0000007fe258f690 0000007fe258f760
    0000007fe258f698 000000556b7474e0
    0000007fe258f6a0 000000556b729f7b
    0000007fe258f6a8 0000000000000005
    0000007fe258f6b0 0000007fbaa8c3d0
    0000007fe258f6b8 0000002a892c8380
    0000007fe258f6c0 7f00000000000005
    0000007fe258f6c8 0000003234353531
    0000007fe258f6d0 0000000000000000
    0000007fe258f6d8 009f000000000000
    0000007fe258f6e0 2e70757472617473
    0000007fe258f6e8 2e65636976726573
    0000007fe258f6f0 737070612e6c7463
    0000007fe258f6f8 702e782d6e776170
    0000007fe258f700 0000000000006469
    0000007fe258f708 0000000000000000
    0000007fe258f710 0000000000000000
    0000007fe258f718 0000000000000000
    0000007fe258f720 0000000000000000
    0000007fe258f728 0000000000000000
    0000007fe258f730 0000000000000000
    0000007fe258f738 0000000000000000
    0000007fe258f740 0000007fe258f710
    0000007fe258f748 ffffff80ffffffe0
    0000007fe258f750 0000007fe258f790
    0000007fe258f758 0000007fe258f730
    0000007fe258f760 0000007fe258f7d0
    0000007fe258f768 000000556b747c6c
    0000007fe258f770 000000556b7237d6
    0000007fe258f778 000000556b74d9a8
    0000007fe258f780 000000556b72e236
    0000007fe258f788 000000556b72a434
    0000007fe258f790 000000556b729f7b
    0000007fe258f798 000000556b71f5ed
    0000007fe258f7a0 0000007fe258f840
    0000007fe258f7a8 0000002a892c8bbc
sp1:0000007fe258f7b0 0000000000000000
    0000007fe258f7b8 0000000000000009
    0000007fe258f7c0 0000000000000000
    0000007fe258f7c8 0000000900000000
    0000007fe258f7d0 0000007fe258f8c0
    0000007fe258f7d8 000000556b7614b8
    0000007fe258f7e0 0000000000cd3c07
    0000007fe258f7e8 0000000000000000
    0000007fe258f7f0 000000556b727df2
    0000007fe258f7f8 0000000000000001
    0000007fe258f800 0000000000000001
    0000007fe258f808 000000556b72a54b
    0000007fe258f810 0000000000000000
    0000007fe258f818 000000556b71f2eb
    0000007fe258f820 0000007fbace7140
    0000007fe258f828 0000000000000001
    0000007fe258f830 0000007fbac94210
    0000007fe258f838 0000002a892eec78
sp2:0000007fe258f840 0000000000000011
    0000007fe258f848 00003cb600000002
    0000007fe258f850 0000000000000000
    0000007fe258f858 0000000000000000
    0000007fe258f860 0000000000000000
    0000007fe258f868 0000000000000009
    0000007fe258f870 0000000000000000
    0000007fe258f878 000000000000000a
    0000007fe258f880 000000000000002a
    0000007fe258f888 0000000000000000
    0000007fe258f890 0000000000000000
    0000007fe258f898 0000000000000000
    0000007fe258f8a0 0000000000000000
    0000007fe258f8a8 0000000000000000
    0000007fe258f8b0 0000000000000000
    0000007fe258f8b8 0000000000000000
    0000007fe258f8c0 0000007fe258f900
    0000007fe258f8c8 000000556b7606ac
    0000007fe258f8d0 0000000000000001
    0000007fe258f8d8 0000007fe258f8d0
    0000007fe258f8e0 000000000000000a
    0000007fe258f8e8 0000002a892effac
sp3:0000007fe258f8f0 0000007fe258f930
    0000007fe258f8f8 0000000a00000000
    0000007fe258f900 0000007fe258f940
    0000007fe258f908 000000556b760e18

Maps:
556b71a000-556b73a000 r--p 00000000 /system/bin/init
556b73a000-556b77c000 r-xp 0001f000 /system/bin/init
556b77c000-556b77f000 r--p 00060000 /system/bin/init
556b77f000-556b780000 rw-p 00062000 /system/bin/init
556b780000-556b782000 rw-p 00000000 
557efa0000-557efa1000 ---p 00000000 [heap]
557efa1000-557efab000 rw-p 00000000 [heap]
7f39300000-7f39301000 r--p 00000000 /system/lib64/init/libinit_context.z.so
7f39301000-7f39303000 r-xp 00000000 /system/lib64/init/libinit_context.z.so
7f39303000-7f39305000 r--p 00001000 /system/lib64/init/libinit_context.z.so
7f39305000-7f39306000 rw-p 00002000 /system/lib64/init/libinit_context.z.so
7f393c0000-7f39dc0000 rw-s 00000000 /dev/__parameters__/u:object_r:default_param:s0
7f39dc0000-7f3a0c0000 rw-s 00000000 /dev/__parameters__/u:object_r:startup_appspawn_param:s0
7f3a0c0000-7f3a2c0000 rw-s 00000000 /dev/__parameters__/u:object_r:devinfo_public_param:s0
7f3a2c0000-7f3a4c0000 rw-s 00000000 /dev/__parameters__/u:object_r:bootevent_param:s0
7f3a4c0000-7f3a6c0000 rw-s 00000000 /dev/__parameters__/param_sec_dac
7f3a6c0000-7f3a6c2000 r--p 00000000 /system/lib64/libparaperm_checker.z.so
7f3a6c2000-7f3a6c6000 r-xp 00001000 /system/lib64/libparaperm_checker.z.so
7f3a6c6000-7f3a6c7000 r--p 00004000 /system/lib64/libparaperm_checker.z.so
7f3a6c7000-7f3a6c8000 rw-p 00004000 /system/lib64/libparaperm_checker.z.so
7f3a700000-7f3a701000 r--p 00000000 /system/lib64/init/libselinuxadp.z.so
7f3a701000-7f3a703000 r-xp 00000000 /system/lib64/init/libselinuxadp.z.so
7f3a703000-7f3a704000 r--p 00001000 /system/lib64/init/libselinuxadp.z.so
7f3a704000-7f3a705000 rw-p 00001000 /system/lib64/init/libselinuxadp.z.so
7f3a740000-7f3a743000 r--p 00000000 /system/lib64/libload_policy.z.so
7f3a743000-7f3a747000 r-xp 00002000 /system/lib64/libload_policy.z.so
7f3a747000-7f3a749000 r--p 00005000 /system/lib64/libload_policy.z.so
7f3a749000-7f3a74a000 rw-p 00006000 /system/lib64/libload_policy.z.so
7f3a780000-7f3a781000 r--p 00000000 /system/lib64/libinit_stub_empty.so
7f3a781000-7f3a782000 r-xp 00000000 /system/lib64/libinit_stub_empty.so
7f3a782000-7f3a783000 r--p 00000000 /system/lib64/libinit_stub_empty.so
7f3a783000-7f3a784000 rw-p 00000000 /system/lib64/libinit_stub_empty.so
7f3a800000-7f3a802000 r--p 00000000 /system/lib64/platformsdk/libfwmark_client.z.so
7f3a802000-7f3a805000 r-xp 00001000 /system/lib64/platformsdk/libfwmark_client.z.so
7f3a805000-7f3a806000 r--p 00003000 /system/lib64/platformsdk/libfwmark_client.z.so
7f3a806000-7f3a807000 rw-p 00003000 /system/lib64/platformsdk/libfwmark_client.z.so
7f3a840000-7f3aaeb000 ---p 00000000 
7f3aaeb000-7f3aaec000 r--p 00000000 
7f3aaec000-7f3ac39000 ---p 00000000 
7f3ac39000-7f3ac3a000 r--p 00000000 
7f3ac3a000-7f3ac3d000 ---p 00000000 
7f3ac3d000-7f3ac3e000 r--p 00000000 
7f3ac3e000-7fba840000 ---p 00000000 
7fba840000-7fba849000 r--p 00000000 /system/lib64/chipset-sdk-sp/libpcre2.z.so
7fba849000-7fba869000 r-xp 00008000 /system/lib64/chipset-sdk-sp/libpcre2.z.so
7fba869000-7fba86a000 r--p 00027000 /system/lib64/chipset-sdk-sp/libpcre2.z.so
7fba86a000-7fba86b000 rw-p 00027000 /system/lib64/chipset-sdk-sp/libpcre2.z.so
7fba880000-7fba88c000 r--p 00000000 /system/lib64/chipset-sdk-sp/libbegetutil.z.so
7fba88c000-7fba8a2000 r-xp 0000b000 /system/lib64/chipset-sdk-sp/libbegetutil.z.so
7fba8a2000-7fba8a4000 r--p 00020000 /system/lib64/chipset-sdk-sp/libbegetutil.z.so
7fba8a4000-7fba8a5000 rw-p 00021000 /system/lib64/chipset-sdk-sp/libbegetutil.z.so
7fba8c0000-7fba8c3000 r--p 00000000 /system/lib64/chipset-sdk-sp/libsec_shared.z.so
7fba8c3000-7fba8cf000 r-xp 00002000 /system/lib64/chipset-sdk-sp/libsec_shared.z.so
7fba8cf000-7fba8d0000 r--p 0000d000 /system/lib64/chipset-sdk-sp/libsec_shared.z.so
7fba8d0000-7fba8d1000 rw-p 0000d000 /system/lib64/chipset-sdk-sp/libsec_shared.z.so
7fba8e4000-7fba900000 rw-p 00000000 
7fba900000-7fba902000 r--p 00000000 /system/lib64/platformsdk/librestorecon.z.so
7fba902000-7fba904000 r-xp 00001000 /system/lib64/platformsdk/librestorecon.z.so
7fba904000-7fba905000 r--p 00002000 /system/lib64/platformsdk/librestorecon.z.so
7fba905000-7fba906000 rw-p 00002000 /system/lib64/platformsdk/librestorecon.z.so
7fba906000-7fba920000 rw-p 00000000 
7fba940000-7fba942000 r--p 00000000 /system/lib64/chipset-sdk-sp/libclang_rt.ubsan_minimal.so
7fba942000-7fba944000 r-xp 00001000 /system/lib64/chipset-sdk-sp/libclang_rt.ubsan_minimal.so
7fba944000-7fba945000 r--p 00002000 /system/lib64/chipset-sdk-sp/libclang_rt.ubsan_minimal.so
7fba945000-7fba946000 rw-p 00002000 /system/lib64/chipset-sdk-sp/libclang_rt.ubsan_minimal.so
7fba94e000-7fba980000 rw-p 00000000 
7fba980000-7fba98e000 r--p 00000000 /system/lib64/chipset-sdk-sp/libselinux.z.so
7fba98e000-7fba9ac000 r-xp 0000d000 /system/lib64/chipset-sdk-sp/libselinux.z.so
7fba9ac000-7fba9ad000 r--p 0002a000 /system/lib64/chipset-sdk-sp/libselinux.z.so
7fba9ad000-7fba9ae000 rw-p 0002a000 /system/lib64/chipset-sdk-sp/libselinux.z.so
7fba9ae000-7fba9b3000 rw-p 00000000 
7fba9b3000-7fba9b9000 rw-p 00000000 
7fba9b9000-7fba9ba000 r--s 00000000 /sys/fs/selinux/status
7fba9ba000-7fba9c0000 rw-p 00000000 
7fba9c0000-7fba9c7000 r--p 00000000 /system/lib64/chipset-sdk-sp/libhisysevent.z.so
7fba9c7000-7fba9d7000 r-xp 00006000 /system/lib64/chipset-sdk-sp/libhisysevent.z.so
7fba9d7000-7fba9d9000 r--p 00015000 /system/lib64/chipset-sdk-sp/libhisysevent.z.so
7fba9d9000-7fba9db000 rw-p 00016000 /system/lib64/chipset-sdk-sp/libhisysevent.z.so
7fba9db000-7fbaa00000 rw-p 00000000 
7fbaa00000-7fbaa0c000 r--p 00000000 /system/lib64/chipset-sdk/libhilog.so
7fbaa0c000-7fbaa2b000 r-xp 0000b000 /system/lib64/chipset-sdk/libhilog.so
7fbaa2b000-7fbaa2d000 r--p 00029000 /system/lib64/chipset-sdk/libhilog.so
7fbaa2d000-7fbaa2e000 rw-p 0002a000 /system/lib64/chipset-sdk/libhilog.so
7fbaa2e000-7fbaa38000 rw-p 00000000 
7fbaa38000-7fbaa40000 rw-p 00000000 
7fbaa40000-7fbaa45000 r--p 00000000 /system/lib64/chipset-sdk-sp/libhitracechain.so
7fbaa45000-7fbaa4d000 r-xp 00004000 /system/lib64/chipset-sdk-sp/libhitracechain.so
7fbaa4d000-7fbaa4e000 r--p 0000b000 /system/lib64/chipset-sdk-sp/libhitracechain.so
7fbaa4e000-7fbaa4f000 rw-p 0000b000 /system/lib64/chipset-sdk-sp/libhitracechain.so
7fbaa4f000-7fbaa80000 rw-p 00000000 
7fbaa80000-7fbaa81000 r--p 00000000 /system/lib64/chipset-sdk-sp/libconfigpolicy_util.z.so
7fbaa81000-7fbaa83000 r-xp 00000000 /system/lib64/chipset-sdk-sp/libconfigpolicy_util.z.so
7fbaa83000-7fbaa85000 r--p 00001000 /system/lib64/chipset-sdk-sp/libconfigpolicy_util.z.so
7fbaa85000-7fbaa86000 rw-p 00002000 /system/lib64/chipset-sdk-sp/libconfigpolicy_util.z.so
7fbaa86000-7fbaa94000 rw-p 00000000 
7fbaa94000-7fbaa95000 rw-s 00000000 /dev/__parameters__/u:object_r:boot_mode_param:s0
7fbaa95000-7fbaa96000 rw-s 00000000 /dev/__parameters__/u:object_r:modem_param:s0
7fbaa96000-7fbaa97000 rw-s 00000000 /dev/__parameters__/u:object_r:init_sceneboard_param:s0
7fbaa97000-7fbaa98000 rw-s 00000000 /dev/__parameters__/u:object_r:web_private_param:s0
7fbaa98000-7fbaa99000 rw-s 00000000 /dev/__parameters__/u:object_r:useriam_config_param:s0
7fbaa99000-7fbaa9a000 rw-s 00000000 /dev/__parameters__/u:object_r:useriam_fwkready_param:s0
7fbaa9a000-7fbaa9b000 rw-s 00000000 /dev/__parameters__/u:object_r:sys_usb_param:s0
7fbaa9b000-7fbaa9c000 rw-s 00000000 /dev/__parameters__/u:object_r:usb_setting_param:s0
7fbaa9c000-7fbaa9d000 rw-s 00000000 /dev/__parameters__/u:object_r:updater_flashd_param:s0
7fbaa9d000-7fbaa9e000 rw-s 00000000 /dev/__parameters__/u:object_r:update_updater_param:s0
7fbaa9e000-7fbaa9f000 rw-s 00000000 /dev/__parameters__/u:object_r:sys_selection_param:s0
7fbaa9f000-7fbaaa0000 rw-s 00000000 /dev/__parameters__/u:object_r:devinfo_type_param:s0
7fbaaa0000-7fbaaa1000 rw-s 00000000 /dev/__parameters__/u:object_r:resourceschedule_writeable_param:s0
7fbaaa1000-7fbaaa2000 rw-s 00000000 /dev/__parameters__/u:object_r:powermgr_param:s0
7fbaaa2000-7fbaaa3000 rw-s 00000000 /dev/__parameters__/u:object_r:const_display_brightness_param:s0
7fbaaa3000-7fbaaa4000 rw-s 00000000 /dev/__parameters__/u:object_r:input_pointer_device_param:s0
7fbaaa4000-7fbaaa5000 rw-s 00000000 /dev/__parameters__/u:object_r:media_library_param:s0
7fbaaa5000-7fbaaaf000 rw-s 00000000 /dev/__parameters__/u:object_r:hiviewdfx_hiview_param:s0
7fbaaaf000-7fbaab0000 rw-s 00000000 /dev/__parameters__/u:object_r:i18n_param_tz_override:s0
7fbaab0000-7fbaab1000 rw-s 00000000 /dev/__parameters__/u:object_r:thermal_log_param:s0
7fbaab1000-7fbaab4000 rw-s 00000000 /dev/__parameters__/u:object_r:samgr_writable_param:s0
7fbaab4000-7fbaab5000 rw-s 00000000 /dev/__parameters__/u:object_r:samgr_perf_param:s0
7fbaab5000-7fbaab6000 rw-s 00000000 /dev/__parameters__/u:object_r:distributedsche_param:s0
7fbaab6000-7fbaab7000 rw-s 00000000 /dev/__parameters__/u:object_r:xts_devattest_authresult_param:s0
7fbaab7000-7fbaab8000 rw-s 00000000 /dev/__parameters__/u:object_r:hidebug_private_param:s0
7fbaab8000-7fbaab9000 rw-s 00000000 /dev/__parameters__/u:object_r:developtools_hdc_auth_param:s0
7fbaab9000-7fbaaba000 rw-s 00000000 /dev/__parameters__/u:object_r:developtools_hdc_control_param:s0
7fbaaba000-7fbaabf000 rw-s 00000000 /dev/__parameters__/u:object_r:edm_writable_param:s0
7fbaabf000-7fbaac0000 rw-s 00000000 /dev/__parameters__/u:object_r:custom_param:s0
7fbaac0000-7fbaac6000 r--p 00000000 /system/lib64/chipset-sdk-sp/libsystemparam.z.so
7fbaac6000-7fbaace000 r-xp 00005000 /system/lib64/chipset-sdk-sp/libsystemparam.z.so
7fbaace000-7fbaacf000 r--p 0000c000 /system/lib64/chipset-sdk-sp/libsystemparam.z.so
7fbaacf000-7fbaad0000 rw-p 0000c000 /system/lib64/chipset-sdk-sp/libsystemparam.z.so
7fbaad0000-7fbaad1000 rw-p 00000000 
7fbaad1000-7fbaad6000 rw-s 00000000 /dev/__parameters__/u:object_r:bms_param:s0
7fbaad6000-7fbaad7000 rw-s 00000000 /dev/__parameters__/u:object_r:bootanimiation_optimizing_param:s0
7fbaad7000-7fbaad8000 rw-s 00000000 /dev/__parameters__/u:object_r:ark_writeable_param:s0
7fbaad8000-7fbaad9000 rw-s 00000000 /dev/__parameters__/u:object_r:ark_profile:s0
7fbaad9000-7fbaada000 rw-s 00000000 /dev/__parameters__/u:object_r:const_i18n_param:s0
7fbaada000-7fbaadb000 rw-s 00000000 /dev/__parameters__/u:object_r:i18n_param:s0
7fbaadb000-7fbaadd000 rw-s 00000000 /dev/__parameters__/u:object_r:bluetooth_param:s0
7fbaadd000-7fbaade000 rw-s 00000000 /dev/__parameters__/u:object_r:accesstoken_perm_param:s0
7fbaade000-7fbaadf000 rw-s 00000000 /dev/__parameters__/u:object_r:time_param:s0
7fbaadf000-7fbaae0000 rw-s 00000000 /dev/__parameters__/u:object_r:pasteboard_param:s0
7fbaae0000-7fbaae1000 rw-s 00000000 /dev/__parameters__/u:object_r:inputmethod_param:s0
7fbaae1000-7fbaae2000 rw-s 00000000 /dev/__parameters__/u:object_r:arkui_param:s0
7fbaae2000-7fbaae3000 rw-s 00000000 /dev/__parameters__/u:object_r:arkcompiler_param:s0
7fbaae3000-7fbaae4000 rw-s 00000000 /dev/__parameters__/u:object_r:persist_audio_param:s0
7fbaae4000-7fbaae5000 rw-s 00000000 /dev/__parameters__/u:object_r:dhardware_dm_param:s0
7fbaae5000-7fbaae6000 rw-s 00000000 /dev/__parameters__/u:object_r:hichecker_writable_param:s0
7fbaae6000-7fbaae7000 rw-s 00000000 /dev/__parameters__/u:object_r:hiviewdfx_profiler_param:s0
7fbaae7000-7fbaae8000 rw-s 00000000 /dev/__parameters__/u:object_r:ffrt_param:s0
7fbaae8000-7fbaae9000 rw-s 00000000 /dev/__parameters__/u:object_r:bootevent_wms_param:s0
7fbaae9000-7fbaaea000 rw-s 00000000 /dev/__parameters__/u:object_r:print_param:s0
7fbaaea000-7fbaaef000 rw-s 00000000 /dev/__parameters__/u:object_r:telephony_param:s0
7fbaaef000-7fbaaf1000 rw-s 00000000 /dev/__parameters__/u:object_r:const_telephony_param:s0
7fbaaf1000-7fbaaf2000 rw-s 00000000 /dev/__parameters__/u:object_r:musl_param:s0
7fbaaf2000-7fbaaf3000 rw-s 00000000 /dev/__parameters__/u:object_r:accessibility_param:s0
7fbaaf3000-7fbaaf6000 rw-s 00000000 /dev/__parameters__/u:object_r:persist_sys_param:s0
7fbaaf6000-7fbab00000 rw-s 00000000 /dev/__parameters__/u:object_r:persist_param:s0
7fbab00000-7fbab91000 r--p 00000000 /system/lib64/chipset-sdk-sp/libc++.so
7fbab91000-7fbac2b000 r-xp 00090000 /system/lib64/chipset-sdk-sp/libc++.so
7fbac2b000-7fbac36000 r--p 00129000 /system/lib64/chipset-sdk-sp/libc++.so
7fbac36000-7fbac37000 rw-p 00133000 /system/lib64/chipset-sdk-sp/libc++.so
7fbac37000-7fbac3e000 rw-p 00000000 
7fbac3e000-7fbac3f000 rw-s 00000000 /dev/__parameters__/u:object_r:hitrace_param:s0
7fbac3f000-7fbac40000 rw-s 00000000 /dev/__parameters__/u:object_r:debug_param:s0
7fbac40000-7fbac45000 r--p 00000000 /system/lib64/platformsdk/libdfx_signalhandler.z.so
7fbac45000-7fbac51000 r-xp 00004000 /system/lib64/platformsdk/libdfx_signalhandler.z.so
7fbac51000-7fbac52000 r--p 0000f000 /system/lib64/platformsdk/libdfx_signalhandler.z.so
7fbac52000-7fbac53000 rw-p 0000f000 /system/lib64/platformsdk/libdfx_signalhandler.z.so
7fbac53000-7fbac57000 rw-p 00000000 
7fbac57000-7fbac58000 rw-s 00000000 /dev/__parameters__/u:object_r:hook_param:s0
7fbac58000-7fbac6b000 rw-p 00000000 
7fbac6b000-7fbac6c000 rw-s 00000000 /dev/__parameters__/u:object_r:hilog_private_param:s0
7fbac6c000-7fbac76000 rw-s 00000000 /dev/__parameters__/u:object_r:hilog_param:s0
7fbac76000-7fbac77000 rw-s 00000000 /dev/__parameters__/u:object_r:security_param:s0
7fbac77000-7fbac78000 rw-s 00000000 /dev/__parameters__/u:object_r:const_allow_mock_param:s0
7fbac78000-7fbac79000 rw-s 00000000 /dev/__parameters__/u:object_r:const_allow_param:s0
7fbac79000-7fbac7a000 rw-s 00000000 /dev/__parameters__/u:object_r:const_postinstall_fstab_param:s0
7fbac7a000-7fbac7b000 rw-s 00000000 /dev/__parameters__/u:object_r:const_postinstall_param:s0
7fbac7b000-7fbac7c000 rw-s 00000000 /dev/__parameters__/u:object_r:net_tcp_param:s0
7fbac7c000-7fbac7d000 rw-s 00000000 /dev/__parameters__/u:object_r:net_param:s0
7fbac7d000-7fbac7e000 rw-s 00000000 /dev/__parameters__/u:object_r:sys_param:s0
7fbac7e000-7fbac7f000 rw-s 00000000 /dev/__parameters__/u:object_r:devinfo_private_param:s0
7fbac7f000-7fbac80000 rw-s 00000000 /dev/__parameters__/u:object_r:startup_uevent_param:s0
7fbac80000-7fbac94000 rw-s 00000000 /dev/__parameters__/u:object_r:startup_init_param:s0
7fbac94000-7fbac9a000 rw-p 00000000 
7fbac9a000-7fbacac000 rw-p 00000000 
7fbacac000-7fbacbb000 rw-p 00000000 
7fbacbb000-7fbacbd000 rw-s 00000000 /dev/__parameters__/u:object_r:ohos_boot_param:s0
7fbacbd000-7fbacbe000 rw-s 00000000 /dev/__parameters__/u:object_r:servicectrl_reboot_param:s0
7fbacbe000-7fbacbf000 rw-s 00000000 /dev/__parameters__/u:object_r:servicectrl_param:s0
7fbacbf000-7fbacd3000 rw-p 00000000 
7fbacd3000-7fbace7000 r--s 00000000 /dev/__parameters__/param_selinux
7fbace7000-7fbacec000 rw-p 00000000 
7fbacec000-7fbacee000 ---p 00000000 
7fbacee000-7fbacfc000 rw-p 00000000 
7fbacfc000-7fbacfe000 r--p 00000000 [vvar]
7fbacfe000-7fbacff000 r-xp 00000000 [vdso]
7fbacff000-7fbad7e000 r--p 00000000 /system/lib/ld-musl-aarch64.so.1
7fbad7e000-7fbae57000 r-xp 0007e000 /system/lib/ld-musl-aarch64.so.1
7fbae57000-7fbae5a000 r--p 00156000 /system/lib/ld-musl-aarch64.so.1
7fbae5a000-7fbae5e000 rw-p 00158000 /system/lib/ld-musl-aarch64.so.1
7fbae5e000-7fbaf3f000 rw-p 00000000 
7fe256f000-7fe2590000 rw-p 00000000 [stack]
OpenFiles:
0->/dev/null native object of unknown type 0
1->/dev/null native object of unknown type 0
2->/dev/null native object of unknown type 0
3->/dev/kmsg native object of unknown type 0
4->socket:[27412] native object of unknown type 0
5->anon_inode:[eventpoll] native object of unknown type 0
6->socket:[27415] native object of unknown type 0
7->socket:[27445] native object of unknown type 0
8->anon_inode:[eventfd] native object of unknown type 0
9->/dev/console native object of unknown type 0
10->anon_inode:[signalfd] native object of unknown type 0
11->/dev/kmsg native object of unknown type 12605955
12->socket:[1368315] native object of unknown type 0
13->socket:[27502] native object of unknown type 0
14->socket:[27513] native object of unknown type 0
15->socket:[27515] native object of unknown type 0
16->socket:[27520] native object of unknown type 0
17->socket:[27531] native object of unknown type 0
18->socket:[56679] native object of unknown type 0
19->socket:[18675] native object of unknown type 0
20->mnt:[4026532818] native object of unknown type 0
21->mnt:[4026532819] native object of unknown type 0
22->socket:[18676] native object of unknown type 0
23->socket:[11888] native object of unknown type 0
24->socket:[11882] native object of unknown type 0
25->socket:[11884] native object of unknown type 0
26->socket:[11886] native object of unknown type 0
27->socket:[11889] native object of unknown type 0
28->socket:[11890] native object of unknown type 0
29->socket:[11891] native object of unknown type 0
30->socket:[11892] native object of unknown type 0
31->socket:[11905] native object of unknown type 0
32->socket:[18731] native object of unknown type 0
33->socket:[29948] native object of unknown type 0
34->socket:[28557] native object of unknown type 0
35->socket:[12026] native object of unknown type 0
36->socket:[438] native object of unknown type 0
37->socket:[460] native object of unknown type 0
38->socket:[12067] native object of unknown type 0
40->socket:[30083] native object of unknown type 0
41->socket:[30089] native object of unknown type 0
42->socket:[31753] native object of unknown type 0
43->socket:[31760] native object of unknown type 0
44->socket:[31773] native object of unknown type 0
45->socket:[12176] native object of unknown type 0
46->socket:[19944] native object of unknown type 0
47->socket:[18987] native object of unknown type 0
48->socket:[618] native object of unknown type 0
49->socket:[30564] native object of unknown type 0
50->socket:[30571] native object of unknown type 0

HiLog:
09-30 11:28:42.307     1     1 I C02d11/DfxSignalHandler: DFX_SignalHandler :: signo(11), si_code(1), pid(1), tid(1).
09-30 11:28:42.308     1     1 I C02d11/DfxSignalHandler: DFX_SignalHandler :: signo(11), pid(1), processName(/bin/init), threadName(init).
09-30 11:28:42.390     1     1 E C02d11/DfxSignalHandler: dummy exit (0)
09-30 11:28:42.482     1     1 E C02d11/DfxSignalHandler: dummy exit (0)
09-30 11:28:42.482     1     1 I C02d11/DfxSignalHandler: crash processdump unwind finish, unwind success Flag 610839791, blockFlag 0
09-30 11:28:42.482     1     1 I C02d11/DfxSignalHandler: Finish handle signal(11) in 1:1.
