1/20 wikipedia: app_failed
2/20 fd-droidify: app_failed
3/20 fd-noice: foreground_unconfirmed
4/20 markor: foreground_unconfirmed
5/20 fd-api: app_failed
6/20 fd-calendar: foreground_unconfirmed
7/20 fd-feeder: foreground_unconfirmed
8/20 fd-fluffychat: foreground_unconfirmed
9/20 fd-immich: foreground_unconfirmed
10/20 fd-libre: foreground_unconfirmed
11/20 fd-minetest: foreground_unconfirmed
12/20 fd-notes: foreground_unconfirmed
13/20 fd-reader: foreground_unconfirmed
14/20 fd-shatteredpixeldungeon: foreground_unconfirmed
15/20 fd-tutanota: foreground_unconfirmed
16/20 fd-stk: foreground_unconfirmed
17/20 fd-binaryeye: foreground_unconfirmed
18/20 burgerking: foreground_unconfirmed
19/20 vlc: foreground_unconfirmed
20/20 mindustry: foreground_unconfirmed
