CHECK_CONSENT_SCREENSHOT verify-1
CONSENT verify-1 76821.99 499387.30
touch down 600 1273
touch up 600 1273
If the command does not work as expected, check whether the specified coordinates exceed the screen boundary
76822.20 499388.28

FIRST_FEED verify-1
CHECK_ARTICLE_SCREENSHOT verify-1
TOUCH verify-1 INPUT_BEFORE
76928.68 499798.24
touch down 380 297
touch up 380 297
If the command does not work as expected, check whether the specified coordinates exceed the screen boundary
INPUT_AFTER
76928.92 499799.09

DETAIL verify-1 76929.82 499801.90
[ABILITY38-DISPATCH] phase=begin seq=1 uptime=76928881 queueMs=56 event=MotionEvent { action=ACTION_DOWN, actionButton=0, id[0]=0, x[0]=380.0, y[0]=297.0, toolType[0]=TOOL_TYPE_FINGER, buttonState=0, classification=NONE, metaState=
COLLECTED_STOPPED verify-1 not_measured
Traceback (most recent call last):
  File "/Users/zhaoyue/orca/workspaces/westlake-harness-aot42/benchmark/2026-09-25-toutiao-aot-42/scripts/run42.py", line 93, in <module>
    first_feed=shot('first-feed');result['first_feed_screenshot_uptimes']=first_feed;print('FIRST_FEED',name,flush=True)
   ^^^^^^^^^^^
  File "/Users/zhaoyue/orca/workspaces/westlake-harness-aot42/benchmark/2026-09-25-toutiao-aot-42/scripts/run42.py", line 34, in vt
    (r/'data-provenance.json').write_text(json.dumps(dict(origin=origin,fresh=True,cleared=['app-data','data','webview-t-data']),indent=2))
        ^^^^^^^^^^^^^^^^^^^^^^^^^^^^^^^^^^^
  File "/Users/zhaoyue/orca/workspaces/westlake-harness-aot42/benchmark/2026-09-25-toutiao-aot-42/scripts/run42.py", line 19, in action
    uid=d['uid'];pkg='com.ss.android.article.news'
        ^^^^^^^^^^^^^^
  File "/Users/zhaoyue/orca/workspaces/westlake-harness-aot42/benchmark/2026-09-25-toutiao-aot-42/scripts/board42.py", line 14, in dev
    p=subprocess.run([H,'-t',S,'shell',c],capture_output=True,timeout=timeout)
      ^^^^^^^^^^^^^^^^^^^^^^^^^^^^^^^^^^^^^^^^^^^^^^^^^^^^^^^^^^^^^^^^^^^^^^^^
  File "/usr/lib/python3.12/subprocess.py", line 550, in run
    stdout, stderr = process.communicate(input, timeout=timeout)
                     ^^^^^^^^^^^^^^^^^^^^^^^^^^^^^^^^^^^^^^^^^^^
  File "/usr/lib/python3.12/subprocess.py", line 1209, in communicate
    stdout, stderr = self._communicate(input, endtime, timeout)
                     ^^^^^^^^^^^^^^^^^^^^^^^^^^^^^^^^^^^^^^^^^^
  File "/usr/lib/python3.12/subprocess.py", line 2116, in _communicate
    self._check_timeout(endtime, orig_timeout, stdout, stderr)
  File "/usr/lib/python3.12/subprocess.py", line 1253, in _check_timeout
    raise TimeoutExpired(
subprocess.TimeoutExpired: Command '['/Users/zhaoyue/orca/workspaces/westlake-inputs/tools/hdc_mac.sh', '-t', '5cd1e3dd00000000000000000923012c', 'shell', 'tail -n +35769 /data/app/el2/100/base/org.westlake.imehost/files/a2hlab-source-2200c1bc79414330a9c4b1df2a43ca5b/private-tmp/adapter_child_16559.stderr']' timed out after 60 seconds
