fd-binaryeye 16158 2 0
RESULT fd-binaryeye scanned screen_likely {'all_start_calls': 34, 'launcher_path_calls': 1, 'explicit_nonlauncher_startup': 1, 'splash_class_calls': 1}
fd-filemanager 37450 2660 0
RESULT fd-filemanager scanned screen_likely {'all_start_calls': 73, 'launcher_path_calls': 3, 'explicit_nonlauncher_startup': 0, 'splash_class_calls': 2}
fd-gallery 45568 1393 0
RESULT fd-gallery scanned screen_likely {'all_start_calls': 85, 'launcher_path_calls': 0, 'explicit_nonlauncher_startup': 0, 'splash_class_calls': 1}
fd-tusky 37381 4270 0
RESULT fd-tusky scanned screen_likely {'all_start_calls': 48, 'launcher_path_calls': 5, 'explicit_nonlauncher_startup': 2, 'splash_class_calls': 0}
aegis 27371 2151 0
RESULT aegis scanned candidate_unknown {'all_start_calls': 31, 'launcher_path_calls': 2, 'explicit_nonlauncher_startup': 0, 'splash_class_calls': 0}
wikipedia 51899 2225 0
RESULT wikipedia scanned screen_likely {'all_start_calls': 312, 'launcher_path_calls': 4, 'explicit_nonlauncher_startup': 1, 'splash_class_calls': 1}
anki 58420 1255 0
RESULT anki scanned candidate_unknown {'all_start_calls': 69, 'launcher_path_calls': 2, 'explicit_nonlauncher_startup': 0, 'splash_class_calls': 0}
vlc 213286 1085 0
RESULT vlc scanned screen_likely {'all_start_calls': 211, 'launcher_path_calls': 7, 'explicit_nonlauncher_startup': 3, 'splash_class_calls': 4}
antennapod 66301 719 0
RESULT antennapod scanned candidate_unknown {'all_start_calls': 77, 'launcher_path_calls': 0, 'explicit_nonlauncher_startup': 0, 'splash_class_calls': 2}
burgerking 169489 1916 0
fd-android 53650 6767 0
RESULT burgerking scanned no_static_startup_hit {'all_start_calls': 67, 'launcher_path_calls': 0, 'explicit_nonlauncher_startup': 0, 'splash_class_calls': 0}
RESULT fd-android scanned advance_likely {'all_start_calls': 84, 'launcher_path_calls': 12, 'explicit_nonlauncher_startup': 4, 'splash_class_calls': 4}
fd-api 19139 1952 0
RESULT fd-api scanned candidate_unknown {'all_start_calls': 52, 'launcher_path_calls': 0, 'explicit_nonlauncher_startup': 0, 'splash_class_calls': 1}
fd-AppManager 214715 2285 0
RESULT fd-AppManager scanned advance_likely {'all_start_calls': 183, 'launcher_path_calls': 9, 'explicit_nonlauncher_startup': 2, 'splash_class_calls': 9}
fd-auxio 23185 1921 0
RESULT fd-auxio scanned candidate_unknown {'all_start_calls': 13, 'launcher_path_calls': 1, 'explicit_nonlauncher_startup': 0, 'splash_class_calls': 0}
fd-app 113475 1029 0
fd-breezyweather 43287 3126 0
RESULT fd-app scanned no_static_startup_hit {'all_start_calls': 11, 'launcher_path_calls': 0, 'explicit_nonlauncher_startup': 0, 'splash_class_calls': 0}
RESULT fd-breezyweather scanned advance_possible {'all_start_calls': 55, 'launcher_path_calls': 3, 'explicit_nonlauncher_startup': 1, 'splash_class_calls': 0}
fd-catima 23669 2232 0
fd-calendar 28492 3635 0
RESULT fd-catima scanned candidate_unknown {'all_start_calls': 56, 'launcher_path_calls': 1, 'explicit_nonlauncher_startup': 0, 'splash_class_calls': 3}
RESULT fd-calendar scanned advance_possible {'all_start_calls': 70, 'launcher_path_calls': 13, 'explicit_nonlauncher_startup': 4, 'splash_class_calls': 0}
fd-com-amaze-filemanager 62892 5068 0
fd-com-kunzisoft-keepass-libre 116859 2826 0
RESULT fd-com-amaze-filemanager scanned advance_possible {'all_start_calls': 72, 'launcher_path_calls': 4, 'explicit_nonlauncher_startup': 2, 'splash_class_calls': 2}
RESULT fd-com-kunzisoft-keepass-libre scanned candidate_unknown {'all_start_calls': 86, 'launcher_path_calls': 0, 'explicit_nonlauncher_startup': 0, 'splash_class_calls': 6}
fd-droidify 34106 1978 0
RESULT fd-droidify scanned candidate_unknown {'all_start_calls': 31, 'launcher_path_calls': 3, 'explicit_nonlauncher_startup': 0, 'splash_class_calls': 1}
fd-etar 77051 1716 0
fd-client 331091 1978 0
RESULT fd-etar scanned advance_likely {'all_start_calls': 79, 'launcher_path_calls': 6, 'explicit_nonlauncher_startup': 3, 'splash_class_calls': 4}
RESULT fd-client scanned advance_possible {'all_start_calls': 216, 'launcher_path_calls': 1, 'explicit_nonlauncher_startup': 1, 'splash_class_calls': 9}
fd-feeder 60478 4521 0
RESULT fd-feeder scanned candidate_unknown {'all_start_calls': 26, 'launcher_path_calls': 1, 'explicit_nonlauncher_startup': 0, 'splash_class_calls': 4}
fd-fitness 41781 2804 0
RESULT fd-fitness scanned advance_possible {'all_start_calls': 25, 'launcher_path_calls': 4, 'explicit_nonlauncher_startup': 3, 'splash_class_calls': 0}
fd-fluffychat 50954 1020 0
RESULT fd-fluffychat scanned no_static_startup_hit {'all_start_calls': 45, 'launcher_path_calls': 0, 'explicit_nonlauncher_startup': 0, 'splash_class_calls': 0}
fd-fennec_fdroid 135327 1344 0
RESULT fd-fennec_fdroid scanned candidate_unknown {'all_start_calls': 115, 'launcher_path_calls': 1, 'explicit_nonlauncher_startup': 0, 'splash_class_calls': 4}
fd-immich 40314 2345 0
RESULT fd-immich scanned no_static_startup_hit {'all_start_calls': 45, 'launcher_path_calls': 0, 'explicit_nonlauncher_startup': 0, 'splash_class_calls': 0}
fd-kitchenowl 12928 422 0
RESULT fd-kitchenowl scanned no_static_startup_hit {'all_start_calls': 30, 'launcher_path_calls': 0, 'explicit_nonlauncher_startup': 0, 'splash_class_calls': 0}
fd-k9 53649 6759 0
RESULT fd-k9 scanned advance_likely {'all_start_calls': 83, 'launcher_path_calls': 12, 'explicit_nonlauncher_startup': 4, 'splash_class_calls': 4}
fd-libre 19698 1723 0
RESULT fd-libre scanned candidate_unknown {'all_start_calls': 20, 'launcher_path_calls': 4, 'explicit_nonlauncher_startup': 0, 'splash_class_calls': 0}
fd-libretube 41382 2786 0
RESULT fd-libretube scanned advance_likely {'all_start_calls': 56, 'launcher_path_calls': 3, 'explicit_nonlauncher_startup': 1, 'splash_class_calls': 0}
fd-meet 56315 1566 0
RESULT fd-meet scanned no_static_startup_hit {'all_start_calls': 27, 'launcher_path_calls': 0, 'explicit_nonlauncher_startup': 0, 'splash_class_calls': 0}
fd-minetest 29608 1496 0
RESULT fd-minetest scanned advance_likely {'all_start_calls': 38, 'launcher_path_calls': 1, 'explicit_nonlauncher_startup': 1, 'splash_class_calls': 1}
fd-mpv 7195 826 0
fd-mobile 60195 2474 0
fd-im-vector-app 420149 1657 0
RESULT fd-mpv scanned no_static_startup_hit {'all_start_calls': 9, 'launcher_path_calls': 0, 'explicit_nonlauncher_startup': 0, 'splash_class_calls': 0}
RESULT fd-mobile scanned no_static_startup_hit {'all_start_calls': 14, 'launcher_path_calls': 0, 'explicit_nonlauncher_startup': 0, 'splash_class_calls': 0}
RESULT fd-im-vector-app scanned candidate_unknown {'all_start_calls': 193, 'launcher_path_calls': 0, 'explicit_nonlauncher_startup': 0, 'splash_class_calls': 4}
fd-netguard 10912 1546 0
RESULT fd-netguard scanned no_static_startup_hit {'all_start_calls': 52, 'launcher_path_calls': 0, 'explicit_nonlauncher_startup': 0, 'splash_class_calls': 0}
fd-noice 25989 2038 0
RESULT fd-noice scanned advance_likely {'all_start_calls': 35, 'launcher_path_calls': 1, 'explicit_nonlauncher_startup': 1, 'splash_class_calls': 0}
fd-musicplayer 40301 3727 0
RESULT fd-musicplayer scanned advance_possible {'all_start_calls': 62, 'launcher_path_calls': 6, 'explicit_nonlauncher_startup': 2, 'splash_class_calls': 0}
fd-notes 27429 3893 0
RESULT fd-notes scanned candidate_unknown {'all_start_calls': 42, 'launcher_path_calls': 12, 'explicit_nonlauncher_startup': 0, 'splash_class_calls': 0}
fd-organicmaps 40984 1772 0
RESULT fd-organicmaps scanned advance_likely {'all_start_calls': 76, 'launcher_path_calls': 3, 'explicit_nonlauncher_startup': 1, 'splash_class_calls': 5}
fd-saber 11908 437 0
RESULT fd-saber scanned candidate_unknown {'all_start_calls': 28, 'launcher_path_calls': 1, 'explicit_nonlauncher_startup': 0, 'splash_class_calls': 0}
fd-reader 60819 1776 0
RESULT fd-reader scanned candidate_unknown {'all_start_calls': 35, 'launcher_path_calls': 3, 'explicit_nonlauncher_startup': 0, 'splash_class_calls': 1}
fd-shatteredpixeldungeon 16681 128 0
RESULT fd-shatteredpixeldungeon scanned advance_likely {'all_start_calls': 2, 'launcher_path_calls': 1, 'explicit_nonlauncher_startup': 1, 'splash_class_calls': 1}
fd-seal 29676 2037 0
RESULT fd-seal scanned advance_possible {'all_start_calls': 16, 'launcher_path_calls': 1, 'explicit_nonlauncher_startup': 1, 'splash_class_calls': 0}
fd-stk 1385 26 0
RESULT fd-stk scanned no_static_startup_hit {'all_start_calls': 2, 'launcher_path_calls': 0, 'explicit_nonlauncher_startup': 0, 'splash_class_calls': 0}
fd-tutanota 24552 1456 0
RESULT fd-tutanota scanned no_static_startup_hit {'all_start_calls': 27, 'launcher_path_calls': 0, 'explicit_nonlauncher_startup': 0, 'splash_class_calls': 0}
fd-uhabits 42715 1840 0
RESULT fd-uhabits scanned advance_likely {'all_start_calls': 38, 'launcher_path_calls': 3, 'explicit_nonlauncher_startup': 1, 'splash_class_calls': 1}
fd-tasks 98143 1872 0
fd-plus 281926 10901 0
RESULT fd-tasks scanned candidate_unknown {'all_start_calls': 142, 'launcher_path_calls': 1, 'explicit_nonlauncher_startup': 0, 'splash_class_calls': 1}
RESULT fd-plus scanned candidate_unknown {'all_start_calls': 85, 'launcher_path_calls': 5, 'explicit_nonlauncher_startup': 0, 'splash_class_calls': 5}
fd-wifianalyzer 9090 943 0
RESULT fd-wifianalyzer scanned candidate_unknown {'all_start_calls': 9, 'launcher_path_calls': 2, 'explicit_nonlauncher_startup': 0, 'splash_class_calls': 0}
localsend 15310 526 0
RESULT localsend scanned no_static_startup_hit {'all_start_calls': 46, 'launcher_path_calls': 0, 'explicit_nonlauncher_startup': 0, 'splash_class_calls': 0}
markor 63750 2116 0
RESULT markor scanned advance_likely {'all_start_calls': 72, 'launcher_path_calls': 4, 'explicit_nonlauncher_startup': 2, 'splash_class_calls': 4}
mindustry 52884 152 0
RESULT mindustry scanned candidate_unknown {'all_start_calls': 3, 'launcher_path_calls': 0, 'explicit_nonlauncher_startup': 0, 'splash_class_calls': 1}
firefox 143445 1585 0
RESULT firefox scanned candidate_unknown {'all_start_calls': 116, 'launcher_path_calls': 1, 'explicit_nonlauncher_startup': 0, 'splash_class_calls': 4}
noice 28179 1648 0
RESULT noice scanned advance_likely {'all_start_calls': 34, 'launcher_path_calls': 1, 'explicit_nonlauncher_startup': 1, 'splash_class_calls': 0}
newpipe 61624 3066 0
RESULT newpipe scanned candidate_unknown {'all_start_calls': 62, 'launcher_path_calls': 1, 'explicit_nonlauncher_startup': 0, 'splash_class_calls': 0}
ooniprobe 34341 4056 0
RESULT ooniprobe scanned candidate_unknown {'all_start_calls': 12, 'launcher_path_calls': 8, 'explicit_nonlauncher_startup': 0, 'splash_class_calls': 0}
opencamera 36726 2032 0
RESULT opencamera scanned candidate_unknown {'all_start_calls': 43, 'launcher_path_calls': 3, 'explicit_nonlauncher_startup': 0, 'splash_class_calls': 1}
RESULT subwaysurfers unknown unknown None
ppsspp 11625 94 0
RESULT ppsspp scanned no_static_startup_hit {'all_start_calls': 41, 'launcher_path_calls': 0, 'explicit_nonlauncher_startup': 0, 'splash_class_calls': 0}
termux 17643 903 0
RESULT termux scanned no_permission_benefit_predicted {'all_start_calls': 42, 'launcher_path_calls': 0, 'explicit_nonlauncher_startup': 0, 'splash_class_calls': 1}
mcdonalds 612955 4401 0
RESULT mcdonalds scanned candidate_unknown {'all_start_calls': 402, 'launcher_path_calls': 0, 'explicit_nonlauncher_startup': 0, 'splash_class_calls': 5}
x 827734 1312 0
RESULT x scanned candidate_unknown {'all_start_calls': 408, 'launcher_path_calls': 0, 'explicit_nonlauncher_startup': 0, 'splash_class_calls': 4}
toutiao 1079761 13202 0
RESULT toutiao scanned advance_likely {'all_start_calls': 1338, 'launcher_path_calls': 11, 'explicit_nonlauncher_startup': 1, 'splash_class_calls': 10}
DONE Counter({'candidate_unknown': 25, 'no_static_startup_hit': 13, 'advance_likely': 13, 'advance_possible': 7, 'screen_likely': 6, 'unknown': 1, 'no_permission_benefit_predicted': 1})
