LAUNCH 1790326547.328396891
LAUNCHED 1790326551.530315735
FOCUS 1790326561.816881073   mCurrentFocus=Window{9bb9866 u0 com.android.permissioncontroller/com.android.permissioncontroller.permission.ui.GrantPermissionsActivity}, [type=1, isChildWindow=false]-[Surface(name=*Title#757)/@0x60e01b5]
BACK_1 1790326561.850578612
FOCUS 1790326563.982744149   mCurrentFocus=Window{f88222d u0 com.android.permissioncontroller/com.android.permissioncontroller.permission.ui.GrantPermissionsActivity}, [type=1, isChildWindow=false]-[Surface(name=*Title#790)/@0x6d1a54f]
BACK_2 1790326564.055136187
FOCUS 1790326566.095645763   mCurrentFocus=Window{850cc02 u0 com.ss.android.article.news/com.ss.android.account.v3.view.TransparentAccountLoginActivity}, [type=1, isChildWindow=false]-[Surface(name=*Title#784)/@0xd386068]
BACK_3 1790326566.178130801
FOCUS 1790326568.232037299   mCurrentFocus=Window{850cc02 u0 com.ss.android.article.news/com.ss.android.account.v3.view.TransparentAccountLoginActivity}, [type=1, isChildWindow=false]-[Surface(name=*Title#784)/@0xd386068]
BACK_4 1790326568.277512876
FOCUS 1790326570.094563106   mCurrentFocus=Window{28460a6 u0 com.ss.android.article.news/com.ss.android.article.news.activity.MainActivity}, [type=1, isChildWindow=false]-[Surface(name=*Title#767)/@0x157242c]
GFX_RESET 1790326570.336564952
FOCUS 1790326571.533459028   mCurrentFocus=Window{28460a6 u0 com.ss.android.article.news/com.ss.android.article.news.activity.MainActivity}, [type=1, isChildWindow=false]-[Surface(name=*Title#767)/@0x157242c]
TAP_hotspot 923 188 1790326571.603363028
FOCUS 1790326578.989607138   mCurrentFocus=Window{28460a6 u0 com.ss.android.article.news/com.ss.android.article.news.activity.MainActivity}, [type=1, isChildWindow=false]-[Surface(name=*Title#767)/@0x157242c]
TAP_shenzhen 270 188 1790326579.039147138
FOCUS 1790326586.346765863   mCurrentFocus=Window{28460a6 u0 com.ss.android.article.news/com.ss.android.article.news.activity.MainActivity}, [type=1, isChildWindow=false]-[Surface(name=*Title#767)/@0x157242c]
TAP_rebang 373 188 1790326586.406393017
FOCUS 1790326593.778965474   mCurrentFocus=Window{28460a6 u0 com.ss.android.article.news/com.ss.android.article.news.activity.MainActivity}, [type=1, isChildWindow=false]-[Surface(name=*Title#767)/@0x157242c]
TAP_tuijian 64 188 1790326593.834351204
END 1790326601.187811776
