Warning in /Users/zhaoyue/orca/workspaces/westlake-harness-bms-deploy/bms/src/.work/u4-probes/A-observe/classes/adapter/diagnostics/U4Probe.class:
Type `java.lang.reflect.InvocationHandler` was not found, it is required for default or static interface methods desugaring of `adapter.diagnostics.U4Probe`
Warning in /Users/zhaoyue/orca/workspaces/westlake-harness-bms-deploy/bms/src/.work/u4-probes/B-app-theme/classes/adapter/diagnostics/U4Probe.class:
Type `java.lang.reflect.InvocationHandler` was not found, it is required for default or static interface methods desugaring of `adapter.diagnostics.U4Probe`
{
  "A-observe": {
    "jar": "/Users/zhaoyue/orca/workspaces/westlake-harness-bms-deploy/bms/src/.work/u4-probes/A-observe/oh-adapter-runtime.jar",
    "sha256": "e904a2f9fd87a29d14b0a7c64f787f181a101d4238b1648e7a568d7d75703ff5",
    "changed_existing_classes": [
      "adapter/activity/AppSchedulerBridge.smali"
    ],
    "added_classes": [
      "adapter/diagnostics/U4Probe.smali"
    ]
  },
  "B-app-theme": {
    "jar": "/Users/zhaoyue/orca/workspaces/westlake-harness-bms-deploy/bms/src/.work/u4-probes/B-app-theme/oh-adapter-runtime.jar",
    "sha256": "3360482fe91313516fb77a4bc8b85e8e68625d9ac296246125e5fc2a1a2a8612",
    "changed_existing_classes": [
      "adapter/activity/AppSchedulerBridge.smali"
    ],
    "added_classes": [
      "adapter/diagnostics/U4Probe.smali"
    ]
  }
}
