{
  "analysis": "post-hoc",
  "keys": 66,
  "matrix_rows": 198,
  "scanned": 65,
  "prior_v2_score": {
    "exact_correct": 30,
    "denominator": 45,
    "accuracy": 0.6666666666666666,
    "always_unchanged_baseline": 0.7111111111111111,
    "unchanged": true
  },
  "provider": {
    "observed_failure_keys": [
      "antennapod",
      "fd-com-amaze-filemanager",
      "fd-droidify",
      "newpipe",
      "fd-catima",
      "fd-im-vector-app",
      "fd-plus",
      "fd-reader",
      "fd-tusky",
      "fd-tutanota",
      "fd-uhabits",
      "fd-client",
      "vlc"
    ],
    "positive_witness_recall": [
      12,
      13
    ],
    "including_weak_resource_candidates_recall": [
      13,
      13
    ],
    "startup_positive_witness_recall": [
      10,
      13
    ],
    "static_alerts": 45,
    "precision": "unknown: no-log is not a negative; candidate is a requirement, not a promised fatal wall",
    "observed_main_fatal_keys": [
      "fd-com-amaze-filemanager",
      "fd-droidify",
      "newpipe",
      "fd-im-vector-app",
      "fd-reader",
      "fd-tusky",
      "fd-uhabits",
      "vlc"
    ]
  },
  "secondary": {
    "observed_accepted_transition_keys": [
      "wikipedia",
      "antennapod",
      "aegis",
      "fd-AppManager",
      "fd-noice",
      "anki",
      "markor",
      "fd-calendar",
      "fd-filemanager",
      "fd-gallery",
      "fd-musicplayer",
      "fd-notes",
      "fd-shatteredpixeldungeon",
      "fd-binaryeye",
      "vlc",
      "noice"
    ],
    "explicit_destination_recall": [
      12,
      16
    ],
    "startup_destination_recall": [
      10,
      16
    ],
    "candidate_destination_recall": [
      15,
      16
    ],
    "static_alerts": 33,
    "precision": "unknown: an unexecuted conditional branch is not a false API reference"
  },
  "egl": {
    "static": "runtime-only",
    "observed_no_surface_keys": [
      "wikipedia",
      "fd-noice",
      "noice"
    ],
    "same_window_causality": "requires native-window generation/create/destroy experiment; no static detection credit"
  },
  "visual_authority": "Accepted v2 review; outer additionally signed Thunderbird/K9 database upgrade pages as lit. Cumulative campaign count is not this calibration denominator.",
  "remaining_misses": {
    "fd-tusky": "Only a generic Class.getResourceAsStream candidate in org.conscrypt.Conscrypt.<clinit>; v2 stack proves JAR verification but static resource provenance is unresolved. Not promoted to strong hit using that outcome.",
    "anki": "Entry IntentHandler.a(Intent) delegates a supplied Intent; target dataflow and callback reachability are unresolved, although DeckPicker is observed."
  }
}
