termux scanned activity 0 provider 5
ooniprobe scanned activity 0 provider 19
wikipedia scanned activity 1 provider 5
antennapod scanned activity 1 provider 7
aegis scanned activity 4 provider 7
fd-auxio scanned activity 0 provider 6
fd-com-amaze-filemanager scanned activity 2 provider 17
fd-droidify scanned activity 0 provider 13
fd-AppManager scanned activity 3 provider 50
fd-com-kunzisoft-keepass-libre scanned activity 1 provider 16
fd-netguard scanned activity 0 provider 0
fd-noice scanned activity 1 provider 4
fd-fitness scanned activity 4 provider 22
markor scanned activity 2 provider 32
anki scanned activity 0 provider 10
newpipe scanned activity 0 provider 13
fd-api scanned activity 0 provider 5
opencamera scanned activity 0 provider 9
fd-app scanned activity 0 provider 35
fd-android scanned activity 7 provider 11
fd-breezyweather scanned activity 3 provider 4
fd-calendar scanned activity 8 provider 1
fd-catima scanned activity 3 provider 4
fd-etar scanned activity 3 provider 13
fd-filemanager scanned activity 2 provider 1
fd-feeder scanned activity 0 provider 21
fd-fennec_fdroid scanned activity 0 provider 11
fd-fluffychat scanned activity 0 provider 20
fd-gallery scanned activity 1 provider 1
fd-immich scanned activity 0 provider 3
fd-kitchenowl scanned activity 0 provider 14
fd-k9 scanned activity 7 provider 11
fd-libre scanned activity 0 provider 10
fd-meet scanned activity 0 provider 6
fd-minetest scanned activity 1 provider 9
fd-libretube scanned activity 1 provider 5
fd-mpv scanned activity 0 provider 0
fd-notes scanned activity 3 provider 1
fd-musicplayer scanned activity 3 provider 5
fd-organicmaps scanned activity 3 provider 7
fd-reader scanned activity 2 provider 15
fd-im-vector-app scanned activity 0 provider 76
fd-saber scanned activity 0 provider 0
fd-shatteredpixeldungeon scanned activity 1 provider 2
fd-seal scanned activity 1 provider 4
fd-tusky scanned activity 3 provider 5
fd-tutanota scanned activity 0 provider 10
fd-plus scanned activity 0 provider 92
fd-tasks scanned activity 0 provider 32
fd-wifianalyzer scanned activity 0 provider 0
fd-uhabits scanned activity 1 provider 10
fd-stk scanned activity 0 provider 1
fd-binaryeye scanned activity 1 provider 2
fd-mobile scanned activity 0 provider 9
fd-client scanned activity 5 provider 83
burgerking scanned activity 0 provider 15
subwaysurfers unknown activity 0 provider 0
firefox scanned activity 0 provider 20
mcdonalds scanned activity 4 provider 50
localsend scanned activity 0 provider 0
vlc scanned activity 5 provider 48
ppsspp scanned activity 0 provider 0
mindustry scanned activity 0 provider 6
noice scanned activity 1 provider 2
toutiao scanned activity 6 provider 67
x scanned activity 0 provider 47
