SOURCE_FRAMEWORK_DEVICE_PRELOAD True /data/local/tmp/a2hlab-framework-a4ce1da007c9434d80aae2f6ef60fa9e
[WESTLAKE-VMRUNTIME] newUnpaddedArray env=0x7f8c309f00 class=0x7fe455a77c length=10
[WESTLAKE-VMRUNTIME] newUnpaddedArray env=0x7f8c309f00 class=0x7fe455a77c length=10
[JNIONLOAD] skipped skia
[OH_IMEBridge] register_InputMethodBridge: ENTER
[OH_IMEBridge] register_InputMethodBridge: before FindClass(OhImeBridge)
[OH_IMEBridge] register_InputMethodBridge: FindClass OK, before RegisterNatives
[OH_IMEBridge] register_InputMethodBridge: RegisterNatives returned rc=0
[OH_IMEBridge] register_InputMethodBridge: OK (2 natives)
[AppSpawnX] Preload completed successfully
[WESTLAKE-TLS] TrustManagerFactory.OH-PKIX installed via BC
[AppSpawnX] OH PKIX trust bridge installed
[AppSpawnX] [DAEMON-INIT] force-initializing fork-sensitive classes (pre-fork context)
[AppSpawnX] [DAEMON-INIT]   java.lang.Daemons OK
[AppSpawnX] [DAEMON-INIT]   java.lang.Daemons$Daemon OK
[AppSpawnX] [DAEMON-INIT]   java.lang.Daemons$FinalizerDaemon OK
[AppSpawnX] [DAEMON-INIT]   java.lang.Daemons$FinalizerWatchdogDaemon OK
[AppSpawnX] [DAEMON-INIT]   java.lang.Daemons$ReferenceQueueDaemon OK
[AppSpawnX] [DAEMON-INIT]   java.lang.Daemons$HeapTaskDaemon OK
[AppSpawnX] [DAEMON-INIT]   java.lang.ref.Reference OK
[AppSpawnX] [DAEMON-INIT]   java.lang.ref.Cleaner OK
[AppSpawnX] [DAEMON-INIT]   jdk.internal.ref.CleanerImpl OK
[AppSpawnX] [DAEMON-INIT]   jdk.internal.ref.CleanerImpl$PhantomCleanableRef OK
[AppSpawnX] [DAEMON-INIT] Daemons.start() OK — daemon threads running
[AppSpawnX] [B35.A] RegisterNatives(AppSpawnXInit.nativeHiLog) OK via dlopen handle
[AppSpawnX] [Direction2] adapter_bridge_set_class_loader injected via dlsym OK
[AppSpawnX] [B48] RegisterNatives(ActivityThread.nInitZygoteChildHeapProfiling) OK
[AppSpawnX] [P2-Bv2] RegisterNatives(AppSchedulerBridge, 3) OK
[WESTLAKE-VMRUNTIME] newUnpaddedArray env=0x7f8c309f00 class=0x7fe455ae2c length=3
[WESTLAKE-VMRUNTIME] newUnpaddedArray env=0x7f8c309f00 class=0x7fe455ae2c length=3
[WESTLAKE-VMRUNTIME] newUnpaddedArray env=0x7f8c309f00 class=0x7fe455ae2c length=3
[WESTLAKE-VMRUNTIME] newUnpaddedArray env=0x7f8c309f00 class=0x7fe455ae2c length=3
[WESTLAKE-VMRUNTIME] newUnpaddedArray env=0x7f8c309f00 class=0x7fe455a98c length=4
[WESTLAKE-VMRUNTIME] newUnpaddedArray env=0x7f8c309f00 class=0x7fe455aa8c length=8
[WESTLAKE-VMRUNTIME] newUnpaddedArray env=0x7f8c309f00 class=0x7fe455aa8c length=8
[WESTLAKE-VMRUNTIME] newUnpaddedArray env=0x7f8c309f00 class=0x7fe455a98c length=4
[WESTLAKE-VMRUNTIME] newUnpaddedArray env=0x7f8c309f00 class=0x7fe455aa8c length=8
[WESTLAKE-VMRUNTIME] newUnpaddedArray env=0x7f8c309f00 class=0x7fe455aa8c length=8
[WESTLAKE-VMRUNTIME] newUnpaddedArray env=0x7f8c309f00 class=0x7fe455a98c length=4
[WESTLAKE-VMRUNTIME] newUnpaddedArray env=0x7f8c309f00 class=0x7fe455aa8c length=8
[WESTLAKE-VMRUNTIME] newUnpaddedArray env=0x7f8c309f00 class=0x7fe455aa8c length=8
[WESTLAKE-VMRUNTIME] newUnpaddedArray env=0x7f8c309f00 class=0x7fe455a98c length=4
[WESTLAKE-VMRUNTIME] newUnpaddedArray env=0x7f8c309f00 class=0x7fe455aa8c length=8
[WESTLAKE-VMRUNTIME] newUnpaddedArray env=0x7f8c309f00 class=0x7fe455aa8c length=8
[WESTLAKE-VMRUNTIME] newUnpaddedArray env=0x7f8c309f00 class=0x7fe455a98c length=4
[WESTLAKE-VMRUNTIME] newUnpaddedArray env=0x7f8c309f00 class=0x7fe455aa8c length=8
[WESTLAKE-VMRUNTIME] newUnpaddedArray env=0x7f8c309f00 class=0x7fe455aa8c length=8
[WESTLAKE-VMRUNTIME] newUnpaddedArray env=0x7f8c309f00 class=0x7fe455a98c length=4
SOURCE_FONT_MAP_PASS
[AppSpawnX] ART VM started + framework preloaded on worker pthread
SOURCE_FRAMEWORK_PRELOAD_PASS
