READY noice 30897
start ability successfully.


FileTransfer finish, Size:112727, File count = 1, time:11ms rate:10247.91kB/s
[G2.14bf stub] ReliableSurface::reserveNext window=0x7f8c411f20 returning OK
[G2.14bf stub] ReliableSurface::reserveNext window=0x7f8c411f20 returning OK
[G2.14bf stub] ReliableSurface::reserveNext window=0x7f8c411f20 returning OK
[G2.14bf stub] ReliableSurface::reserveNext window=0x7f8c411f20 returning OK
[G2.14bf stub] ReliableSurface::reserveNext window=0x7f8c411f20 returning OK
[SOURCE-CONTROL] command=v vm=0x7f8c38e420 root=-1
[G2.14bf stub] ReliableSurface::reserveNext window=0x7f8c411f20 returning OK
[SOURCE-CONTROL] command=v getEnv=-2 attach=0 env=0x7f85c4dd20
VT ==== root[0] ====
VT DecorView id=- rect=[0,0 1200x1920] c=0 en=1 f=0 ftm=0 itm=1 
VT  LinearLayout id=- rect=[0,0 1200x1920] c=0 en=1 f=0 ftm=0 itm=1 
VT   FrameLayout id=- rect=[0,0 1200x1920] c=0 en=1 f=0 ftm=0 itm=1 
VT    ActionBarOverlayLayout id=decor_content_parent rect=[0,0 1200x1920] c=0 en=1 f=0 ftm=0 itm=1 
VT     ContentFrameLayout id=content rect=[0,144 1200x1776] c=0 en=1 f=0 ftm=0 itm=1 
VT      LinearLayout id=- rect=[0,144 1200x1776] c=0 en=1 f=0 ftm=0 itm=1 
VT       FragmentContainerView id=main_nav_host_fragment rect=[0,144 1200x1776] c=0 en=1 f=0 ftm=0 itm=1 
[G2.14bf stub] ReliableSurface::reserveNext window=0x7f8c411f20 returning OK
VT        FragmentContainerView id=main_nav_host_fragment rect=[0,144 1200x1776] c=0 en=1 f=0 ftm=0 itm=1 
VT         ConstraintLayout id=- rect=[0,144 1200x1776] c=0 en=1 f=0 ftm=0 itm=1 
VT          FragmentContainerView id=home_nav_host_fragment rect=[0,144 1200x1596] c=0 en=1 f=0 ftm=0 itm=1 
VT           FragmentContainerView id=home_nav_host_fragment rect=[0,144 1200x1596] c=0 en=1 f=0 ftm=0 itm=1 
VT            ConstraintLayout id=- rect=[0,144 1200x1596] c=0 en=1 f=0 ftm=0 itm=1 
VT             SwipeRefreshLayout id=- rect=[0,144 1200x1596] c=0 en=1 f=0 ftm=0 itm=1 
[G2.14bf stub] ReliableSurface::reserveNext window=0x7f8c411f20 returning OK
VT              RecyclerView id=sound_list rect=[0,144 1200x1596] c=0 en=1 f=0 ftm=1 itm=1  RECYCLER adapter=1 itemCount=-1 childCount=0
VT              a id=- rect=[555,198 90x90] c=0 en=1 f=0 ftm=0 itm=1 
VT             FloatingActionButton id=random_preset_button rect=[1038,1578 126x126] c=1 en=1 f=0 ftm=0 itm=1 
VT          BottomNavigationView id=bottom_nav rect=[0,1740 1200x180] c=0 en=1 f=0 ftm=0 itm=1 
VT           b id=- rect=[0,1740 1200x180] c=0 en=1 f=0 ftm=0 itm=1 
VT            a id=library rect=[0,1740 240x180] c=1 en=1 f=0 ftm=0 itm=1 
VT             FrameLayout id=navigation_bar_item_icon_container rect=[48,1794 144x72] c=0 en=1 f=0 ftm=0 itm=1 
VT              View id=navigation_bar_item_active_indicator_view rect=[48,1794 144x72] c=0 en=1 f=0 ftm=0 itm=1 
[G2.14bf stub] ReliableSurface::reserveNext window=0x7f8c411f20 returning OK
VT              p id=navigation_bar_item_icon_view rect=[93,1803 54x54] c=0 en=1 f=0 ftm=0 itm=1 
VT            a id=presets rect=[240,1740 240x180] c=1 en=1 f=0 ftm=0 itm=1 
VT             FrameLayout id=navigation_bar_item_icon_container rect=[288,1794 144x72] c=0 en=1 f=0 ftm=0 itm=1 
VT              View id=navigation_bar_item_active_indicator_view rect=[288,1794 144x72] c=0 en=1 f=0 ftm=0 itm=1 
VT              p id=navigation_bar_item_icon_view rect=[333,1803 54x54] c=0 en=1 f=0 ftm=0 itm=1 
VT            a id=sleep_timer rect=[480,1740 240x180] c=1 en=1 f=0 ftm=0 itm=1 
VT             FrameLayout id=navigation_bar_item_icon_container rect=[528,1794 144x72] c=0 en=1 f=0 ftm=0 itm=1 
VT              View id=navigation_bar_item_active_indicator_view rect=[528,1794 144x72] c=0 en=1 f=0 ftm=0 itm=1 
VT              p id=navigation_bar_item_icon_view rect=[573,1803 54x54] c=0 en=1 f=0 ftm=0 itm=1 
VT            a id=alarms rect=[720,1740 240x180] c=1 en=1 f=0 ftm=0 itm=1 
VT             FrameLayout id=navigation_bar_item_icon_container rect=[768,1794 144x72] c=0 en=1 f=0 ftm=0 itm=1 
VT              View id=navigation_bar_item_active_indicator_view rect=[768,1794 144x72] c=0 en=1 f=0 ftm=0 itm=1 
VT              p id=navigation_bar_item_icon_view rect=[813,1803 54x54] c=0 en=1 f=0 ftm=0 itm=1 
VT            a id=account rect=[960,1740 240x180] c=1 en=1 f=0 ftm=0 itm=1 
VT             FrameLayout id=navigation_bar_item_icon_container rect=[1008,1794 144x72] c=0 en=1 f=0 ftm=0 itm=1 
VT              View id=navigation_bar_item_active_indicator_view rect=[1008,1794 144x72] c=0 en=1 f=0 ftm=0 itm=1 
VT              p id=navigation_bar_item_icon_view rect=[1053,1803 54x54] c=0 en=1 f=0 ftm=0 itm=1 
VT     ActionBarContainer id=action_bar_container rect=[0,0 1200x144] c=0 en=1 f=0 ftm=0 itm=1 
VT      Toolbar id=action_bar rect=[0,0 1200x144] c=0 en=1 f=0 ftm=0 itm=1 
VT       AppCompatTextView id=- rect=[36,38 152x67] c=0 en=1 f=0 ftm=0 itm=1 "Library"
VT ==== root[1] ====
VT DecorView id=- rect=[0,0 1200x1920] c=0 en=1 f=0 ftm=0 itm=1 
VT  LinearLayout id=- rect=[0,0 1200x1920] c=0 en=1 f=0 ftm=0 itm=1 
VT   FrameLayout id=- rect=[0,0 1200x1920] c=0 en=1 f=0 ftm=0 itm=1 
VT    ActionBarOverlayLayout id=decor_content_parent rect=[0,0 1200x1920] c=0 en=1 f=0 ftm=0 itm=1 
VT     ContentFrameLayout id=content rect=[0,144 1200x1776] c=0 en=1 f=0 ftm=0 itm=1 
VT      ConstraintLayout id=background rect=[0,144 1200x1776] c=0 en=1 f=0 ftm=0 itm=1 
VT       AppIntroViewPager id=view_pager rect=[0,144 1200x1776] c=0 en=1 f=0 ftm=0 itm=1 
VT        ConstraintLayout id=main rect=[0,144 1200x1776] c=0 en=1 f=0 ftm=0 itm=1 
VT         AppCompatTextView id=title rect=[36,198 1128x304] c=1 en=1 f=0 ftm=0 itm=1 "Welcome"
VT         p id=image rect=[36,502 1128x759] c=0 en=1 f=0 ftm=0 itm=1 
VT         AppCompatTextView id=description rect=[36,1261 1128x456] c=1 en=1 f=0 ftm=0 itm=1 "Focus, meditate and relax with natural calming noise.

Explore all the features by swiping left!"
VT        ConstraintLayout id=main rect=[1200,144 1200x1776] c=0 en=1 f=0 ftm=0 itm=1 
VT         AppCompatTextView id=title rect=[1236,198 1128x304] c=1 en=1 f=0 ftm=0 itm=1 "Design your ideal environment"
VT         p id=image rect=[1236,502 1128x759] c=0 en=1 f=0 ftm=0 itm=1 
VT         AppCompatTextView id=description rect=[1236,1261 1128x456] c=1 en=1 f=0 ftm=0 itm=1 "Use the volume slider to adjust the volume of each sound. Some sounds will repeat seamlessly, while others will repeat with a r"
VT       View id=bottom_separator rect=[0,1761 1200x1] c=0 en=1 f=0 ftm=0 itm=1 
VT       View id=bottom rect=[0,1762 1200x158] c=0 en=1 f=0 ftm=0 itm=1 
VT       MaterialButton id=skip rect=[27,1785 176x108] c=1 en=1 f=0 ftm=0 itm=1 "SKIP"
VT       n id=next rect=[1065,1787 108x108] c=1 en=1 f=0 ftm=0 itm=1 
VT     ActionBarContainer id=action_bar_container rect=[0,0 1200x144] c=0 en=1 f=0 ftm=0 itm=1 
VT      Toolbar id=action_bar rect=[0,0 1200x144] c=0 en=1 f=0 ftm=0 itm=1 
VT       AppCompatTextView id=- rect=[36,38 1110x67] c=0 en=1 f=0 ftm=0 itm=1 "com.github.ashutoshgngwr.noice.activity.AppIntroActivity"
VT ==== end ====
[G2.14bf stub] ReliableSurface::reserveNext window=0x7f8c411f20 returning OK
[G2.14bf stub] ReliableSurface::reserveNext window=0x7f8c411f20 returning OK
[G2.14bf stub] ReliableSurface::reserveNext window=0x7f8c411f20 returning OK
[G2.14bf stub] ReliableSurface::reserveNext window=0x7f8c411f20 returning OK
[G2.14bf stub] ReliableSurface::reserveNext window=0x7f8c411f20 returning OK
[G2.14bf stub] ReliableSurface::reserveNext window=0x7f8c411f20 returning OK
[G2.14bf stub] ReliableSurface::reserveNext window=0x7f8c411f20 returning OK
[G2.14bf stub] ReliableSurface::reserveNext window=0x7f8c411f20 returning OK
[G2.14bf stub] ReliableSurface::reserveNext window=0x7f8c411f20 returning OK
[G2.14bf stub] ReliableSurface::reserveNext window=0x7f8c411f20 returning OK
[G2.14bf stub] ReliableSurface::reserveNext window=0x7f8c411f20 returning OK
[G214au_HWR] EglManager::swapBuffers ENTRY #240 dpy=0x7f860497d8 surface=0x7f88be4ac0
[G2.14bf stub] ReliableSurface::reserveNext window=0x7f8c411f20 returning OK
[G2.14bf stub] ReliableSurface::reserveNext window=0x7f8c411f20 returning OK
[G2.14bf stub] ReliableSurface::reserveNext window=0x7f8c411f20 returning OK
[G2.14bf stub] ReliableSurface::reserveNext window=0x7f8c411f20 returning OK
[G2.14bf stub] ReliableSurface::reserveNext window=0x7f8c411f20 returning OK
[G2.14bf stub] ReliableSurface::reserveNext window=0x7f8c411f20 returning OK
[G2.14bf stub] ReliableSurface::reserveNext window=0x7f8c411f20 returning OK
[G2.14bf stub] ReliableSurface::reserveNext window=0x7f8c411f20 returning OK
[G2.14bf stub] ReliableSurface::reserveNext window=0x7f8c411f20 returning OK
[G2.14bf stub] ReliableSurface::reserveNext window=0x7f8c411f20 returning OK
[G2.14bf stub] ReliableSurface::reserveNext window=0x7f8c411f20 returning OK
[G2.14bf stub] ReliableSurface::reserveNext window=0x7f8c411f20 returning OK
[G2.14bf stub] ReliableSurface::reserveNext window=0x7f8c411f20 returning OK
[G2.14bf stub] ReliableSurface::reserveNext window=0x7f8c411f20 returning OK
[G2.14bf stub] ReliableSurface::reserveNext window=0x7f8c411f20 returning OK
[G2.14bf stub] ReliableSurface::reserveNext window=0x7f8c411f20 returning OK
[G2.14bf stub] ReliableSurface::reserveNext window=0x7f8c411f20 returning OK
[G2.14bf stub] ReliableSurface::reserveNext window=0x7f8c411f20 returning OK
[G2.14bf stub] ReliableSurface::reserveNext window=0x7f8c411f20 returning OK
[G2.14bf stub] ReliableSurface::reserveNext window=0x7f8c411f20 returning OK
[G2.14bf stub] ReliableSurface::reserveNext window=0x7f8c411f20 returning OK
[G2.14bf stub] ReliableSurface::reserveNext window=0x7f8c411f20 returning OK
[G2.14bf stub] ReliableSurface::reserveNext window=0x7f8c411f20 returning OK
[G2.14bf stub] ReliableSurface::reserveNext window=0x7f8c411f20 returning OK
[G2.14bf stub] ReliableSurface::reserveNext window=0x7f8c411f20 returning OK
[G2.14bf stub] ReliableSurface::reserveNext window=0x7f8c411f20 returning OK
[G2.14bf stub] ReliableSurface::reserveNext window=0x7f8c411f20 returning OK
[G2.14bf stub] ReliableSurface::reserveNext window=0x7f8c411f20 returning OK
[G2.14bf stub] ReliableSurface::reserveNext window=0x7f8c411f20 returning OK
[G2.14bf stub] ReliableSurface::reserveNext window=0x7f8c411f20 returning OK
[G214au_HWR] EglManager::swapBuffers ENTRY #270 dpy=0x7f860497d8 surface=0x7f88be4ac0
[G2.14bf stub] ReliableSurface::reserveNext window=0x7f8c411f20 returning OK
[G2.14bf stub] ReliableSurface::reserveNext window=0x7f8c411f20 returning OK
[G2.14bf stub] ReliableSurface::reserveNext window=0x7f8c411f20 returning OK
[G2.14bf stub] ReliableSurface::reserveNext window=0x7f8c411f20 returning OK
[G2.14bf stub] ReliableSurface::reserveNext window=0x7f8c411f20 returning OK
[G2.14bf stub] ReliableSurface::reserveNext window=0x7f8c411f20 returning OK
[G2.14bf stub] ReliableSurface::reserveNext window=0x7f8c411f20 returning OK
[G2.14bf stub] ReliableSurface::reserveNext window=0x7f8c411f20 returning OK
[G2.14bf stub] ReliableSurface::reserveNext window=0x7f8c411f20 returning OK
[G2.14bf stub] ReliableSurface::reserveNext window=0x7f8c411f20 returning OK
[G2.14bf stub] ReliableSurface::reserveNext window=0x7f8c411f20 returning OK
[G2.14bf stub] ReliableSurface::reserveNext window=0x7f8c411f20 returning OK
[G2.14bf stub] ReliableSurface::reserveNext window=0x7f8c411f20 returning OK
[G2.14bf stub] ReliableSurface::reserveNext window=0x7f8c411f20 returning OK
[G2.14bf stub] ReliableSurface::reserveNext window=0x7f8c411f20 returning OK
[G2.14bf stub] ReliableSurface::reserveNext window=0x7f8c411f20 returning OK
[G2.14bf stub] ReliableSurface::reserveNext window=0x7f8c411f20 returning OK
[G2.14bf stub] ReliableSurface::reserveNext window=0x7f8c411f20 returning OK
[G2.14bf stub] ReliableSurface::reserveNext window=0x7f8c411f20 returning OK
[G2.14bf stub] ReliableSurface::reserveNext window=0x7f8c411f20 returning OK
[G2.14bf stub] ReliableSurface::reserveNext window=0x7f8c411f20 returning OK
[G2.14bf stub] ReliableSurface::reserveNext window=0x7f8c411f20 returning OK
[G2.14bf stub] ReliableSurface::reserveNext window=0x7f8c411f20 returning OK
[G2.14bf stub] ReliableSurface::reserveNext window=0x7f8c411f20 returning OK
[G2.14bf stub] ReliableSurface::reserveNext window=0x7f8c411f20 returning OK
[G2.14bf stub] ReliableSurface::reserveNext window=0x7f8c411f20 returning OK
[G2.14bf stub] ReliableSurface::reserveNext window=0x7f8c411f20 returning OK
[G2.14bf stub] ReliableSurface::reserveNext window=0x7f8c411f20 returning OK
[G2.14bf stub] ReliableSurface::reserveNext window=0x7f8c411f20 returning OK
[G2.14bf stub] ReliableSurface::reserveNext window=0x7f8c411f20 returning OK
[G214au_HWR] EglManager::swapBuffers ENTRY #300 dpy=0x7f860497d8 surface=0x7f88be4ac0
[G2.14bf stub] ReliableSurface::reserveNext window=0x7f8c411f20 returning OK
[G2.14bf stub] ReliableSurface::reserveNext window=0x7f8c411f20 returning OK
[G2.14bf stub] ReliableSurface::reserveNext window=0x7f8c411f20 returning OK
[G2.14bf stub] ReliableSurface::reserveNext window=0x7f8c411f20 returning OK
[G2.14bf stub] ReliableSurface::reserveNext window=0x7f8c411f20 returning OK
[G2.14bf stub] ReliableSurface::reserveNext window=0x7f8c411f20 returning OK
[G2.14bf stub] ReliableSurface::reserveNext window=0x7f8c411f20 returning OK
[G2.14bf stub] ReliableSurface::reserveNext window=0x7f8c411f20 returning OK
[G2.14bf stub] ReliableSurface::reserveNext window=0x7f8c411f20 returning OK
nullptr I 09-25 19:23:37 30897 30910 heap.cc:2959] Background partial concurrent mark sweep GC freed 12MB AllocSpace bytes, 78(3052KB) LOS objects, 79% free, 6452KB/30MB, paused 721us total 1.137s
[G2.14bf stub] ReliableSurface::reserveNext window=0x7f8c411f20 returning OK
[G2.14bf stub] ReliableSurface::reserveNext window=0x7f8c411f20 returning OK
[G2.14bf stub] ReliableSurface::reserveNext window=0x7f8c411f20 returning OK
[G2.14bf stub] ReliableSurface::reserveNext window=0x7f8c411f20 returning OK
[G2.14bf stub] ReliableSurface::reserveNext window=0x7f8c411f20 returning OK
[G2.14bf stub] ReliableSurface::reserveNext window=0x7f8c411f20 returning OK
[G2.14bf stub] ReliableSurface::reserveNext window=0x7f8c411f20 returning OK
[G2.14bf stub] ReliableSurface::reserveNext window=0x7f8c411f20 returning OK
[G2.14bf stub] ReliableSurface::reserveNext window=0x7f8c411f20 returning OK
[G2.14bf stub] ReliableSurface::reserveNext window=0x7f8c411f20 returning OK
[G2.14bf stub] ReliableSurface::reserveNext window=0x7f8c411f20 returning OK
[G2.14bf stub] ReliableSurface::reserveNext window=0x7f8c411f20 returning OK
[G2.14bf stub] ReliableSurface::reserveNext window=0x7f8c411f20 returning OK
[G2.14bf stub] ReliableSurface::reserveNext window=0x7f8c411f20 returning OK
[G2.14bf stub] ReliableSurface::reserveNext window=0x7f8c411f20 returning OK
[G2.14bf stub] ReliableSurface::reserveNext window=0x7f8c411f20 returning OK
[G2.14bf stub] ReliableSurface::reserveNext window=0x7f8c411f20 returning OK
[G2.14bf stub] ReliableSurface::reserveNext window=0x7f8c411f20 returning OK
[G2.14bf stub] ReliableSurface::reserveNext window=0x7f8c411f20 returning OK
[G2.14bf stub] ReliableSurface::reserveNext window=0x7f8c411f20 returning OK
[G2.14bf stub] ReliableSurface::reserveNext window=0x7f8c411f20 returning OK
[G214au_HWR] EglManager::swapBuffers ENTRY #330 dpy=0x7f860497d8 surface=0x7f88be4ac0
[G2.14bf stub] ReliableSurface::reserveNext window=0x7f8c411f20 returning OK
[G2.14bf stub] ReliableSurface::reserveNext window=0x7f8c411f20 returning OK
[G2.14bf stub] ReliableSurface::reserveNext window=0x7f8c411f20 returning OK
[G2.14bf stub] ReliableSurface::reserveNext window=0x7f8c411f20 returning OK
[G2.14bf stub] ReliableSurface::reserveNext window=0x7f8c411f20 returning OK

FileTransfer finish, Size:73079, File count = 1, time:10ms rate:7307.90kB/s
/home/zhaoyue/a2hlab/board/5cd1e3dd00000000000000000923012c/verify32/noice/before.jpeg

[SOURCE-CONTROL] command=v vm=0x7f8c38e420 root=-1
[SOURCE-CONTROL] command=v getEnv=-2 attach=0 env=0x7f82af75a0
VT ==== root[0] ====
VT DecorView id=- rect=[0,0 1200x1920] c=0 en=1 f=0 ftm=0 itm=1 
VT  LinearLayout id=- rect=[0,0 1200x1920] c=0 en=1 f=0 ftm=0 itm=1 
VT   FrameLayout id=- rect=[0,0 1200x1920] c=0 en=1 f=0 ftm=0 itm=1 
VT    ActionBarOverlayLayout id=decor_content_parent rect=[0,0 1200x1920] c=0 en=1 f=0 ftm=0 itm=1 
VT     ContentFrameLayout id=content rect=[0,144 1200x1776] c=0 en=1 f=0 ftm=0 itm=1 
VT      LinearLayout id=- rect=[0,144 1200x1776] c=0 en=1 f=0 ftm=0 itm=1 
VT       FragmentContainerView id=main_nav_host_fragment rect=[0,144 1200x1776] c=0 en=1 f=0 ftm=0 itm=1 
VT        FragmentContainerView id=main_nav_host_fragment rect=[0,144 1200x1776] c=0 en=1 f=0 ftm=0 itm=1 
VT         ConstraintLayout id=- rect=[0,144 1200x1776] c=0 en=1 f=0 ftm=0 itm=1 
VT          FragmentContainerView id=home_nav_host_fragment rect=[0,144 1200x1596] c=0 en=1 f=0 ftm=0 itm=1 
VT           FragmentContainerView id=home_nav_host_fragment rect=[0,144 1200x1596] c=0 en=1 f=0 ftm=0 itm=1 
VT            ConstraintLayout id=- rect=[0,144 1200x1596] c=0 en=1 f=0 ftm=0 itm=1 
VT             SwipeRefreshLayout id=- rect=[0,144 1200x1596] c=0 en=1 f=0 ftm=0 itm=1 
VT              RecyclerView id=sound_list rect=[0,144 1200x1596] c=0 en=1 f=0 ftm=1 itm=1  RECYCLER adapter=1 itemCount=-1 childCount=7
VT               a id=- rect=[0,144 1200x73] c=0 en=1 f=0 ftm=0 itm=1 "Life"
VT               ConstraintLayout id=- rect=[0,219 1200x256] c=0 en=1 f=0 ftm=0 itm=1 
VT                SVGImageView id=icon rect=[32,251 1136x224] c=0 en=1 f=0 ftm=0 itm=1 
VT                a id=title rect=[32,251 78x43] c=0 en=1 f=0 ftm=0 itm=1 "Birds"
VT                p id=premium_status rect=[126,249 48x48] c=1 en=1 f=0 ftm=0 itm=1 
VT                FlexboxLayout id=button_container rect=[24,325 1152x120] c=0 en=1 f=0 ftm=0 itm=1 
VT                 MaterialButton id=info rect=[36,337 96x96] c=1 en=1 f=0 ftm=0 itm=1 
VT                 MaterialButton id=download rect=[156,337 96x96] c=1 en=1 f=0 ftm=0 itm=1 
VT                 MaterialButton id=play rect=[276,337 96x96] c=1 en=1 f=0 ftm=0 itm=1 
VT                 MaterialButton id=volume rect=[396,337 194x96] c=1 en=1 f=0 ftm=0 itm=1 "100%"
VT               ConstraintLayout id=- rect=[0,477 1200x256] c=0 en=1 f=0 ftm=0 itm=1 
VT                SVGImageView id=icon rect=[32,509 1136x224] c=0 en=1 f=0 ftm=0 itm=1 
VT                a id=title rect=[32,509 124x43] c=0 en=1 f=0 ftm=0 itm=1 "Crickets"
VT                p id=premium_status rect=[172,507 48x48] c=1 en=1 f=0 ftm=0 itm=1 
VT                FlexboxLayout id=button_container rect=[24,583 1152x120] c=0 en=1 f=0 ftm=0 itm=1 
VT                 MaterialButton id=info rect=[36,595 96x96] c=1 en=1 f=0 ftm=0 itm=1 
VT                 MaterialButton id=download rect=[156,595 96x96] c=1 en=1 f=0 ftm=0 itm=1 
VT                 MaterialButton id=play rect=[276,595 96x96] c=1 en=1 f=0 ftm=0 itm=1 
VT                 MaterialButton id=volume rect=[396,595 194x96] c=1 en=1 f=0 ftm=0 itm=1 "100%"
VT               ConstraintLayout id=- rect=[0,735 1200x256] c=0 en=1 f=0 ftm=0 itm=1 
VT                SVGImageView id=icon rect=[32,767 1136x224] c=0 en=1 f=0 ftm=0 itm=1 
VT                a id=title rect=[32,767 149x43] c=0 en=1 f=0 ftm=0 itm=1 "Heartbeat"
VT                p id=premium_status rect=[197,765 48x48] c=1 en=1 f=0 ftm=0 itm=1 
VT                FlexboxLayout id=button_container rect=[24,841 1152x120] c=0 en=1 f=0 ftm=0 itm=1 
VT                 MaterialButton id=info rect=[36,853 96x96] c=1 en=1 f=0 ftm=0 itm=1 
VT                 MaterialButton id=download rect=[156,853 96x96] c=1 en=1 f=0 ftm=0 itm=1 
VT                 MaterialButton id=play rect=[276,853 96x96] c=1 en=1 f=0 ftm=0 itm=1 
VT                 MaterialButton id=volume rect=[396,853 194x96] c=1 en=1 f=0 ftm=0 itm=1 "100%"
VT               ConstraintLayout id=- rect=[0,993 1200x256] c=0 en=1 f=0 ftm=0 itm=1 
VT                SVGImageView id=icon rect=[32,1025 1136x224] c=0 en=1 f=0 ftm=0 itm=1 
VT                a id=title rect=[32,1025 170x43] c=0 en=1 f=0 ftm=0 itm=1 "Purring Cat"
VT                p id=premium_status rect=[218,1023 48x48] c=1 en=1 f=0 ftm=0 itm=1 
VT                FlexboxLayout id=button_container rect=[24,1099 1152x120] c=0 en=1 f=0 ftm=0 itm=1 
VT                 MaterialButton id=info rect=[36,1111 96x96] c=1 en=1 f=0 ftm=0 itm=1 
VT                 MaterialButton id=download rect=[156,1111 96x96] c=1 en=1 f=0 ftm=0 itm=1 
VT                 MaterialButton id=play rect=[276,1111 96x96] c=1 en=1 f=0 ftm=0 itm=1 
VT                 MaterialButton id=volume rect=[396,1111 194x96] c=1 en=1 f=0 ftm=0 itm=1 "100%"
VT               ConstraintLayout id=- rect=[0,1251 1200x256] c=0 en=1 f=0 ftm=0 itm=1 
VT                SVGImageView id=icon rect=[32,1283 1136x224] c=0 en=1 f=0 ftm=0 itm=1 
VT                a id=title rect=[32,1283 307x43] c=0 en=1 f=0 ftm=0 itm=1 "Quiet Conversations"
VT                FlexboxLayout id=button_container rect=[24,1357 1152x120] c=0 en=1 f=0 ftm=0 itm=1 
VT                 MaterialButton id=info rect=[36,1369 96x96] c=1 en=1 f=0 ftm=0 itm=1 
VT                 MaterialButton id=download rect=[156,1369 96x96] c=1 en=1 f=0 ftm=0 itm=1 
VT                 MaterialButton id=play rect=[276,1369 96x96] c=1 en=1 f=0 ftm=0 itm=1 
VT                 MaterialButton id=volume rect=[396,1369 194x96] c=1 en=1 f=0 ftm=0 itm=1 "100%"
VT               ConstraintLayout id=- rect=[0,1509 1200x256] c=0 en=1 f=0 ftm=0 itm=1 
VT                SVGImageView id=icon rect=[32,1541 1136x224] c=0 en=1 f=0 ftm=0 itm=1 
VT                a id=title rect=[32,1541 129x43] c=0 en=1 f=0 ftm=0 itm=1 "Seagulls"
VT                p id=premium_status rect=[177,1539 48x48] c=1 en=1 f=0 ftm=0 itm=1 
VT                FlexboxLayout id=button_container rect=[24,1615 1152x120] c=0 en=1 f=0 ftm=0 itm=1 
VT                 MaterialButton id=info rect=[36,1627 96x96] c=1 en=1 f=0 ftm=0 itm=1 
VT                 MaterialButton id=download rect=[156,1627 96x96] c=1 en=1 f=0 ftm=0 itm=1 
VT                 MaterialButton id=play rect=[276,1627 96x96] c=1 en=1 f=0 ftm=0 itm=1 
VT                 MaterialButton id=volume rect=[396,1627 194x96] c=1 en=1 f=0 ftm=0 itm=1 "100%"
VT             FloatingActionButton id=random_preset_button rect=[1038,1578 126x126] c=1 en=1 f=0 ftm=0 itm=1 
VT          BottomNavigationView id=bottom_nav rect=[0,1740 1200x180] c=0 en=1 f=0 ftm=0 itm=1 
VT           b id=- rect=[0,1740 1200x180] c=0 en=1 f=0 ftm=0 itm=1 
VT            a id=library rect=[0,1740 240x180] c=1 en=1 f=0 ftm=0 itm=1 
VT             FrameLayout id=navigation_bar_item_icon_container rect=[48,1794 144x72] c=0 en=1 f=0 ftm=0 itm=1 
VT              View id=navigation_bar_item_active_indicator_view rect=[48,1794 144x72] c=0 en=1 f=0 ftm=0 itm=1 
VT              p id=navigation_bar_item_icon_view rect=[93,1803 54x54] c=0 en=1 f=0 ftm=0 itm=1 
VT            a id=presets rect=[240,1740 240x180] c=1 en=1 f=0 ftm=0 itm=1 
VT             FrameLayout id=navigation_bar_item_icon_container rect=[288,1794 144x72] c=0 en=1 f=0 ftm=0 itm=1 
VT              View id=navigation_bar_item_active_indicator_view rect=[288,1794 144x72] c=0 en=1 f=0 ftm=0 itm=1 
VT              p id=navigation_bar_item_icon_view rect=[333,1803 54x54] c=0 en=1 f=0 ftm=0 itm=1 
VT            a id=sleep_timer rect=[480,1740 240x180] c=1 en=1 f=0 ftm=0 itm=1 
VT             FrameLayout id=navigation_bar_item_icon_container rect=[528,1794 144x72] c=0 en=1 f=0 ftm=0 itm=1 
VT              View id=navigation_bar_item_active_indicator_view rect=[528,1794 144x72] c=0 en=1 f=0 ftm=0 itm=1 
VT              p id=navigation_bar_item_icon_view rect=[573,1803 54x54] c=0 en=1 f=0 ftm=0 itm=1 
VT            a id=alarms rect=[720,1740 240x180] c=1 en=1 f=0 ftm=0 itm=1 
VT             FrameLayout id=navigation_bar_item_icon_container rect=[768,1794 144x72] c=0 en=1 f=0 ftm=0 itm=1 
VT              View id=navigation_bar_item_active_indicator_view rect=[768,1794 144x72] c=0 en=1 f=0 ftm=0 itm=1 
VT              p id=navigation_bar_item_icon_view rect=[813,1803 54x54] c=0 en=1 f=0 ftm=0 itm=1 
VT            a id=account rect=[960,1740 240x180] c=1 en=1 f=0 ftm=0 itm=1 
VT             FrameLayout id=navigation_bar_item_icon_container rect=[1008,1794 144x72] c=0 en=1 f=0 ftm=0 itm=1 
VT              View id=navigation_bar_item_active_indicator_view rect=[1008,1794 144x72] c=0 en=1 f=0 ftm=0 itm=1 
VT              p id=navigation_bar_item_icon_view rect=[1053,1803 54x54] c=0 en=1 f=0 ftm=0 itm=1 
VT     ActionBarContainer id=action_bar_container rect=[0,0 1200x144] c=0 en=1 f=0 ftm=0 itm=1 
VT      Toolbar id=action_bar rect=[0,0 1200x144] c=0 en=1 f=0 ftm=0 itm=1 
VT       AppCompatTextView id=- rect=[36,38 152x67] c=0 en=1 f=0 ftm=0 itm=1 "Library"
VT ==== root[1] ====
VT DecorView id=- rect=[0,0 1200x1920] c=0 en=1 f=0 ftm=0 itm=1 
VT  LinearLayout id=- rect=[0,0 1200x1920] c=0 en=1 f=0 ftm=0 itm=1 
VT   FrameLayout id=- rect=[0,0 1200x1920] c=0 en=1 f=0 ftm=0 itm=1 
VT    ActionBarOverlayLayout id=decor_content_parent rect=[0,0 1200x1920] c=0 en=1 f=0 ftm=0 itm=1 
VT     ContentFrameLayout id=content rect=[0,144 1200x1776] c=0 en=1 f=0 ftm=0 itm=1 
VT      ConstraintLayout id=background rect=[0,144 1200x1776] c=0 en=1 f=0 ftm=0 itm=1 
VT       AppIntroViewPager id=view_pager rect=[0,144 1200x1776] c=0 en=1 f=0 ftm=0 itm=1 
VT        ConstraintLayout id=main rect=[0,144 1200x1776] c=0 en=1 f=0 ftm=0 itm=1 
VT         AppCompatTextView id=title rect=[36,198 1128x304] c=1 en=1 f=0 ftm=0 itm=1 "Welcome"
VT         p id=image rect=[36,502 1128x759] c=0 en=1 f=0 ftm=0 itm=1 
VT         AppCompatTextView id=description rect=[36,1261 1128x456] c=1 en=1 f=0 ftm=0 itm=1 "Focus, meditate and relax with natural calming noise.

Explore all the features by swiping left!"
VT        ConstraintLayout id=main rect=[1200,144 1200x1776] c=0 en=1 f=0 ftm=0 itm=1 
VT         AppCompatTextView id=title rect=[1236,198 1128x304] c=1 en=1 f=0 ftm=0 itm=1 "Design your ideal environment"
VT         p id=image rect=[1236,502 1128x759] c=0 en=1 f=0 ftm=0 itm=1 
VT         AppCompatTextView id=description rect=[1236,1261 1128x456] c=1 en=1 f=0 ftm=0 itm=1 "Use the volume slider to adjust the volume of each sound. Some sounds will repeat seamlessly, while others will repeat with a r"
VT       View id=bottom_separator rect=[0,1761 1200x1] c=0 en=1 f=0 ftm=0 itm=1 
VT       View id=bottom rect=[0,1762 1200x158] c=0 en=1 f=0 ftm=0 itm=1 
VT       MaterialButton id=skip rect=[27,1785 176x108] c=1 en=1 f=0 ftm=0 itm=1 "SKIP"
VT       n id=next rect=[1065,1787 108x108] c=1 en=1 f=0 ftm=0 itm=1 
VT     ActionBarContainer id=action_bar_container rect=[0,0 1200x144] c=0 en=1 f=0 ftm=0 itm=1 
VT      Toolbar id=action_bar rect=[0,0 1200x144] c=0 en=1 f=0 ftm=0 itm=1 
VT       AppCompatTextView id=- rect=[36,38 1110x67] c=0 en=1 f=0 ftm=0 itm=1 "com.github.ashutoshgngwr.noice.activity.AppIntroActivity"
VT ==== end ====
[G2.14bf stub] ReliableSurface::reserveNext window=0x7f8c411f20 returning OK
[G2.14bf stub] ReliableSurface::reserveNext window=0x7f8964a3d0 returning OK
[G2.14bf stub] ReliableSurface::reserveNext window=0x7f8964a3d0 returning OK
[WESTLAKE-VSYNC] watchdog dispatchVsync #2
[G2.14bf stub] ReliableSurface::reserveNext window=0x7f8964a3d0 returning OK
[WESTLAKE-VSYNC] watchdog dispatchVsync #3
[G2.14bf stub] ReliableSurface::reserveNext window=0x7f8964a3d0 returning OK

FileTransfer finish, Size:106420, File count = 1, time:9ms rate:11824.44kB/s
/home/zhaoyue/a2hlab/board/5cd1e3dd00000000000000000923012c/verify32/noice/after.jpeg
OBSERVED 65.1308106409997
FileTransfer finish, Size:141375, File count = 1, time:9ms rate:15708.33kB/s
[SOURCE-CONTROL] command=v vm=0x7f8c38e420 root=-1
[SOURCE-CONTROL] command=v getEnv=-2 attach=0 env=0x7f8280e0f0
VT ==== root[0] ====
VT DecorView id=- rect=[0,0 1200x1920] c=0 en=1 f=0 ftm=0 itm=1 
VT  LinearLayout id=- rect=[0,0 1200x1920] c=0 en=1 f=0 ftm=0 itm=1 
VT   FrameLayout id=- rect=[0,0 1200x1920] c=0 en=1 f=0 ftm=0 itm=1 
VT    ActionBarOverlayLayout id=decor_content_parent rect=[0,0 1200x1920] c=0 en=1 f=0 ftm=0 itm=1 
VT     ContentFrameLayout id=content rect=[0,144 1200x1776] c=0 en=1 f=0 ftm=0 itm=1 
VT      LinearLayout id=- rect=[0,144 1200x1776] c=0 en=1 f=0 ftm=0 itm=1 
VT       FragmentContainerView id=main_nav_host_fragment rect=[0,144 1200x1776] c=0 en=1 f=0 ftm=0 itm=1 
VT        FragmentContainerView id=main_nav_host_fragment rect=[0,144 1200x1776] c=0 en=1 f=0 ftm=0 itm=1 
VT         ConstraintLayout id=- rect=[0,144 1200x1776] c=0 en=1 f=0 ftm=0 itm=1 
VT          FragmentContainerView id=home_nav_host_fragment rect=[0,144 1200x1596] c=0 en=1 f=0 ftm=0 itm=1 
VT           FragmentContainerView id=home_nav_host_fragment rect=[0,144 1200x1596] c=0 en=1 f=0 ftm=0 itm=1 
VT            ConstraintLayout id=- rect=[0,144 1200x1596] c=0 en=1 f=0 ftm=0 itm=1 
VT             SwipeRefreshLayout id=- rect=[0,144 1200x1596] c=0 en=1 f=0 ftm=0 itm=1 
VT              RecyclerView id=sound_list rect=[0,144 1200x1596] c=0 en=1 f=0 ftm=1 itm=1  RECYCLER adapter=1 itemCount=-1 childCount=7
VT               a id=- rect=[0,144 1200x73] c=0 en=1 f=0 ftm=0 itm=1 "Life"
VT               ConstraintLayout id=- rect=[0,219 1200x256] c=0 en=1 f=0 ftm=0 itm=1 
VT                SVGImageView id=icon rect=[32,251 1136x224] c=0 en=1 f=0 ftm=0 itm=1 
VT                a id=title rect=[32,251 78x43] c=0 en=1 f=0 ftm=0 itm=1 "Birds"
VT                p id=premium_status rect=[126,249 48x48] c=1 en=1 f=0 ftm=0 itm=1 
VT                FlexboxLayout id=button_container rect=[24,325 1152x120] c=0 en=1 f=0 ftm=0 itm=1 
VT                 MaterialButton id=info rect=[36,337 96x96] c=1 en=1 f=0 ftm=0 itm=1 
VT                 MaterialButton id=download rect=[156,337 96x96] c=1 en=1 f=0 ftm=0 itm=1 
VT                 MaterialButton id=play rect=[276,337 96x96] c=1 en=1 f=0 ftm=0 itm=1 
VT                 MaterialButton id=volume rect=[396,337 194x96] c=1 en=1 f=0 ftm=0 itm=1 "100%"
VT               ConstraintLayout id=- rect=[0,477 1200x256] c=0 en=1 f=0 ftm=0 itm=1 
VT                SVGImageView id=icon rect=[32,509 1136x224] c=0 en=1 f=0 ftm=0 itm=1 
VT                a id=title rect=[32,509 124x43] c=0 en=1 f=0 ftm=0 itm=1 "Crickets"
VT                p id=premium_status rect=[172,507 48x48] c=1 en=1 f=0 ftm=0 itm=1 
VT                FlexboxLayout id=button_container rect=[24,583 1152x120] c=0 en=1 f=0 ftm=0 itm=1 
VT                 MaterialButton id=info rect=[36,595 96x96] c=1 en=1 f=0 ftm=0 itm=1 
VT                 MaterialButton id=download rect=[156,595 96x96] c=1 en=1 f=0 ftm=0 itm=1 
VT                 MaterialButton id=play rect=[276,595 96x96] c=1 en=1 f=0 ftm=0 itm=1 
VT                 MaterialButton id=volume rect=[396,595 194x96] c=1 en=1 f=0 ftm=0 itm=1 "100%"
VT               ConstraintLayout id=- rect=[0,735 1200x256] c=0 en=1 f=0 ftm=0 itm=1 
VT                SVGImageView id=icon rect=[32,767 1136x224] c=0 en=1 f=0 ftm=0 itm=1 
VT                a id=title rect=[32,767 149x43] c=0 en=1 f=0 ftm=0 itm=1 "Heartbeat"
VT                p id=premium_status rect=[197,765 48x48] c=1 en=1 f=0 ftm=0 itm=1 
VT                FlexboxLayout id=button_container rect=[24,841 1152x120] c=0 en=1 f=0 ftm=0 itm=1 
VT                 MaterialButton id=info rect=[36,853 96x96] c=1 en=1 f=0 ftm=0 itm=1 
VT                 MaterialButton id=download rect=[156,853 96x96] c=1 en=1 f=0 ftm=0 itm=1 
VT                 MaterialButton id=play rect=[276,853 96x96] c=1 en=1 f=0 ftm=0 itm=1 
VT                 MaterialButton id=volume rect=[396,853 194x96] c=1 en=1 f=0 ftm=0 itm=1 "100%"
VT               ConstraintLayout id=- rect=[0,993 1200x256] c=0 en=1 f=0 ftm=0 itm=1 
VT                SVGImageView id=icon rect=[32,1025 1136x224] c=0 en=1 f=0 ftm=0 itm=1 
VT                a id=title rect=[32,1025 170x43] c=0 en=1 f=0 ftm=0 itm=1 "Purring Cat"
VT                p id=premium_status rect=[218,1023 48x48] c=1 en=1 f=0 ftm=0 itm=1 
VT                FlexboxLayout id=button_container rect=[24,1099 1152x120] c=0 en=1 f=0 ftm=0 itm=1 
VT                 MaterialButton id=info rect=[36,1111 96x96] c=1 en=1 f=0 ftm=0 itm=1 
VT                 MaterialButton id=download rect=[156,1111 96x96] c=1 en=1 f=0 ftm=0 itm=1 
VT                 MaterialButton id=play rect=[276,1111 96x96] c=1 en=1 f=0 ftm=0 itm=1 
VT                 MaterialButton id=volume rect=[396,1111 194x96] c=1 en=1 f=0 ftm=0 itm=1 "100%"
VT               ConstraintLayout id=- rect=[0,1251 1200x256] c=0 en=1 f=0 ftm=0 itm=1 
VT                SVGImageView id=icon rect=[32,1283 1136x224] c=0 en=1 f=0 ftm=0 itm=1 
VT                a id=title rect=[32,1283 307x43] c=0 en=1 f=0 ftm=0 itm=1 "Quiet Conversations"
VT                FlexboxLayout id=button_container rect=[24,1357 1152x120] c=0 en=1 f=0 ftm=0 itm=1 
VT                 MaterialButton id=info rect=[36,1369 96x96] c=1 en=1 f=0 ftm=0 itm=1 
VT                 MaterialButton id=download rect=[156,1369 96x96] c=1 en=1 f=0 ftm=0 itm=1 
VT                 MaterialButton id=play rect=[276,1369 96x96] c=1 en=1 f=0 ftm=0 itm=1 
VT                 MaterialButton id=volume rect=[396,1369 194x96] c=1 en=1 f=0 ftm=0 itm=1 "100%"
VT               ConstraintLayout id=- rect=[0,1509 1200x256] c=0 en=1 f=0 ftm=0 itm=1 
VT                SVGImageView id=icon rect=[32,1541 1136x224] c=0 en=1 f=0 ftm=0 itm=1 
VT                a id=title rect=[32,1541 129x43] c=0 en=1 f=0 ftm=0 itm=1 "Seagulls"
VT                p id=premium_status rect=[177,1539 48x48] c=1 en=1 f=0 ftm=0 itm=1 
VT                FlexboxLayout id=button_container rect=[24,1615 1152x120] c=0 en=1 f=0 ftm=0 itm=1 
VT                 MaterialButton id=info rect=[36,1627 96x96] c=1 en=1 f=0 ftm=0 itm=1 
VT                 MaterialButton id=download rect=[156,1627 96x96] c=1 en=1 f=0 ftm=0 itm=1 
VT                 MaterialButton id=play rect=[276,1627 96x96] c=1 en=1 f=0 ftm=0 itm=1 
VT                 MaterialButton id=volume rect=[396,1627 194x96] c=1 en=1 f=0 ftm=0 itm=1 "100%"
VT             FloatingActionButton id=random_preset_button rect=[1038,1578 126x126] c=1 en=1 f=0 ftm=0 itm=1 
VT          BottomNavigationView id=bottom_nav rect=[0,1740 1200x180] c=0 en=1 f=0 ftm=0 itm=1 
VT           b id=- rect=[0,1740 1200x180] c=0 en=1 f=0 ftm=0 itm=1 
VT            a id=library rect=[0,1740 240x180] c=1 en=1 f=0 ftm=0 itm=1 
VT             FrameLayout id=navigation_bar_item_icon_container rect=[48,1794 144x72] c=0 en=1 f=0 ftm=0 itm=1 
VT              View id=navigation_bar_item_active_indicator_view rect=[48,1794 144x72] c=0 en=1 f=0 ftm=0 itm=1 
VT              p id=navigation_bar_item_icon_view rect=[93,1803 54x54] c=0 en=1 f=0 ftm=0 itm=1 
VT            a id=presets rect=[240,1740 240x180] c=1 en=1 f=0 ftm=0 itm=1 
VT             FrameLayout id=navigation_bar_item_icon_container rect=[288,1794 144x72] c=0 en=1 f=0 ftm=0 itm=1 
VT              View id=navigation_bar_item_active_indicator_view rect=[288,1794 144x72] c=0 en=1 f=0 ftm=0 itm=1 
VT              p id=navigation_bar_item_icon_view rect=[333,1803 54x54] c=0 en=1 f=0 ftm=0 itm=1 
VT            a id=sleep_timer rect=[480,1740 240x180] c=1 en=1 f=0 ftm=0 itm=1 
VT             FrameLayout id=navigation_bar_item_icon_container rect=[528,1794 144x72] c=0 en=1 f=0 ftm=0 itm=1 
VT              View id=navigation_bar_item_active_indicator_view rect=[528,1794 144x72] c=0 en=1 f=0 ftm=0 itm=1 
VT              p id=navigation_bar_item_icon_view rect=[573,1803 54x54] c=0 en=1 f=0 ftm=0 itm=1 
VT            a id=alarms rect=[720,1740 240x180] c=1 en=1 f=0 ftm=0 itm=1 
VT             FrameLayout id=navigation_bar_item_icon_container rect=[768,1794 144x72] c=0 en=1 f=0 ftm=0 itm=1 
VT              View id=navigation_bar_item_active_indicator_view rect=[768,1794 144x72] c=0 en=1 f=0 ftm=0 itm=1 
VT              p id=navigation_bar_item_icon_view rect=[813,1803 54x54] c=0 en=1 f=0 ftm=0 itm=1 
VT            a id=account rect=[960,1740 240x180] c=1 en=1 f=0 ftm=0 itm=1 
VT             FrameLayout id=navigation_bar_item_icon_container rect=[1008,1794 144x72] c=0 en=1 f=0 ftm=0 itm=1 
VT              View id=navigation_bar_item_active_indicator_view rect=[1008,1794 144x72] c=0 en=1 f=0 ftm=0 itm=1 
VT              p id=navigation_bar_item_icon_view rect=[1053,1803 54x54] c=0 en=1 f=0 ftm=0 itm=1 
VT     ActionBarContainer id=action_bar_container rect=[0,0 1200x144] c=0 en=1 f=0 ftm=0 itm=1 
VT      Toolbar id=action_bar rect=[0,0 1200x144] c=0 en=1 f=0 ftm=0 itm=1 
VT       AppCompatTextView id=- rect=[36,38 152x67] c=0 en=1 f=0 ftm=0 itm=1 "Library"
VT ==== root[1] ====
VT DecorView id=- rect=[0,0 1200x1920] c=0 en=1 f=0 ftm=0 itm=1 
VT  LinearLayout id=- rect=[0,0 1200x1920] c=0 en=1 f=0 ftm=0 itm=1 
VT   FrameLayout id=- rect=[0,0 1200x1920] c=0 en=1 f=0 ftm=0 itm=1 
VT    ActionBarOverlayLayout id=decor_content_parent rect=[0,0 1200x1920] c=0 en=1 f=0 ftm=0 itm=1 
VT     ContentFrameLayout id=content rect=[0,144 1200x1776] c=0 en=1 f=0 ftm=0 itm=1 
VT      ConstraintLayout id=background rect=[0,144 1200x1776] c=0 en=1 f=0 ftm=0 itm=1 
VT       AppIntroViewPager id=view_pager rect=[0,144 1200x1776] c=0 en=1 f=0 ftm=0 itm=1 
VT        ConstraintLayout id=main rect=[-1200,144 1200x1776] c=0 en=1 f=0 ftm=0 itm=1 
VT         AppCompatTextView id=title rect=[-1164,198 1128x304] c=1 en=1 f=0 ftm=0 itm=1 "Welcome"
VT         p id=image rect=[-1164,502 1128x759] c=0 en=1 f=0 ftm=0 itm=1 
VT         AppCompatTextView id=description rect=[-1164,1261 1128x456] c=1 en=1 f=0 ftm=0 itm=1 "Focus, meditate and relax with natural calming noise.

Explore all the features by swiping left!"
VT        ConstraintLayout id=main rect=[0,144 1200x1776] c=0 en=1 f=0 ftm=0 itm=1 
VT         AppCompatTextView id=title rect=[36,198 1128x304] c=1 en=1 f=0 ftm=0 itm=1 "Design your ideal environment"
VT         p id=image rect=[36,502 1128x759] c=0 en=1 f=0 ftm=0 itm=1 
VT         AppCompatTextView id=description rect=[36,1261 1128x456] c=1 en=1 f=0 ftm=0 itm=1 "Use the volume slider to adjust the volume of each sound. Some sounds will repeat seamlessly, while others will repeat with a r"
VT        ConstraintLayout id=main rect=[1200,144 1200x1776] c=0 en=1 f=0 ftm=0 itm=1 
VT         AppCompatTextView id=title rect=[1232,192 1136x310] c=1 en=1 f=0 ftm=0 itm=1 "Save your favourite mixes"
VT         p id=image rect=[1232,502 1136x774] c=0 en=1 f=0 ftm=0 itm=1 
VT         AppCompatTextView id=description rect=[1232,1276 1136x464] c=1 en=1 f=0 ftm=0 itm=1 "Save your sound mix by clicking the save button in the bottom corner of the library. Find saved mixes in the 'Presets' tab of t"
VT       View id=bottom_separator rect=[0,1761 1200x1] c=0 en=1 f=0 ftm=0 itm=1 
VT       View id=bottom rect=[0,1762 1200x158] c=0 en=1 f=0 ftm=0 itm=1 
VT       MaterialButton id=skip rect=[27,1785 176x108] c=1 en=1 f=0 ftm=0 itm=1 "SKIP"
VT       n id=next rect=[1065,1787 108x108] c=1 en=1 f=0 ftm=0 itm=1 
VT     ActionBarContainer id=action_bar_container rect=[0,0 1200x144] c=0 en=1 f=0 ftm=0 itm=1 
VT      Toolbar id=action_bar rect=[0,0 1200x144] c=0 en=1 f=0 ftm=0 itm=1 
VT       AppCompatTextView id=- rect=[36,38 1110x67] c=0 en=1 f=0 ftm=0 itm=1 "com.github.ashutoshgngwr.noice.activity.AppIntroActivity"
VT ==== end ====

FileTransfer finish, Size:106374, File count = 1, time:15ms rate:7091.60kB/s
/home/zhaoyue/a2hlab/board/5cd1e3dd00000000000000000923012c/verify32/noice/after-settled.jpeg
FileTransfer finish, Size:152955, File count = 1, time:10ms rate:15295.50kB/s
