READY wikipedia 2188
start ability successfully.


FileTransfer finish, Size:160528, File count = 1, time:14ms rate:11466.29kB/s
[G2.14bf stub] ReliableSurface::reserveNext window=0x7f9be36920 returning OK
[G2.14bf stub] ReliableSurface::reserveNext window=0x7f9be36920 returning OK
[G2.14bf stub] ReliableSurface::reserveNext window=0x7f9be36920 returning OK
[G2.14bf stub] ReliableSurface::reserveNext window=0x7f9be36920 returning OK
[G2.14bf stub] ReliableSurface::reserveNext window=0x7f9be36920 returning OK
[G214au_HWR] EglManager::swapBuffers ENTRY #180 dpy=0x7f940097d8 surface=0x7f98bbdcf0
[G2.14bf stub] ReliableSurface::reserveNext window=0x7f9be36920 returning OK
[SOURCE-CONTROL] command=v vm=0x7f9d5c5020 root=-1
[SOURCE-CONTROL] command=v getEnv=-2 attach=0 env=0x7f9cc0d780
VT ==== root[0] ====
VT DecorView id=- rect=[0,0 1200x1920] c=0 en=1 f=0 ftm=0 itm=1 
VT  LinearLayout id=- rect=[0,0 1200x1920] c=0 en=1 f=0 ftm=0 itm=1 
[G2.14bf stub] ReliableSurface::reserveNext window=0x7f9be36920 returning OK
VT   FrameLayout id=- rect=[0,0 1200x1920] c=0 en=1 f=0 ftm=0 itm=1 
VT    FitWindowsFrameLayout id=action_bar_root rect=[0,0 1200x1920] c=0 en=1 f=0 ftm=0 itm=1 
VT     ContentFrameLayout id=content rect=[0,0 1200x1920] c=0 en=1 f=0 ftm=0 itm=1 
VT      LinearLayout id=- rect=[0,0 1200x1920] c=0 en=1 f=0 ftm=0 itm=1 
VT       FrameLayout id=fragment_container rect=[0,0 1200x1920] c=0 en=1 f=0 ftm=0 itm=1 
[G2.14bf stub] ReliableSurface::reserveNext window=0x7f9be36920 returning OK
VT        ConstraintLayout id=- rect=[0,0 1200x1920] c=0 en=1 f=0 ftm=0 itm=1 
VT         CoordinatorLayout id=fragment_main_coordinator rect=[0,0 1200x1739] c=0 en=1 f=0 ftm=0 itm=1 
VT          ViewPager2 id=main_view_pager rect=[0,0 1200x1739] c=0 en=1 f=0 ftm=0 itm=1 
VT           ViewPager2$RecyclerViewImpl id=- rect=[0,0 1200x1739] c=0 en=1 f=0 ftm=1 itm=1  RECYCLER adapter=1 itemCount=5 childCount=1
[G2.14bf stub] ReliableSurface::reserveNext window=0x7f9be36920 returning OK
VT            FrameLayout id=- rect=[0,0 1200x1739] c=0 en=1 f=0 ftm=0 itm=1 
VT             ComposeView id=- rect=[0,0 1200x1739] c=0 en=1 f=0 ftm=0 itm=1 
VT              AndroidComposeView id=- rect=[0,0 1200x1739] c=0 en=1 f=0 ftm=1 itm=1 
VT         View id=main_nav_tab_border rect=[0,1739 1200x1] c=0 en=1 f=0 ftm=0 itm=1 
VT         FrameLayout id=main_nav_tab_container rect=[0,1740 1200x180] c=0 en=1 f=0 ftm=0 itm=1 
VT          NavTabLayout id=main_nav_tab_layout rect=[0,1740 1200x180] c=0 en=1 f=0 ftm=0 itm=1 
VT           BottomNavigationMenuView id=- rect=[0,1740 1200x180] c=0 en=1 f=0 ftm=0 itm=1 
VT            BottomNavigationItemView id=nav_tab_home rect=[0,1740 240x180] c=1 en=1 f=0 ftm=0 itm=1 
VT             LinearLayout id=navigation_bar_item_content_container rect=[48,1758 144x146] c=0 en=1 f=0 ftm=0 itm=1 
VT              FrameLayout id=navigation_bar_item_icon_container rect=[48,1758 144x72] c=0 en=1 f=0 ftm=0 itm=1 
[G2.14bf stub] ReliableSurface::reserveNext window=0x7f9be36920 returning OK
VT               View id=navigation_bar_item_active_indicator_view rect=[48,1758 144x72] c=0 en=1 f=0 ftm=0 itm=1 
VT               LinearLayout id=navigation_bar_item_inner_content_container rect=[93,1767 54x54] c=0 en=1 f=0 ftm=0 itm=1 
VT                AppCompatImageView id=navigation_bar_item_icon_view rect=[93,1767 54x54] c=0 en=1 f=0 ftm=0 itm=1 
VT              BaselineLayout id=navigation_bar_item_labels_group rect=[86,1839 68x65] c=0 en=1 f=0 ftm=0 itm=1 
VT               MaterialTextView id=navigation_bar_item_large_label_view rect=[86,1839 68x29] c=0 en=1 f=0 ftm=0 itm=1 "Home"
VT            BottomNavigationItemView id=nav_tab_reading_lists rect=[240,1740 240x180] c=1 en=1 f=0 ftm=0 itm=1 
VT             LinearLayout id=navigation_bar_item_content_container rect=[288,1758 144x146] c=0 en=1 f=0 ftm=0 itm=1 
VT              FrameLayout id=navigation_bar_item_icon_container rect=[288,1758 144x72] c=0 en=1 f=0 ftm=0 itm=1 
VT               View id=navigation_bar_item_active_indicator_view rect=[288,1758 144x72] c=0 en=1 f=0 ftm=0 itm=1 
VT               LinearLayout id=navigation_bar_item_inner_content_container rect=[333,1767 54x54] c=0 en=1 f=0 ftm=0 itm=1 
VT                AppCompatImageView id=navigation_bar_item_icon_view rect=[333,1767 54x54] c=0 en=1 f=0 ftm=0 itm=1 
VT               ImageView id=nav_tab_overlay_dot rect=[371,1769 14x14] c=0 en=1 f=0 ftm=0 itm=1 
VT              BaselineLayout id=navigation_bar_item_labels_group rect=[325,1839 70x65] c=0 en=1 f=0 ftm=0 itm=1 
VT               MaterialTextView id=navigation_bar_item_small_label_view rect=[326,1839 67x29] c=0 en=1 f=0 ftm=0 itm=1 "Saved"
VT            BottomNavigationItemView id=nav_tab_search rect=[480,1740 240x180] c=1 en=1 f=0 ftm=0 itm=1 
VT             LinearLayout id=navigation_bar_item_content_container rect=[528,1758 144x146] c=0 en=1 f=0 ftm=0 itm=1 
VT              FrameLayout id=navigation_bar_item_icon_container rect=[528,1758 144x72] c=0 en=1 f=0 ftm=0 itm=1 
VT               View id=navigation_bar_item_active_indicator_view rect=[528,1758 144x72] c=0 en=1 f=0 ftm=0 itm=1 
VT               LinearLayout id=navigation_bar_item_inner_content_container rect=[573,1767 54x54] c=0 en=1 f=0 ftm=0 itm=1 
VT                AppCompatImageView id=navigation_bar_item_icon_view rect=[573,1767 54x54] c=0 en=1 f=0 ftm=0 itm=1 
VT              BaselineLayout id=navigation_bar_item_labels_group rect=[560,1839 79x65] c=0 en=1 f=0 ftm=0 itm=1 
VT               MaterialTextView id=navigation_bar_item_small_label_view rect=[561,1839 77x29] c=0 en=1 f=0 ftm=0 itm=1 "Search"
VT            BottomNavigationItemView id=nav_tab_edits rect=[720,1740 240x180] c=1 en=1 f=0 ftm=0 itm=1 
VT             LinearLayout id=navigation_bar_item_content_container rect=[768,1758 144x146] c=0 en=1 f=0 ftm=0 itm=1 
VT              FrameLayout id=navigation_bar_item_icon_container rect=[768,1758 144x72] c=0 en=1 f=0 ftm=0 itm=1 
VT               View id=navigation_bar_item_active_indicator_view rect=[768,1758 144x72] c=0 en=1 f=0 ftm=0 itm=1 
VT               LinearLayout id=navigation_bar_item_inner_content_container rect=[813,1767 54x54] c=0 en=1 f=0 ftm=0 itm=1 
VT                AppCompatImageView id=navigation_bar_item_icon_view rect=[813,1767 54x54] c=0 en=1 f=0 ftm=0 itm=1 
VT               ImageView id=nav_tab_overlay_dot rect=[851,1769 14x14] c=0 en=1 f=0 ftm=0 itm=1 
VT              BaselineLayout id=navigation_bar_item_labels_group rect=[796,1839 88x65] c=0 en=1 f=0 ftm=0 itm=1 
VT               MaterialTextView id=navigation_bar_item_small_label_view rect=[799,1839 82x29] c=0 en=1 f=0 ftm=0 itm=1 "Activity"
VT            BottomNavigationItemView id=nav_tab_more rect=[960,1740 240x180] c=1 en=1 f=0 ftm=0 itm=1 
VT             LinearLayout id=navigation_bar_item_content_container rect=[1008,1758 144x146] c=0 en=1 f=0 ftm=0 itm=1 
VT              FrameLayout id=navigation_bar_item_icon_container rect=[1008,1758 144x72] c=0 en=1 f=0 ftm=0 itm=1 
VT               View id=navigation_bar_item_active_indicator_view rect=[1008,1758 144x72] c=0 en=1 f=0 ftm=0 itm=1 
VT               LinearLayout id=navigation_bar_item_inner_content_container rect=[1053,1767 54x54] c=0 en=1 f=0 ftm=0 itm=1 
VT                AppCompatImageView id=navigation_bar_item_icon_view rect=[1053,1767 54x54] c=0 en=1 f=0 ftm=0 itm=1 
VT              BaselineLayout id=navigation_bar_item_labels_group rect=[1050,1839 59x65] c=0 en=1 f=0 ftm=0 itm=1 
VT               MaterialTextView id=navigation_bar_item_small_label_view rect=[1050,1839 58x29] c=0 en=1 f=0 ftm=0 itm=1 "More"
VT ==== root[1] ====
VT DecorView id=- rect=[0,0 1200x1920] c=0 en=1 f=0 ftm=0 itm=1 
VT  LinearLayout id=- rect=[0,0 1200x1920] c=0 en=1 f=0 ftm=0 itm=1 
VT   FrameLayout id=- rect=[0,0 1200x1920] c=0 en=1 f=0 ftm=0 itm=1 
VT    FitWindowsFrameLayout id=action_bar_root rect=[0,0 1200x1920] c=0 en=1 f=0 ftm=0 itm=1 
VT     ContentFrameLayout id=content rect=[0,0 1200x1920] c=0 en=1 f=0 ftm=0 itm=1 
VT      ComposeView id=- rect=[0,0 1200x1920] c=0 en=1 f=0 ftm=0 itm=1 
VT       AndroidComposeView id=- rect=[0,0 1200x1920] c=0 en=1 f=0 ftm=1 itm=1 
VT ==== end ====
[G2.14bf stub] ReliableSurface::reserveNext window=0x7f9be36920 returning OK
[G2.14bf stub] ReliableSurface::reserveNext window=0x7f9be36920 returning OK
[G2.14bf stub] ReliableSurface::reserveNext window=0x7f9be36920 returning OK
[G2.14bf stub] ReliableSurface::reserveNext window=0x7f9be36920 returning OK
[G2.14bf stub] ReliableSurface::reserveNext window=0x7f9be36920 returning OK
[G2.14bf stub] ReliableSurface::reserveNext window=0x7f9be36920 returning OK
[G2.14bf stub] ReliableSurface::reserveNext window=0x7f9be36920 returning OK
[G2.14bf stub] ReliableSurface::reserveNext window=0x7f9be36920 returning OK
[G2.14bf stub] ReliableSurface::reserveNext window=0x7f9be36920 returning OK
[G2.14bf stub] ReliableSurface::reserveNext window=0x7f9be36920 returning OK
[G2.14bf stub] ReliableSurface::reserveNext window=0x7f9be36920 returning OK
[G2.14bf stub] ReliableSurface::reserveNext window=0x7f9be36920 returning OK
[G2.14bf stub] ReliableSurface::reserveNext window=0x7f9be36920 returning OK
[G2.14bf stub] ReliableSurface::reserveNext window=0x7f9be36920 returning OK
[G2.14bf stub] ReliableSurface::reserveNext window=0x7f9be36920 returning OK
[G2.14bf stub] ReliableSurface::reserveNext window=0x7f9be36920 returning OK
[G2.14bf stub] ReliableSurface::reserveNext window=0x7f9be36920 returning OK
[G2.14bf stub] ReliableSurface::reserveNext window=0x7f9be36920 returning OK
[G2.14bf stub] ReliableSurface::reserveNext window=0x7f9be36920 returning OK
[G2.14bf stub] ReliableSurface::reserveNext window=0x7f9be36920 returning OK
[G2.14bf stub] ReliableSurface::reserveNext window=0x7f9be36920 returning OK
[G2.14bf stub] ReliableSurface::reserveNext window=0x7f9be36920 returning OK
[G2.14bf stub] ReliableSurface::reserveNext window=0x7f9be36920 returning OK
[G2.14bf stub] ReliableSurface::reserveNext window=0x7f9be36920 returning OK
[G2.14bf stub] ReliableSurface::reserveNext window=0x7f9be36920 returning OK
[G214au_HWR] EglManager::swapBuffers ENTRY #210 dpy=0x7f940097d8 surface=0x7f98bbdcf0
[G2.14bf stub] ReliableSurface::reserveNext window=0x7f9be36920 returning OK
[G2.14bf stub] ReliableSurface::reserveNext window=0x7f9be36920 returning OK
[G2.14bf stub] ReliableSurface::reserveNext window=0x7f9be36920 returning OK
[G2.14bf stub] ReliableSurface::reserveNext window=0x7f9be36920 returning OK
[G2.14bf stub] ReliableSurface::reserveNext window=0x7f9be36920 returning OK
[G2.14bf stub] ReliableSurface::reserveNext window=0x7f9be36920 returning OK
[G2.14bf stub] ReliableSurface::reserveNext window=0x7f9be36920 returning OK
[G2.14bf stub] ReliableSurface::reserveNext window=0x7f9be36920 returning OK
[G2.14bf stub] ReliableSurface::reserveNext window=0x7f9be36920 returning OK
[G2.14bf stub] ReliableSurface::reserveNext window=0x7f9be36920 returning OK
[G2.14bf stub] ReliableSurface::reserveNext window=0x7f9be36920 returning OK
[G2.14bf stub] ReliableSurface::reserveNext window=0x7f9be36920 returning OK
[G2.14bf stub] ReliableSurface::reserveNext window=0x7f9be36920 returning OK
[G2.14bf stub] ReliableSurface::reserveNext window=0x7f9be36920 returning OK
[G2.14bf stub] ReliableSurface::reserveNext window=0x7f9be36920 returning OK
[G2.14bf stub] ReliableSurface::reserveNext window=0x7f9be36920 returning OK
[G2.14bf stub] ReliableSurface::reserveNext window=0x7f9be36920 returning OK
[G2.14bf stub] ReliableSurface::reserveNext window=0x7f9be36920 returning OK
[G2.14bf stub] ReliableSurface::reserveNext window=0x7f9be36920 returning OK
[G2.14bf stub] ReliableSurface::reserveNext window=0x7f9be36920 returning OK
[G2.14bf stub] ReliableSurface::reserveNext window=0x7f9be36920 returning OK
[G2.14bf stub] ReliableSurface::reserveNext window=0x7f9be36920 returning OK
[G2.14bf stub] ReliableSurface::reserveNext window=0x7f9be36920 returning OK
[G2.14bf stub] ReliableSurface::reserveNext window=0x7f9be36920 returning OK
[G2.14bf stub] ReliableSurface::reserveNext window=0x7f9be36920 returning OK
[G2.14bf stub] ReliableSurface::reserveNext window=0x7f9be36920 returning OK
[G2.14bf stub] ReliableSurface::reserveNext window=0x7f9be36920 returning OK
[G2.14bf stub] ReliableSurface::reserveNext window=0x7f9be36920 returning OK
[G2.14bf stub] ReliableSurface::reserveNext window=0x7f9be36920 returning OK
[G2.14bf stub] ReliableSurface::reserveNext window=0x7f9be36920 returning OK
[G214au_HWR] EglManager::swapBuffers ENTRY #240 dpy=0x7f940097d8 surface=0x7f98bbdcf0
[G2.14bf stub] ReliableSurface::reserveNext window=0x7f9be36920 returning OK
[G2.14bf stub] ReliableSurface::reserveNext window=0x7f9be36920 returning OK
[G2.14bf stub] ReliableSurface::reserveNext window=0x7f9be36920 returning OK
[G2.14bf stub] ReliableSurface::reserveNext window=0x7f9be36920 returning OK
[G2.14bf stub] ReliableSurface::reserveNext window=0x7f9be36920 returning OK
[G2.14bf stub] ReliableSurface::reserveNext window=0x7f9be36920 returning OK
[G2.14bf stub] ReliableSurface::reserveNext window=0x7f9be36920 returning OK
[G2.14bf stub] ReliableSurface::reserveNext window=0x7f9be36920 returning OK
[G2.14bf stub] ReliableSurface::reserveNext window=0x7f9be36920 returning OK
[G2.14bf stub] ReliableSurface::reserveNext window=0x7f9be36920 returning OK
[G2.14bf stub] ReliableSurface::reserveNext window=0x7f9be36920 returning OK
[G2.14bf stub] ReliableSurface::reserveNext window=0x7f9be36920 returning OK
[G2.14bf stub] ReliableSurface::reserveNext window=0x7f9be36920 returning OK
[G2.14bf stub] ReliableSurface::reserveNext window=0x7f9be36920 returning OK
[G2.14bf stub] ReliableSurface::reserveNext window=0x7f9be36920 returning OK
[G2.14bf stub] ReliableSurface::reserveNext window=0x7f9be36920 returning OK
[G2.14bf stub] ReliableSurface::reserveNext window=0x7f9be36920 returning OK
[G2.14bf stub] ReliableSurface::reserveNext window=0x7f9be36920 returning OK
nullptr W 09-25 19:25:56  2188  2205 reference_queue.cc:154] Cleared Reference was only reachable from finalizer (only reported once)
[G2.14bf stub] ReliableSurface::reserveNext window=0x7f9be36920 returning OK
[G2.14bf stub] ReliableSurface::reserveNext window=0x7f9be36920 returning OK
[G2.14bf stub] ReliableSurface::reserveNext window=0x7f9be36920 returning OK
[G2.14bf stub] ReliableSurface::reserveNext window=0x7f9be36920 returning OK
[G2.14bf stub] ReliableSurface::reserveNext window=0x7f9be36920 returning OK
[G2.14bf stub] ReliableSurface::reserveNext window=0x7f9be36920 returning OK
[G2.14bf stub] ReliableSurface::reserveNext window=0x7f9be36920 returning OK
[G2.14bf stub] ReliableSurface::reserveNext window=0x7f9be36920 returning OK
nullptr I 09-25 19:25:56  2188  2205 heap.cc:2959] Background partial concurrent mark sweep GC freed 8644KB AllocSpace bytes, 21(1440KB) LOS objects, 77% free, 7250KB/31MB, paused 902us total 1.090s
[G2.14bf stub] ReliableSurface::reserveNext window=0x7f9be36920 returning OK
[G2.14bf stub] ReliableSurface::reserveNext window=0x7f9be36920 returning OK
[G2.14bf stub] ReliableSurface::reserveNext window=0x7f9be36920 returning OK
[G2.14bf stub] ReliableSurface::reserveNext window=0x7f9be36920 returning OK
[G214au_HWR] EglManager::swapBuffers ENTRY #270 dpy=0x7f940097d8 surface=0x7f98bbdcf0
[G2.14bf stub] ReliableSurface::reserveNext window=0x7f9be36920 returning OK
[G2.14bf stub] ReliableSurface::reserveNext window=0x7f9be36920 returning OK
[G2.14bf stub] ReliableSurface::reserveNext window=0x7f9be36920 returning OK
[G2.14bf stub] ReliableSurface::reserveNext window=0x7f9be36920 returning OK
[G2.14bf stub] ReliableSurface::reserveNext window=0x7f9be36920 returning OK
[G2.14bf stub] ReliableSurface::reserveNext window=0x7f9be36920 returning OK
[G2.14bf stub] ReliableSurface::reserveNext window=0x7f9be36920 returning OK
[G2.14bf stub] ReliableSurface::reserveNext window=0x7f9be36920 returning OK
[G2.14bf stub] ReliableSurface::reserveNext window=0x7f9be36920 returning OK
[G2.14bf stub] ReliableSurface::reserveNext window=0x7f9be36920 returning OK
[G2.14bf stub] ReliableSurface::reserveNext window=0x7f9be36920 returning OK
[G2.14bf stub] ReliableSurface::reserveNext window=0x7f9be36920 returning OK
[G2.14bf stub] ReliableSurface::reserveNext window=0x7f9be36920 returning OK
[G2.14bf stub] ReliableSurface::reserveNext window=0x7f9be36920 returning OK
[G2.14bf stub] ReliableSurface::reserveNext window=0x7f9be36920 returning OK
[G2.14bf stub] ReliableSurface::reserveNext window=0x7f9be36920 returning OK
[G2.14bf stub] ReliableSurface::reserveNext window=0x7f9be36920 returning OK
[G2.14bf stub] ReliableSurface::reserveNext window=0x7f9be36920 returning OK
[G2.14bf stub] ReliableSurface::reserveNext window=0x7f9be36920 returning OK
[G2.14bf stub] ReliableSurface::reserveNext window=0x7f9be36920 returning OK
[G2.14bf stub] ReliableSurface::reserveNext window=0x7f9be36920 returning OK
[G2.14bf stub] ReliableSurface::reserveNext window=0x7f9be36920 returning OK
[G2.14bf stub] ReliableSurface::reserveNext window=0x7f9be36920 returning OK
[G2.14bf stub] ReliableSurface::reserveNext window=0x7f9be36920 returning OK
[G2.14bf stub] ReliableSurface::reserveNext window=0x7f9be36920 returning OK
[G2.14bf stub] ReliableSurface::reserveNext window=0x7f9be36920 returning OK
[G2.14bf stub] ReliableSurface::reserveNext window=0x7f9be36920 returning OK
[G2.14bf stub] ReliableSurface::reserveNext window=0x7f9be36920 returning OK
[G2.14bf stub] ReliableSurface::reserveNext window=0x7f9be36920 returning OK
[G2.14bf stub] ReliableSurface::reserveNext window=0x7f9be36920 returning OK
[G214au_HWR] EglManager::swapBuffers ENTRY #300 dpy=0x7f940097d8 surface=0x7f98bbdcf0
[G2.14bf stub] ReliableSurface::reserveNext window=0x7f9be36920 returning OK
[G2.14bf stub] ReliableSurface::reserveNext window=0x7f9be36920 returning OK
[G2.14bf stub] ReliableSurface::reserveNext window=0x7f9be36920 returning OK
[G2.14bf stub] ReliableSurface::reserveNext window=0x7f9be36920 returning OK
[G2.14bf stub] ReliableSurface::reserveNext window=0x7f9be36920 returning OK
[G2.14bf stub] ReliableSurface::reserveNext window=0x7f9be36920 returning OK
[G2.14bf stub] ReliableSurface::reserveNext window=0x7f9be36920 returning OK
[G2.14bf stub] ReliableSurface::reserveNext window=0x7f9be36920 returning OK
[G2.14bf stub] ReliableSurface::reserveNext window=0x7f9be36920 returning OK
[G2.14bf stub] ReliableSurface::reserveNext window=0x7f9be36920 returning OK
[G2.14bf stub] ReliableSurface::reserveNext window=0x7f9be36920 returning OK
[G2.14bf stub] ReliableSurface::reserveNext window=0x7f9be36920 returning OK
[G2.14bf stub] ReliableSurface::reserveNext window=0x7f9be36920 returning OK
[G2.14bf stub] ReliableSurface::reserveNext window=0x7f9be36920 returning OK
[G2.14bf stub] ReliableSurface::reserveNext window=0x7f9be36920 returning OK
[G2.14bf stub] ReliableSurface::reserveNext window=0x7f9be36920 returning OK
[G2.14bf stub] ReliableSurface::reserveNext window=0x7f9be36920 returning OK
[G2.14bf stub] ReliableSurface::reserveNext window=0x7f9be36920 returning OK
[G2.14bf stub] ReliableSurface::reserveNext window=0x7f9be36920 returning OK
[G2.14bf stub] ReliableSurface::reserveNext window=0x7f9be36920 returning OK
[G2.14bf stub] ReliableSurface::reserveNext window=0x7f9be36920 returning OK
[G2.14bf stub] ReliableSurface::reserveNext window=0x7f9be36920 returning OK
[G2.14bf stub] ReliableSurface::reserveNext window=0x7f9be36920 returning OK

FileTransfer finish, Size:120379, File count = 1, time:10ms rate:12037.90kB/s
/home/zhaoyue/a2hlab/board/5cd1e3dd00000000000000000923012c/verify32/wikipedia/before.jpeg

[G2.14bf stub] ReliableSurface::reserveNext window=0x7f987db420 returning OK
[G2.14bf stub] ReliableSurface::reserveNext window=0x7f987db420 returning OK
[G2.14bf stub] ReliableSurface::reserveNext window=0x7f987db420 returning OK
[SOURCE-CONTROL] command=v vm=0x7f9d5c5020 root=-1
[SOURCE-CONTROL] command=v getEnv=-2 attach=0 env=0x7f95ead6a0
[G214au_HWR] EglManager::swapBuffers ENTRY #360 dpy=0x7f940097d8 surface=0x7f953dc160
VT ==== root[0] ====
VT DecorView id=- rect=[0,0 1200x1920] c=0 en=1 f=0 ftm=0 itm=1 
VT  LinearLayout id=- rect=[0,0 1200x1920] c=0 en=1 f=0 ftm=0 itm=1 
VT   FrameLayout id=- rect=[0,0 1200x1920] c=0 en=1 f=0 ftm=0 itm=1 
VT    FitWindowsFrameLayout id=action_bar_root rect=[0,0 1200x1920] c=0 en=1 f=0 ftm=0 itm=1 
[G2.14bf stub] ReliableSurface::reserveNext window=0x7f987db420 returning OK
VT     ContentFrameLayout id=content rect=[0,0 1200x1920] c=0 en=1 f=0 ftm=0 itm=1 
VT      LinearLayout id=- rect=[0,0 1200x1920] c=0 en=1 f=0 ftm=0 itm=1 
VT       FrameLayout id=fragment_container rect=[0,0 1200x1920] c=0 en=1 f=0 ftm=0 itm=1 
VT        ConstraintLayout id=- rect=[0,0 1200x1920] c=0 en=1 f=0 ftm=0 itm=1 
VT         CoordinatorLayout id=fragment_main_coordinator rect=[0,0 1200x1739] c=0 en=1 f=0 ftm=0 itm=1 
VT          ViewPager2 id=main_view_pager rect=[0,0 1200x1739] c=0 en=1 f=0 ftm=0 itm=1 
VT           ViewPager2$RecyclerViewImpl id=- rect=[0,0 1200x1739] c=0 en=1 f=0 ftm=1 itm=1  RECYCLER adapter=1 itemCount=5 childCount=1
VT            FrameLayout id=- rect=[0,0 1200x1739] c=0 en=1 f=0 ftm=0 itm=1 
VT             ComposeView id=- rect=[0,0 1200x1739] c=0 en=1 f=0 ftm=0 itm=1 
VT              AndroidComposeView id=- rect=[0,0 1200x1739] c=0 en=1 f=0 ftm=1 itm=1 
VT         View id=main_nav_tab_border rect=[0,1739 1200x1] c=0 en=1 f=0 ftm=0 itm=1 
VT         FrameLayout id=main_nav_tab_container rect=[0,1740 1200x180] c=0 en=1 f=0 ftm=0 itm=1 
VT          NavTabLayout id=main_nav_tab_layout rect=[0,1740 1200x180] c=0 en=1 f=0 ftm=0 itm=1 
VT           BottomNavigationMenuView id=- rect=[0,1740 1200x180] c=0 en=1 f=0 ftm=0 itm=1 
VT            BottomNavigationItemView id=nav_tab_home rect=[0,1740 240x180] c=1 en=1 f=0 ftm=0 itm=1 
VT             LinearLayout id=navigation_bar_item_content_container rect=[48,1758 144x146] c=0 en=1 f=0 ftm=0 itm=1 
VT              FrameLayout id=navigation_bar_item_icon_container rect=[48,1758 144x72] c=0 en=1 f=0 ftm=0 itm=1 
VT               View id=navigation_bar_item_active_indicator_view rect=[48,1758 144x72] c=0 en=1 f=0 ftm=0 itm=1 
VT               LinearLayout id=navigation_bar_item_inner_content_container rect=[93,1767 54x54] c=0 en=1 f=0 ftm=0 itm=1 
VT                AppCompatImageView id=navigation_bar_item_icon_view rect=[93,1767 54x54] c=0 en=1 f=0 ftm=0 itm=1 
VT              BaselineLayout id=navigation_bar_item_labels_group rect=[86,1839 68x65] c=0 en=1 f=0 ftm=0 itm=1 
VT               MaterialTextView id=navigation_bar_item_large_label_view rect=[86,1839 68x29] c=0 en=1 f=0 ftm=0 itm=1 "Home"
VT            BottomNavigationItemView id=nav_tab_reading_lists rect=[240,1740 240x180] c=1 en=1 f=0 ftm=0 itm=1 
VT             LinearLayout id=navigation_bar_item_content_container rect=[288,1758 144x146] c=0 en=1 f=0 ftm=0 itm=1 
VT              FrameLayout id=navigation_bar_item_icon_container rect=[288,1758 144x72] c=0 en=1 f=0 ftm=0 itm=1 
VT               View id=navigation_bar_item_active_indicator_view rect=[288,1758 144x72] c=0 en=1 f=0 ftm=0 itm=1 
VT               LinearLayout id=navigation_bar_item_inner_content_container rect=[333,1767 54x54] c=0 en=1 f=0 ftm=0 itm=1 
VT                AppCompatImageView id=navigation_bar_item_icon_view rect=[333,1767 54x54] c=0 en=1 f=0 ftm=0 itm=1 
VT               ImageView id=nav_tab_overlay_dot rect=[371,1769 14x14] c=0 en=1 f=0 ftm=0 itm=1 
VT              BaselineLayout id=navigation_bar_item_labels_group rect=[325,1839 70x65] c=0 en=1 f=0 ftm=0 itm=1 
VT               MaterialTextView id=navigation_bar_item_small_label_view rect=[326,1839 67x29] c=0 en=1 f=0 ftm=0 itm=1 "Saved"
VT            BottomNavigationItemView id=nav_tab_search rect=[480,1740 240x180] c=1 en=1 f=0 ftm=0 itm=1 
VT             LinearLayout id=navigation_bar_item_content_container rect=[528,1758 144x146] c=0 en=1 f=0 ftm=0 itm=1 
VT              FrameLayout id=navigation_bar_item_icon_container rect=[528,1758 144x72] c=0 en=1 f=0 ftm=0 itm=1 
VT               View id=navigation_bar_item_active_indicator_view rect=[528,1758 144x72] c=0 en=1 f=0 ftm=0 itm=1 
VT               LinearLayout id=navigation_bar_item_inner_content_container rect=[573,1767 54x54] c=0 en=1 f=0 ftm=0 itm=1 
VT                AppCompatImageView id=navigation_bar_item_icon_view rect=[573,1767 54x54] c=0 en=1 f=0 ftm=0 itm=1 
VT              BaselineLayout id=navigation_bar_item_labels_group rect=[560,1839 79x65] c=0 en=1 f=0 ftm=0 itm=1 
VT               MaterialTextView id=navigation_bar_item_small_label_view rect=[561,1839 77x29] c=0 en=1 f=0 ftm=0 itm=1 "Search"
VT            BottomNavigationItemView id=nav_tab_edits rect=[720,1740 240x180] c=1 en=1 f=0 ftm=0 itm=1 
VT             LinearLayout id=navigation_bar_item_content_container rect=[768,1758 144x146] c=0 en=1 f=0 ftm=0 itm=1 
VT              FrameLayout id=navigation_bar_item_icon_container rect=[768,1758 144x72] c=0 en=1 f=0 ftm=0 itm=1 
VT               View id=navigation_bar_item_active_indicator_view rect=[768,1758 144x72] c=0 en=1 f=0 ftm=0 itm=1 
VT               LinearLayout id=navigation_bar_item_inner_content_container rect=[813,1767 54x54] c=0 en=1 f=0 ftm=0 itm=1 
VT                AppCompatImageView id=navigation_bar_item_icon_view rect=[813,1767 54x54] c=0 en=1 f=0 ftm=0 itm=1 
VT               ImageView id=nav_tab_overlay_dot rect=[851,1769 14x14] c=0 en=1 f=0 ftm=0 itm=1 
VT              BaselineLayout id=navigation_bar_item_labels_group rect=[796,1839 88x65] c=0 en=1 f=0 ftm=0 itm=1 
VT               MaterialTextView id=navigation_bar_item_small_label_view rect=[799,1839 82x29] c=0 en=1 f=0 ftm=0 itm=1 "Activity"
VT            BottomNavigationItemView id=nav_tab_more rect=[960,1740 240x180] c=1 en=1 f=0 ftm=0 itm=1 
VT             LinearLayout id=navigation_bar_item_content_container rect=[1008,1758 144x146] c=0 en=1 f=0 ftm=0 itm=1 
VT              FrameLayout id=navigation_bar_item_icon_container rect=[1008,1758 144x72] c=0 en=1 f=0 ftm=0 itm=1 
VT               View id=navigation_bar_item_active_indicator_view rect=[1008,1758 144x72] c=0 en=1 f=0 ftm=0 itm=1 
VT               LinearLayout id=navigation_bar_item_inner_content_container rect=[1053,1767 54x54] c=0 en=1 f=0 ftm=0 itm=1 
VT                AppCompatImageView id=navigation_bar_item_icon_view rect=[1053,1767 54x54] c=0 en=1 f=0 ftm=0 itm=1 
VT              BaselineLayout id=navigation_bar_item_labels_group rect=[1050,1839 59x65] c=0 en=1 f=0 ftm=0 itm=1 
VT               MaterialTextView id=navigation_bar_item_small_label_view rect=[1050,1839 58x29] c=0 en=1 f=0 ftm=0 itm=1 "More"
VT ==== root[1] ====
VT DecorView id=- rect=[0,0 1200x1920] c=0 en=1 f=0 ftm=0 itm=1 
VT  LinearLayout id=- rect=[0,0 1200x1920] c=0 en=1 f=0 ftm=0 itm=1 
[G2.14bf stub] ReliableSurface::reserveNext window=0x7f987db420 returning OK
VT   FrameLayout id=- rect=[0,0 1200x1920] c=0 en=1 f=0 ftm=0 itm=1 
VT    FitWindowsFrameLayout id=action_bar_root rect=[0,0 1200x1920] c=0 en=1 f=0 ftm=0 itm=1 
VT     ContentFrameLayout id=content rect=[0,0 1200x1920] c=0 en=1 f=0 ftm=0 itm=1 
VT      ComposeView id=- rect=[0,0 1200x1920] c=0 en=1 f=0 ftm=0 itm=1 
VT       AndroidComposeView id=- rect=[0,0 1200x1920] c=0 en=1 f=0 ftm=1 itm=1 
VT         RippleHostView id=- rect=[0,0 80x80] c=0 en=1 f=0 ftm=0 itm=1 
VT ==== end ====
[G2.14bf stub] ReliableSurface::reserveNext window=0x7f987db420 returning OK
[G2.14bf stub] ReliableSurface::reserveNext window=0x7f987db420 returning OK
[G2.14bf stub] ReliableSurface::reserveNext window=0x7f987db420 returning OK
[G2.14bf stub] ReliableSurface::reserveNext window=0x7f987db420 returning OK
[G2.14bf stub] ReliableSurface::reserveNext window=0x7f987db420 returning OK
[G2.14bf stub] ReliableSurface::reserveNext window=0x7f987db420 returning OK
[G2.14bf stub] ReliableSurface::reserveNext window=0x7f987db420 returning OK
[G2.14bf stub] ReliableSurface::reserveNext window=0x7f987db420 returning OK
[G2.14bf stub] ReliableSurface::reserveNext window=0x7f987db420 returning OK
[G2.14bf stub] ReliableSurface::reserveNext window=0x7f987db420 returning OK
[G2.14bf stub] ReliableSurface::reserveNext window=0x7f987db420 returning OK
[G2.14bf stub] ReliableSurface::reserveNext window=0x7f987db420 returning OK
[G2.14bf stub] ReliableSurface::reserveNext window=0x7f987db420 returning OK
[G2.14bf stub] ReliableSurface::reserveNext window=0x7f987db420 returning OK
[G2.14bf stub] ReliableSurface::reserveNext window=0x7f987db420 returning OK
[G2.14bf stub] ReliableSurface::reserveNext window=0x7f987db420 returning OK
[G2.14bf stub] ReliableSurface::reserveNext window=0x7f987db420 returning OK
[G2.14bf stub] ReliableSurface::reserveNext window=0x7f987db420 returning OK
[G2.14bf stub] ReliableSurface::reserveNext window=0x7f987db420 returning OK
[G2.14bf stub] ReliableSurface::reserveNext window=0x7f987db420 returning OK
[G2.14bf stub] ReliableSurface::reserveNext window=0x7f987db420 returning OK
[G2.14bf stub] ReliableSurface::reserveNext window=0x7f987db420 returning OK
[G2.14bf stub] ReliableSurface::reserveNext window=0x7f987db420 returning OK
[G2.14bf stub] ReliableSurface::reserveNext window=0x7f987db420 returning OK
[G2.14bf stub] ReliableSurface::reserveNext window=0x7f987db420 returning OK
[G2.14bf stub] ReliableSurface::reserveNext window=0x7f987db420 returning OK
[G2.14bf stub] ReliableSurface::reserveNext window=0x7f987db420 returning OK
[G2.14bf stub] ReliableSurface::reserveNext window=0x7f987db420 returning OK
[G214au_HWR] EglManager::swapBuffers ENTRY #390 dpy=0x7f940097d8 surface=0x7f953dc160
[G2.14bf stub] ReliableSurface::reserveNext window=0x7f987db420 returning OK
[G2.14bf stub] ReliableSurface::reserveNext window=0x7f987db420 returning OK
[G2.14bf stub] ReliableSurface::reserveNext window=0x7f987db420 returning OK
[G2.14bf stub] ReliableSurface::reserveNext window=0x7f987db420 returning OK
[G2.14bf stub] ReliableSurface::reserveNext window=0x7f987db420 returning OK
[G2.14bf stub] ReliableSurface::reserveNext window=0x7f987db420 returning OK
[G2.14bf stub] ReliableSurface::reserveNext window=0x7f987db420 returning OK
[G2.14bf stub] ReliableSurface::reserveNext window=0x7f987db420 returning OK
[G2.14bf stub] ReliableSurface::reserveNext window=0x7f987db420 returning OK
[G2.14bf stub] ReliableSurface::reserveNext window=0x7f987db420 returning OK
[G2.14bf stub] ReliableSurface::reserveNext window=0x7f987db420 returning OK
[G2.14bf stub] ReliableSurface::reserveNext window=0x7f987db420 returning OK
[G2.14bf stub] ReliableSurface::reserveNext window=0x7f987db420 returning OK
[G2.14bf stub] ReliableSurface::reserveNext window=0x7f987db420 returning OK
[G2.14bf stub] ReliableSurface::reserveNext window=0x7f987db420 returning OK

FileTransfer finish, Size:88392, File count = 1, time:9ms rate:9821.33kB/s
/home/zhaoyue/a2hlab/board/5cd1e3dd00000000000000000923012c/verify32/wikipedia/after.jpeg
OBSERVED 65.12933650999912
FileTransfer finish, Size:260828, File count = 1, time:20ms rate:13041.40kB/s
[G2.14bf stub] ReliableSurface::reserveNext window=0x7f987db420 returning OK
[G2.14bf stub] ReliableSurface::reserveNext window=0x7f987db420 returning OK
[SOURCE-CONTROL] command=v vm=0x7f9d5c5020 root=-1
[SOURCE-CONTROL] command=v getEnv=-2 attach=0 env=0x7f9844d4b0
VT ==== root[0] ====
VT DecorView id=- rect=[0,0 1200x1920] c=0 en=1 f=0 ftm=0 itm=1 
VT  LinearLayout id=- rect=[0,0 1200x1920] c=0 en=1 f=0 ftm=0 itm=1 
VT   FrameLayout id=- rect=[0,0 1200x1920] c=0 en=1 f=0 ftm=0 itm=1 
VT    FitWindowsFrameLayout id=action_bar_root rect=[0,0 1200x1920] c=0 en=1 f=0 ftm=0 itm=1 
VT     ContentFrameLayout id=content rect=[0,0 1200x1920] c=0 en=1 f=0 ftm=0 itm=1 
VT      LinearLayout id=- rect=[0,0 1200x1920] c=0 en=1 f=0 ftm=0 itm=1 
VT       FrameLayout id=fragment_container rect=[0,0 1200x1920] c=0 en=1 f=0 ftm=0 itm=1 
VT        ConstraintLayout id=- rect=[0,0 1200x1920] c=0 en=1 f=0 ftm=0 itm=1 
VT         CoordinatorLayout id=fragment_main_coordinator rect=[0,0 1200x1739] c=0 en=1 f=0 ftm=0 itm=1 
VT          ViewPager2 id=main_view_pager rect=[0,0 1200x1739] c=0 en=1 f=0 ftm=0 itm=1 
VT           ViewPager2$RecyclerViewImpl id=- rect=[0,0 1200x1739] c=0 en=1 f=0 ftm=1 itm=1  RECYCLER adapter=1 itemCount=5 childCount=1
VT            FrameLayout id=- rect=[0,0 1200x1739] c=0 en=1 f=0 ftm=0 itm=1 
VT             ComposeView id=- rect=[0,0 1200x1739] c=0 en=1 f=0 ftm=0 itm=1 
VT              AndroidComposeView id=- rect=[0,0 1200x1739] c=0 en=1 f=0 ftm=1 itm=1 
VT         View id=main_nav_tab_border rect=[0,1739 1200x1] c=0 en=1 f=0 ftm=0 itm=1 
VT         FrameLayout id=main_nav_tab_container rect=[0,1740 1200x180] c=0 en=1 f=0 ftm=0 itm=1 
VT          NavTabLayout id=main_nav_tab_layout rect=[0,1740 1200x180] c=0 en=1 f=0 ftm=0 itm=1 
VT           BottomNavigationMenuView id=- rect=[0,1740 1200x180] c=0 en=1 f=0 ftm=0 itm=1 
VT            BottomNavigationItemView id=nav_tab_home rect=[0,1740 240x180] c=1 en=1 f=0 ftm=0 itm=1 
VT             LinearLayout id=navigation_bar_item_content_container rect=[48,1758 144x146] c=0 en=1 f=0 ftm=0 itm=1 
VT              FrameLayout id=navigation_bar_item_icon_container rect=[48,1758 144x72] c=0 en=1 f=0 ftm=0 itm=1 
VT               View id=navigation_bar_item_active_indicator_view rect=[48,1758 144x72] c=0 en=1 f=0 ftm=0 itm=1 
VT               LinearLayout id=navigation_bar_item_inner_content_container rect=[93,1767 54x54] c=0 en=1 f=0 ftm=0 itm=1 
VT                AppCompatImageView id=navigation_bar_item_icon_view rect=[93,1767 54x54] c=0 en=1 f=0 ftm=0 itm=1 
VT              BaselineLayout id=navigation_bar_item_labels_group rect=[86,1839 68x65] c=0 en=1 f=0 ftm=0 itm=1 
VT               MaterialTextView id=navigation_bar_item_large_label_view rect=[86,1839 68x29] c=0 en=1 f=0 ftm=0 itm=1 "Home"
VT            BottomNavigationItemView id=nav_tab_reading_lists rect=[240,1740 240x180] c=1 en=1 f=0 ftm=0 itm=1 
VT             LinearLayout id=navigation_bar_item_content_container rect=[288,1758 144x146] c=0 en=1 f=0 ftm=0 itm=1 
VT              FrameLayout id=navigation_bar_item_icon_container rect=[288,1758 144x72] c=0 en=1 f=0 ftm=0 itm=1 
VT               View id=navigation_bar_item_active_indicator_view rect=[288,1758 144x72] c=0 en=1 f=0 ftm=0 itm=1 
VT               LinearLayout id=navigation_bar_item_inner_content_container rect=[333,1767 54x54] c=0 en=1 f=0 ftm=0 itm=1 
VT                AppCompatImageView id=navigation_bar_item_icon_view rect=[333,1767 54x54] c=0 en=1 f=0 ftm=0 itm=1 
VT               ImageView id=nav_tab_overlay_dot rect=[371,1769 14x14] c=0 en=1 f=0 ftm=0 itm=1 
VT              BaselineLayout id=navigation_bar_item_labels_group rect=[325,1839 70x65] c=0 en=1 f=0 ftm=0 itm=1 
VT               MaterialTextView id=navigation_bar_item_small_label_view rect=[326,1839 67x29] c=0 en=1 f=0 ftm=0 itm=1 "Saved"
VT            BottomNavigationItemView id=nav_tab_search rect=[480,1740 240x180] c=1 en=1 f=0 ftm=0 itm=1 
VT             LinearLayout id=navigation_bar_item_content_container rect=[528,1758 144x146] c=0 en=1 f=0 ftm=0 itm=1 
VT              FrameLayout id=navigation_bar_item_icon_container rect=[528,1758 144x72] c=0 en=1 f=0 ftm=0 itm=1 
VT               View id=navigation_bar_item_active_indicator_view rect=[528,1758 144x72] c=0 en=1 f=0 ftm=0 itm=1 
VT               LinearLayout id=navigation_bar_item_inner_content_container rect=[573,1767 54x54] c=0 en=1 f=0 ftm=0 itm=1 
VT                AppCompatImageView id=navigation_bar_item_icon_view rect=[573,1767 54x54] c=0 en=1 f=0 ftm=0 itm=1 
VT              BaselineLayout id=navigation_bar_item_labels_group rect=[560,1839 79x65] c=0 en=1 f=0 ftm=0 itm=1 
VT               MaterialTextView id=navigation_bar_item_small_label_view rect=[561,1839 77x29] c=0 en=1 f=0 ftm=0 itm=1 "Search"
VT            BottomNavigationItemView id=nav_tab_edits rect=[720,1740 240x180] c=1 en=1 f=0 ftm=0 itm=1 
VT             LinearLayout id=navigation_bar_item_content_container rect=[768,1758 144x146] c=0 en=1 f=0 ftm=0 itm=1 
VT              FrameLayout id=navigation_bar_item_icon_container rect=[768,1758 144x72] c=0 en=1 f=0 ftm=0 itm=1 
VT               View id=navigation_bar_item_active_indicator_view rect=[768,1758 144x72] c=0 en=1 f=0 ftm=0 itm=1 
VT               LinearLayout id=navigation_bar_item_inner_content_container rect=[813,1767 54x54] c=0 en=1 f=0 ftm=0 itm=1 
VT                AppCompatImageView id=navigation_bar_item_icon_view rect=[813,1767 54x54] c=0 en=1 f=0 ftm=0 itm=1 
VT               ImageView id=nav_tab_overlay_dot rect=[851,1769 14x14] c=0 en=1 f=0 ftm=0 itm=1 
VT              BaselineLayout id=navigation_bar_item_labels_group rect=[796,1839 88x65] c=0 en=1 f=0 ftm=0 itm=1 
VT               MaterialTextView id=navigation_bar_item_small_label_view rect=[799,1839 82x29] c=0 en=1 f=0 ftm=0 itm=1 "Activity"
VT            BottomNavigationItemView id=nav_tab_more rect=[960,1740 240x180] c=1 en=1 f=0 ftm=0 itm=1 
VT             LinearLayout id=navigation_bar_item_content_container rect=[1008,1758 144x146] c=0 en=1 f=0 ftm=0 itm=1 
VT              FrameLayout id=navigation_bar_item_icon_container rect=[1008,1758 144x72] c=0 en=1 f=0 ftm=0 itm=1 
VT               View id=navigation_bar_item_active_indicator_view rect=[1008,1758 144x72] c=0 en=1 f=0 ftm=0 itm=1 
VT               LinearLayout id=navigation_bar_item_inner_content_container rect=[1053,1767 54x54] c=0 en=1 f=0 ftm=0 itm=1 
VT                AppCompatImageView id=navigation_bar_item_icon_view rect=[1053,1767 54x54] c=0 en=1 f=0 ftm=0 itm=1 
VT              BaselineLayout id=navigation_bar_item_labels_group rect=[1050,1839 59x65] c=0 en=1 f=0 ftm=0 itm=1 
VT               MaterialTextView id=navigation_bar_item_small_label_view rect=[1050,1839 58x29] c=0 en=1 f=0 ftm=0 itm=1 "More"
VT ==== root[1] ====
VT DecorView id=- rect=[0,0 1200x1920] c=0 en=1 f=0 ftm=0 itm=1 
VT  LinearLayout id=- rect=[0,0 1200x1920] c=0 en=1 f=0 ftm=0 itm=1 
VT   FrameLayout id=- rect=[0,0 1200x1920] c=0 en=1 f=0 ftm=0 itm=1 
VT    FitWindowsFrameLayout id=action_bar_root rect=[0,0 1200x1920] c=0 en=1 f=0 ftm=0 itm=1 
VT     ContentFrameLayout id=content rect=[0,0 1200x1920] c=0 en=1 f=0 ftm=0 itm=1 
VT      ComposeView id=- rect=[0,0 1200x1920] c=0 en=1 f=0 ftm=0 itm=1 
VT       AndroidComposeView id=- rect=[0,0 1200x1920] c=0 en=1 f=0 ftm=1 itm=1 
VT         RippleHostView id=- rect=[0,0 80x80] c=0 en=1 f=0 ftm=0 itm=1 
VT ==== end ====
[G2.14bf stub] ReliableSurface::reserveNext window=0x7f987db420 returning OK
[G2.14bf stub] ReliableSurface::reserveNext window=0x7f987db420 returning OK
[G2.14bf stub] ReliableSurface::reserveNext window=0x7f987db420 returning OK
[G2.14bf stub] ReliableSurface::reserveNext window=0x7f987db420 returning OK
[G2.14bf stub] ReliableSurface::reserveNext window=0x7f987db420 returning OK
[G2.14bf stub] ReliableSurface::reserveNext window=0x7f987db420 returning OK
[G2.14bf stub] ReliableSurface::reserveNext window=0x7f987db420 returning OK
[G2.14bf stub] ReliableSurface::reserveNext window=0x7f987db420 returning OK
[G2.14bf stub] ReliableSurface::reserveNext window=0x7f987db420 returning OK
[G2.14bf stub] ReliableSurface::reserveNext window=0x7f987db420 returning OK
[G2.14bf stub] ReliableSurface::reserveNext window=0x7f987db420 returning OK
[G2.14bf stub] ReliableSurface::reserveNext window=0x7f987db420 returning OK
[G2.14bf stub] ReliableSurface::reserveNext window=0x7f987db420 returning OK
[G2.14bf stub] ReliableSurface::reserveNext window=0x7f987db420 returning OK
[G2.14bf stub] ReliableSurface::reserveNext window=0x7f987db420 returning OK
[G2.14bf stub] ReliableSurface::reserveNext window=0x7f987db420 returning OK
[G2.14bf stub] ReliableSurface::reserveNext window=0x7f987db420 returning OK
[G2.14bf stub] ReliableSurface::reserveNext window=0x7f987db420 returning OK
[G2.14bf stub] ReliableSurface::reserveNext window=0x7f987db420 returning OK
[G2.14bf stub] ReliableSurface::reserveNext window=0x7f987db420 returning OK
[G2.14bf stub] ReliableSurface::reserveNext window=0x7f987db420 returning OK
[G2.14bf stub] ReliableSurface::reserveNext window=0x7f987db420 returning OK
[G214au_HWR] EglManager::swapBuffers ENTRY #1230 dpy=0x7f940097d8 surface=0x7f953dc160
[G2.14bf stub] ReliableSurface::reserveNext window=0x7f987db420 returning OK
[G2.14bf stub] ReliableSurface::reserveNext window=0x7f987db420 returning OK
[G2.14bf stub] ReliableSurface::reserveNext window=0x7f987db420 returning OK
[G2.14bf stub] ReliableSurface::reserveNext window=0x7f987db420 returning OK
[G2.14bf stub] ReliableSurface::reserveNext window=0x7f987db420 returning OK
[G2.14bf stub] ReliableSurface::reserveNext window=0x7f987db420 returning OK
[G2.14bf stub] ReliableSurface::reserveNext window=0x7f987db420 returning OK
[G2.14bf stub] ReliableSurface::reserveNext window=0x7f987db420 returning OK
[G2.14bf stub] ReliableSurface::reserveNext window=0x7f987db420 returning OK
[G2.14bf stub] ReliableSurface::reserveNext window=0x7f987db420 returning OK
[G2.14bf stub] ReliableSurface::reserveNext window=0x7f987db420 returning OK
[G2.14bf stub] ReliableSurface::reserveNext window=0x7f987db420 returning OK
[G2.14bf stub] ReliableSurface::reserveNext window=0x7f987db420 returning OK
[G2.14bf stub] ReliableSurface::reserveNext window=0x7f987db420 returning OK
[G2.14bf stub] ReliableSurface::reserveNext window=0x7f987db420 returning OK

FileTransfer finish, Size:88774, File count = 1, time:11ms rate:8070.36kB/s
/home/zhaoyue/a2hlab/board/5cd1e3dd00000000000000000923012c/verify32/wikipedia/after-settled.jpeg
FileTransfer finish, Size:272419, File count = 1, time:15ms rate:18161.27kB/s
