   Compiling westlake-spec-checks v0.1.0 (/private/tmp/westlake-b10-master.OPWe2x/tools/spec-checks)
warning: function `run` is never used
 --> src/lib.rs:1:4
  |
1 | fn run(args: &[&str]) {
  |    ^^^
  |
  = note: `#[warn(dead_code)]` (part of `#[warn(unused)]`) on by default

warning: `westlake-spec-checks` (lib) generated 1 warning
    Finished `test` profile [unoptimized + debuginfo] target(s) in 0.69s
     Running unittests src/lib.rs (/tmp/westlake-b10-master.OPWe2x-cargo/debug/deps/westlake_spec_checks-1011aa668e31eaff)
....
----------------------------------------------------------------------
Ran 4 tests in 0.036s

OK
F
======================================================================
FAIL: test_build_silent_skip_fails (__main__.StaticTests.test_build_silent_skip_fails)
----------------------------------------------------------------------
Traceback (most recent call last):
  File "/private/tmp/westlake-b10-master.OPWe2x/benchmark/2026-09-29-static-wall-prediction/test_static.py", line 112, in test_build_silent_skip_fails
    self.assertNotEqual(r.returncode,0);self.assertIn(str(p),r.stderr)
    ^^^^^^^^^^^^^^^^^^^^^^^^^^^^^^^^^^^
AssertionError: 0 == 0

----------------------------------------------------------------------
Ran 1 test in 0.110s

FAILED (failures=1)
F....
======================================================================
FAIL: test_known_answers_and_coverage (__main__.Inventory.test_known_answers_and_coverage)
----------------------------------------------------------------------
Traceback (most recent call last):
  File "/private/tmp/westlake-b10-master.OPWe2x/benchmark/2026-09-29-static-wall-prediction/test_installer_background.py", line 55, in test_known_answers_and_coverage
    self.assertEqual([scan(e,'absent') for e in entries],rows)
AssertionError: Lists differ: [{'ke[271 chars]: {'/private/tmp/westlake-b10-master.OPWe2x/be[177387 chars]n.'}] != [{'ke[271 chars]: {'/Users/zhaoyue/orca/workspaces/westlake-ha[180519 chars]n.'}]

First differing element 0:
{'key[270 chars]: {'/private/tmp/westlake-b10-master.OPWe2x/be[2062 chars]wn.'}
{'key[270 chars]: {'/Users/zhaoyue/orca/workspaces/westlake-ha[2110 chars]wn.'}

Diff is 324446 characters long. Set self.maxDiff to None to see it.

----------------------------------------------------------------------
Ran 5 tests in 0.176s

FAILED (failures=1)
.
----------------------------------------------------------------------
Ran 1 test in 48.612s

OK
.
----------------------------------------------------------------------
Ran 1 test in 0.041s

OK
.
----------------------------------------------------------------------
Ran 1 test in 0.002s

OK
.
----------------------------------------------------------------------
Ran 1 test in 0.009s

OK
.
----------------------------------------------------------------------
Ran 1 test in 0.008s

OK
.
----------------------------------------------------------------------
Ran 1 test in 0.015s

OK
........
----------------------------------------------------------------------
Ran 8 tests in 0.000s

OK
.
----------------------------------------------------------------------
Ran 1 test in 0.043s

OK
.
----------------------------------------------------------------------
Ran 1 test in 0.233s

OK
.
----------------------------------------------------------------------
Ran 1 test in 0.088s

OK
.
----------------------------------------------------------------------
Ran 1 test in 0.006s

OK
.
----------------------------------------------------------------------
Ran 1 test in 0.001s

OK
.
----------------------------------------------------------------------
Ran 1 test in 0.044s

OK
.
----------------------------------------------------------------------
Ran 1 test in 0.007s

OK
.
----------------------------------------------------------------------
Ran 1 test in 0.004s

OK
Traceback (most recent call last):
  File "/private/tmp/westlake-b10-master.OPWe2x/benchmark/2026-09-28-bms-route-deploy/sandbox-prep/verify.py", line 36, in <module>
    if __name__=='__main__':main(sys.argv[1])
                            ^^^^^^^^^^^^^^^^^
  File "/private/tmp/westlake-b10-master.OPWe2x/benchmark/2026-09-28-bms-route-deploy/sandbox-prep/verify.py", line 32, in main
    assert result['pids_after'], 'Wikipedia does not survive: DefaultIcon ClassNotFoundException, child exits 1; visual gate NOT met'
           ~~~~~~^^^^^^^^^^^^^^
AssertionError: Wikipedia does not survive: DefaultIcon ClassNotFoundException, child exits 1; visual gate NOT met
Traceback (most recent call last):
  File "/private/tmp/westlake-b10-master.OPWe2x/benchmark/2026-09-28-bms-route-deploy/alias-entry/verify.py", line 43, in <module>
    if __name__=='__main__':main(sys.argv[1])
                            ^^^^^^^^^^^^^^^^^
  File "/private/tmp/westlake-b10-master.OPWe2x/benchmark/2026-09-28-bms-route-deploy/alias-entry/verify.py", line 19, in main
    assert t['pids_after'],'Wikipedia exits after alias resolution: Activity.attach/getTheme/getApplicationInfo SIGSEGV; own-UI acceptance NOT met'
           ~^^^^^^^^^^^^^^
AssertionError: Wikipedia exits after alias resolution: Activity.attach/getTheme/getApplicationInfo SIGSEGV; own-UI acceptance NOT met
test_correct_provider_protocol_is_pinned (__main__.EvidenceTests.test_correct_provider_protocol_is_pinned) ... ok
test_every_delta_has_disposition_and_trace (__main__.EvidenceTests.test_every_delta_has_disposition_and_trace) ... ok
test_host_child_evidence_unchanged (__main__.EvidenceTests.test_host_child_evidence_unchanged) ... ok
test_identity_and_coverage (__main__.EvidenceTests.test_identity_and_coverage) ... ok
test_negative_controls (__main__.EvidenceTests.test_negative_controls) ... ok
test_provider_copy_caveat_is_bound_to_child_bytes (__main__.EvidenceTests.test_provider_copy_caveat_is_bound_to_child_bytes) ... ok
test_reference_mismatch_is_not_silently_reused (__main__.EvidenceTests.test_reference_mismatch_is_not_silently_reused) ... ok

----------------------------------------------------------------------
Ran 7 tests in 0.921s

OK
.
----------------------------------------------------------------------
Ran 1 test in 0.004s

OK
.
----------------------------------------------------------------------
Ran 1 test in 0.004s

OK
.
----------------------------------------------------------------------
Ran 1 test in 0.000s

OK
.
----------------------------------------------------------------------
Ran 1 test in 0.015s

OK
.
----------------------------------------------------------------------
Ran 1 test in 0.006s

OK
.
----------------------------------------------------------------------
Ran 1 test in 0.000s

OK
.
----------------------------------------------------------------------
Ran 1 test in 0.002s

OK
.
----------------------------------------------------------------------
Ran 1 test in 0.024s

OK
.
----------------------------------------------------------------------
Ran 1 test in 0.013s

OK
E.............................................................................
======================================================================
ERROR: setUpClass (test_b4_rerun.RerunTests)
----------------------------------------------------------------------
Traceback (most recent call last):
  File "/private/tmp/westlake-b10-master.OPWe2x/benchmark/2026-09-28-bms-route-deploy/batch/test_b4_rerun.py", line 65, in setUpClass
    cls.config,cls.apps,cls.runs,cls.output,cls.plans=smoke(cls.root)
                                                      ^^^^^^^^^^^^^^^
  File "/private/tmp/westlake-b10-master.OPWe2x/benchmark/2026-09-28-bms-route-deploy/batch/test_b4_rerun.py", line 18, in smoke
    config, apps = r.load_plan()
                   ^^^^^^^^^^^^^
  File "/private/tmp/westlake-b10-master.OPWe2x/benchmark/2026-09-28-bms-route-deploy/batch/b4_rerun.py", line 24, in load_plan
    raise ValueError('manifest/runner drift: review and repin the plan before use')
ValueError: manifest/runner drift: review and repin the plan before use

----------------------------------------------------------------------
Ran 77 tests in 0.198s

FAILED (errors=1)
E
======================================================================
ERROR: setUpClass (test_b4_rerun.RerunTests)
----------------------------------------------------------------------
Traceback (most recent call last):
  File "/private/tmp/westlake-b10-master.OPWe2x/benchmark/2026-09-28-bms-route-deploy/batch/test_b4_rerun.py", line 65, in setUpClass
    cls.config,cls.apps,cls.runs,cls.output,cls.plans=smoke(cls.root)
                                                      ^^^^^^^^^^^^^^^
  File "/private/tmp/westlake-b10-master.OPWe2x/benchmark/2026-09-28-bms-route-deploy/batch/test_b4_rerun.py", line 18, in smoke
    config, apps = r.load_plan()
                   ^^^^^^^^^^^^^
  File "/private/tmp/westlake-b10-master.OPWe2x/benchmark/2026-09-28-bms-route-deploy/batch/b4_rerun.py", line 24, in load_plan
    raise ValueError('manifest/runner drift: review and repin the plan before use')
ValueError: manifest/runner drift: review and repin the plan before use

----------------------------------------------------------------------
Ran 0 tests in 0.001s

FAILED (errors=1)
../private/tmp/westlake-b10-master.OPWe2x/knowledge/toolchains/art-r155/check_boot_oat_rb.py:22: ResourceWarning: unclosed file <_io.BufferedReader name='/Users/zhaoyue/orca/workspaces/westlake-generation-v3c-candidate/payload/android/framework/arm64/boot.oat'>
  b = open(oat_path, 'rb').read(400000)   # OatHeader + kv store live at the top of the .oat
ResourceWarning: Enable tracemalloc to get the object allocation traceback
...../private/tmp/westlake-b10-master.OPWe2x/knowledge/toolchains/art-r155/check_boot_oat_rb.py:22: ResourceWarning: unclosed file <_io.BufferedReader name='/var/folders/4b/52jp6mr96b75p8tr62l0bz2r0000gn/T/tmpduglyfuf/boot.oat'>
  b = open(oat_path, 'rb').read(400000)   # OatHeader + kv store live at the top of the .oat
ResourceWarning: Enable tracemalloc to get the object allocation traceback
...
----------------------------------------------------------------------
Ran 10 tests in 1.140s

OK
/private/tmp/westlake-b10-master.OPWe2x/knowledge/toolchains/art-r155/check_boot_oat_rb.py:22: ResourceWarning: unclosed file <_io.BufferedReader name='/Users/zhaoyue/orca/workspaces/westlake-generation-v3c-candidate/payload/android/framework/arm64/boot.oat'>
  b = open(oat_path, 'rb').read(400000)   # OatHeader + kv store live at the top of the .oat
ResourceWarning: Enable tracemalloc to get the object allocation traceback
.../private/tmp/westlake-b10-master.OPWe2x/knowledge/toolchains/art-r155/check_boot_oat_rb.py:22: ResourceWarning: unclosed file <_io.BufferedReader name='/Users/zhaoyue/orca/workspaces/_hw248-t5/arm64/boot.oat'>
  b = open(oat_path, 'rb').read(400000)   # OatHeader + kv store live at the top of the .oat
ResourceWarning: Enable tracemalloc to get the object allocation traceback
..
----------------------------------------------------------------------
Ran 5 tests in 0.427s

OK
/private/tmp/westlake-b10-master.OPWe2x/knowledge/toolchains/art-r155/check_boot_oat_rb.py:22: ResourceWarning: unclosed file <_io.BufferedReader name='/Users/zhaoyue/orca/workspaces/westlake-generation-v3c-candidate/payload/android/framework/arm64/boot.oat'>
  b = open(oat_path, 'rb').read(400000)   # OatHeader + kv store live at the top of the .oat
ResourceWarning: Enable tracemalloc to get the object allocation traceback
...
----------------------------------------------------------------------
Ran 3 tests in 0.103s

OK
/private/tmp/westlake-b10-master.OPWe2x/knowledge/toolchains/art-r155/check_boot_oat_rb.py:22: ResourceWarning: unclosed file <_io.BufferedReader name='/Users/zhaoyue/orca/workspaces/_hw248-t5b/arm64/boot.oat'>
  b = open(oat_path, 'rb').read(400000)   # OatHeader + kv store live at the top of the .oat
ResourceWarning: Enable tracemalloc to get the object allocation traceback
.
----------------------------------------------------------------------
Ran 1 test in 0.135s

OK
/private/tmp/westlake-b10-master.OPWe2x/knowledge/toolchains/art-r155/check_boot_oat_rb.py:22: ResourceWarning: unclosed file <_io.BufferedReader name='/Users/zhaoyue/orca/workspaces/westlake-generation-v3c-candidate/payload/android/framework/arm64/boot.oat'>
  b = open(oat_path, 'rb').read(400000)   # OatHeader + kv store live at the top of the .oat
ResourceWarning: Enable tracemalloc to get the object allocation traceback
../private/tmp/westlake-b10-master.OPWe2x/knowledge/toolchains/art-r155/check_boot_oat_rb.py:22: ResourceWarning: unclosed file <_io.BufferedReader name='/var/folders/4b/52jp6mr96b75p8tr62l0bz2r0000gn/T/tmpm5hsubis/boot.oat'>
  b = open(oat_path, 'rb').read(400000)   # OatHeader + kv store live at the top of the .oat
ResourceWarning: Enable tracemalloc to get the object allocation traceback
..
----------------------------------------------------------------------
Ran 4 tests in 0.400s

OK
.
----------------------------------------------------------------------
Ran 1 test in 0.005s

OK
.
----------------------------------------------------------------------
Ran 1 test in 0.000s

OK
.
----------------------------------------------------------------------
Ran 1 test in 0.002s

OK
.
----------------------------------------------------------------------
Ran 1 test in 0.000s

OK
..
----------------------------------------------------------------------
Ran 2 tests in 0.059s

OK
....
----------------------------------------------------------------------
Ran 4 tests in 0.000s

OK
.....F...
======================================================================
FAIL: test_capture_reproduction_and_source_hashes (test_analyze.EvidenceTests.test_capture_reproduction_and_source_hashes)
----------------------------------------------------------------------
Traceback (most recent call last):
  File "/private/tmp/westlake-b10-master.OPWe2x/benchmark/2026-09-29-white-window/test_analyze.py", line 64, in test_capture_reproduction_and_source_hashes
    self.assertEqual(regenerated, result)
AssertionError: {'tas[317 chars]': '/private/tmp/westlake-b10-master.OPWe2x/be[332665 chars]ce']} != {'tas[317 chars]': '/Users/zhaoyue/orca/workspaces/westlake-ha[332677 chars]ce']}
Diff is 787957 characters long. Set self.maxDiff to None to see it.

----------------------------------------------------------------------
Ran 9 tests in 0.752s

FAILED (failures=1)
error: test failed, to rerun pass `--lib`
     Running tests/native_initialization.rs (/tmp/westlake-b10-master.OPWe2x-cargo/debug/deps/native_initialization-c76a958c923225a3)
....
----------------------------------------------------------------------
Ran 4 tests in 0.028s

OK
...
----------------------------------------------------------------------
Ran 3 tests in 0.027s

OK
...
----------------------------------------------------------------------
Ran 3 tests in 0.062s

OK
     Running tests/spec_check_gate.rs (/tmp/westlake-b10-master.OPWe2x-cargo/debug/deps/spec_check_gate-4fd13d38cde17df7)
.
----------------------------------------------------------------------
Ran 1 test in 0.001s

OK
.
----------------------------------------------------------------------
Ran 1 test in 0.004s

OK
.
----------------------------------------------------------------------
Ran 1 test in 0.002s

OK
   Doc-tests westlake_spec_checks
error: 1 target failed:
    `--lib`

running 57 tests
test ability_stage_offline ... ok
test b10_build_silent_skip_fails ... FAILED
test b10_installer_background ... FAILED
test b10_jni_gate_blocks_new_missing ... ok
test b10_jni_matrix_known_answers ... ok
test b10_prediction_backtest ... ok
test b10_service_matrix_known_gaps ... ok
test b10_startup_reachability ... ok
test b10_typeface_exception_is_candidate ... ok
test b10_unified_r17r ... ok
test b10_unknown_marked_not_guessed ... ok
test b10_v3_cache_and_exceptions ... ok
test b10_v3_class_presence ... ok
test b10_v3_class_reachability ... ok
test b10_v3_fatal_backtest ... ok
test b10_v3_registration_ownership ... ok
test b10_v3_risk_rules ... ok
test b1_prep_failure_skips_launch ... ok
test b1_prep_is_idempotent ... idempotent: passed
ok
test b1_sandbox_roots_match_helloworld ... roots: passed
ok
test b1_wikipedia_lit_after_sandbox_prep ... FAILED
test b5_alias_resolved_to_target ... alias: passed; visual acceptance remains an outer-review decision
ok
test b5_missing_target_reported ... negative: passed; visual acceptance remains an outer-review decision
ok
test b5_non_alias_entry_unchanged ... ordinary: passed; visual acceptance remains an outer-review decision
ok
test b5_wikipedia_lit ... FAILED
test b6_static_diff ... ok
test b7_blocked_reason_recorded ... blocked: fd-android, fd-k9, fd-libre, fd-saber carry blocked_reason + fix_site, none counted as lit
ok
test b7_first_cause_recorded ... first_cause: 7/7 apps have an original line + file + sha256, mirrored in evidence/
ok
test b7_lit_by_outer_review ... FAIL: no app survived past its B7 wall with its own window; nothing for the outer loop to read
FAILED
test b7_no_regression ... FAIL: ZigZag not launched on 5cd: 5cd runs the pr03-touch generation (runtime JAR 06141543); ZigZag needs its own candidate generation (JAR 9161b507 etc.), and reproduce-zigzag-apk quick would r
FAILED
test b7_wall_crossed ... wall_crossed: opencamera, fd-catima, fd-fennec_fdroid crossed (native-library-dir, user-service); installer XML-only placeholder + 2 tamper refusals
ok
test b85_backtest_partition ... ok
test b85_prediction_freeze ... ok
test b85_static_rules ... ok
test b90_batch_feedback ... {"full_batch_complete": false, "observed_keys": 1, "metrics": {"classified_fatal_candidate_recall": {"hits": 1, "total": 1, "rate": 1.0}, "classified_first_fatal_agreement": {"hits": 1, "total": 1, "rate": 1.0}, "excluded": {}, "nonfatal_or_unproven": 0, "not_precision": "Unobserved latent candidates are censored, not false positives."}}
{"full_batch_complete": true, "observed_keys": 1, "metrics": {"classified_fatal_candidate_recall": {"hits": 1, "total": 1, "rate": 1.0}, "classified_first_fatal_agreement": {"hits": 1, "total": 1, "rate": 1.0}, "excluded": {}, "nonfatal_or_unproven": 0, "not_precision": "Unobserved latent candidates are censored, not false positives."}}
{"full_batch_complete": true, "observed_keys": 1, "metrics": {"classified_fatal_candidate_recall": {"hits": 0, "total": 0, "rate": null}, "classified_first_fatal_agreement": {"hits": 0, "total": 0, "rate": null}, "excluded": {"not-proven-fatal": 1}, "nonfatal_or_unproven": 1, "not_precision": "Unobserved latent candidates are censored, not false positives."}}
ok
test b90_feedback_coverage ... ok
test b90_feedback_rules ... ok
test b90_network ... ok
test b90_observations ... ok
test b90_rankings ... ok
test bms_batch_evidence ... 66 keys, three shards, terminal outcomes, historical comparisons and all artifact hashes verified
ok
test bms_batch_offline ... FAILED
test bms_rerun_offline ... FAILED
test bms_route_study_evidence ... PASS: pinned host receipts, 54 source files, 18 evidence hashes, 2 negative controls; device execution UNVERIFIED
ok
test bms_spawn_ab_evidence ... Same 5ea boot/runtime, two >=15s traces, failure evidence and all artifact hashes verified
ok
test d4b_cli_integrity ... ok
test d4b_mismatch_rejection ... ok
test d4b_reference_and_receipt ... ok
test d4b_t5b_artifact ... ok
test d4b_unknown_review ... ok
test r16_feedback_matrix ... ok
test r16_feedback_rules ... ok
test r16_prospective_freeze ... ok
test r16_prospective_scoring ... ok
test v2_feedback_matrix ... ok
test v2_feedback_rules ... ok
test white_window_offline ... FAILED

failures:

---- b10_build_silent_skip_fails stdout ----

thread 'b10_build_silent_skip_fails' (113159136) panicked at src/lib.rs:5:5:
assertion failed: status.success()
note: run with `RUST_BACKTRACE=1` environment variable to display a backtrace

---- b10_installer_background stdout ----

thread 'b10_installer_background' (113159832) panicked at src/lib.rs:5:5:
assertion failed: status.success()

---- b1_wikipedia_lit_after_sandbox_prep stdout ----

thread 'b1_wikipedia_lit_after_sandbox_prep' (113173780) panicked at src/lib.rs:5:5:
assertion failed: status.success()

---- b5_wikipedia_lit stdout ----

thread 'b5_wikipedia_lit' (113173800) panicked at src/lib.rs:5:5:
assertion failed: status.success()

---- b7_lit_by_outer_review stdout ----

thread 'b7_lit_by_outer_review' (113174109) panicked at src/lib.rs:5:5:
assertion failed: status.success()

---- b7_no_regression stdout ----

thread 'b7_no_regression' (113174194) panicked at src/lib.rs:5:5:
assertion failed: status.success()

---- bms_batch_offline stdout ----

thread 'bms_batch_offline' (113174593) panicked at src/lib.rs:5:5:
assertion failed: status.success()

---- bms_rerun_offline stdout ----

thread 'bms_rerun_offline' (113174644) panicked at src/lib.rs:109:5:
B4 rerun preparation checks failed

---- white_window_offline stdout ----

thread 'white_window_offline' (113175092) panicked at src/lib.rs:5:5:
assertion failed: status.success()


failures:
    b10_build_silent_skip_fails
    b10_installer_background
    b1_wikipedia_lit_after_sandbox_prep
    b5_wikipedia_lit
    b7_lit_by_outer_review
    b7_no_regression
    bms_batch_offline
    bms_rerun_offline
    white_window_offline

test result: FAILED. 48 passed; 9 failed; 0 ignored; 0 measured; 0 filtered out; finished in 55.90s


running 3 tests
test native_initialization_jni_order ... ok
test native_initialization_namespace ... ok
test native_initialization_provenance ... ok

test result: ok. 3 passed; 0 failed; 0 ignored; 0 measured; 0 filtered out; finished in 0.23s


running 3 tests
test spec_gate_approved_failures ... ok
test spec_gate_new_failure ... ok
test spec_gate_stale_exception ... ok

test result: ok. 3 passed; 0 failed; 0 ignored; 0 measured; 0 filtered out; finished in 0.15s


running 0 tests

test result: ok. 0 passed; 0 failed; 0 ignored; 0 measured; 0 filtered out; finished in 0.00s

EXCEPTED b1_wikipedia_lit_after_sandbox_prep [open-acceptance]
EXCEPTED b5_wikipedia_lit [open-acceptance]
EXCEPTED b7_lit_by_outer_review [open-acceptance]
EXCEPTED b7_no_regression [open-acceptance]
EXCEPTED bms_batch_offline [superseded-pin]
EXCEPTED bms_rerun_offline [superseded-pin]
EXCEPTED white_window_offline [baked-path]
FAIL b10_build_silent_skip_fails: not in exception registry
FAIL b10_installer_background: not in exception registry
GATE FAIL: cargo_exit=101 passed=54 failed=9 excepted=7 unexpected=2
