[D2O-DBG] Dex2oat entered
[D2O-DBG] ParseArgs done
[D2O-DBG] MemMap::Init done
[D2O-DBG] Profile done
[D2O-DBG] UpdateCompilerOptions done
[D2O-DBG] UpdateCompilerOptions done
[D2O-DBG] InsertCompileOptions done
[D2O-DBG] InsertCompileOptions done
[D2O-DBG] OpenFile entered
[D2O-DBG] ExpandOatAndImageFilenames done
[D2O-DBG] ExpandOatAndImageFilenames done
[D2O-DBG] Creating: /home/zhaoyue/a2hlab/ws/out-ability38/inputtrace/boot/boot.oat
[D2O-DBG] OAT file pushed: 1
[D2O-DBG] VDEX file pushed: 1
[D2O-DBG] Creating: /home/zhaoyue/a2hlab/ws/out-ability38/inputtrace/boot/boot-core-libart.oat
[D2O-DBG] OAT file pushed: 2
[D2O-DBG] VDEX file pushed: 2
[D2O-DBG] Creating: /home/zhaoyue/a2hlab/ws/out-ability38/inputtrace/boot/boot-core-icu4j.oat
[D2O-DBG] OAT file pushed: 3
[D2O-DBG] VDEX file pushed: 3
[D2O-DBG] Creating: /home/zhaoyue/a2hlab/ws/out-ability38/inputtrace/boot/boot-conscrypt.oat
[D2O-DBG] OAT file pushed: 4
[D2O-DBG] VDEX file pushed: 4
[D2O-DBG] Creating: /home/zhaoyue/a2hlab/ws/out-ability38/inputtrace/boot/boot-okhttp.oat
[D2O-DBG] OAT file pushed: 5
[D2O-DBG] VDEX file pushed: 5
[D2O-DBG] Creating: /home/zhaoyue/a2hlab/ws/out-ability38/inputtrace/boot/boot-bouncycastle.oat
[D2O-DBG] OAT file pushed: 6
[D2O-DBG] VDEX file pushed: 6
[D2O-DBG] Creating: /home/zhaoyue/a2hlab/ws/out-ability38/inputtrace/boot/boot-apache-xml.oat
[D2O-DBG] OAT file pushed: 7
[D2O-DBG] VDEX file pushed: 7
[D2O-DBG] Creating: /home/zhaoyue/a2hlab/ws/out-ability38/inputtrace/boot/boot-framework.oat
[D2O-DBG] OAT file pushed: 8
[D2O-DBG] VDEX file pushed: 8
[D2O-DBG] Creating: /home/zhaoyue/a2hlab/ws/out-ability38/inputtrace/boot/boot-adapter-runtime-bcp.oat
[D2O-DBG] OAT file pushed: 9
[D2O-DBG] VDEX file pushed: 9
[D2O-DBG] OpenFile returning true
[D2O-DBG] Before LOG CommandLine
nullptr I 09-25 21:51:24 1481174 1481174 dex2oat.cc:3260] /home/dspfac/a2hlab/source-closure/verify/out/host-tools/host/objects/bin/dex2oat --runtime-arg -Xbootclasspath:/home/dspfac/a2hlab/source-closure/verify/out/core-java/java/core-oj.jar:/home/dspfac/a2hlab/source-closure/verify/out/core-java/java/core-libart.jar:/home/dspfac/a2hlab/source-closure/verify/out/core-java/java/core-icu4j.jar:/home/dspfac/a2hlab/source-closure/verify/out/java-extensions/conscrypt.jar:/home/dspfac/a2hlab/source-closure/verify/out/core-java/java/okhttp.jar:/home/dspfac/a2hlab/source-closure/verify/out/java-extensions/bouncycastle.jar:/home/dspfac/a2hlab/source-closure/verify/out/java-extensions/apache-xml.jar:/home/dspfac/a2hlab/source-closure/verify/out-touch21/framework-runtime/framework.jar:/home/zhaoyue/a2hlab/ws/out-ability38/inputtrace/adapter-runtime-bcp.jar --runtime-arg -Xbootclasspath-locations:/system/framework/core-oj.jar:/system/framework/core-libart.jar:/system/framework/core-icu4j.jar:/system/framework/conscrypt.jar:/system/framework/okhttp.jar:/system/framework/bouncycastle.jar:/system/framework/apache-xml.jar:/system/framework/framework.jar:/system/framework/adapter-runtime-bcp.jar --dex-file=/home/dspfac/a2hlab/source-closure/verify/out/core-java/java/core-oj.jar --dex-location=/system/framework/core-oj.jar --dex-file=/home/dspfac/a2hlab/source-closure/verify/out/core-java/java/core-libart.jar --dex-location=/system/framework/core-libart.jar --dex-file=/home/dspfac/a2hlab/source-closure/verify/out/core-java/java/core-icu4j.jar --dex-location=/system/framework/core-icu4j.jar --dex-file=/home/dspfac/a2hlab/source-closure/verify/out/java-extensions/conscrypt.jar --dex-location=/system/framework/conscrypt.jar --dex-file=/home/dspfac/a2hlab/source-closure/verify/out/core-java/java/okhttp.jar --dex-location=/system/framework/okhttp.jar --dex-file=/home/dspfac/a2hlab/source-closure/verify/out/java-extensions/bouncycastle.jar --dex-location=/system/framework/bouncycastle.jar --dex-file=/home/dspfac/a2hlab/source-closure/verify/out/java-extensions/apache-xml.jar --dex-location=/system/framework/apache-xml.jar --dex-file=/home/dspfac/a2hlab/source-closure/verify/out-touch21/framework-runtime/framework.jar --dex-location=/system/framework/framework.jar --dex-file=/home/zhaoyue/a2hlab/ws/out-ability38/inputtrace/adapter-runtime-bcp.jar --dex-location=/system/framework/adapter-runtime-bcp.jar --instruction-set=arm64 --compiler-filter=verify --base=0x70000000 --image=/home/zhaoyue/a2hlab/ws/out-ability38/inputtrace/boot/boot.art --oat-file=/home/zhaoyue/a2hlab/ws/out-ability38/inputtrace/boot/boot.oat --oat-location=/system/framework/arm64/boot.oat --android-root=/home/zhaoyue/a2hlab/ws/out-ability38/inputtrace/boot --runtime-arg -Xms64m --runtime-arg -Xmx768m -j4
[D2O-DBG] Before ErrorReporting
[D2O-DBG] About to call Setup()
[D2O-DBG] Setup() entered
[D2O-DBG] OpenFile returning true
[D2O-DBG] PrepareDirtyObjects done
[D2O-DBG] OpenFile returning true
[D2O-DBG] PreparePreloadedClasses done
[D2O-DBG] Creating QuickCompilerCallbacks
[D2O-DBG] QuickCompilerCallbacks created OK
[D2O-DBG] PrepareRuntimeOptions entered
[D2O-DBG] About to ParseOptions
[D2O-DBG] raw_options size=11 compiler_options=0x555556904820
nullptr I 09-25 21:51:24 1481174 1481174 parsed_options.cc:701] setting boot class path to /home/dspfac/a2hlab/source-closure/verify/out/core-java/java/core-oj.jar:/home/dspfac/a2hlab/source-closure/verify/out/core-java/java/core-libart.jar:/home/dspfac/a2hlab/source-closure/verify/out/core-java/java/core-icu4j.jar:/home/dspfac/a2hlab/source-closure/verify/out/java-extensions/conscrypt.jar:/home/dspfac/a2hlab/source-closure/verify/out/core-java/java/okhttp.jar:/home/dspfac/a2hlab/source-closure/verify/out/java-extensions/bouncycastle.jar:/home/dspfac/a2hlab/source-closure/verify/out/java-extensions/apache-xml.jar:/home/dspfac/a2hlab/source-closure/verify/out-touch21/framework-runtime/framework.jar:/home/zhaoyue/a2hlab/ws/out-ability38/inputtrace/adapter-runtime-bcp.jar
[D2O-DBG] OpenFile returning true
[D2O-DBG] About to CreateOatWriters
[D2O-DBG] CreateOatWriters done
ziparchive: +++ Found EOCD at buf+65535
ziparchive: +++ num_entries=17 dir_size=1518 dir_offset=1925810
ziparchive: +++ zip good scan 17 entries
ziparchive: Zip: Unable to find entry classes2.dex
ziparchive: Zip: Could not find entry classes2.dex
ziparchive: Closing archive 0x555556928fc0
ziparchive: +++ Found EOCD at buf+65535
ziparchive: +++ num_entries=1 dir_size=57 dir_offset=197850
ziparchive: +++ zip good scan 1 entries
ziparchive: Zip: Unable to find entry classes2.dex
ziparchive: Zip: Could not find entry classes2.dex
ziparchive: Closing archive 0x5555569291b0
ziparchive: +++ Found EOCD at buf+65535
ziparchive: +++ num_entries=19 dir_size=1741 dir_offset=1077563
ziparchive: +++ zip good scan 19 entries
ziparchive: Zip: Unable to find entry classes2.dex
ziparchive: Zip: Could not find entry classes2.dex
ziparchive: Closing archive 0x555556928fc0
ziparchive: +++ Found EOCD at buf+65535
ziparchive: +++ num_entries=1 dir_size=57 dir_offset=163395
ziparchive: +++ zip good scan 1 entries
ziparchive: Zip: Unable to find entry classes2.dex
ziparchive: Zip: Could not find entry classes2.dex
ziparchive: Closing archive 0x5555569291b0
ziparchive: +++ Found EOCD at buf+65535
ziparchive: +++ num_entries=1 dir_size=57 dir_offset=148849
ziparchive: +++ zip good scan 1 entries
ziparchive: Zip: Unable to find entry classes2.dex
ziparchive: Zip: Could not find entry classes2.dex
ziparchive: Closing archive 0x555556928fc0
ziparchive: +++ Found EOCD at buf+65535
ziparchive: +++ num_entries=1 dir_size=57 dir_offset=483711
ziparchive: +++ zip good scan 1 entries
ziparchive: Zip: Unable to find entry classes2.dex
ziparchive: Zip: Could not find entry classes2.dex
ziparchive: Closing archive 0x5555569291b0
ziparchive: +++ Found EOCD at buf+65535
ziparchive: +++ num_entries=27 dir_size=2290 dir_offset=436910
ziparchive: +++ zip good scan 27 entries
ziparchive: Zip: Unable to find entry classes2.dex
ziparchive: Zip: Could not find entry classes2.dex
ziparchive: Closing archive 0x555556928fc0
ziparchive: +++ Found EOCD at buf+65535
ziparchive: +++ num_entries=1175 dir_size=120432 dir_offset=17998305
ziparchive: +++ zip good scan 1175 entries
ziparchive: Zip: Unable to find entry classes7.dex
ziparchive: Zip: Could not find entry classes7.dex
ziparchive: Closing archive 0x5555569291b0
ziparchive: +++ Found EOCD at buf+65535
ziparchive: +++ num_entries=1 dir_size=57 dir_offset=198076
ziparchive: +++ zip good scan 1 entries
ziparchive: Zip: Unable to find entry classes2.dex
ziparchive: Zip: Could not find entry classes2.dex
ziparchive: Closing archive 0x5555569291b0
[D2O-DBG] OpenFile returning true
[D2O-DBG] AddDexFileSources done
[D2O-DBG] WriteAndOpenDexFiles loop, size=9
[D2O-DBG] WriteAndOpenDexFiles loop done, opened 14 dex files
[D2O-DBG] About to ValidateInputVdexChecksums
[D2O-DBG] ValidateInputVdexChecksums done
[D2O-DBG] About to CreateRuntime
[D2O-DBG] Runtime::Create about to be called
nullptr I 09-25 21:51:24 1481174 1481174 heap.cc:440] Using CollectorType(2) GC.
[IMG] LoadBootImage entered, image_locations=0
[D2O-DBG] OpenFile returning true
ziparchive: +++ Found EOCD at buf+65535
ziparchive: +++ num_entries=17 dir_size=1518 dir_offset=1925810
ziparchive: +++ zip good scan 17 entries
ziparchive: Closing archive 0x555557236110
ziparchive: +++ Found EOCD at buf+65535
ziparchive: +++ num_entries=17 dir_size=1518 dir_offset=1925810
ziparchive: +++ zip good scan 17 entries
ziparchive: Zip: Unable to find entry android/icu/ICUConfig.properties
ziparchive: Zip: Could not find entry android/icu/ICUConfig.properties
ziparchive: Closing archive 0x555557236110
ziparchive: +++ Found EOCD at buf+65535
ziparchive: +++ num_entries=1 dir_size=57 dir_offset=197850
ziparchive: +++ zip good scan 1 entries
ziparchive: Zip: Unable to find entry android/icu/ICUConfig.properties
ziparchive: Zip: Could not find entry android/icu/ICUConfig.properties
ziparchive: Closing archive 0x555557236110
ziparchive: +++ Found EOCD at buf+65535
ziparchive: +++ num_entries=19 dir_size=1741 dir_offset=1077563
ziparchive: +++ zip good scan 19 entries
ziparchive: Closing archive 0x555557236110
ziparchive: +++ Found EOCD at buf+65535
ziparchive: +++ num_entries=17 dir_size=1518 dir_offset=1925810
ziparchive: +++ zip good scan 17 entries
ziparchive: Zip: Unable to find entry urlhandler.props
ziparchive: Zip: Could not find entry urlhandler.props
ziparchive: Closing archive 0x555557236110
ziparchive: +++ Found EOCD at buf+65535
ziparchive: +++ num_entries=1 dir_size=57 dir_offset=197850
ziparchive: +++ zip good scan 1 entries
ziparchive: Zip: Unable to find entry urlhandler.props
ziparchive: Zip: Could not find entry urlhandler.props
ziparchive: Closing archive 0x555557236110
ziparchive: +++ Found EOCD at buf+65535
ziparchive: +++ num_entries=19 dir_size=1741 dir_offset=1077563
ziparchive: +++ zip good scan 19 entries
ziparchive: Zip: Unable to find entry urlhandler.props
ziparchive: Zip: Could not find entry urlhandler.props
ziparchive: Closing archive 0x555557236110
ziparchive: +++ Found EOCD at buf+65535
ziparchive: +++ num_entries=1 dir_size=57 dir_offset=163395
ziparchive: +++ zip good scan 1 entries
ziparchive: Zip: Unable to find entry urlhandler.props
ziparchive: Zip: Could not find entry urlhandler.props
ziparchive: Closing archive 0x555557236110
ziparchive: +++ Found EOCD at buf+65535
ziparchive: +++ num_entries=1 dir_size=57 dir_offset=148849
ziparchive: +++ zip good scan 1 entries
ziparchive: Zip: Unable to find entry urlhandler.props
ziparchive: Zip: Could not find entry urlhandler.props
ziparchive: Closing archive 0x555557236110
ziparchive: +++ Found EOCD at buf+65535
ziparchive: +++ num_entries=1 dir_size=57 dir_offset=483711
ziparchive: +++ zip good scan 1 entries
ziparchive: Zip: Unable to find entry urlhandler.props
ziparchive: Zip: Could not find entry urlhandler.props
ziparchive: Closing archive 0x555557236110
ziparchive: +++ Found EOCD at buf+65535
ziparchive: +++ num_entries=27 dir_size=2290 dir_offset=436910
ziparchive: +++ zip good scan 27 entries
ziparchive: Zip: Unable to find entry urlhandler.props
ziparchive: Zip: Could not find entry urlhandler.props
ziparchive: Closing archive 0x555557236110
ziparchive: +++ Found EOCD at buf+65535
ziparchive: +++ num_entries=1175 dir_size=120432 dir_offset=17998305
ziparchive: +++ zip good scan 1175 entries
ziparchive: Zip: Unable to find entry urlhandler.props
ziparchive: Zip: Could not find entry urlhandler.props
ziparchive: Closing archive 0x555557236110
ziparchive: +++ Found EOCD at buf+65535
ziparchive: +++ num_entries=1 dir_size=57 dir_offset=198076
ziparchive: +++ zip good scan 1 entries
ziparchive: Zip: Unable to find entry urlhandler.props
ziparchive: Zip: Could not find entry urlhandler.props
ziparchive: Closing archive 0x555557236110
ziparchive: +++ Found EOCD at buf+65535
ziparchive: +++ num_entries=17 dir_size=1518 dir_offset=1925810
ziparchive: +++ zip good scan 17 entries
ziparchive: Zip: Unable to find entry urlhandler.props
ziparchive: Zip: Could not find entry urlhandler.props
ziparchive: Closing archive 0x555557236110
ziparchive: +++ Found EOCD at buf+65535
ziparchive: +++ num_entries=1 dir_size=57 dir_offset=197850
ziparchive: +++ zip good scan 1 entries
ziparchive: Zip: Unable to find entry urlhandler.props
ziparchive: Zip: Could not find entry urlhandler.props
ziparchive: Closing archive 0x555557236110
ziparchive: +++ Found EOCD at buf+65535
ziparchive: +++ num_entries=19 dir_size=1741 dir_offset=1077563
ziparchive: +++ zip good scan 19 entries
ziparchive: Zip: Unable to find entry urlhandler.props
ziparchive: Zip: Could not find entry urlhandler.props
ziparchive: Closing archive 0x555557236110
ziparchive: +++ Found EOCD at buf+65535
ziparchive: +++ num_entries=1 dir_size=57 dir_offset=163395
ziparchive: +++ zip good scan 1 entries
ziparchive: Zip: Unable to find entry urlhandler.props
ziparchive: Zip: Could not find entry urlhandler.props
ziparchive: Closing archive 0x555557236110
ziparchive: +++ Found EOCD at buf+65535
ziparchive: +++ num_entries=1 dir_size=57 dir_offset=148849
ziparchive: +++ zip good scan 1 entries
ziparchive: Zip: Unable to find entry urlhandler.props
ziparchive: Zip: Could not find entry urlhandler.props
ziparchive: Closing archive 0x555557236110
ziparchive: +++ Found EOCD at buf+65535
ziparchive: +++ num_entries=1 dir_size=57 dir_offset=483711
ziparchive: +++ zip good scan 1 entries
ziparchive: Zip: Unable to find entry urlhandler.props
ziparchive: Zip: Could not find entry urlhandler.props
ziparchive: Closing archive 0x555557236110
ziparchive: +++ Found EOCD at buf+65535
ziparchive: +++ num_entries=27 dir_size=2290 dir_offset=436910
ziparchive: +++ zip good scan 27 entries
ziparchive: Zip: Unable to find entry urlhandler.props
ziparchive: Zip: Could not find entry urlhandler.props
ziparchive: Closing archive 0x555557236110
ziparchive: +++ Found EOCD at buf+65535
ziparchive: +++ num_entries=1175 dir_size=120432 dir_offset=17998305
ziparchive: +++ zip good scan 1175 entries
ziparchive: Zip: Unable to find entry urlhandler.props
ziparchive: Zip: Could not find entry urlhandler.props
ziparchive: Closing archive 0x555557236110
ziparchive: +++ Found EOCD at buf+65535
ziparchive: +++ num_entries=1 dir_size=57 dir_offset=198076
ziparchive: +++ zip good scan 1 entries
ziparchive: Zip: Unable to find entry urlhandler.props
ziparchive: Zip: Could not find entry urlhandler.props
ziparchive: Closing archive 0x555557236110
ziparchive: +++ Found EOCD at buf+65535
ziparchive: +++ num_entries=17 dir_size=1518 dir_offset=1925810
ziparchive: +++ zip good scan 17 entries
ziparchive: Zip: Unable to find entry urlhandler.props
ziparchive: Zip: Could not find entry urlhandler.props
ziparchive: Closing archive 0x5555571d75b0
ziparchive: +++ Found EOCD at buf+65535
ziparchive: +++ num_entries=1 dir_size=57 dir_offset=197850
ziparchive: +++ zip good scan 1 entries
ziparchive: Zip: Unable to find entry urlhandler.props
ziparchive: Zip: Could not find entry urlhandler.props
ziparchive: Closing archive 0x5555571d75b0
ziparchive: +++ Found EOCD at buf+65535
ziparchive: +++ num_entries=19 dir_size=1741 dir_offset=1077563
ziparchive: +++ zip good scan 19 entries
ziparchive: Zip: Unable to find entry urlhandler.props
ziparchive: Zip: Could not find entry urlhandler.props
ziparchive: Closing archive 0x5555571d75b0
ziparchive: +++ Found EOCD at buf+65535
ziparchive: +++ num_entries=1 dir_size=57 dir_offset=163395
ziparchive: +++ zip good scan 1 entries
ziparchive: Zip: Unable to find entry urlhandler.props
ziparchive: Zip: Could not find entry urlhandler.props
ziparchive: Closing archive 0x5555571d75b0
ziparchive: +++ Found EOCD at buf+65535
ziparchive: +++ num_entries=1 dir_size=57 dir_offset=148849
ziparchive: +++ zip good scan 1 entries
ziparchive: Zip: Unable to find entry urlhandler.props
ziparchive: Zip: Could not find entry urlhandler.props
ziparchive: Closing archive 0x5555571d75b0
ziparchive: +++ Found EOCD at buf+65535
ziparchive: +++ num_entries=1 dir_size=57 dir_offset=483711
ziparchive: +++ zip good scan 1 entries
ziparchive: Zip: Unable to find entry urlhandler.props
ziparchive: Zip: Could not find entry urlhandler.props
ziparchive: Closing archive 0x5555571d75b0
ziparchive: +++ Found EOCD at buf+65535
ziparchive: +++ num_entries=27 dir_size=2290 dir_offset=436910
ziparchive: +++ zip good scan 27 entries
ziparchive: Zip: Unable to find entry urlhandler.props
ziparchive: Zip: Could not find entry urlhandler.props
ziparchive: Closing archive 0x5555571d75b0
ziparchive: +++ Found EOCD at buf+65535
ziparchive: +++ num_entries=1175 dir_size=120432 dir_offset=17998305
ziparchive: +++ zip good scan 1175 entries
ziparchive: Zip: Unable to find entry urlhandler.props
ziparchive: Zip: Could not find entry urlhandler.props
ziparchive: Closing archive 0x5555571d75b0
ziparchive: +++ Found EOCD at buf+65535
ziparchive: +++ num_entries=1 dir_size=57 dir_offset=198076
ziparchive: +++ zip good scan 1 entries
ziparchive: Zip: Unable to find entry urlhandler.props
ziparchive: Zip: Could not find entry urlhandler.props
ziparchive: Closing archive 0x5555571d75b0
ziparchive: +++ Found EOCD at buf+65535
ziparchive: +++ num_entries=17 dir_size=1518 dir_offset=1925810
ziparchive: +++ zip good scan 17 entries
ziparchive: Zip: Unable to find entry android/icu/impl/duration/impl/data/index.txt
ziparchive: Zip: Could not find entry android/icu/impl/duration/impl/data/index.txt
ziparchive: Closing archive 0x555557236110
ziparchive: +++ Found EOCD at buf+65535
ziparchive: +++ num_entries=1 dir_size=57 dir_offset=197850
ziparchive: +++ zip good scan 1 entries
ziparchive: Zip: Unable to find entry android/icu/impl/duration/impl/data/index.txt
ziparchive: Zip: Could not find entry android/icu/impl/duration/impl/data/index.txt
ziparchive: Closing archive 0x555557236110
ziparchive: +++ Found EOCD at buf+65535
ziparchive: +++ num_entries=19 dir_size=1741 dir_offset=1077563
ziparchive: +++ zip good scan 19 entries
ziparchive: Closing archive 0x555557236110
ziparchive: +++ Found EOCD at buf+65535
ziparchive: +++ num_entries=17 dir_size=1518 dir_offset=1925810
ziparchive: +++ zip good scan 17 entries
ziparchive: Zip: Unable to find entry com/android/org/conscrypt/conscrypt.properties
ziparchive: Zip: Could not find entry com/android/org/conscrypt/conscrypt.properties
ziparchive: Closing archive 0x5555571d75b0
ziparchive: +++ Found EOCD at buf+65535
ziparchive: +++ num_entries=1 dir_size=57 dir_offset=197850
ziparchive: +++ zip good scan 1 entries
ziparchive: Zip: Unable to find entry com/android/org/conscrypt/conscrypt.properties
ziparchive: Zip: Could not find entry com/android/org/conscrypt/conscrypt.properties
ziparchive: Closing archive 0x5555571d75b0
ziparchive: +++ Found EOCD at buf+65535
ziparchive: +++ num_entries=19 dir_size=1741 dir_offset=1077563
ziparchive: +++ zip good scan 19 entries
ziparchive: Zip: Unable to find entry com/android/org/conscrypt/conscrypt.properties
ziparchive: Zip: Could not find entry com/android/org/conscrypt/conscrypt.properties
ziparchive: Closing archive 0x5555571d75b0
ziparchive: +++ Found EOCD at buf+65535
ziparchive: +++ num_entries=1 dir_size=57 dir_offset=163395
ziparchive: +++ zip good scan 1 entries
ziparchive: Zip: Unable to find entry com/android/org/conscrypt/conscrypt.properties
ziparchive: Zip: Could not find entry com/android/org/conscrypt/conscrypt.properties
ziparchive: Closing archive 0x5555571d75b0
ziparchive: +++ Found EOCD at buf+65535
ziparchive: +++ num_entries=1 dir_size=57 dir_offset=148849
ziparchive: +++ zip good scan 1 entries
ziparchive: Zip: Unable to find entry com/android/org/conscrypt/conscrypt.properties
ziparchive: Zip: Could not find entry com/android/org/conscrypt/conscrypt.properties
ziparchive: Closing archive 0x5555571d75b0
ziparchive: +++ Found EOCD at buf+65535
ziparchive: +++ num_entries=1 dir_size=57 dir_offset=483711
ziparchive: +++ zip good scan 1 entries
ziparchive: Zip: Unable to find entry com/android/org/conscrypt/conscrypt.properties
ziparchive: Zip: Could not find entry com/android/org/conscrypt/conscrypt.properties
ziparchive: Closing archive 0x5555571d75b0
ziparchive: +++ Found EOCD at buf+65535
ziparchive: +++ num_entries=27 dir_size=2290 dir_offset=436910
ziparchive: +++ zip good scan 27 entries
ziparchive: Zip: Unable to find entry com/android/org/conscrypt/conscrypt.properties
ziparchive: Zip: Could not find entry com/android/org/conscrypt/conscrypt.properties
ziparchive: Closing archive 0x5555571d75b0
ziparchive: +++ Found EOCD at buf+65535
ziparchive: +++ num_entries=1175 dir_size=120432 dir_offset=17998305
ziparchive: +++ zip good scan 1175 entries
ziparchive: Zip: Unable to find entry com/android/org/conscrypt/conscrypt.properties
ziparchive: Zip: Could not find entry com/android/org/conscrypt/conscrypt.properties
ziparchive: Closing archive 0x5555571d75b0
ziparchive: +++ Found EOCD at buf+65535
ziparchive: +++ num_entries=1 dir_size=57 dir_offset=198076
ziparchive: +++ zip good scan 1 entries
ziparchive: Zip: Unable to find entry com/android/org/conscrypt/conscrypt.properties
ziparchive: Zip: Could not find entry com/android/org/conscrypt/conscrypt.properties
ziparchive: Closing archive 0x5555571d75b0
nullptr I 09-25 21:51:29 1481174 1481174 heap.cc:2959] Explicit concurrent mark sweep GC freed 18MB AllocSpace bytes, 9(420KB) LOS objects, 66% free, 29MB/89MB, paused 688us total 30.500ms
nullptr I 09-25 21:51:29 1481174 1481174 heap.cc:2959] Explicit concurrent mark sweep GC freed 942KB AllocSpace bytes, 0(0B) LOS objects, 66% free, 29MB/87MB, paused 12us total 20.737ms
[D2O-DBG] OpenFile returning true
[D2O-DBG] OpenFile returning true
[D2O-DBG] OpenFile returning true
[D2O-DBG] OpenFile returning true
[D2O-DBG] OpenFile returning true
[D2O-DBG] OpenFile returning true
[D2O-DBG] OpenFile returning true
[D2O-DBG] OpenFile returning true
[D2O-DBG] OpenFile returning true
[D2O-DBG] OpenFile returning true
[D2O-DBG] OpenFile returning true
[D2O-DBG] OpenFile returning true
[D2O-DBG] OpenFile returning true
[D2O-DBG] OpenFile returning true
[D2O-DBG] OpenFile returning true
[D2O-DBG] OpenFile returning true
[D2O-DBG] OpenFile returning true
[D2O-DBG] OpenFile returning true
[D2O-DBG] OpenFile returning true
[D2O-DBG] OpenFile returning true
[D2O-DBG] OpenFile returning true
[D2O-DBG] OpenFile returning true
[D2O-DBG] OpenFile returning true
[D2O-DBG] OpenFile returning true
[D2O-DBG] OpenFile returning true
[D2O-DBG] OpenFile returning true
[D2O-DBG] OpenFile returning true
[D2O-DBG] OpenFile returning true
[D2O-DBG] OpenFile returning true
[D2O-DBG] OpenFile returning true
[D2O-DBG] OpenFile returning true
[D2O-DBG] OpenFile returning true
[D2O-DBG] OpenFile returning true
[D2O-DBG] OpenFile returning true
[D2O-DBG] OpenFile returning true
[D2O-DBG] OpenFile returning true
[D2O-DBG] OpenFile returning true
[D2O-DBG] OpenFile returning true
nullptr W 09-25 21:51:30 1481174 1481174 image_writer.cc:667] Post-fixup: scanned methods, fixed 0 invalid entry points
[D2O-DBG] OpenFile returning true
[D2O-DBG] OpenFile returning true
[D2O-DBG] OpenFile returning true
[D2O-DBG] OpenFile returning true
[D2O-DBG] OpenFile returning true
[D2O-DBG] OpenFile returning true
[D2O-DBG] OpenFile returning true
[D2O-DBG] OpenFile returning true
[D2O-DBG] OpenFile returning true
[D2O-DBG] OpenFile returning true
[D2O-DBG] OpenFile returning true
[D2O-DBG] OpenFile returning true
[D2O-DBG] OpenFile returning true
[D2O-DBG] OpenFile returning true
[D2O-DBG] OpenFile returning true
[D2O-DBG] OpenFile returning true
[D2O-DBG] OpenFile returning true
[D2O-DBG] OpenFile returning true
[D2O-DBG] OpenFile returning true
[D2O-DBG] OpenFile returning true
[D2O-DBG] OpenFile returning true
nullptr I 09-25 21:51:30 1481174 1481174 dex2oat.cc:2958] dex2oat took 5.915s (5.773s cpu) (threads: 4) arena alloc=0B (0B) java alloc=29MB (30445504B) native alloc=12MB (12674656B) free=20MB (21092768B)
