[0;34m[INFO][0m  build_adapter: targets=libapk_installer.so clean=0 dry_run=0 jobs=16 no_apply=1
[1;33m[WARN][0m  Phase 0 skipped via --no-apply (assuming OH source already patched)
[0;34m[INFO][0m  [libapk_installer.so] dispatching to compile_apk_installer.sh
[DEPRECATED] compile_apk_installer.sh is wrapped by build_adapter.sh — Phase 4 will absorb this
==========================================
  apk_installer compilation (ARM64)
==========================================
  Compiling apk_manifest_parser... FAIL
    In file included from <built-in>:1:
    /Users/zhaoyue/orca/workspaces/westlake-harness-label/bms/src/adapter/framework/appspawn-x/bionic_compat/include/libcxx_compat.h:131:20: error: static declaration of 'isinf' follows non-static declaration
    static inline bool isinf(float x) { return __builtin_isinf(x); }
                       ^
    /home/zhaoyue/a2hlab/ws/toolchains/ohos-sdk/native/llvm/bin/../include/libcxx-ohos/include/c++/v1/math.h:507:1: note: previous definition is here
  Compiling apk_native_inventory... FAIL
    In file included from <built-in>:1:
    /Users/zhaoyue/orca/workspaces/westlake-harness-label/bms/src/adapter/framework/appspawn-x/bionic_compat/include/libcxx_compat.h:131:20: error: static declaration of 'isinf' follows non-static declaration
    static inline bool isinf(float x) { return __builtin_isinf(x); }
                       ^
    /home/zhaoyue/a2hlab/ws/toolchains/ohos-sdk/native/llvm/bin/../include/libcxx-ohos/include/c++/v1/math.h:507:1: note: previous definition is here
  Compiling apk_native_inventory_names... FAIL
    In file included from <built-in>:1:
    /Users/zhaoyue/orca/workspaces/westlake-harness-label/bms/src/adapter/framework/appspawn-x/bionic_compat/include/libcxx_compat.h:131:20: error: static declaration of 'isinf' follows non-static declaration
    static inline bool isinf(float x) { return __builtin_isinf(x); }
                       ^
    /home/zhaoyue/a2hlab/ws/toolchains/ohos-sdk/native/llvm/bin/../include/libcxx-ohos/include/c++/v1/math.h:507:1: note: previous definition is here
  Compiling apk_verify_result... FAIL
    In file included from <built-in>:1:
    /Users/zhaoyue/orca/workspaces/westlake-harness-label/bms/src/adapter/framework/appspawn-x/bionic_compat/include/libcxx_compat.h:131:20: error: static declaration of 'isinf' follows non-static declaration
    static inline bool isinf(float x) { return __builtin_isinf(x); }
                       ^
    /home/zhaoyue/a2hlab/ws/toolchains/ohos-sdk/native/llvm/bin/../include/libcxx-ohos/include/c++/v1/math.h:507:1: note: previous definition is here
  Compiling apk_verifier_client... FAIL
    In file included from <built-in>:1:
    /Users/zhaoyue/orca/workspaces/westlake-harness-label/bms/src/adapter/framework/appspawn-x/bionic_compat/include/libcxx_compat.h:131:20: error: static declaration of 'isinf' follows non-static declaration
    static inline bool isinf(float x) { return __builtin_isinf(x); }
                       ^
    /home/zhaoyue/a2hlab/ws/toolchains/ohos-sdk/native/llvm/bin/../include/libcxx-ohos/include/c++/v1/math.h:507:1: note: previous definition is here
  Compiling axml_parser... FAIL
    In file included from <built-in>:1:
    /Users/zhaoyue/orca/workspaces/westlake-harness-label/bms/src/adapter/framework/appspawn-x/bionic_compat/include/libcxx_compat.h:131:20: error: static declaration of 'isinf' follows non-static declaration
    static inline bool isinf(float x) { return __builtin_isinf(x); }
                       ^
    /home/zhaoyue/a2hlab/ws/toolchains/ohos-sdk/native/llvm/bin/../include/libcxx-ohos/include/c++/v1/math.h:507:1: note: previous definition is here
  Compiling apk_installer... FAIL
    In file included from <built-in>:1:
    /Users/zhaoyue/orca/workspaces/westlake-harness-label/bms/src/adapter/framework/appspawn-x/bionic_compat/include/libcxx_compat.h:131:20: error: static declaration of 'isinf' follows non-static declaration
    static inline bool isinf(float x) { return __builtin_isinf(x); }
                       ^
    /home/zhaoyue/a2hlab/ws/toolchains/ohos-sdk/native/llvm/bin/../include/libcxx-ohos/include/c++/v1/math.h:507:1: note: previous definition is here
  Compiling apk_label_resolver... FAIL
    In file included from <built-in>:1:
    /Users/zhaoyue/orca/workspaces/westlake-harness-label/bms/src/adapter/framework/appspawn-x/bionic_compat/include/libcxx_compat.h:131:20: error: static declaration of 'isinf' follows non-static declaration
    static inline bool isinf(float x) { return __builtin_isinf(x); }
                       ^
    /home/zhaoyue/a2hlab/ws/toolchains/ohos-sdk/native/llvm/bin/../include/libcxx-ohos/include/c++/v1/math.h:507:1: note: previous definition is here
  Compiling icon_normalize... FAIL
    In file included from <built-in>:1:
    /Users/zhaoyue/orca/workspaces/westlake-harness-label/bms/src/adapter/framework/appspawn-x/bionic_compat/include/libcxx_compat.h:131:20: error: static declaration of 'isinf' follows non-static declaration
    static inline bool isinf(float x) { return __builtin_isinf(x); }
                       ^
    /home/zhaoyue/a2hlab/ws/toolchains/ohos-sdk/native/llvm/bin/../include/libcxx-ohos/include/c++/v1/math.h:507:1: note: previous definition is here
  Compiling lodepng... FAIL
    clang-15: error: no such file or directory: '/Users/zhaoyue/orca/workspaces/westlake-harness-label/bms/src/adapter/third_party/lodepng/lodepng.cpp'
    clang-15: error: no input files
  Compiling arsc_resolver... FAIL
    In file included from <built-in>:1:
    /Users/zhaoyue/orca/workspaces/westlake-harness-label/bms/src/adapter/framework/appspawn-x/bionic_compat/include/libcxx_compat.h:131:20: error: static declaration of 'isinf' follows non-static declaration
    static inline bool isinf(float x) { return __builtin_isinf(x); }
                       ^
    /home/zhaoyue/a2hlab/ws/toolchains/ohos-sdk/native/llvm/bin/../include/libcxx-ohos/include/c++/v1/math.h:507:1: note: previous definition is here
  Compiling permission_mapper... FAIL
    In file included from <built-in>:1:
    /Users/zhaoyue/orca/workspaces/westlake-harness-label/bms/src/adapter/framework/appspawn-x/bionic_compat/include/libcxx_compat.h:131:20: error: static declaration of 'isinf' follows non-static declaration
    static inline bool isinf(float x) { return __builtin_isinf(x); }
                       ^
    /home/zhaoyue/a2hlab/ws/toolchains/ohos-sdk/native/llvm/bin/../include/libcxx-ohos/include/c++/v1/math.h:507:1: note: previous definition is here
  Compiling apk_signature_verifier... FAIL
    In file included from <built-in>:1:
    /Users/zhaoyue/orca/workspaces/westlake-harness-label/bms/src/adapter/framework/appspawn-x/bionic_compat/include/libcxx_compat.h:131:20: error: static declaration of 'isinf' follows non-static declaration
    static inline bool isinf(float x) { return __builtin_isinf(x); }
                       ^
    /home/zhaoyue/a2hlab/ws/toolchains/ohos-sdk/native/llvm/bin/../include/libcxx-ohos/include/c++/v1/math.h:507:1: note: previous definition is here
  Compiling signing_metadata_v1... FAIL
    In file included from <built-in>:1:
    /Users/zhaoyue/orca/workspaces/westlake-harness-label/bms/src/adapter/framework/appspawn-x/bionic_compat/include/libcxx_compat.h:131:20: error: static declaration of 'isinf' follows non-static declaration
    static inline bool isinf(float x) { return __builtin_isinf(x); }
                       ^
    /home/zhaoyue/a2hlab/ws/toolchains/ohos-sdk/native/llvm/bin/../include/libcxx-ohos/include/c++/v1/math.h:507:1: note: previous definition is here
  Compiling package_authority_service_v1... FAIL
    In file included from <built-in>:1:
    /Users/zhaoyue/orca/workspaces/westlake-harness-label/bms/src/adapter/framework/appspawn-x/bionic_compat/include/libcxx_compat.h:131:20: error: static declaration of 'isinf' follows non-static declaration
    static inline bool isinf(float x) { return __builtin_isinf(x); }
                       ^
    /home/zhaoyue/a2hlab/ws/toolchains/ohos-sdk/native/llvm/bin/../include/libcxx-ohos/include/c++/v1/math.h:507:1: note: previous definition is here
  Compiling package_query_v1... FAIL
    In file included from <built-in>:1:
    /Users/zhaoyue/orca/workspaces/westlake-harness-label/bms/src/adapter/framework/appspawn-x/bionic_compat/include/libcxx_compat.h:131:20: error: static declaration of 'isinf' follows non-static declaration
    static inline bool isinf(float x) { return __builtin_isinf(x); }
                       ^
    /home/zhaoyue/a2hlab/ws/toolchains/ohos-sdk/native/llvm/bin/../include/libcxx-ohos/include/c++/v1/math.h:507:1: note: previous definition is here
  Compiling elf_prepass_analyzer... FAIL
    clang-15: error: no such file or directory: '/Users/zhaoyue/orca/workspaces/westlake-harness-label/bms/src/adapter/framework/package-manager/package_transaction/src/elf_prepass_analyzer.cpp'
    clang-15: error: no input files
  Compiling prepass_bundle... FAIL
    clang-15: error: no such file or directory: '/Users/zhaoyue/orca/workspaces/westlake-harness-label/bms/src/adapter/framework/package-manager/package_transaction/src/prepass_bundle.cpp'
    clang-15: error: no input files
  Compiling package_transaction... FAIL
    clang-15: error: no such file or directory: '/Users/zhaoyue/orca/workspaces/westlake-harness-label/bms/src/adapter/framework/package-manager/package_transaction/src/package_transaction.cpp'
    clang-15: error: no input files
  Compiling game_install_plan_wire... FAIL
    In file included from <built-in>:1:
    /Users/zhaoyue/orca/workspaces/westlake-harness-label/bms/src/adapter/framework/appspawn-x/bionic_compat/include/libcxx_compat.h:131:20: error: static declaration of 'isinf' follows non-static declaration
    static inline bool isinf(float x) { return __builtin_isinf(x); }
                       ^
    /home/zhaoyue/a2hlab/ws/toolchains/ohos-sdk/native/llvm/bin/../include/libcxx-ohos/include/c++/v1/math.h:507:1: note: previous definition is here
  Compiling install_prepass_materializer... FAIL
    In file included from <built-in>:1:
    /Users/zhaoyue/orca/workspaces/westlake-harness-label/bms/src/adapter/framework/appspawn-x/bionic_compat/include/libcxx_compat.h:131:20: error: static declaration of 'isinf' follows non-static declaration
    static inline bool isinf(float x) { return __builtin_isinf(x); }
                       ^
    /home/zhaoyue/a2hlab/ws/toolchains/ohos-sdk/native/llvm/bin/../include/libcxx-ohos/include/c++/v1/math.h:507:1: note: previous definition is here
  Compiling prepass_context_wire... FAIL
    In file included from <built-in>:1:
    /Users/zhaoyue/orca/workspaces/westlake-harness-label/bms/src/adapter/framework/appspawn-x/bionic_compat/include/libcxx_compat.h:131:20: error: static declaration of 'isinf' follows non-static declaration
    static inline bool isinf(float x) { return __builtin_isinf(x); }
                       ^
    /home/zhaoyue/a2hlab/ws/toolchains/ohos-sdk/native/llvm/bin/../include/libcxx-ohos/include/c++/v1/math.h:507:1: note: previous definition is here
  Compiling app_data_dir_provisioner... FAIL
    In file included from <built-in>:1:
    /Users/zhaoyue/orca/workspaces/westlake-harness-label/bms/src/adapter/framework/appspawn-x/bionic_compat/include/libcxx_compat.h:131:20: error: static declaration of 'isinf' follows non-static declaration
    static inline bool isinf(float x) { return __builtin_isinf(x); }
                       ^
    /home/zhaoyue/a2hlab/ws/toolchains/ohos-sdk/native/llvm/bin/../include/libcxx-ohos/include/c++/v1/math.h:507:1: note: previous definition is here
  Compiling oh_adapter_install_apk_c_entry... FAIL
    In file included from <built-in>:1:
    /Users/zhaoyue/orca/workspaces/westlake-harness-label/bms/src/adapter/framework/appspawn-x/bionic_compat/include/libcxx_compat.h:131:20: error: static declaration of 'isinf' follows non-static declaration
    static inline bool isinf(float x) { return __builtin_isinf(x); }
                       ^
    /home/zhaoyue/a2hlab/ws/toolchains/ohos-sdk/native/llvm/bin/../include/libcxx-ohos/include/c++/v1/math.h:507:1: note: previous definition is here
  Compiling unzip (C, minizip)... OK
  Compiling zip (C, minizip)... OK
  Compiling ioapi (C, minizip)... OK
  Compiling sha256 (C, minizip)... OK

  Compiled: 4/28
  Linking libapk_installer.so... OK
  ✅ libapk_installer.so: 50K

-rwxr-xr-x 1 zhaoyue zhaoyue 50K Sep 28 16:00 /Users/zhaoyue/orca/workspaces/westlake-harness-label/bms/src/adapter/out/adapter/libapk_installer.so
[0;32m[OK][0m    build_adapter complete: libapk_installer.so
