[0;34m[INFO][0m  build_adapter: targets=libapk_installer.so clean=0 dry_run=0 jobs=16 no_apply=1
[1;33m[WARN][0m  Phase 0 skipped via --no-apply (assuming OH source already patched)
[0;34m[INFO][0m  [libapk_installer.so] dispatching to compile_apk_installer.sh
[DEPRECATED] compile_apk_installer.sh is wrapped by build_adapter.sh — Phase 4 will absorb this
==========================================
  apk_installer compilation (ARM64)
==========================================
  Compiling apk_manifest_parser... FAIL
    In file included from /Users/zhaoyue/orca/workspaces/westlake-harness-label/bms/src/adapter/framework/package-manager/jni/apk_manifest_parser.cpp:10:
    /Users/zhaoyue/orca/workspaces/westlake-harness-label/bms/src/adapter/framework/package-manager/jni/apk_manifest_parser.h:21:10: fatal error: '../manifest_facts/include/manifest_version_v2.h' file not found
    #include "../manifest_facts/include/manifest_version_v2.h"
             ^~~~~~~~~~~~~~~~~~~~~~~~~~~~~~~~~~~~~~~~~~~~~~~~~
    1 error generated.
  Compiling apk_native_inventory... OK
  Compiling apk_native_inventory_names... OK
  Compiling apk_verify_result... OK
  Compiling apk_verifier_client... OK
  Compiling axml_parser... OK
  Compiling apk_installer... FAIL
    In file included from /Users/zhaoyue/orca/workspaces/westlake-harness-label/bms/src/adapter/framework/package-manager/jni/apk_installer.cpp:9:
    /Users/zhaoyue/orca/workspaces/westlake-harness-label/bms/src/adapter/framework/package-manager/jni/apk_manifest_parser.h:21:10: fatal error: '../manifest_facts/include/manifest_version_v2.h' file not found
    #include "../manifest_facts/include/manifest_version_v2.h"
             ^~~~~~~~~~~~~~~~~~~~~~~~~~~~~~~~~~~~~~~~~~~~~~~~~
    1 error generated.
  Compiling apk_label_resolver... OK
  Compiling icon_normalize... OK
  Compiling lodepng... OK
  Compiling arsc_resolver... OK
  Compiling permission_mapper... OK
  Compiling apk_signature_verifier... OK
  Compiling signing_metadata_v1... OK
  Compiling package_authority_service_v1... OK
  Compiling package_query_v1... OK
  Compiling elf_prepass_analyzer... OK
  Compiling prepass_bundle... OK
  Compiling package_transaction_v1... OK
  Compiling game_install_plan_wire... OK
  Compiling install_prepass_materializer... OK
  Compiling prepass_context_wire... OK
  Compiling app_data_dir_provisioner... OK
  Compiling directory_ex_shim... OK
  Compiling oh_adapter_install_apk_c_entry... FAIL
    In file included from /Users/zhaoyue/orca/workspaces/westlake-harness-label/bms/src/adapter/framework/package-manager/jni/oh_adapter_install_apk_c_entry.cpp:22:
    /Users/zhaoyue/orca/workspaces/westlake-harness-label/bms/src/adapter/framework/package-manager/jni/apk_manifest_parser.h:21:10: fatal error: '../manifest_facts/include/manifest_version_v2.h' file not found
    #include "../manifest_facts/include/manifest_version_v2.h"
             ^~~~~~~~~~~~~~~~~~~~~~~~~~~~~~~~~~~~~~~~~~~~~~~~~
    1 error generated.
  Compiling unzip (C, minizip)... OK
  Compiling zip (C, minizip)... OK
  Compiling ioapi (C, minizip)... OK
  Compiling sha256 (C, minizip)... OK

  Compiled: 26/29
  Linking libapk_installer.so... FAIL
    ld.lld: error: undefined symbol: GameInstallPlanV1_Validate
    >>> referenced by game_install_plan_wire.cpp
    >>>               /tmp/apk_installer_build/game_install_plan_wire.o:(GameInstallPlanWire_Validate)
    clang-15: error: linker command failed with exit code 1 (use -v to see invocation)

