[0;34m[INFO][0m  build_adapter: targets=libapk_installer.so clean=0 dry_run=0 jobs=16 no_apply=1
[1;33m[WARN][0m  Phase 0 skipped via --no-apply (assuming OH source already patched)
[0;34m[INFO][0m  [libapk_installer.so] dispatching to compile_apk_installer.sh
[DEPRECATED] compile_apk_installer.sh is wrapped by build_adapter.sh — Phase 4 will absorb this
==========================================
  apk_installer compilation (ARM64)
==========================================
  Compiling apk_manifest_parser... OK
  Compiling apk_native_inventory... FAIL
    /Users/zhaoyue/orca/workspaces/westlake-harness-label/bms/src/adapter/framework/package-manager/jni/apk_native_inventory.cpp:1:10: fatal error: 'apk_native_inventory.h' file not found
    #include "apk_native_inventory.h"
             ^~~~~~~~~~~~~~~~~~~~~~~~
    1 error generated.
  Compiling apk_native_inventory_names... FAIL
    /Users/zhaoyue/orca/workspaces/westlake-harness-label/bms/src/adapter/framework/package-manager/jni/apk_native_inventory_names.cpp:1:10: fatal error: 'apk_native_inventory_names.h' file not found
    #include "apk_native_inventory_names.h"
             ^~~~~~~~~~~~~~~~~~~~~~~~~~~~~~
    1 error generated.
  Compiling apk_verify_result... OK
  Compiling apk_verifier_client... OK
  Compiling axml_parser... OK
  Compiling apk_installer... OK
  Compiling apk_label_resolver... OK
  Compiling icon_normalize... FAIL
    /Users/zhaoyue/orca/workspaces/westlake-harness-label/bms/src/adapter/framework/package-manager/jni/icon_normalize.cpp:12:10: fatal error: 'lodepng.h' file not found
    #include "lodepng.h"
             ^~~~~~~~~~~
    1 error generated.
  Compiling lodepng... FAIL
    /Users/zhaoyue/orca/workspaces/westlake-harness-label/bms/src/adapter/third_party/lodepng/lodepng.cpp:31:10: fatal error: 'lodepng.h' file not found
    #include "lodepng.h"
             ^~~~~~~~~~~
    1 error generated.
  Compiling arsc_resolver... OK
  Compiling permission_mapper... OK
  Compiling apk_signature_verifier... OK
  Compiling signing_metadata_v1... OK
  Compiling package_authority_service_v1... OK
  Compiling package_query_v1... OK
  Compiling elf_prepass_analyzer... FAIL
    /Users/zhaoyue/orca/workspaces/westlake-harness-label/bms/src/adapter/framework/package-manager/package_transaction/src/elf_prepass_analyzer.cpp:1:10: fatal error: 'elf_prepass_analyzer.h' file not found
    #include "elf_prepass_analyzer.h"
             ^~~~~~~~~~~~~~~~~~~~~~~~
    1 error generated.
  Compiling prepass_bundle... FAIL
    /Users/zhaoyue/orca/workspaces/westlake-harness-label/bms/src/adapter/framework/package-manager/package_transaction/src/prepass_bundle.cpp:1:10: fatal error: 'prepass_bundle.h' file not found
    #include "prepass_bundle.h"
             ^~~~~~~~~~~~~~~~~~
    1 error generated.
  Compiling package_transaction_v1... OK
  Compiling game_install_plan_wire... FAIL
    /Users/zhaoyue/orca/workspaces/westlake-harness-label/bms/src/adapter/framework/package-manager/jni/game_install_plan_wire.cpp:1:10: fatal error: 'game_install_plan_wire.h' file not found
    #include "game_install_plan_wire.h"
             ^~~~~~~~~~~~~~~~~~~~~~~~~~
    1 error generated.
  Compiling install_prepass_materializer... FAIL
    /Users/zhaoyue/orca/workspaces/westlake-harness-label/bms/src/adapter/framework/package-manager/jni/install_prepass_materializer.cpp:1:10: fatal error: 'install_prepass_materializer.h' file not found
    #include "install_prepass_materializer.h"
             ^~~~~~~~~~~~~~~~~~~~~~~~~~~~~~~~
    1 error generated.
  Compiling prepass_context_wire... FAIL
    /Users/zhaoyue/orca/workspaces/westlake-harness-label/bms/src/adapter/framework/package-manager/jni/prepass_context_wire.cpp:1:10: fatal error: 'prepass_context_wire.h' file not found
    #include "prepass_context_wire.h"
             ^~~~~~~~~~~~~~~~~~~~~~~~
    1 error generated.
  Compiling app_data_dir_provisioner... OK
  Compiling oh_adapter_install_apk_c_entry... FAIL
    /Users/zhaoyue/orca/workspaces/westlake-harness-label/bms/src/adapter/framework/package-manager/jni/oh_adapter_install_apk_c_entry.cpp:23:10: fatal error: 'apk_native_inventory.h' file not found
    #include "apk_native_inventory.h"
             ^~~~~~~~~~~~~~~~~~~~~~~~
    1 error generated.
  Compiling unzip (C, minizip)... OK
  Compiling zip (C, minizip)... OK
  Compiling ioapi (C, minizip)... OK
  Compiling sha256 (C, minizip)... OK

  Compiled: 18/28
  Linking libapk_installer.so... FAIL
    ld.lld: error: undefined symbol: OHOS::ForceCreateDirectory(std::__n1::basic_string<char, std::__n1::char_traits<char>, std::__n1::allocator<char>> const&)
    >>> referenced by apk_installer.cpp
    >>>               /tmp/apk_installer_build/apk_installer.o:(oh_adapter::ApkInstaller::DeployApk(std::__n1::basic_string<char, std::__n1::char_traits<char>, std::__n1::allocator<char>> const&, std::__n1::basic_string<char, std::__n1::char_traits<char>, std::__n1::allocator<char>> const&, int, int))
    >>> referenced by apk_installer.cpp
    >>>               /tmp/apk_installer_build/apk_installer.o:(oh_adapter::ApkInstaller::CreateInstallDirs(std::__n1::basic_string<char, std::__n1::char_traits<char>, std::__n1::allocator<char>> const&))

