[0;34m[INFO][0m  build_adapter: targets=libapk_installer.so clean=0 dry_run=0 jobs=16 no_apply=1
[1;33m[WARN][0m  Phase 0 skipped via --no-apply (assuming OH source already patched)
[0;34m[INFO][0m  [libapk_installer.so] dispatching to compile_apk_installer.sh
[DEPRECATED] compile_apk_installer.sh is wrapped by build_adapter.sh — Phase 4 will absorb this
==========================================
  apk_installer compilation (ARM64)
==========================================
  Compiling apk_manifest_parser... OK
  Compiling apk_native_inventory... OK
  Compiling apk_native_inventory_names... OK
  Compiling apk_verify_result... OK
  Compiling apk_verifier_client... OK
  Compiling axml_parser... OK
  Compiling apk_installer... OK
  Compiling apk_label_resolver... OK
  Compiling icon_normalize... OK
  Compiling lodepng... OK
  Compiling arsc_resolver... OK
  Compiling permission_mapper... OK
  Compiling apk_signature_verifier... OK
  Compiling signing_metadata_v1... OK
  Compiling package_authority_service_v1... OK
  Compiling package_query_v1... OK
  Compiling elf_prepass_analyzer... OK
  Compiling prepass_bundle... OK
  Compiling package_transaction_v1... OK
  Compiling game_install_plan_wire... OK
  Compiling install_prepass_materializer... OK
  Compiling prepass_context_wire... OK
  Compiling app_data_dir_provisioner... OK
  Compiling oh_adapter_install_apk_c_entry... FAIL
    /Users/zhaoyue/orca/workspaces/westlake-harness-label/bms/src/adapter/framework/package-manager/jni/oh_adapter_install_apk_c_entry.cpp:69:38: error: unknown type name 'GameInstallPlanWire'; did you mean 'GameInstallPlanV1'?
            static_cast<uint64_t>(sizeof(GameInstallPlanWire));
                                         ^~~~~~~~~~~~~~~~~~~
                                         GameInstallPlanV1
    /Users/zhaoyue/orca/workspaces/westlake-harness-label/bms/src/adapter/framework/package-manager/jni/game_install_plan_v1.h:58:3: note: 'GameInstallPlanV1' declared here
  Compiling unzip (C, minizip)... OK
  Compiling zip (C, minizip)... OK
  Compiling ioapi (C, minizip)... OK
  Compiling sha256 (C, minizip)... OK

  Compiled: 27/28
  Linking libapk_installer.so... FAIL
    ld.lld: error: undefined symbol: OHOS::ForceCreateDirectory(std::__n1::basic_string<char, std::__n1::char_traits<char>, std::__n1::allocator<char>> const&)
    >>> referenced by apk_installer.cpp
    >>>               /tmp/apk_installer_build/apk_installer.o:(oh_adapter::ApkInstaller::DeployApk(std::__n1::basic_string<char, std::__n1::char_traits<char>, std::__n1::allocator<char>> const&, std::__n1::basic_string<char, std::__n1::char_traits<char>, std::__n1::allocator<char>> const&, int, int))
    >>> referenced by apk_installer.cpp
    >>>               /tmp/apk_installer_build/apk_installer.o:(oh_adapter::ApkInstaller::CreateInstallDirs(std::__n1::basic_string<char, std::__n1::char_traits<char>, std::__n1::allocator<char>> const&))

