ok FZ-003 /Users/zhaoyue/orca/workspaces/westlake-harness-bms-deploy benchmark/2026-09-30-asset-fd-runtime/src/android_util_AssetManager_aosp.cpp e47ede07 (frozen e47ede07)
frozen: 3 entries, 1 checked, 0 violation(s)
[DEPRECATED] recipe.sh is wrapped by build_adapter.sh — Phase 4 will absorb this
==========================================
  liboh_android_runtime.so cross-compile
==========================================
AIDL: generating IInputConstants.h ...
  OK: /Users/zhaoyue/orca/workspaces/westlake-harness-bms-deploy/bms/src/.work/n3b-webview/runtime-objects/aidl-gen/headers/android/os/IInputConstants.h
LABELS: generating input.h-labels.h ...
  OK: /Users/zhaoyue/orca/workspaces/westlake-harness-bms-deploy/bms/src/.work/n3b-webview/runtime-objects/labels-gen/input.h-labels.h (1398 bytes)

  AOSP-ported register_* sources (C++20)

  linking liboh_android_runtime.so ...
  OK (3166760 bytes)
/Users/zhaoyue/orca/workspaces/westlake-harness-bms-deploy/bms/src/.work/n3b-webview/runtime-out/liboh_android_runtime.so: ELF 64-bit LSB shared object, ARM aarch64, version 1 (SYSV), dynamically linked, BuildID[sha1]=ab6bd96488402e813af90ca11bc64f4634aba171, with debug_info, not stripped
  Profile B runtime edge: PASS

==========================================
  Output: /Users/zhaoyue/orca/workspaces/westlake-harness-bms-deploy/bms/src/.work/n3b-webview/runtime-out/liboh_android_runtime.so
  Export check:
000000000018f6a0 T android::AndroidRuntime::startReg(_JNIEnv*)
0000000000190d30 T android::register_android_util_Log(_JNIEnv*)
00000000001a6c20 T android::register_android_content_AssetManager(_JNIEnv*)
==========================================
