1790589243
c254ebe7-927e-43cf-a322-6de47bb98f6d
18 26 0:19 / /dev rw,nosuid,relatime - tmpfs tmpfs rw,seclabel,mode=755
19 26 0:20 / /mnt rw,nosuid,relatime - tmpfs tmpfs rw,seclabel,mode=755
20 19 0:21 / /mnt/data rw,nosuid,relatime shared:1 - tmpfs tmpfs rw,seclabel,mode=755
21 26 0:22 / /storage rw,nosuid,nodev,noexec,relatime - tmpfs tmpfs rw,seclabel,mode=755
22 18 0:23 / /dev/pts rw,relatime - devpts devpts rw,seclabel,mode=600,ptmxmode=000
23 26 0:24 / /proc rw,relatime - proc proc rw,gid=3009,hidepid=invisible
24 26 0:25 / /sys rw,relatime - sysfs sysfs rw,seclabel
25 24 0:17 / /sys/fs/selinux rw,relatime - selinuxfs selinuxfs rw
26 1 259:32 / / rw,relatime - ext4 /dev/block/platform/soc/soc:ap-ahb/22000000.ufs/by-name/system rw,seclabel
27 26 259:33 / /vendor rw,relatime - ext4 /dev/block/platform/soc/soc:ap-ahb/22000000.ufs/by-name/vendor rw,seclabel
28 26 259:34 / /sys_prod ro,relatime - ext4 /dev/block/platform/soc/soc:ap-ahb/22000000.ufs/by-name/sys_prod ro,seclabel
29 26 259:48 / /data rw,relatime - f2fs /dev/block/platform/soc/soc:ap-ahb/22000000.ufs/by-name/userdata rw,lazytime,seclabel,background_gc=on,discard,no_heap,user_xattr,inline_xattr,acl,inline_data,inline_dentry,flush_merge,extent_cache,mode=adaptive,active_logs=6,alloc_mode=default,checkpoint_merge,fsync_mode=posix,discard_unit=block
30 26 0:26 / /module_update rw,nosuid,nodev,noexec,relatime shared:2 - tmpfs tmpfs rw,seclabel,mode=755
31 26 0:16 / /config rw,nosuid,nodev,noexec,relatime - configfs none rw
32 24 0:6 / /sys/kernel/debug rw,relatime - debugfs /sys/kernel/debug rw,seclabel,mode=755
33 24 0:11 / /sys/kernel/tracing rw,relatime - tracefs /sys/kernel/tracing rw,seclabel
34 32 0:11 / /sys/kernel/debug/tracing rw,relatime - tracefs tracefs rw,seclabel
35 18 0:27 / /dev/cpuset rw,relatime - cgroup none rw,cpuset,clone_children
36 18 0:28 / /dev/cpuctl rw,relatime - cgroup none rw,cpu
39 24 0:29 / /sys/fs/pstore rw,nosuid,nodev,noexec,relatime - pstore pstore rw,seclabel
40 18 0:30 / /dev/memcg rw,relatime - cgroup none rw,memory
41 18 0:31 / /dev/frz rw,relatime - cgroup none rw,freezer
42 19 0:20 /user/100/nosharefs/docs /mnt/user/100/nosharefs/docs rw,nosuid,relatime shared:3 - tmpfs tmpfs rw,seclabel,mode=755
43 19 0:20 /user/100/sharefs/docs /mnt/user/100/sharefs/docs rw,nosuid,relatime shared:4 - tmpfs tmpfs rw,seclabel,mode=755
44 19 259:48 /app/el1/100/base /mnt/user/100/nosharefs/appdata/el1/base rw,relatime - f2fs /dev/block/platform/soc/soc:ap-ahb/22000000.ufs/by-name/userdata rw,lazytime,seclabel,background_gc=on,discard,no_heap,user_xattr,inline_xattr,acl,inline_data,inline_dentry,flush_merge,extent_cache,mode=adaptive,active_logs=6,alloc_mode=default,checkpoint_merge,fsync_mode=posix,discard_unit=block
45 18 0:32 / /dev/usb-ffs/hdc rw,relatime - functionfs hdc rw
46 18 0:33 / /dev/usb-ffs/mtp rw,relatime - functionfs mtp rw
47 18 0:34 / /dev/usb-ffs/ptp rw,relatime - functionfs ptp rw
181 19 0:37 / /mnt/hmdfs/100/account rw,nodev,relatime - hmdfs /data/service/el2/100/hmdfs/account rw,insensitive,merge_enable,ra_pages=512,user_id=100,cache_dir=/data/service/el2/100/hmdfs/cache/account_cache/,real_dst=/mnt/hmdfs/100/account,cloud_dir=/mnt/data/100/cloud,offline_stash,dentry_cache
183 21 0:37 /device_view /storage/media/100 rw,nodev,relatime - hmdfs /data/service/el2/100/hmdfs/account rw,insensitive,merge_enable,ra_pages=512,user_id=100,cache_dir=/data/service/el2/100/hmdfs/cache/account_cache/,real_dst=/mnt/hmdfs/100/account,cloud_dir=/mnt/data/100/cloud,offline_stash,dentry_cache
185 21 0:37 /cloud_merge_view /storage/cloud/100 rw,nodev,relatime - hmdfs /data/service/el2/100/hmdfs/account rw,insensitive,merge_enable,ra_pages=512,user_id=100,cache_dir=/data/service/el2/100/hmdfs/cache/account_cache/,real_dst=/mnt/hmdfs/100/account,cloud_dir=/mnt/data/100/cloud,offline_stash,dentry_cache
197 185 0:37 /device_view/local/files/Docs /storage/cloud/100/files/Docs rw,nodev,relatime - hmdfs /data/service/el2/100/hmdfs/account rw,insensitive,merge_enable,ra_pages=512,user_id=100,cache_dir=/data/service/el2/100/hmdfs/cache/account_cache/,real_dst=/mnt/hmdfs/100/account,cloud_dir=/mnt/data/100/cloud,offline_stash,dentry_cache
200 19 0:38 / /mnt/hmdfs/100/non_account rw,nodev,relatime - hmdfs /data/service/el2/100/hmdfs/non_account rw,insensitive,merge_enable,ra_pages=512,user_id=100,cache_dir=/data/service/el2/100/hmdfs/cache/non_account_cache/,real_dst=/mnt/hmdfs/100/non_account,cloud_dir=/mnt/data/100/cloud,offline_stash,dentry_cache
202 19 0:39 / /mnt/hmdfs/100/cloud rw,nodev,relatime - hmdfs /mnt/data/100/cloud_fuse rw,insensitive,merge_disable,ra_pages=512,user_id=100,cache_dir=/data/service/el2/100/hmdfs/cloud/,real_dst=/mnt/hmdfs/100/cloud,offline_stash,dentry_cache
203 19 0:40 / /mnt/share/100 rw,nodev,relatime - sharefs /data/service/el2/100/share rw,seclabel
204 19 259:48 /app/el2/100/base /mnt/user/100/nosharefs/appdata/el2/base rw,relatime - f2fs /dev/block/platform/soc/soc:ap-ahb/22000000.ufs/by-name/userdata rw,lazytime,seclabel,background_gc=on,discard,no_heap,user_xattr,inline_xattr,acl,inline_data,inline_dentry,flush_merge,extent_cache,mode=adaptive,active_logs=6,alloc_mode=default,checkpoint_merge,fsync_mode=posix,discard_unit=block
205 19 0:37 /merge_view/data /mnt/user/100/nosharefs/appdata/el2/distributedfiles rw,nodev,relatime - hmdfs /data/service/el2/100/hmdfs/account rw,insensitive,merge_enable,ra_pages=512,user_id=100,cache_dir=/data/service/el2/100/hmdfs/cache/account_cache/,real_dst=/mnt/hmdfs/100/account,cloud_dir=/mnt/data/100/cloud,offline_stash,dentry_cache
206 19 259:48 /app/el5/100/base /mnt/user/100/nosharefs/appdata/el5/base rw,relatime - f2fs /dev/block/platform/soc/soc:ap-ahb/22000000.ufs/by-name/userdata rw,lazytime,seclabel,background_gc=on,discard,no_heap,user_xattr,inline_xattr,acl,inline_data,inline_dentry,flush_merge,extent_cache,mode=adaptive,active_logs=6,alloc_mode=default,checkpoint_merge,fsync_mode=posix,discard_unit=block
207 19 0:41 / /mnt/user/100/currentUser/other rw,nodev,relatime shared:5 - sharefs /storage/media/100/local/files/Docs rw,seclabel
208 207 0:42 / /mnt/user/100/currentUser/other/appdata rw,nodev,relatime shared:6 - sharefs /mnt/user/100/nosharefs/appdata rw,seclabel
209 19 0:37 /device_view/local/files/Docs /mnt/user/100/currentUser/filemgr rw,nodev,relatime - hmdfs /data/service/el2/100/hmdfs/account rw,insensitive,merge_enable,ra_pages=512,user_id=100,cache_dir=/data/service/el2/100/hmdfs/cache/account_cache/,real_dst=/mnt/hmdfs/100/account,cloud_dir=/mnt/data/100/cloud,offline_stash,dentry_cache
210 209 0:43 / /mnt/user/100/currentUser/filemgr/appdata rw,nodev,relatime - sharefs /mnt/user/100/nosharefs/appdata rw,seclabel
211 43 0:41 / /mnt/user/100/sharefs/docs/currentUser rw,nodev,relatime shared:5 - sharefs /storage/media/100/local/files/Docs rw,seclabel
212 211 0:42 / /mnt/user/100/sharefs/docs/currentUser/appdata rw,nodev,relatime shared:6 - sharefs /mnt/user/100/nosharefs/appdata rw,seclabel
213 42 0:37 /device_view/local/files/Docs /mnt/user/100/nosharefs/docs/currentUser rw,nodev,relatime shared:7 - hmdfs /data/service/el2/100/hmdfs/account rw,insensitive,merge_enable,ra_pages=512,user_id=100,cache_dir=/data/service/el2/100/hmdfs/cache/account_cache/,real_dst=/mnt/hmdfs/100/account,cloud_dir=/mnt/data/100/cloud,offline_stash,dentry_cache
214 213 0:43 / /mnt/user/100/nosharefs/docs/currentUser/appdata rw,nodev,relatime shared:8 - sharefs /mnt/user/100/nosharefs/appdata rw,seclabel
50 20 0:45 / /mnt/data/100/media_fuse/Photo rw,nosuid,nodev,noexec,noatime shared:9 - fuse /dev/fuse rw,fscontext=u:object_r:hmdfs:s0,context=u:object_r:hmdfs:s0,user_id=0,group_id=0,default_permissions,allow_other
123 26 259:48 /pr03-74e6-portable/android /system/android rw,relatime - f2fs /dev/block/platform/soc/soc:ap-ahb/22000000.ufs/by-name/userdata rw,lazytime,seclabel,background_gc=on,discard,no_heap,user_xattr,inline_xattr,acl,inline_data,inline_dentry,flush_merge,extent_cache,mode=adaptive,active_logs=6,alloc_mode=default,checkpoint_merge,fsync_mode=posix,discard_unit=block
124 26 259:48 /pr03-74e6-portable/route /system/lib64/westlake/route-a/74e6f75976087d7890088b29c08482f17573a588fa5857cb6ca39264838ce16d rw,relatime - f2fs /dev/block/platform/soc/soc:ap-ahb/22000000.ufs/by-name/userdata rw,lazytime,seclabel,background_gc=on,discard,no_heap,user_xattr,inline_xattr,acl,inline_data,inline_dentry,flush_merge,extent_cache,mode=adaptive,active_logs=6,alloc_mode=default,checkpoint_merge,fsync_mode=posix,discard_unit=block
125 123 259:48 /pr03-74e6-portable/route/liblzma.so /system/android/lib64/liblzma.so rw,relatime - f2fs /dev/block/platform/soc/soc:ap-ahb/22000000.ufs/by-name/userdata rw,lazytime,seclabel,background_gc=on,discard,no_heap,user_xattr,inline_xattr,acl,inline_data,inline_dentry,flush_merge,extent_cache,mode=adaptive,active_logs=6,alloc_mode=default,checkpoint_merge,fsync_mode=posix,discard_unit=block
126 26 259:48 /pr03-74e6-portable/runtime/libwestlake_android_child.z.so /system/lib64/appspawn/libwestlake_android_child.z.so rw,relatime - f2fs /dev/block/platform/soc/soc:ap-ahb/22000000.ufs/by-name/userdata rw,lazytime,seclabel,background_gc=on,discard,no_heap,user_xattr,inline_xattr,acl,inline_data,inline_dentry,flush_merge,extent_cache,mode=adaptive,active_logs=6,alloc_mode=default,checkpoint_merge,fsync_mode=posix,discard_unit=block
127 26 259:48 /pr03-74e6-portable/runtime/appspawn-x /system/bin/appspawn-x rw,relatime - f2fs /dev/block/platform/soc/soc:ap-ahb/22000000.ufs/by-name/userdata rw,lazytime,seclabel,background_gc=on,discard,no_heap,user_xattr,inline_xattr,acl,inline_data,inline_dentry,flush_merge,extent_cache,mode=adaptive,active_logs=6,alloc_mode=default,checkpoint_merge,fsync_mode=posix,discard_unit=block
128 26 259:48 /pr03-74e6-portable/runtime/appdata-sandbox.json /system/etc/sandbox/appdata-sandbox.json rw,relatime - f2fs /dev/block/platform/soc/soc:ap-ahb/22000000.ufs/by-name/userdata rw,lazytime,seclabel,background_gc=on,discard,no_heap,user_xattr,inline_xattr,acl,inline_data,inline_dentry,flush_merge,extent_cache,mode=adaptive,active_logs=6,alloc_mode=default,checkpoint_merge,fsync_mode=posix,discard_unit=block
129 26 259:48 /pr03-74e6-portable/route/libwestlake_thread_guard_registry.so /system/lib64/libwestlake_thread_guard_registry.so rw,relatime - f2fs /dev/block/platform/soc/soc:ap-ahb/22000000.ufs/by-name/userdata rw,lazytime,seclabel,background_gc=on,discard,no_heap,user_xattr,inline_xattr,acl,inline_data,inline_dentry,flush_merge,extent_cache,mode=adaptive,active_logs=6,alloc_mode=default,checkpoint_merge,fsync_mode=posix,discard_unit=block
130 123 259:48 /zigzag-apk-lightup/candidates/strict-20260809T160651Z-21101/liboh_adapter_bridge.so /system/android/lib64/liboh_adapter_bridge.so rw,relatime - f2fs /dev/block/platform/soc/soc:ap-ahb/22000000.ufs/by-name/userdata rw,lazytime,seclabel,background_gc=on,discard,no_heap,user_xattr,inline_xattr,acl,inline_data,inline_dentry,flush_merge,extent_cache,mode=adaptive,active_logs=6,alloc_mode=default,checkpoint_merge,fsync_mode=posix,discard_unit=block
131 124 259:48 /zigzag-apk-lightup/candidates/strict-20260809T160651Z-21101/libwestlake_android_runtime_provider.so /system/lib64/westlake/route-a/74e6f75976087d7890088b29c08482f17573a588fa5857cb6ca39264838ce16d/libwestlake_android_runtime_provider.so rw,relatime - f2fs /dev/block/platform/soc/soc:ap-ahb/22000000.ufs/by-name/userdata rw,lazytime,seclabel,background_gc=on,discard,no_heap,user_xattr,inline_xattr,acl,inline_data,inline_dentry,flush_merge,extent_cache,mode=adaptive,active_logs=6,alloc_mode=default,checkpoint_merge,fsync_mode=posix,discard_unit=block
132 126 259:48 /zigzag-apk-lightup/candidates/strict-20260809T160651Z-21101/libwestlake_android_child.z.so /system/lib64/appspawn/libwestlake_android_child.z.so rw,relatime - f2fs /dev/block/platform/soc/soc:ap-ahb/22000000.ufs/by-name/userdata rw,lazytime,seclabel,background_gc=on,discard,no_heap,user_xattr,inline_xattr,acl,inline_data,inline_dentry,flush_merge,extent_cache,mode=adaptive,active_logs=6,alloc_mode=default,checkpoint_merge,fsync_mode=posix,discard_unit=block
133 127 259:48 /zigzag-apk-lightup/candidates/strict-20260809T160651Z-21101/appspawn-x /system/bin/appspawn-x rw,relatime - f2fs /dev/block/platform/soc/soc:ap-ahb/22000000.ufs/by-name/userdata rw,lazytime,seclabel,background_gc=on,discard,no_heap,user_xattr,inline_xattr,acl,inline_data,inline_dentry,flush_merge,extent_cache,mode=adaptive,active_logs=6,alloc_mode=default,checkpoint_merge,fsync_mode=posix,discard_unit=block
134 123 259:48 /zigzag-apk-lightup/candidates/strict-20260809T160651Z-21101/oh-adapter-runtime.jar /system/android/framework/oh-adapter-runtime.jar rw,relatime - f2fs /dev/block/platform/soc/soc:ap-ahb/22000000.ufs/by-name/userdata rw,lazytime,seclabel,background_gc=on,discard,no_heap,user_xattr,inline_xattr,acl,inline_data,inline_dentry,flush_merge,extent_cache,mode=adaptive,active_logs=6,alloc_mode=default,checkpoint_merge,fsync_mode=posix,discard_unit=block
135 123 259:48 /zigzag-apk-lightup/candidates/strict-20260809T160651Z-21101/libwestlake_bionic_pthread_bridge.so /system/android/lib64/libwestlake_bionic_pthread_bridge.so rw,relatime - f2fs /dev/block/platform/soc/soc:ap-ahb/22000000.ufs/by-name/userdata rw,lazytime,seclabel,background_gc=on,discard,no_heap,user_xattr,inline_xattr,acl,inline_data,inline_dentry,flush_merge,extent_cache,mode=adaptive,active_logs=6,alloc_mode=default,checkpoint_merge,fsync_mode=posix,discard_unit=block
136 123 259:48 /zigzag-apk-lightup/candidates/strict-20260809T160651Z-21101/libnativeloader.so /system/android/lib64/libnativeloader.so rw,relatime - f2fs /dev/block/platform/soc/soc:ap-ahb/22000000.ufs/by-name/userdata rw,lazytime,seclabel,background_gc=on,discard,no_heap,user_xattr,inline_xattr,acl,inline_data,inline_dentry,flush_merge,extent_cache,mode=adaptive,active_logs=6,alloc_mode=default,checkpoint_merge,fsync_mode=posix,discard_unit=block
137 124 259:48 /zigzag-apk-lightup/candidates/strict-20260809T160651Z-21101/libnativeloader.so /system/lib64/westlake/route-a/74e6f75976087d7890088b29c08482f17573a588fa5857cb6ca39264838ce16d/libnativeloader.so rw,relatime - f2fs /dev/block/platform/soc/soc:ap-ahb/22000000.ufs/by-name/userdata rw,lazytime,seclabel,background_gc=on,discard,no_heap,user_xattr,inline_xattr,acl,inline_data,inline_dentry,flush_merge,extent_cache,mode=adaptive,active_logs=6,alloc_mode=default,checkpoint_merge,fsync_mode=posix,discard_unit=block
138 123 259:48 /zigzag-apk-lightup/candidates/strict-20260809T160651Z-21101/libandroid.so /system/android/lib64/libandroid.so rw,relatime - f2fs /dev/block/platform/soc/soc:ap-ahb/22000000.ufs/by-name/userdata rw,lazytime,seclabel,background_gc=on,discard,no_heap,user_xattr,inline_xattr,acl,inline_data,inline_dentry,flush_merge,extent_cache,mode=adaptive,active_logs=6,alloc_mode=default,checkpoint_merge,fsync_mode=posix,discard_unit=block
140 29 259:48 /zigzag-apk-lightup/candidates/strict-20260809T160651Z-21101/libmediandk.so /data/app/el1/bundle/public/com.a2hlab.bridge.zigzag/android/lib/arm64-v8a/libmediandk.so rw,relatime - f2fs /dev/block/platform/soc/soc:ap-ahb/22000000.ufs/by-name/userdata rw,lazytime,seclabel,background_gc=on,discard,no_heap,user_xattr,inline_xattr,acl,inline_data,inline_dentry,flush_merge,extent_cache,mode=adaptive,active_logs=6,alloc_mode=default,checkpoint_merge,fsync_mode=posix,discard_unit=block
141 29 259:48 /zigzag-apk-lightup/candidates/strict-20260809T160651Z-21101/libwestlake_bionic_signal_box.so /data/app/el1/bundle/public/com.a2hlab.bridge.zigzag/android/lib/arm64-v8a/libwestlake_bionic_signal_box.so rw,relatime - f2fs /dev/block/platform/soc/soc:ap-ahb/22000000.ufs/by-name/userdata rw,lazytime,seclabel,background_gc=on,discard,no_heap,user_xattr,inline_xattr,acl,inline_data,inline_dentry,flush_merge,extent_cache,mode=adaptive,active_logs=6,alloc_mode=default,checkpoint_merge,fsync_mode=posix,discard_unit=block
142 29 259:48 /zigzag-apk-lightup/candidates/strict-20260809T160651Z-21101/libmain.so /data/app/el1/bundle/public/com.a2hlab.bridge.zigzag/android/lib/arm64-v8a/libmain.so rw,relatime - f2fs /dev/block/platform/soc/soc:ap-ahb/22000000.ufs/by-name/userdata rw,lazytime,seclabel,background_gc=on,discard,no_heap,user_xattr,inline_xattr,acl,inline_data,inline_dentry,flush_merge,extent_cache,mode=adaptive,active_logs=6,alloc_mode=default,checkpoint_merge,fsync_mode=posix,discard_unit=block
143 29 259:48 /zigzag-apk-lightup/candidates/strict-20260809T160651Z-21101/libil2cpp.so /data/app/el1/bundle/public/com.a2hlab.bridge.zigzag/android/lib/arm64-v8a/libil2cpp.so rw,relatime - f2fs /dev/block/platform/soc/soc:ap-ahb/22000000.ufs/by-name/userdata rw,lazytime,seclabel,background_gc=on,discard,no_heap,user_xattr,inline_xattr,acl,inline_data,inline_dentry,flush_merge,extent_cache,mode=adaptive,active_logs=6,alloc_mode=default,checkpoint_merge,fsync_mode=posix,discard_unit=block
144 29 259:48 /zigzag-apk-lightup/candidates/strict-20260809T160651Z-21101/libtuanjie.so /data/app/el1/bundle/public/com.a2hlab.bridge.zigzag/android/lib/arm64-v8a/libtuanjie.so rw,relatime - f2fs /dev/block/platform/soc/soc:ap-ahb/22000000.ufs/by-name/userdata rw,lazytime,seclabel,background_gc=on,discard,no_heap,user_xattr,inline_xattr,acl,inline_data,inline_dentry,flush_merge,extent_cache,mode=adaptive,active_logs=6,alloc_mode=default,checkpoint_merge,fsync_mode=posix,discard_unit=block
OpenHarmony-6.1.0.31 
