Traceback (most recent call last):
  File "/home/zhaoyue/a2hlab/harness-venv/bin/westlake-apk-gap", line 8, in <module>
    sys.exit(main())
             ^^^^^^
  File "/Users/zhaoyue/orca/workspaces/westlake-harness/harness/westlake_gap/cli.py", line 550, in main
    value = scan_apk(
            ^^^^^^^^^
  File "/Users/zhaoyue/orca/workspaces/westlake-harness/harness/westlake_gap/scanner.py", line 1098, in scan_apk
    elf_records = apk_elf_inventory(path) if include_elf else []
                  ^^^^^^^^^^^^^^^^^^^^^^^
  File "/Users/zhaoyue/orca/workspaces/westlake-harness/harness/westlake_gap/scanner.py", line 936, in apk_elf_inventory
    _append_elf_records(archive, "", records)
  File "/Users/zhaoyue/orca/workspaces/westlake-harness/harness/westlake_gap/scanner.py", line 964, in _append_elf_records
    record = read_elf(
             ^^^^^^^^^
  File "/Users/zhaoyue/orca/workspaces/westlake-harness/harness/westlake_gap/scanner.py", line 278, in read_elf
    proc = subprocess.run(
           ^^^^^^^^^^^^^^^
  File "/usr/lib/python3.12/subprocess.py", line 550, in run
    stdout, stderr = process.communicate(input, timeout=timeout)
                     ^^^^^^^^^^^^^^^^^^^^^^^^^^^^^^^^^^^^^^^^^^^
  File "/usr/lib/python3.12/subprocess.py", line 1209, in communicate
    stdout, stderr = self._communicate(input, endtime, timeout)
                     ^^^^^^^^^^^^^^^^^^^^^^^^^^^^^^^^^^^^^^^^^^
  File "/usr/lib/python3.12/subprocess.py", line 2153, in _communicate
    stdout = self._translate_newlines(stdout,
             ^^^^^^^^^^^^^^^^^^^^^^^^^^^^^^^^
  File "/usr/lib/python3.12/subprocess.py", line 1086, in _translate_newlines
    data = data.decode(encoding, errors)
           ^^^^^^^^^^^^^^^^^^^^^^^^^^^^^
UnicodeDecodeError: 'utf-8' codec can't decode byte 0xd0 in position 4421411: invalid continuation byte
