{
 "scope": "static only; no board access",
 "checks": {
  "exactly_100_apps": true,
  "unique_packages": true,
  "unique_artifacts": true,
  "corpus_outputs_present": true,
  "ignored_maps_reported": true,
  "toutiao_present_fd_k9_absent": true,
  "leaderboard_exact_membership": true,
  "leaderboard_header_100": true,
  "resume_log_100_ok": true,
  "resume_log_no_failure": true,
  "all_app_checks": true
 },
 "errors": [],
 "native_upcalls_available_apps": 0,
 "indexed_provider_libraries": 197,
 "output_directory_extras": {
  "scans": [
   "fd-k9"
  ],
  "oh": [
   "fd-k9"
  ],
  "maps": [
   "fd-k9"
  ]
 },
 "abi_filter_changed_oh_apps": 21,
 "complete": true
}
