ok FZ-003 /Users/zhaoyue/orca/workspaces/westlake-harness-bms-deploy benchmark/2026-09-30-asset-fd-runtime/src/android_util_AssetManager_aosp.cpp e47ede07 (frozen e47ede07)
frozen: 3 entries, 1 checked, 0 violation(s)
[DEPRECATED] runtime-recipe.sh is wrapped by build_adapter.sh — Phase 4 will absorb this
==========================================
  liboh_android_runtime.so cross-compile
==========================================
AIDL: generating IInputConstants.h ...
  OK: /Users/zhaoyue/orca/workspaces/westlake-harness-bms-deploy/bms/src/.work/n1-native/runtime-objects/aidl-gen/headers/android/os/IInputConstants.h
LABELS: generating input.h-labels.h ...
  OK: /Users/zhaoyue/orca/workspaces/westlake-harness-bms-deploy/bms/src/.work/n1-native/runtime-objects/labels-gen/input.h-labels.h (1398 bytes)
  AndroidRuntime.cpp ... OK (28352 bytes)
  android_graphics_compat_shim.cpp ... OK (44176 bytes)
  android_view_SurfaceControl.cpp ... OK (53040 bytes)

  AOSP-ported register_* sources (C++20)
  android_util_AssetManager_aosp.cpp ... OK (92664 bytes)

  linking liboh_android_runtime.so ...
  OK (2290920 bytes)
/Users/zhaoyue/orca/workspaces/westlake-harness-bms-deploy/bms/src/.work/n1-native/runtime-out/liboh_android_runtime.so: ELF 64-bit LSB shared object, ARM aarch64, version 1 (SYSV), dynamically linked, BuildID[sha1]=7d903acb8c299e361d58f3bcee6bf44a23643c64, with debug_info, not stripped
  Profile B runtime edge: PASS

==========================================
  Output: /Users/zhaoyue/orca/workspaces/westlake-harness-bms-deploy/bms/src/.work/n1-native/runtime-out/liboh_android_runtime.so
  Export check:
0000000000181258 T android::AndroidRuntime::startReg(_JNIEnv*)
00000000001827ec T android::register_android_util_Log(_JNIEnv*)
00000000001986dc T android::register_android_content_AssetManager(_JNIEnv*)
==========================================
