[AppSpawnX] [CHILD] native stderr redirected to /data/local/tmp/adapter_child_11090.stderr
[AppSpawnX][W] [CHILD] oh_typeface_mark_child unavailable — Typeface real-init won't fire (font rendering will degrade): do_dlsym failed: Symbol not found: oh_typeface_mark_child, version: null so=/data/local/tmp/asx/liboh_hwui_shim.so
[AppSpawnX] applyAccessToken: id=0x200ea867 apl=normal
[AppSpawnX] applyAccessToken: SetSelfTokenID(0x200ea867) OK
[WESTLAKE-APP-PRIV] cpuProfile=top-app before app credentials uid=0
[AppSpawnX] Applying DAC: uid=20010053 gid=20010053 gids_count=1
[AppSpawnX][D] Set 4 supplementary groups (incl netsys_socket 1097, inet 3003/3004)
[AppSpawnX] [NET-FIX] granted oh_sock_permission_map[20010053]=1 at spawn (rc=32512)
[AppSpawnX][D] Set GID to 20010053
[AppSpawnX][D] Set UID to 20010053
[AppSpawnX] DAC applied: running as uid=20010053 gid=20010053
[AppSpawnX] Setting up sandbox for org.westlake.imehost
[AppSpawnX][D] Sandbox setup: TODO – filesystem isolation not yet implemented
[AppSpawnX][D]   APK path: 
[AppSpawnX][D]   Native libs: 
[AppSpawnX][D]   Bundle data: /data/data/org.westlake.imehost/
[AppSpawnX] applySELinux: apl=normal pkg=org.westlake.imehost hapFlags=0 uid=20010053
[AppSpawnX] applySELinux: child secon transitioned successfully (apl=normal)
[WESTLAKE-APP-PRIV] cpu affinity=0-5 reserve=2
[WESTLAKE-APP-PRIV] finalized uid=20010053 CapEff=0 CapPrm=0 boundingDropped=41 niceFloor=-4 cpuProfile=top-app
[AppSpawnX] [ZYG] >>> ZygoteHooks.postForkChild() (child)
nullptr I 09-26 04:44:38 11090 11090 heap.cc:4755] Using CollectorType(2) GC.
nullptr W 09-26 04:44:38 11090 11090 jit_memory_region.cc:152] [WESTLAKE-OH-JIT] memfd RX denied (13); using ART anonymous cache with RWX updates permitted by caller
nullptr D 09-26 04:44:38 11090 11090 reporter.cc:65] Received session metadata: 6093364737685770833
[AppSpawnX] [ZYG] <<< ZygoteHooks.postForkChild() OK
[AppSpawnX] [ZYG] >>> ZygoteHooks.postForkCommon()
[AppSpawnX] [ZYG] <<< ZygoteHooks.postForkCommon() OK
[AppSpawnX] [CHILD] post-fork framework services installed
[CHILD] SigchainStartReassert not found
[AppSpawnX] Child post-fork initialization starting
[AppSpawnX][D] Thread already attached to VM in child process
[AppSpawnX] Child post-fork initialization complete (OH IPC mode)
[CHILD] startReg re-register: libRt=0xa38c64d6eba864a3 (ok)
[liboh_android_runtime] startReg entering (38 modules)
[liboh_android_runtime] cached JavaVM=0x7fb99f3e20
[liboh_android_runtime]   ok register_android_util_Log
[WESTLAKE-504] libcore.io.Memory bound 3/3 (essential failures=0)
[liboh_android_runtime]   ok register_libcore_io_Memory
[liboh_android_runtime]   ok register_westlake_class_library_services
SOURCE_LIBCORE_LINUX_REGISTERED
[liboh_android_runtime]   ok register_westlake_linux_memory
[liboh_android_runtime] register_android_util_EventLog: 7 methods (5 writeEvent overloads + 2 readEvents)
[liboh_android_runtime]   ok register_android_util_EventLog
[liboh_android_runtime]   ok register_android_app_Activity
[liboh_android_runtime]   ok register_android_os_SystemProperties
[liboh_android_runtime]   ok register_android_os_Trace
[liboh_android_runtime]   ok register_android_os_Process
[liboh_android_runtime]   ok register_android_os_incremental_IncrementalManager
[liboh_android_runtime]   ok register_android_os_SystemClock
[liboh_android_runtime]   ok register_android_os_Binder
[liboh_android_runtime]   ok register_android_os_Parcel
[liboh_android_runtime]   ok register_android_hardware_HardwareBuffer
[liboh_android_runtime]   ok register_android_hardware_OverlayProperties
[liboh_android_runtime]   ok register_android_os_SharedMemory
[liboh_android_runtime]   ok register_android_view_SurfaceControl
[liboh_android_runtime] register_android_view_SurfaceSession: 2 methods (nativeCreate, nativeDestroy)
[liboh_android_runtime]   ok register_android_view_SurfaceSession
[WESTLAKE-SURFACETEXTURE] registered 12/12 JNI methods
[liboh_android_runtime]   ok register_android_graphics_SurfaceTexture_oh
[WESTLAKE-TEXTUREVIEW] register rc=0
[liboh_android_runtime]   ok register_android_view_TextureView_oh
[liboh_android_runtime] register_android_view_DisplayEventReceiver: 4 methods (Init, Finalizer, ScheduleVsync, GetLatestVsyncEventData)
[liboh_android_runtime]   ok register_android_view_DisplayEventReceiver
[liboh_android_runtime] register_android_view_InputChannel: 8 methods (NO_INPUT_EVENT_TRANSPORT baseline)
[liboh_android_runtime]   ok register_android_view_InputChannel
[liboh_android_runtime]   ok register_android_view_KeyCharacterMap
[liboh_android_runtime]   ok register_android_view_MotionEvent
[liboh_android_runtime]   ok register_android_view_VelocityTracker
[liboh_android_runtime]   ok register_android_view_InputEventReceiver
[liboh_android_runtime]   ok register_android_content_AssetManager
[liboh_android_runtime]   ok register_android_os_MessageQueue
[liboh_android_runtime]   ok register_android_content_res_ApkAssets
[liboh_android_runtime]   ok register_android_content_StringBlock
[liboh_android_runtime]   ok register_android_content_XmlBlock
[liboh_android_runtime]   ok register_com_android_internal_os_ClassLoaderFactory
[liboh_android_runtime]   ok register_com_android_internal_util_VirtualRefBasePtr
[liboh_android_runtime]   ok register_android_os_GraphicsEnvironment
[liboh_android_runtime]   ok register_libcore_util_NativeAllocationRegistry_guard
[liboh_android_runtime]   ok register_android_animation_PropertyValuesHolder
[SQLiteConnection] registered 31/31 framework-declared natives
[liboh_android_runtime]   ok register_android_database_SQLiteConnection
[liboh_android_runtime]   ok register_android_database_CursorWindow
[liboh_android_runtime] kRegJNI loop done: 38 ok, 0 failed
[liboh_android_runtime] dlopen libhwui.so OK
[SOURCE-HWUI] register module 1/52
[SOURCE-HWUI] register module 2/52
[SOURCE-HWUI] register module 3/52
[SOURCE-HWUI] register module 4/52
[SOURCE-HWUI] register module 5/52
[SOURCE-HWUI] register module 6/52
[SOURCE-HWUI] register module 7/52
[SOURCE-HWUI] register module 8/52
[SOURCE-HWUI] register module 9/52
[SOURCE-HWUI] register module 10/52
[SOURCE-HWUI] register module 11/52
[SOURCE-HWUI] register module 12/52
[SOURCE-HWUI] register module 13/52
[SOURCE-HWUI] register module 14/52
[SOURCE-HWUI] register module 15/52
[SOURCE-HWUI] register module 16/52
[SOURCE-HWUI] register module 17/52
[SOURCE-HWUI] register module 18/52
[SOURCE-HWUI] register module 19/52
[SOURCE-HWUI] register module 20/52
[SOURCE-HWUI] register module 21/52
[SOURCE-HWUI] register module 22/52
[SOURCE-HWUI] register module 23/52
[SOURCE-HWUI] register module 24/52
[SOURCE-HWUI] register module 25/52
[SOURCE-HWUI] register module 26/52
[SOURCE-HWUI] register module 27/52
[SOURCE-HWUI] register module 28/52
[SOURCE-HWUI] register module 29/52
[SOURCE-HWUI] register module 30/52
[SOURCE-HWUI] register module 31/52
[SOURCE-HWUI] register module 32/52
[SOURCE-HWUI] register module 33/52
[SOURCE-HWUI] register module 34/52
[SOURCE-HWUI] register module 35/52
[SOURCE-HWUI] register module 36/52
[SOURCE-HWUI] register module 37/52
[SOURCE-HWUI] register module 38/52
[SOURCE-HWUI] register module 39/52
[SOURCE-HWUI] register module 40/52
[SOURCE-HWUI] register module 41/52
[SOURCE-HWUI] register module 42/52
[SOURCE-HWUI] register module 43/52
[SOURCE-HWUI] register module 44/52
[SOURCE-HWUI] register module 45/52
[SOURCE-HWUI] register module 46/52
[SOURCE-HWUI] register module 47/52
[SOURCE-HWUI] register module 48/52
[SOURCE-HWUI] register module 49/52
[SOURCE-HWUI] register module 50/52
[SOURCE-HWUI] register module 51/52
[SOURCE-HWUI] register module 52/52
[liboh_android_runtime] source HWUI canonical registration PASS
[WESTLAKE-677] sensorless SystemSensorManager boundary managerRc=0 queueRc=0
[WESTLAKE-414] KeyEvent.nativeNextId RegisterNatives rc=0
[WESTLAKE-416] seeded ServiceManager.sCache['user'] (replaced=1 threw=0)
[WESTLAKE-416] seeded ServiceManager.sCache['shortcut'] (replaced=1 threw=0)
[WESTLAKE-416] seeded ServiceManager.sCache['notification'] (replaced=1 threw=0)
[WESTLAKE-416] seeded ServiceManager.sCache['content'] (replaced=1 threw=0)
[WESTLAKE-468] RegisterNatives(android/media/audiopolicy/AudioProductStrategy.native_list_audio_product_strategies) rc=0
[WESTLAKE-468] RegisterNatives(android/media/audiopolicy/AudioVolumeGroup.native_list_audio_volume_groups) rc=0
[WESTLAKE-678] RegisterNatives(AudioPortEventHandler setup/finalize) rc=0
[WESTLAKE-679] RegisterNatives(AudioSystem empty ports/patches) rc=0
[WESTLAKE-494] register_MediaCodec_shim rc=0
[WESTLAKE-467] media session: installed media_session, queryLocalInterface=OK; fetcher: already registered
[WESTLAKE-454] shortcut service: installed, queryLocalInterface=OK
[liboh_android_runtime] startReg exiting (ok)
[CHILD] re-ran startReg in child, rc=0
[AppSpawnX] Initializing adapter layer (OHEnvironment)
[WESTLAKE-WEBVIEW-PROVIDER] primed ServiceManager webviewupdate cache public-readback=OK
[WESTLAKE-WEBVIEW-FEATURE] application=pending feature=held-unsupported
[WESTLAKE-WEBVIEW-PROVIDER] startup service cache=OK previous=null
[WESTLAKE-WEBVIEW-STARTUP] mandatory child cache=OK
[WESTLAKE-WMC] hop1 GetSessionManagerService: SendRequest err=0 status=0 -> obj=0x7fbcf492d0 descriptor='OHOS.ISessionManagerService'
[WESTLAKE-WMC] hop2 GetSceneSessionManager: SendRequest err=0 status=0 -> obj=0x7fbcf49460 descriptor='OHOS.ISceneSessionManager'
[WESTLAKE-WMC] SceneSessionManager acquired
[AppSpawnX] Adapter layer initialized successfully
[AppSpawnX] Launching ActivityThread for org.westlake.imehost
[CM-BIGSTACK] java thread stack = 8 MB
[WESTLAKE-APP-PRIV] ActivityThread nice=-4
[CM-BIGSTACK] launcher DetachCurrentThread before join rc=0
[CM-BIGSTACK] ActivityThread on dedicated pthread, stack=8390992 bytes
[CHILD-SECURITY] source runtime uses Conscrypt/OhTrustBridge; legacy WestlakeJSSE skipped
[AppSpawnX] Launching target class: android.app.ActivityThread (proc=org.westlake.imehost, sdkVersion=0)
[AppSpawnX] Calling AppSpawnXInit.initChild("org.westlake.imehost", "android.app.ActivityThread", 0)
[AppSpawnX] [CHILD_CK] CK_BEFORE_initChild_call (about to enter Java)
[CHILD] EnsureFrontOfChain(SEGV/BUS) before initChild: symbol-missing
[SOURCE-JAVA] AppSpawnXJava: [FIX-AII] J_initChild_TOP proc=org.westlake.imehost
[SOURCE-JAVA] AppSpawnXJava: [FIX-AII] Resources.getSystem() = non-null
[SOURCE-JAVA] AppSpawnXJava: [B35-J] redirectLogStreamsToHiLog probe
[SOURCE-JAVA] AppSpawnXJava: [B32-J] J_initChild_entry proc=org.westlake.imehost
[SOURCE-JAVA] AppSpawnXJava: [B32-J] J_before_setArgV0
[SOURCE-JAVA] AppSpawnXJava: [B32-J] J_after_setArgV0
[SOURCE-JAVA] AppSpawnXJava: [B32-J] J_after_setTargetSdkVersion
[SOURCE-JAVA] AppSpawnXJava: [B32-J] J_after_initCommonRuntime
[WESTLAKE-WEBVIEW-PROVIDER] primed ServiceManager webviewupdate cache public-readback=OK
[WESTLAKE-WEBVIEW-FEATURE] application=pending feature=held-unsupported
[WESTLAKE-WEBVIEW-PROVIDER] startup service cache=OK previous=same
[WESTLAKE-WEBVIEW-STARTUP] mandatory child cache=OK
[WESTLAKE-WMC] hop1 GetSessionManagerService: SendRequest err=0 status=0 -> obj=0x7fbcf495f0 descriptor='OHOS.ISessionManagerService'
[WESTLAKE-WMC] hop2 GetSceneSessionManager: SendRequest err=0 status=0 -> obj=0x7fbcf49460 descriptor='OHOS.ISceneSessionManager'
[WESTLAKE-WMC] SceneSessionManager acquired
[SOURCE-JAVA] AppSpawnXJava: [B32-J] J_after_initAdapterLayer
[SOURCE-JAVA] AppSpawnXJava: [B32-J] J_before_installActivityManagerStub
[AdapterIAM] real adapter ctor FAILED, falling back to Proxy stub: java.lang.RuntimeException: direct-launch: skipping real AMS adapter (samgr)
[AdapterIAM-stub_MPS] m1_before_loadIface android.app.IActivityManager
[AdapterIAM-stub_MPS] m2_loaded_iface=interface android.app.IActivityManager
[AdapterIAM-stub_MPS] m3_loaded_iBinder
[AdapterIAM-stub_MPS] m4_made_handler
[AdapterIAM-stub_MPS] m5_proxy_made=AdapterIAM-stub
[AdapterIAM] IActivityManagerSingleton.mInstance installed = AdapterIAM-stub
[SOURCE-JAVA] AppSpawnXJava: [B32-J] J_after_installActivityManagerStub
[AdapterIPM] real PackageManagerAdapter (getInstance singleton): adapter.packagemanager.PackageManagerAdapter@fce67f3
[AdapterIPM] ActivityThread.sPackageManager installed = adapter.packagemanager.PackageManagerAdapter@fce67f3
[SOURCE-JAVA] AppSpawnXJava: [B32-J] J_after_installPackageManagerStub
[AdapterIWM] real WindowManagerAdapter (getInstance singleton): adapter.window.WindowManagerAdapter@7807cb0
[AdapterIWM] WindowManagerGlobal.sWindowManagerService installed = adapter.window.WindowManagerAdapter@7807cb0
[SOURCE-JAVA] AppSpawnXJava: [B32-J] J_after_installWindowManagerStub
[OH_IIMAdapter] instantiated, nativeBridge=0x7fb0db6650
[AdapterIIM] real InputManagerAdapter (getInstance singleton): adapter.window.InputManagerAdapter@7d2e729
[AdapterIIM] InputManagerGlobal.sService not found: java.lang.NoSuchFieldException: No field sService in class Landroid/hardware/input/InputManagerGlobal; (declaration of 'android.hardware.input.InputManagerGlobal' appears in /system/framework/framework.jar!classes2.dex)
[AdapterIIM] InputManagerGlobal sInstance=android.hardware.input.InputManagerGlobal@9f11aae sService=adapter.window.InputManagerAdapter@7d2e729
[SOURCE-JAVA] AppSpawnXJava: [B32-J] J_after_installInputManagerAdapter
[AdapterIAudioSvc] AudioManager.sService stamped with Proxy stub=IAudioServiceStub@509cce5
[SOURCE-JAVA] AppSpawnXJava: [B32-J] J_after_installAudioServiceStub
[JobSchedulerStub] installed local scheduler for jobscheduler
[SOURCE-JAVA] AppSpawnXJava: [B32-J] J_after_installJobSchedulerStub
[AdapterISM] CK1_enter (B.14 real OHServiceManager)
[OHServiceManager] instantiated (real-routed adapter, not Proxy)
[AdapterISM] CK2_after_OHServiceManager_new = adapter.core.OHServiceManager@5a5d186
[AdapterISM] CK3_installed sServiceManager = adapter.core.OHServiceManager@5a5d186
[AdapterISM] webviewupdate service cache=OK
[SOURCE-JAVA] AppSpawnXJava: [B32-J] J_after_installServiceManagerAdapter
[WESTLAKE-WEBVIEW-PROVIDER] primed ServiceManager webviewupdate cache public-readback=OK
[WESTLAKE-WEBVIEW-FEATURE] application=pending feature=held-unsupported
[WESTLAKE-WEBVIEW-PROVIDER] startup service cache=OK previous=same
[WESTLAKE-WEBVIEW-STARTUP] checkpoint=[B32-J] J_after_installServiceManagerAdapter result=OK
[SOURCE-JAVA] AppSpawnXJava: [WESTLAKE-CONTENT] published local IContentService
[SOURCE-JAVA] AppSpawnXJava: [B32-J] J_after_installContentServiceAdapter
[WESTLAKE-STORAGE-750] published local mount service OHStorageManagerAdapter@6133e3
[SOURCE-JAVA] AppSpawnXJava: [B32-J] J_after_installStorageManagerAdapter
[AdapterIACC] CK1_enter (real Adapter extends Stub)
[AdapterIACC] CK2_real Adapter (getInstance singleton) = adapter.activity.ActivityClientControllerAdapter@bc471e0
[AdapterIACC] CK3_installed mKnownInstance = adapter.activity.ActivityClientControllerAdapter@bc471e0
[AdapterIACC] CK4_installed Singleton.mInstance = adapter.activity.ActivityClientControllerAdapter@bc471e0
[SOURCE-JAVA] AppSpawnXJava: [B32-J] J_after_installActivityClientControllerStub
[SettingsCache] enter
[SettingsCache] installSettingsContentProviderStub enter
[SettingsCache]   injected mContentProvider into android.provider.Settings$Global holder
[SettingsCache]   injected mContentProvider into android.provider.Settings$Secure holder
[SettingsCache]   injected mContentProvider into android.provider.Settings$System holder
[SettingsCache] IContentProvider Proxy installed in 3 holders
[SettingsCache] OK android.provider.Settings$Global populated 5 keys, sample=1
[SettingsCache] OK android.provider.Settings$Secure populated 3 keys, sample=0
[SettingsCache] OK android.provider.Settings$System populated 2 keys, sample=0
[SOURCE-JAVA] AppSpawnXJava: [B32-J] J_after_preInitSettingsCache
[InitSysAM] current sSystemApkAssets length=1
[InitSysAM] post-init sSystem apkPaths=[/data/local/tmp/asx/framework-res.apk]  (should be exactly 1 framework-res, no duplicates)
[SOURCE-JAVA] AppSpawnXJava: [B32-J] J_after_installAdapters
[SOURCE-JAVA] AppSpawnXJava: [B32-J] J_direct_launch_armed pkg=com.ss.android.article.news apk=/data/local/tmp/asx/toutiao.apk act=com.ss.android.article.news.activity.MainActivity
[SOURCE-JAVA] AppSpawnXJava: [B32-J] J_before_invokeStaticMain target=android.app.ActivityThread
[CHILD_CK] J_invokeStaticMain_entry className=android.app.ActivityThread
[CHILD_CK] J_invokeStaticMain_classForName_OK
[CHILD_CK] J_invokeStaticMain_getMethod_OK
[CHILD_CK] J_probe_complete
[CHILD_CK] J_invokeStaticMain_BEFORE_main_invoke
[AdapterIAM-stub] attachApplication (no-op)
[TOUCH21-POLL] enter now=96483137 tid=11118 ptr=0x7fbd4f1f60 looper=0x7fbddd9920 timeout=0
[TOUCH21-POLL] exit now=96483137 tid=11118 ptr=0x7fbd4f1f60
[TOUCH21-POLL] enter now=96483137 tid=11118 ptr=0x7fbd4f1f60 looper=0x7fbddd9920 timeout=-1
[TOUCH21-WAKE] now=96483138 tid=11121 ptr=0x7fbd4f1f60 looper=0x7fbddd9920
[TOUCH21-POLL] exit now=96483138 tid=11118 ptr=0x7fbd4f1f60
[DIRECT-LAUNCH] START pkg=com.ss.android.article.news apk=/data/local/tmp/asx/toutiao.apk act=com.ss.android.article.news.activity.MainActivity uid=20010053 sdk=0
[SOURCE-NATIVE-LOAD] path=/data/local/tmp/asx/liboh_account_state.so search=/data/local/tmp/asx:/system/lib64:/system/lib64/platformsdk:/system/lib64/chipset-sdk:/system/lib64/chipset-sdk-sp:/system/lib64/ndk:/vendor/lib64/chipsetsdk:/vendor/lib64/hw:/vendor/lib64:/data/local/tmp/asx/lib/arm64-v8a:/data/local/tmp/asx/webview-t-lib
[SOURCE-NATIVE-LOADER] path=/data/local/tmp/asx/liboh_account_state.so class_paths=<none>
[SOURCE-NATIVE-ABI] errno=0x7fbc806548 provider=/data/local/tmp/asx/webview-t-lib/libwebview_bionic_shim.so
[SOURCE-USER] androidUser=200 ohAccount=100 active=1 storageVerified=1
[OHServiceManager] getService("permissionmgr") → adapter (real-routed)
[SOURCE-PACKAGE] parsed com.ss.android.article.news uid=20010053 version=13900 targetSdk=30 nativeLibraryDir=/data/local/tmp/asx/lib/arm64-v8a
[WESTLAKE-PM] split APKs com.ss.android.article.news source=scanned count=0 paths=[]
[DIRECT-LAUNCH] ApplicationInfo built, sourceDir=/data/local/tmp/asx/toutiao.apk splits=0
[B43-BIND] ensureBindApplication start bundle=com.ss.android.article.news
[B43-BIND] resolved ApplicationInfo pkg=com.ss.android.article.news uid=20010053 process=com.ss.android.article.news targetSdk=30 sourceDir=/data/local/tmp/asx/toutiao.apk nativeLibraryDir=/data/local/tmp/asx/lib/arm64-v8a
[SOURCE-NATIVE-LOAD] path=/data/local/tmp/asx/libwl_missing_natives.so search=/data/local/tmp/asx:/system/lib64:/system/lib64/platformsdk:/system/lib64/chipset-sdk:/system/lib64/chipset-sdk-sp:/system/lib64/ndk:/vendor/lib64/chipsetsdk:/vendor/lib64/hw:/vendor/lib64:/data/local/tmp/asx/lib/arm64-v8a:/data/local/tmp/asx/webview-t-lib
[SOURCE-NATIVE-LOADER] path=/data/local/tmp/asx/libwl_missing_natives.so class_paths=<none>
[SOURCE-NATIVE-ABI] errno=0x7fbc806548 provider=/data/local/tmp/asx/webview-t-lib/libwebview_bionic_shim.so
[WL-NATIVES] bound Math=23/23 StrictMath=20/20 SurfaceControl=1/1
[WL-JAVACORE] libcore natives loaded for the boot loader
[SOURCE-NATIVE-LOAD] path=/data/local/tmp/asx/libwl_opengl_jni.so search=/data/local/tmp/asx:/system/lib64:/system/lib64/platformsdk:/system/lib64/chipset-sdk:/system/lib64/chipset-sdk-sp:/system/lib64/ndk:/vendor/lib64/chipsetsdk:/vendor/lib64/hw:/vendor/lib64:/data/local/tmp/asx/lib/arm64-v8a:/data/local/tmp/asx/webview-t-lib
[SOURCE-NATIVE-LOADER] path=/data/local/tmp/asx/libwl_opengl_jni.so class_paths=<none>
[SOURCE-NATIVE-ABI] errno=0x7fbc806548 provider=/data/local/tmp/asx/webview-t-lib/libwebview_bionic_shim.so
[WL-OPENGL] registered EGLImpl=ok GLImpl=ok GLES10=ok GLES10Ext=ok GLES11=ok GLES11Ext=ok GLES20=ok GLES30=ok GLES31=ok GLES31Ext=ok GLES32=ok
[WL-KEYSTORE] installed software AndroidKeyStore provider, keys in /data/data/com.ss.android.article.news/no_backup/westlake-android-keystore
[OH_DisplayMgrAdapter] instantiated (real-routed via OH Rosen DisplayManager)
[B43] Configuration: locale=en_US fontScale=1.0 densityDpi=360 orient=1 uiMode=0x11
[B43-BIND] providers populated: 43
[B43-BIND] compat: targetSdk=30 disabled 250 of 290 gated changes
[B43-BIND] AppBindData constructed (real Configuration + flags + autofill defaults)
[B43-BIND] mCoreSettings seeded (TIME_12_24=null, keys=0)
[OHServiceManager] getService("network_management") → null (stub — see doc/shortcuts_inventory.html#chC)
nullptr E 09-26 04:44:39 11090 11118 oat_file_assistant.cc:675] Could not check odex file /data/misc/apexdata/com.android.art/dalvik-cache/arm64/data@local@tmp@asx@toutiao.apk@classes.odex: Permission denied
ziparchive: Unable to open '/data/local/tmp/asx/toutiao.dm': No such file or directory
ziparchive: Closing archive 0x7fbd4e99b0
ziparchive: +++ Found EOCD at buf+65535
ziparchive: +++ num_entries=24801 dir_size=2674598 dir_offset=135966720
ziparchive: +++ zip good scan 24801 entries
ziparchive: Zip: Unable to find entry classes22.dex
ziparchive: Zip: Could not find entry classes22.dex
ziparchive: Closing archive 0x7fbd4e9ad0
ziparchive: +++ Found EOCD at buf+65535
ziparchive: +++ num_entries=24801 dir_size=2674598 dir_offset=135966720
ziparchive: +++ zip good scan 24801 entries
ziparchive: Zip: Unable to find entry classes22.dex
ziparchive: Zip: Could not find entry classes22.dex
ziparchive: Closing archive 0x7fbd4e9d10
ziparchive: +++ Found EOCD at buf+65535
ziparchive: +++ num_entries=24801 dir_size=2674598 dir_offset=135966720
ziparchive: +++ zip good scan 24801 entries
ziparchive: Zip: Unable to find entry classes22.dex
ziparchive: Zip: Could not find entry classes22.dex
ziparchive: Closing archive 0x7fbd34b2c0
[B43-BIND] WebView support hold released (was false)
[SOURCE-NATIVE-LOAD] path=libstats_jni.so search=/data/local/tmp/asx:/system/lib64:/system/lib64/platformsdk:/system/lib64/chipset-sdk:/system/lib64/chipset-sdk-sp:/system/lib64/ndk:/vendor/lib64/chipsetsdk:/vendor/lib64/hw:/vendor/lib64:/data/local/tmp/asx/lib/arm64-v8a:/data/local/tmp/asx/webview-t-lib
[SOURCE-NATIVE-LOADER] path=libstats_jni.so class_paths=<none>
[SOURCE-NATIVE-ABI] errno=0x7fbc806548 provider=/data/local/tmp/asx/webview-t-lib/libwebview_bionic_shim.so
[OHServiceManager] getService("display") → adapter (real-routed)
[OHServiceManager] getService("network_management") → null (stub — see doc/shortcuts_inventory.html#chC)
[SOURCE-NATIVE-LOAD] path=/data/local/tmp/asx/liboh_connectivity_state.so search=/data/local/tmp/asx:/system/lib64:/system/lib64/platformsdk:/system/lib64/chipset-sdk:/system/lib64/chipset-sdk-sp:/system/lib64/ndk:/vendor/lib64/chipsetsdk:/vendor/lib64/hw:/vendor/lib64:/data/local/tmp/asx/lib/arm64-v8a:/data/local/tmp/asx/webview-t-lib
[SOURCE-NATIVE-LOADER] path=/data/local/tmp/asx/liboh_connectivity_state.so class_paths=<none>
[SOURCE-NATIVE-ABI] errno=0x7fbc806548 provider=/data/local/tmp/asx/webview-t-lib/libwebview_bionic_shim.so
[OhConnectivityState] loaded source OH network helper from /data/local/tmp/asx/liboh_connectivity_state.so
[OhConnectivityState] kernel route enumeration iface=wlan0 index=33 netlink=4 phase=7 routes=4 uid=20010053
[OhConnectivityState] OH direct default link reconciliation netId=119 iface=wlan0 oh_counts=3/2/0 observed_counts=4/2/4 merged_counts=7/4/4 mtu=1500
[OhConnectivityState] OH proxy/permission probe rc=0 configured=0 port=0 self_network_info=1 uid=20010053
[OhConnectivityState] OH snapshot ok=true available=true backend=oh-netconn netId=119 iface=wlan0 mtu=1500 caps=0x19000 bearers=0x2 metered=true counts=4/2/4 proxy=0/false rc=0/0/0/0/0
[AdapterCM] connectivity service bound to OH state: ok=true available=true backend=oh-netconn netId=119 iface=wlan0 mtu=1500 caps=0x19000 bearers=0x2 metered=true counts=4/2/4 proxy=0/false rc=0/0/0/0/0
[OHServiceManager] getService("connectivity") → adapter (real-routed)
[OHServiceManager] getService("connectivity") → adapter (real-routed)
[SOURCE-NATIVE-LOAD] path=libframework-connectivity-jni.so search=/data/local/tmp/asx:/system/lib64:/system/lib64/platformsdk:/system/lib64/chipset-sdk:/system/lib64/chipset-sdk-sp:/system/lib64/ndk:/vendor/lib64/chipsetsdk:/vendor/lib64/hw:/vendor/lib64:/data/local/tmp/asx/lib/arm64-v8a:/data/local/tmp/asx/webview-t-lib
[SOURCE-NATIVE-LOADER] path=libframework-connectivity-jni.so class_paths=<none>
[SOURCE-NATIVE-ABI] errno=0x7fbc806548 provider=/data/local/tmp/asx/webview-t-lib/libwebview_bionic_shim.so
[AdapterCM] call getProxyForNetwork
[SOURCE-NATIVE-LOAD] path=libframework-connectivity-tiramisu-jni.so search=/data/local/tmp/asx:/system/lib64:/system/lib64/platformsdk:/system/lib64/chipset-sdk:/system/lib64/chipset-sdk-sp:/system/lib64/ndk:/vendor/lib64/chipsetsdk:/vendor/lib64/hw:/vendor/lib64:/data/local/tmp/asx/lib/arm64-v8a:/data/local/tmp/asx/webview-t-lib
[SOURCE-NATIVE-LOADER] path=libframework-connectivity-tiramisu-jni.so class_paths=<none>
[SOURCE-NATIVE-ABI] errno=0x7fbc806548 provider=/data/local/tmp/asx/webview-t-lib/libwebview_bionic_shim.so
[OHServiceManager] getService("netstats") → null (stub — see doc/shortcuts_inventory.html#chC)
[WESTLAKE-STORAGE-750] getVolumeList user=200 package=com.ss.android.article.news root=/data/data/com.ss.android.article.news/external writable=true
[WESTLAKE-LOCAL-SERVICE] appops bound in process
[OHServiceManager] getService("appops") → adapter (real-routed)
[SOURCE-NATIVE-LOAD] path=/data/local/tmp/asx/lib/arm64-v8a/libsafe-mode-native-lib.so search=/data/local/tmp/asx:/system/lib64:/system/lib64/platformsdk:/system/lib64/chipset-sdk:/system/lib64/chipset-sdk-sp:/system/lib64/ndk:/vendor/lib64/chipsetsdk:/vendor/lib64/hw:/vendor/lib64:/data/local/tmp/asx/lib/arm64-v8a:/data/local/tmp/asx/webview-t-lib
[SOURCE-NATIVE-LOADER] path=/data/local/tmp/asx/lib/arm64-v8a/libsafe-mode-native-lib.so class_paths=/data/local/tmp/asx/lib/arm64-v8a:/data/local/tmp/asx/toutiao.apk!/lib/arm64-v8a
[SOURCE-NATIVE-ABI] errno=0x7fbc806548 provider=/data/local/tmp/asx/webview-t-lib/libwebview_bionic_shim.so
[WESTLAKE-WEBVIEW-SIGNAL] sigaction #1 signal=4 flags=0x18000004 callback=0x7f02640b28 rc=0 errno=22
[WESTLAKE-WEBVIEW-SIGNAL] sigaction #2 signal=5 flags=0x18000004 callback=0x7f02640b28 rc=0 errno=22
[WESTLAKE-WEBVIEW-SIGNAL] sigaction #3 signal=6 flags=0x18000004 callback=0x7f02640b28 rc=0 errno=22
[WESTLAKE-WEBVIEW-SIGNAL] sigaction #4 signal=7 flags=0x18000004 callback=0x7f02640b28 rc=0 errno=22
[WESTLAKE-WEBVIEW-SIGNAL] sigaction #5 signal=8 flags=0x18000004 callback=0x7f02640b28 rc=0 errno=22
[WESTLAKE-WEBVIEW-SIGNAL] sigaction #6 signal=11 flags=0x18000004 callback=0x7f02640b28 rc=0 errno=22
[WESTLAKE-WEBVIEW-SIGNAL] sigaction #7 signal=16 flags=0x18000004 callback=0x7f02640b28 rc=0 errno=22
[WESTLAKE-WEBVIEW-SIGNAL] sigaction #8 signal=31 flags=0x18000004 callback=0x7f02640b28 rc=0 errno=22
[SOURCE-NATIVE-LOAD] path=/data/local/tmp/asx/lib/arm64-v8a/libflipped.so search=/data/local/tmp/asx:/system/lib64:/system/lib64/platformsdk:/system/lib64/chipset-sdk:/system/lib64/chipset-sdk-sp:/system/lib64/ndk:/vendor/lib64/chipsetsdk:/vendor/lib64/hw:/vendor/lib64:/data/local/tmp/asx/lib/arm64-v8a:/data/local/tmp/asx/webview-t-lib
[SOURCE-NATIVE-LOADER] path=/data/local/tmp/asx/lib/arm64-v8a/libflipped.so class_paths=/data/local/tmp/asx/lib/arm64-v8a:/data/local/tmp/asx/toutiao.apk!/lib/arm64-v8a
[SOURCE-NATIVE-ABI] errno=0x7fbc806548 provider=/data/local/tmp/asx/webview-t-lib/libwebview_bionic_shim.so
ClassDefAttachInitTask isOpenODexSuccess cost: 12
nullptr W 09-26 04:44:42 11090 11118 method_verifier.cc:5148] Verification of java.lang.Object com.bytedance.news.common.service.manager.ServiceFinder.findService(java.lang.Class) took 286.357ms (49267.11 bytecodes/s) (783696B approximate peak alloc)
[SOURCE-NATIVE-LOAD] path=/data/local/tmp/asx/lib/arm64-v8a/libkeva.so search=/data/local/tmp/asx:/system/lib64:/system/lib64/platformsdk:/system/lib64/chipset-sdk:/system/lib64/chipset-sdk-sp:/system/lib64/ndk:/vendor/lib64/chipsetsdk:/vendor/lib64/hw:/vendor/lib64:/data/local/tmp/asx/lib/arm64-v8a:/data/local/tmp/asx/webview-t-lib
[SOURCE-NATIVE-LOADER] path=/data/local/tmp/asx/lib/arm64-v8a/libkeva.so class_paths=/data/local/tmp/asx/lib/arm64-v8a:/data/local/tmp/asx/toutiao.apk!/lib/arm64-v8a
[SOURCE-NATIVE-ABI] errno=0x7fbc806548 provider=/data/local/tmp/asx/webview-t-lib/libwebview_bionic_shim.so
[TOUCH21-WAKE] now=96488829 tid=11118 ptr=0x7fbd4ed000 looper=0x7fbe899e70
[TOUCH21-WAKE] now=96489227 tid=11256 ptr=0x7fbd4ed000 looper=0x7fbe899e70
nullptr W 09-26 04:44:44 11090 11255 method_verifier.cc:5148] Verification of void com.bytedance.news.foundation.init.helper.InitTTNetHelper.q(android.content.Context, java.util.concurrent.ExecutorService) took 136.023ms (4940.34 bytecodes/s) (24664B approximate peak alloc)
[OHServiceManager] getService("phone") → null (stub — see doc/shortcuts_inventory.html#chC)
nullptr W 09-26 04:44:44 11090 11256 method_verifier.cc:5148] Verification of void X.3JC.b(android.app.Application, X.3JD) took 126.830ms (3689.98 bytecodes/s) (14680B approximate peak alloc)
[TOUCH21-WAKE] now=96490101 tid=11256 ptr=0x7fbd4ed000 looper=0x7fbe899e70
[TOUCH21-WAKE] now=96490234 tid=11256 ptr=0x7fbd4ed000 looper=0x7fbe899e70
nullptr W 09-26 04:44:45 11090 11118 method_verifier.cc:5148] Verification of void com.bytedance.timonkit.Timon.e(java.lang.String, int, X.AZv, android.app.Application, com.bytedance.timonbase.TMInitialExtra) took 114.345ms (3130.88 bytecodes/s) (11440B approximate peak alloc)
[OHServiceManager] getService("connectivity") → adapter (real-routed)
[AdapterCM] call getActiveNetworkInfo
[TOUCH21-WAKE] now=96490675 tid=11255 ptr=0x7fba039830 looper=0x7fbddda220
[SOURCE-NATIVE-LOAD] path=/data/local/tmp/asx/lib/arm64-v8a/libhost_abi.so search=/data/local/tmp/asx:/system/lib64:/system/lib64/platformsdk:/system/lib64/chipset-sdk:/system/lib64/chipset-sdk-sp:/system/lib64/ndk:/vendor/lib64/chipsetsdk:/vendor/lib64/hw:/vendor/lib64:/data/local/tmp/asx/lib/arm64-v8a:/data/local/tmp/asx/webview-t-lib
[SOURCE-NATIVE-LOADER] path=/data/local/tmp/asx/lib/arm64-v8a/libhost_abi.so class_paths=/data/local/tmp/asx/lib/arm64-v8a:/data/local/tmp/asx/toutiao.apk!/lib/arm64-v8a
[SOURCE-NATIVE-ABI] errno=0x7fbc806548 provider=/data/local/tmp/asx/webview-t-lib/libwebview_bionic_shim.so
[TOUCH21-WAKE] now=96490756 tid=11334 ptr=0x7fbd4ed000 looper=0x7fbe899e70
[TOUCH21-WAKE] now=96491029 tid=11343 ptr=0x7fba039830 looper=0x7fbddda220
[TOUCH21-WAKE] now=96491029 tid=11343 ptr=0x7fba039830 looper=0x7fbddda220
[TOUCH21-WAKE] now=96491206 tid=11118 ptr=0x7fbd4ed000 looper=0x7fbe899e70
[TOUCH21-WAKE] now=96491725 tid=11256 ptr=0x7fbd4ed000 looper=0x7fbe899e70
nullptr W 09-26 04:44:46 11090 11118 method_verifier.cc:5148] Verification of void X.A4H.run() took 111.835ms (3192.20 bytecodes/s) (10112B approximate peak alloc)
System.log(W): ClassLoader referenced unknown path: 
nullptr W 09-26 04:44:47 11090 11351 class_loader_context.cc:1122] Unsupported class loader
nullptr W 09-26 04:44:47 11090 11351 method_verifier.cc:5148] Verification of X.5rE X.DzM.a(kotlin.reflect.KClass) took 157.125ms (5250.57 bytecodes/s) (28576B approximate peak alloc)
[TOUCH21-WAKE] now=96492133 tid=11118 ptr=0x7fbd4ed000 looper=0x7fbe899e70
[TOUCH21-WAKE] now=96492250 tid=11118 ptr=0x7fbd4ed000 looper=0x7fbe899e70
nullptr W 09-26 04:44:47 11090 11118 method_verifier.cc:5148] Verification of void X.BN2.a(com.ss.android.article.news.ArticleApplication, boolean, X.A87, X.A85, X.2Tb, X.2SE, X.2SD, X.B3b, X.B3Z, X.B3N, X.A86, X.B37, X.2SC) took 190.671ms (3419.49 bytecodes/s) (19016B approximate peak alloc)
[TOUCH21-WAKE] now=96492948 tid=11371 ptr=0x7fbd4ed000 looper=0x7fbe899e70
[SOURCE-NATIVE-LOAD] path=/data/local/tmp/asx/lib/arm64-v8a/libmetasec_ml.so search=/data/local/tmp/asx:/system/lib64:/system/lib64/platformsdk:/system/lib64/chipset-sdk:/system/lib64/chipset-sdk-sp:/system/lib64/ndk:/vendor/lib64/chipsetsdk:/vendor/lib64/hw:/vendor/lib64:/data/local/tmp/asx/lib/arm64-v8a:/data/local/tmp/asx/webview-t-lib
[SOURCE-NATIVE-LOADER] path=/data/local/tmp/asx/lib/arm64-v8a/libmetasec_ml.so class_paths=/data/local/tmp/asx/lib/arm64-v8a:/data/local/tmp/asx/toutiao.apk!/lib/arm64-v8a
[SOURCE-NATIVE-ABI] errno=0x7fbc806548 provider=/data/local/tmp/asx/webview-t-lib/libwebview_bionic_shim.so
[OHServiceManager] getService("netstats") → null (stub — see doc/shortcuts_inventory.html#chC)
[SOURCE-NATIVE-LOAD] path=/data/local/tmp/asx/lib/arm64-v8a/libalog.so search=/data/local/tmp/asx:/system/lib64:/system/lib64/platformsdk:/system/lib64/chipset-sdk:/system/lib64/chipset-sdk-sp:/system/lib64/ndk:/vendor/lib64/chipsetsdk:/vendor/lib64/hw:/vendor/lib64:/data/local/tmp/asx/lib/arm64-v8a:/data/local/tmp/asx/webview-t-lib
[SOURCE-NATIVE-LOADER] path=/data/local/tmp/asx/lib/arm64-v8a/libalog.so class_paths=/data/local/tmp/asx/lib/arm64-v8a:/data/local/tmp/asx/toutiao.apk!/lib/arm64-v8a
[SOURCE-NATIVE-ABI] errno=0x7fbc806548 provider=/data/local/tmp/asx/webview-t-lib/libwebview_bionic_shim.so
[TOUCH21-WAKE] now=96493374 tid=11387 ptr=0x7fba031890 looper=0x7fbdddac40
nullptr I 09-26 04:44:48 11090 11108 heap.cc:2959] Background partial concurrent mark sweep GC freed 14MB AllocSpace bytes, 230(16MB) LOS objects, 66% free, 17MB/52MB, paused 1.693ms total 586.815ms
[TOUCH21-WAKE] now=96493516 tid=11344 ptr=0x7fbd4ed000 looper=0x7fbe899e70
[OHServiceManager] getService("platform_compat") → null (stub — see doc/shortcuts_inventory.html#chC)
[OHServiceManager] getService("connectivity") → adapter (real-routed)
[TOUCH21-WAKE] now=96493849 tid=11118 ptr=0x7fba0396f0 looper=0x7fbd797210
[TOUCH21-WAKE] now=96493859 tid=11422 ptr=0x7fbd4ed000 looper=0x7fbe899e70
[SOURCE-NATIVE-LOAD] path=/data/data/com.ss.android.article.news/app_lib/libmetasec_ml.so search=/data/local/tmp/asx:/system/lib64:/system/lib64/platformsdk:/system/lib64/chipset-sdk:/system/lib64/chipset-sdk-sp:/system/lib64/ndk:/vendor/lib64/chipsetsdk:/vendor/lib64/hw:/vendor/lib64:/data/local/tmp/asx/lib/arm64-v8a:/data/local/tmp/asx/webview-t-lib
[SOURCE-NATIVE-LOADER] path=/data/data/com.ss.android.article.news/app_lib/libmetasec_ml.so class_paths=/data/local/tmp/asx/lib/arm64-v8a:/data/local/tmp/asx/toutiao.apk!/lib/arm64-v8a
[SOURCE-NATIVE-ABI] errno=0x7fbc806548 provider=/data/local/tmp/asx/webview-t-lib/libwebview_bionic_shim.so
[TOUCH21-WAKE] now=96493921 tid=11345 ptr=0x7fba031890 looper=0x7fbdddac40
[TOUCH21-WAKE] now=96493922 tid=11345 ptr=0x7fba031890 looper=0x7fbdddac40
[TOUCH21-WAKE] now=96493924 tid=11345 ptr=0x7fba031890 looper=0x7fbdddac40
[TOUCH21-WAKE] now=96493939 tid=11345 ptr=0x7fba031890 looper=0x7fbdddac40
nullptr I 09-26 04:44:49 11090 11107 jit_code_cache.cc:1060] JIT allocated 51KB for compiled code of void X.AH0.e()
nullptr I 09-26 04:44:49 11090 11107 jit.cc:748] Compiler allocated 11MB to compile void X.AH0.e()
[TOUCH21-WAKE] now=96494065 tid=11434 ptr=0x7fba031890 looper=0x7fbdddac40
[OHServiceManager] getService("accessibility") → null (stub — see doc/shortcuts_inventory.html#chC)
nullptr W 09-26 04:44:49 11090 11118 method_verifier.cc:5148] Verification of void X.MIG.d(java.lang.String) took 375.822ms (1721.56 bytecodes/s) (41752B approximate peak alloc)
System.log(W): ClassLoader referenced unknown path: 
nullptr W 09-26 04:44:50 11090 11392 class_loader_context.cc:1122] Unsupported class loader
System.log(W): ClassLoader referenced unknown path: 
nullptr E 09-26 04:44:50 11090 11392 oat_file_assistant.cc:675] Could not check odex file /data/misc/apexdata/com.android.art/dalvik-cache/arm64/data@data@com.ss.android.article.news@files@hotfix-root@install@132050@patch.jar@classes.odex: Permission denied
ziparchive: Unable to open '/data/data/com.ss.android.article.news/files/hotfix-root/install/132050/patch.dm': No such file or directory
ziparchive: Closing archive 0x7fbd34af60
ziparchive: +++ Found EOCD at buf+11833
ziparchive: +++ num_entries=4 dir_size=246 dir_offset=11587
ziparchive: +++ zip good scan 4 entries
ziparchive: Zip: Unable to find entry classes2.dex
ziparchive: Zip: Could not find entry classes2.dex
ziparchive: Closing archive 0x7fbd34b0e0
ziparchive: +++ Found EOCD at buf+11833
ziparchive: +++ num_entries=4 dir_size=246 dir_offset=11587
ziparchive: +++ zip good scan 4 entries
ziparchive: Zip: Unable to find entry classes2.dex
ziparchive: Zip: Could not find entry classes2.dex
ziparchive: Closing archive 0x7fbd34b380
nullptr W 09-26 04:44:50 11090 11118 method_verifier.cc:5148] Verification of void X.MIG.e(java.lang.String) took 919.142ms (697.39 bytecodes/s) (41584B approximate peak alloc)
[TOUCH21-WAKE] now=96495295 tid=11345 ptr=0x7fba031890 looper=0x7fbdddac40
[TOUCH21-WAKE] now=96495316 tid=11345 ptr=0x7fba031890 looper=0x7fbdddac40
[TOUCH21-WAKE] now=96495317 tid=11484 ptr=0x7fb6f79540 looper=0x7fbd4dcb50
[SOURCE-NATIVE-LOAD] path=/data/local/tmp/asx/lib/arm64-v8a/libhotfix-opt.so search=/data/local/tmp/asx:/system/lib64:/system/lib64/platformsdk:/system/lib64/chipset-sdk:/system/lib64/chipset-sdk-sp:/system/lib64/ndk:/vendor/lib64/chipsetsdk:/vendor/lib64/hw:/vendor/lib64:/data/local/tmp/asx/lib/arm64-v8a:/data/local/tmp/asx/webview-t-lib
[SOURCE-NATIVE-LOADER] path=/data/local/tmp/asx/lib/arm64-v8a/libhotfix-opt.so class_paths=/data/local/tmp/asx/lib/arm64-v8a:/data/local/tmp/asx/toutiao.apk!/lib/arm64-v8a
[SOURCE-NATIVE-ABI] errno=0x7fbc806548 provider=/data/local/tmp/asx/webview-t-lib/libwebview_bionic_shim.so
[TOUCH21-WAKE] now=96495461 tid=11344 ptr=0x7fbd4ed000 looper=0x7fbe899e70
nullptr W 09-26 04:44:50 11090 11486 method_verifier.cc:5148] Verification of void X.BDn.b() took 128.946ms (1620.83 bytecodes/s) (8688B approximate peak alloc)
[SOURCE-NATIVE-LOAD] path=/data/local/tmp/asx/lib/arm64-v8a/libmonitorcollector-lib.so search=/data/local/tmp/asx:/system/lib64:/system/lib64/platformsdk:/system/lib64/chipset-sdk:/system/lib64/chipset-sdk-sp:/system/lib64/ndk:/vendor/lib64/chipsetsdk:/vendor/lib64/hw:/vendor/lib64:/data/local/tmp/asx/lib/arm64-v8a:/data/local/tmp/asx/webview-t-lib
[SOURCE-NATIVE-LOADER] path=/data/local/tmp/asx/lib/arm64-v8a/libmonitorcollector-lib.so class_paths=/data/local/tmp/asx/lib/arm64-v8a:/data/local/tmp/asx/toutiao.apk!/lib/arm64-v8a
[SOURCE-NATIVE-ABI] errno=0x7fbc806548 provider=/data/local/tmp/asx/webview-t-lib/libwebview_bionic_shim.so
nullptr W 09-26 04:44:50 11090 11487 method_verifier.cc:5148] Verification of java.util.List X.8wP.a() took 269.635ms (3100.48 bytecodes/s) (43080B approximate peak alloc)
[TOUCH21-WAKE] now=96495722 tid=11118 ptr=0x7fba031890 looper=0x7fbdddac40
[AdapterCM] call getActiveNetwork
[SOURCE-NATIVE-LOAD] path=/data/local/tmp/asx/lib/arm64-v8a/libshadowhook.so search=/data/local/tmp/asx:/system/lib64:/system/lib64/platformsdk:/system/lib64/chipset-sdk:/system/lib64/chipset-sdk-sp:/system/lib64/ndk:/vendor/lib64/chipsetsdk:/vendor/lib64/hw:/vendor/lib64:/data/local/tmp/asx/lib/arm64-v8a:/data/local/tmp/asx/webview-t-lib
[SOURCE-NATIVE-LOADER] path=/data/local/tmp/asx/lib/arm64-v8a/libshadowhook.so class_paths=/data/local/tmp/asx/lib/arm64-v8a:/data/local/tmp/asx/toutiao.apk!/lib/arm64-v8a
[SOURCE-NATIVE-ABI] errno=0x7fbc806548 provider=/data/local/tmp/asx/webview-t-lib/libwebview_bionic_shim.so
[AdapterCM] call getNetworkInfoForUid
[AdapterCM] call getNetworkCapabilities
[WESTLAKE-WEBVIEW-BIONIC] property ro.build.version.sdk=34
[WESTLAKE-WEBVIEW-BIONIC] property ro.build.version.sdk=34
[SOURCE-NATIVE-LOAD] path=/data/local/tmp/asx/lib/arm64-v8a/libnpth.so search=/data/local/tmp/asx:/system/lib64:/system/lib64/platformsdk:/system/lib64/chipset-sdk:/system/lib64/chipset-sdk-sp:/system/lib64/ndk:/vendor/lib64/chipsetsdk:/vendor/lib64/hw:/vendor/lib64:/data/local/tmp/asx/lib/arm64-v8a:/data/local/tmp/asx/webview-t-lib
[SOURCE-NATIVE-LOADER] path=/data/local/tmp/asx/lib/arm64-v8a/libnpth.so class_paths=/data/local/tmp/asx/lib/arm64-v8a:/data/local/tmp/asx/toutiao.apk!/lib/arm64-v8a
[SOURCE-NATIVE-ABI] errno=0x7fbc806548 provider=/data/local/tmp/asx/webview-t-lib/libwebview_bionic_shim.so
[TOUCH21-WAKE] now=96495788 tid=11392 ptr=0x7fbd4ed000 looper=0x7fbe899e70
[WESTLAKE-WEBVIEW-BIONIC] property ro.arch=arm64
[WESTLAKE-WEBVIEW-BIONIC] property ro.arch=arm64
[WESTLAKE-WEBVIEW-BIONIC] property ro.arch=arm64
[WESTLAKE-WEBVIEW-BIONIC] property ro.arch=arm64
[WESTLAKE-WEBVIEW-BIONIC] property ro.arch=arm64
[SOURCE-NATIVE-LOAD] path=/data/local/tmp/asx/lib/arm64-v8a/libbytehook.so search=/data/local/tmp/asx:/system/lib64:/system/lib64/platformsdk:/system/lib64/chipset-sdk:/system/lib64/chipset-sdk-sp:/system/lib64/ndk:/vendor/lib64/chipsetsdk:/vendor/lib64/hw:/vendor/lib64:/data/local/tmp/asx/lib/arm64-v8a:/data/local/tmp/asx/webview-t-lib
[SOURCE-NATIVE-LOADER] path=/data/local/tmp/asx/lib/arm64-v8a/libbytehook.so class_paths=/data/local/tmp/asx/lib/arm64-v8a:/data/local/tmp/asx/toutiao.apk!/lib/arm64-v8a
[SOURCE-NATIVE-ABI] errno=0x7fbc806548 provider=/data/local/tmp/asx/webview-t-lib/libwebview_bionic_shim.so
[SOURCE-NATIVE-LOAD] path=/data/local/tmp/asx/lib/arm64-v8a/libsscronet.so search=/data/local/tmp/asx:/system/lib64:/system/lib64/platformsdk:/system/lib64/chipset-sdk:/system/lib64/chipset-sdk-sp:/system/lib64/ndk:/vendor/lib64/chipsetsdk:/vendor/lib64/hw:/vendor/lib64:/data/local/tmp/asx/lib/arm64-v8a:/data/local/tmp/asx/webview-t-lib
[SOURCE-NATIVE-LOADER] path=/data/local/tmp/asx/lib/arm64-v8a/libsscronet.so class_paths=/data/local/tmp/asx/lib/arm64-v8a:/data/local/tmp/asx/toutiao.apk!/lib/arm64-v8a
[SOURCE-NATIVE-ABI] errno=0x7fbc806548 provider=/data/local/tmp/asx/webview-t-lib/libwebview_bionic_shim.so
[AdapterCM] call getLinkProperties
[WESTLAKE-WEBVIEW-SIGNAL] sigaction #9 signal=6 flags=0x48000004 callback=0x7e8f55341c rc=0 errno=22
[WESTLAKE-WEBVIEW-SIGNAL] sigaction #10 signal=7 flags=0x48000004 callback=0x7e8f55341c rc=0 errno=22
[WESTLAKE-WEBVIEW-SIGNAL] sigaction #11 signal=8 flags=0x48000004 callback=0x7e8f55341c rc=0 errno=22
[WESTLAKE-WEBVIEW-SIGNAL] sigaction #12 signal=4 flags=0x48000004 callback=0x7e8f55341c rc=0 errno=22
[WESTLAKE-WEBVIEW-SIGNAL] sigaction #13 signal=11 flags=0x48000004 callback=0x7e8f55341c rc=0 errno=22
[WESTLAKE-WEBVIEW-SIGNAL] sigaction #14 signal=5 flags=0x48000004 callback=0x7e8f55341c rc=0 errno=22
[WESTLAKE-WEBVIEW-SIGNAL] sigaction #15 signal=31 flags=0x48000004 callback=0x7e8f55341c rc=0 errno=22
[WESTLAKE-WEBVIEW-SIGNAL] sigaction #16 signal=16 flags=0x48000004 callback=0x7e8f55341c rc=0 errno=22
[WESTLAKE-WEBVIEW-SIGNAL] sigaction #17 signal=13 flags=0x48000004 callback=0x7e8f55341c rc=0 errno=22
[TOUCH21-WAKE] now=96495836 tid=11486 ptr=0x7fb761cc30 looper=0x7fbd4dc5b0
[TOUCH21-WAKE] now=96495836 tid=11486 ptr=0x7fb761cc30 looper=0x7fbd4dc5b0
[WESTLAKE-WEBVIEW-BIONIC] sysconf selector=96 translated bionic->musl selector=83 result=8 caller=/data/local/tmp/asx/lib/arm64-v8a/libsscronet.so
[WESTLAKE-NATIVENET-807] epoll_create size=32000 result=70 errno=0
[WESTLAKE-NATIVENET-807] epoll_ctl epfd=70 op=1 fd=73 events=0x1 data_fd=73 result=0 errno=0
[AdapterCM] call requestNetwork
ClassDefAttachInitTask isOpenODexSuccess cost: 4
nullptr W 09-26 04:44:51 11090 11487 method_verifier.cc:5148] Verification of com.bytedance.tiktok.base.model.UGCVideoEntity$UGCVideo com.bytedance.tiktok.base.model.UGCVideoEntity_UGCVideo$BDJsonInfo.fromJSONObject(org.json.JSONObject) took 136.187ms (10867.40 bytecodes/s) (31360B approximate peak alloc)
[AdapterCM] register(requestNetwork, TRACK_DEFAULT, timeoutMs=0) -> requestId=1
nullptr W 09-26 04:44:51 11090 11346 method_verifier.cc:5148] Verification of com.bytedance.retrofit2.ParameterHandler com.bytedance.retrofit2.RequestFactory$Builder.parseParameterAnnotation(int, java.lang.reflect.Type, java.lang.annotation.Annotation[], java.lang.annotation.Annotation) took 173.720ms (10332.71 bytecodes/s) (36824B approximate peak alloc)
[AdapterCM] call getAllNetworks
[AdapterCM] call listenForNetwork
[AdapterCM] register(listenForNetwork, LISTEN, timeoutMs=0) -> requestId=2
[TOUCH21-WAKE] now=96496028 tid=11118 ptr=0x7fba039880 looper=0x7fbd4dd580
[WESTLAKE-LOCAL-SERVICE] uimode bound in process
[OHServiceManager] getService("uimode") → adapter (real-routed)
[WESTLAKE-LOCAL-SERVICE] uimode.addCallback
[WESTLAKE-LOCAL-SERVICE] uimode.getContrast
[WESTLAKE-LOCAL-SERVICE] uimode.getCurrentModeType
[WESTLAKE-WEBVIEW-NDK] ALooper_prepare opts=0 looper=0x7fb6f8cc30 backend=0x7fbd4dc260
[WESTLAKE-WEBVIEW-NDK] ALooper_addFd looper=0x7fb6f8cc30 backend=0x7fbd4dc260 fd=78 ident=0 events=1 callback=0x7e8f1af1ec data=0x7fb761ef60 result=1
[WESTLAKE-WEBVIEW-NDK] ALooper_addFd looper=0x7fb6f8cc30 backend=0x7fbd4dc260 fd=79 ident=0 events=1 callback=0x7e8f1af220 data=0x7fb761ef60 result=1
[WESTLAKE-LOCAL-SERVICE] power bound in process
[OHServiceManager] getService("power") → adapter (real-routed)
[WESTLAKE-LOCAL-SERVICE] thermalservice bound in process
[OHServiceManager] getService("thermalservice") → adapter (real-routed)
[WESTLAKE-LOCAL-SERVICE] batterystats bound in process
[OHServiceManager] getService("batterystats") → adapter (real-routed)
[WESTLAKE-LOCAL-SERVICE] batteryproperties bound in process
[OHServiceManager] getService("batteryproperties") → adapter (real-routed)
[WESTLAKE-NATIVENET-807] epoll_create size=32000 result=80 errno=0
[WESTLAKE-NATIVENET-807] epoll_ctl epfd=80 op=1 fd=83 events=0x1 data_fd=83 result=0 errno=0
[WESTLAKE-WEBVIEW-BIONIC] property ro.build.version.sdk=34
nullptr W 09-26 04:44:51 11090 11380 method_verifier.cc:5148] Verification of com.bytedance.android.feedayers.docker.IFeedDocker com.bytedance.android.ttdocker.manager.TTDockerManager.findDocker(int) took 102.857ms (15438.77 bytecodes/s) (62200B approximate peak alloc)
[WESTLAKE-WEBVIEW-PROVIDER] primed ServiceManager webviewupdate cache public-readback=OK
[WESTLAKE-WEBVIEW-FEATURE] application=pending feature=held-unsupported
[WESTLAKE-WEBVIEW-PROVIDER] startup service cache=OK previous=same
[WESTLAKE-WEBVIEW-STARTUP] application-ready cache-republish=OK attempt=2529
[SOURCE-NATIVE-LOAD] path=/data/local/tmp/asx/lib/arm64-v8a/libmetasec_ml.so search=/data/local/tmp/asx:/system/lib64:/system/lib64/platformsdk:/system/lib64/chipset-sdk:/system/lib64/chipset-sdk-sp:/system/lib64/ndk:/vendor/lib64/chipsetsdk:/vendor/lib64/hw:/vendor/lib64:/data/local/tmp/asx/lib/arm64-v8a:/data/local/tmp/asx/webview-t-lib
[SOURCE-NATIVE-LOADER] path=/data/local/tmp/asx/lib/arm64-v8a/libmetasec_ml.so class_paths=/data/local/tmp/asx/lib/arm64-v8a:/data/local/tmp/asx/toutiao.apk!/lib/arm64-v8a
[SOURCE-NATIVE-ABI] errno=0x7fbc806548 provider=/data/local/tmp/asx/webview-t-lib/libwebview_bionic_shim.so
[WESTLAKE-WEBVIEW-BIONIC] sysconf selector=6 translated bionic->musl selector=2 result=100 caller=/data/local/tmp/asx/lib/arm64-v8a/libnpth.so
[AdapterCM] delivered callback=2 requestId=1 netId=119
[WESTLAKE-NATIVENET-807] epoll_wait epfd=80 max=32 timeout=-1 result=1 errno=0
[WESTLAKE-NATIVENET-807] epoll_event[0] events=0x1 data_fd=83 data_u64=83
[TOUCH21-WAKE] now=96496252 tid=11344 ptr=0x7fbd4ed000 looper=0x7fbe899e70
[WESTLAKE-NATIVENET-807] epoll_wait epfd=80 max=32 timeout=-1 result=1 errno=0
[WESTLAKE-NATIVENET-807] epoll_event[0] events=0x1 data_fd=83 data_u64=83
[WESTLAKE-NATIVENET-807] epoll_wait epfd=70 max=32 timeout=-1 result=1 errno=0
[WESTLAKE-NATIVENET-807] epoll_event[0] events=0x1 data_fd=73 data_u64=73
[WESTLAKE-NATIVENET-807] epoll_wait epfd=70 max=32 timeout=-1 result=1 errno=0
[WESTLAKE-NATIVENET-807] epoll_event[0] events=0x1 data_fd=73 data_u64=73
[WESTLAKE-NATIVENET-767] socket domain=2 type=0x2 protocol=0 result=85 errno=0
[WESTLAKE-NATIVENET-767] connect fd=85 family=2 len=16 address=8.8.8.8 port=53 result=0 errno=0
[WESTLAKE-NATIVENET-767] socket domain=10 type=0x2 protocol=0 result=85 errno=0
[WESTLAKE-NATIVENET-767] connect fd=85 family=10 len=28 address=2001:4860:4860::8888 port=53 result=0 errno=0
[TOUCH21-WAKE] now=96496494 tid=11118 ptr=0x7fba039880 looper=0x7fbd4dd580
[WESTLAKE-PM] resolveContentProvider com.ss.android.article.news.hwid.sdk.otafileprovider -> com.bytedance.article.dex.account.huawei.OtaFileProvider metadata=1
[WESTLAKE-REAP] child 11538 exited(127)
[SOURCE-NATIVE-LOAD] path=/data/data/com.ss.android.article.news/app_lib/libmetasec_ml.so search=/data/local/tmp/asx:/system/lib64:/system/lib64/platformsdk:/system/lib64/chipset-sdk:/system/lib64/chipset-sdk-sp:/system/lib64/ndk:/vendor/lib64/chipsetsdk:/vendor/lib64/hw:/vendor/lib64:/data/local/tmp/asx/lib/arm64-v8a:/data/local/tmp/asx/webview-t-lib
[SOURCE-NATIVE-LOADER] path=/data/data/com.ss.android.article.news/app_lib/libmetasec_ml.so class_paths=/data/local/tmp/asx/lib/arm64-v8a:/data/local/tmp/asx/toutiao.apk!/lib/arm64-v8a
[SOURCE-NATIVE-ABI] errno=0x7fbc806548 provider=/data/local/tmp/asx/webview-t-lib/libwebview_bionic_shim.so
[SOURCE-NATIVE-LOAD] path=/data/local/tmp/asx/lib/arm64-v8a/libmetasec_ml.so search=/data/local/tmp/asx:/system/lib64:/system/lib64/platformsdk:/system/lib64/chipset-sdk:/system/lib64/chipset-sdk-sp:/system/lib64/ndk:/vendor/lib64/chipsetsdk:/vendor/lib64/hw:/vendor/lib64:/data/local/tmp/asx/lib/arm64-v8a:/data/local/tmp/asx/webview-t-lib
[SOURCE-NATIVE-LOADER] path=/data/local/tmp/asx/lib/arm64-v8a/libmetasec_ml.so class_paths=/data/local/tmp/asx/lib/arm64-v8a:/data/local/tmp/asx/toutiao.apk!/lib/arm64-v8a
[SOURCE-NATIVE-ABI] errno=0x7fbc806548 provider=/data/local/tmp/asx/webview-t-lib/libwebview_bionic_shim.so
nullptr W 09-26 04:44:52 11090 11107 code_generator_arm64.cc:4802] Missing inline cache for java.lang.Object libcore.reflect.AnnotationMember.copyValue()
nullptr W 09-26 04:44:52 11090 11107 code_generator_arm64.cc:4802] Missing inline cache for java.lang.Object libcore.reflect.AnnotationMember.copyValue()
nullptr W 09-26 04:44:52 11090 11107 code_generator_arm64.cc:4802] Missing inline cache for java.lang.Object libcore.reflect.AnnotationMember.copyValue()
nullptr W 09-26 04:44:52 11090 11107 code_generator_arm64.cc:4802] Missing inline cache for java.lang.Object libcore.reflect.AnnotationMember.copyValue()
nullptr W 09-26 04:44:52 11090 11107 code_generator_arm64.cc:4802] Missing inline cache for java.lang.Object libcore.reflect.AnnotationMember.copyValue()
nullptr W 09-26 04:44:52 11090 11107 code_generator_arm64.cc:4802] Missing inline cache for java.lang.Object libcore.reflect.AnnotationMember.copyValue()
nullptr W 09-26 04:44:52 11090 11107 code_generator_arm64.cc:4802] Missing inline cache for java.lang.Object libcore.reflect.AnnotationMember.copyValue()
nullptr W 09-26 04:44:52 11090 11333 method_verifier.cc:5148] Verification of android.view.View X.2Zd.d(android.content.Context) took 137.597ms (2470.97 bytecodes/s) (10112B approximate peak alloc)
nullptr W 09-26 04:44:52 11090 11107 code_generator_arm64.cc:4802] Missing inline cache for java.lang.Object libcore.reflect.AnnotationMember.copyValue()
nullptr W 09-26 04:44:52 11090 11556 method_verifier.cc:5148] Verification of void X.3Fp.<init>(android.content.Context) took 100.257ms (3560.84 bytecodes/s) (9176B approximate peak alloc)
[TOUCH21-WAKE] now=96497353 tid=11543 ptr=0x7fbd4ed000 looper=0x7fbe899e70
nullptr W 09-26 04:44:52 11090 11556 method_verifier.cc:5148] Verification of com.ss.android.video.api.player.controller.IFeedVideoController X.3Fp.Q2() took 108.646ms (46.02 bytecodes/s) (2240B approximate peak alloc)
[WESTLAKE-REAP] child 11559 exited(127)
[WESTLAKE-COLLATE] LOCALIZED + PHONEBOOK registered
[WESTLAKE-COLLATE] LOCALIZED + PHONEBOOK registered
[TOUCH21-WAKE] now=96497658 tid=11351 ptr=0x7fbd4ed000 looper=0x7fbe899e70
[WESTLAKE-COLLATE] LOCALIZED + PHONEBOOK registered
nullptr W 09-26 04:44:52 11090 11487 method_verifier.cc:5148] Verification of com.bytedance.forest.model.RequestOperation X.BQO.a(X.BQP) took 118.630ms (3725.86 bytecodes/s) (14864B approximate peak alloc)
[TOUCH21-WAKE] now=96497769 tid=11351 ptr=0x7fbd4ed000 looper=0x7fbe899e70
[WESTLAKE-REAP] child 11582 exited(127)
[TOUCH21-WAKE] now=96498115 tid=11380 ptr=0x7fbd4ed000 looper=0x7fbe899e70
[WESTLAKE-VSYNC] scheduleVsync ENTRY receiverPtr=0x7fafe8ed90 state=0x7fafe8ed90
[SOURCE-NATIVE-LOAD] path=/data/local/tmp/asx/lib/arm64-v8a/libdelta.so search=/data/local/tmp/asx:/system/lib64:/system/lib64/platformsdk:/system/lib64/chipset-sdk:/system/lib64/chipset-sdk-sp:/system/lib64/ndk:/vendor/lib64/chipsetsdk:/vendor/lib64/hw:/vendor/lib64:/data/local/tmp/asx/lib/arm64-v8a:/data/local/tmp/asx/webview-t-lib
[SOURCE-NATIVE-LOADER] path=/data/local/tmp/asx/lib/arm64-v8a/libdelta.so class_paths=/data/local/tmp/asx/lib/arm64-v8a:/data/local/tmp/asx/toutiao.apk!/lib/arm64-v8a
[SOURCE-NATIVE-ABI] errno=0x7fbc806548 provider=/data/local/tmp/asx/webview-t-lib/libwebview_bionic_shim.so
[WESTLAKE-VSYNC] watchdog thread started
[WESTLAKE-VSYNC] onOhVsync ENTRY ts=96498164532518 data=0x7fafe8ed90
[WESTLAKE-WEBVIEW-BIONIC] sysconf selector=39 translated bionic->musl selector=30 result=4096 caller=/data/local/tmp/asx/lib/arm64-v8a/libttcrypto.so
[SOURCE-NATIVE-LOAD] path=/data/local/tmp/asx/lib/arm64-v8a/libdelta.so search=/data/local/tmp/asx:/system/lib64:/system/lib64/platformsdk:/system/lib64/chipset-sdk:/system/lib64/chipset-sdk-sp:/system/lib64/ndk:/vendor/lib64/chipsetsdk:/vendor/lib64/hw:/vendor/lib64:/data/local/tmp/asx/lib/arm64-v8a:/data/local/tmp/asx/webview-t-lib
[WESTLAKE-VSYNC] ts_oh=96498164532518 ms=96498164 | mono=96498209494167 ms=96498209
[WESTLAKE-VSYNC] tick state=0x7fafe8ed90 destroyed=0 scheduled=0
[WESTLAKE-VSYNC] tick state=0x7fafe8ed90 destroyed=0 scheduled=0
[WESTLAKE-VSYNC] tick state=0x7fafe8ed90 destroyed=0 scheduled=0
[WESTLAKE-VSYNC] tick state=0x7fafe8ed90 destroyed=0 scheduled=0
[TOUCH21-WAKE] now=96498404 tid=11545 ptr=0x7fba039880 looper=0x7fbd4dd580
[WESTLAKE-VSYNC] tick state=0x7fafe8ed90 destroyed=0 scheduled=0
[WESTLAKE-VSYNC] tick state=0x7fafe8ed90 destroyed=0 scheduled=0
nullptr D 09-26 04:44:53 11090 11380 compat_framework.cc:54] Compat change id reported: 142365358; UID 20010053; state: ENABLED
[TOUCH21-WAKE] now=96498549 tid=11545 ptr=0x7fbd4ed000 looper=0x7fbe899e70
[SOURCE-NATIVE-LOAD] path=/data/data/com.ss.android.article.news/app_lib/libmetasec_ml.so search=/data/local/tmp/asx:/system/lib64:/system/lib64/platformsdk:/system/lib64/chipset-sdk:/system/lib64/chipset-sdk-sp:/system/lib64/ndk:/vendor/lib64/chipsetsdk:/vendor/lib64/hw:/vendor/lib64:/data/local/tmp/asx/lib/arm64-v8a:/data/local/tmp/asx/webview-t-lib
[SOURCE-NATIVE-LOADER] path=/data/data/com.ss.android.article.news/app_lib/libmetasec_ml.so class_paths=/data/local/tmp/asx/lib/arm64-v8a:/data/local/tmp/asx/toutiao.apk!/lib/arm64-v8a
[SOURCE-NATIVE-ABI] errno=0x7fbc806548 provider=/data/local/tmp/asx/webview-t-lib/libwebview_bionic_shim.so
[OHServiceManager] getService("phone") → null (stub — see doc/shortcuts_inventory.html#chC)
[OHServiceManager] getService("iphonesubinfo") → null (stub — see doc/shortcuts_inventory.html#chC)
[SOURCE-NATIVE-LOAD] path=/data/local/tmp/asx/lib/arm64-v8a/libjnativehook.so search=/data/local/tmp/asx:/system/lib64:/system/lib64/platformsdk:/system/lib64/chipset-sdk:/system/lib64/chipset-sdk-sp:/system/lib64/ndk:/vendor/lib64/chipsetsdk:/vendor/lib64/hw:/vendor/lib64:/data/local/tmp/asx/lib/arm64-v8a:/data/local/tmp/asx/webview-t-lib
[SOURCE-NATIVE-LOADER] path=/data/local/tmp/asx/lib/arm64-v8a/libjnativehook.so class_paths=/data/local/tmp/asx/lib/arm64-v8a:/data/local/tmp/asx/toutiao.apk!/lib/arm64-v8a
[SOURCE-NATIVE-ABI] errno=0x7fbc806548 provider=/data/local/tmp/asx/webview-t-lib/libwebview_bionic_shim.so
[WESTLAKE-WEBVIEW-BIONIC] property ro.build.version.sdk=34
[WESTLAKE-WEBVIEW-BIONIC] property persist.sys.dalvik.vm.lib=
[WESTLAKE-WEBVIEW-BIONIC] property persist.sys.dalvik.vm.lib.2=
[WESTLAKE-LOCAL-SERVICE] appops.startWatchingAsyncNoted
[WESTLAKE-LOCAL-SERVICE] appops.extractAsyncOps
nullptr W 09-26 04:44:54 11090 11383 method_verifier.cc:5148] Verification of java.lang.Object X.Abf.b(java.lang.Class, java.lang.String) took 106.204ms (5781.30 bytecodes/s) (14288B approximate peak alloc)
[WESTLAKE-WEBVIEW-SIGNAL] sigaction #18 signal=17 flags=0x2 callback=0x1 rc=0 errno=2
[TOUCH21-WAKE] now=96498971 tid=11545 ptr=0x7fbd4ed000 looper=0x7fbe899e70
[TOUCH21-WAKE] now=96499005 tid=11545 ptr=0x7fba039880 looper=0x7fbd4dd580
[TOUCH21-WAKE] now=96499008 tid=11624 ptr=0x7fba039880 looper=0x7fbd4dd580
[WESTLAKE-REAP] child 11623 exited(255)
nullptr W 09-26 04:44:54 11090 11624 method_verifier.cc:5148] Verification of void com.bytedance.news.ug.luckycat.LuckyInitHelper.initLuckyCatAndDog() took 102.104ms (11860.38 bytecodes/s) (39920B approximate peak alloc)
[TOUCH21-WAKE] now=96499132 tid=11624 ptr=0x7fba039880 looper=0x7fbd4dd580
[TOUCH21-WAKE] now=96499254 tid=11387 ptr=0x7fbd4ed000 looper=0x7fbe899e70
[TOUCH21-WAKE] now=96499314 tid=11387 ptr=0x7fb6f79540 looper=0x7fbd4dcb50
[TOUCH21-WAKE] now=96499316 tid=11485 ptr=0x7fba039880 looper=0x7fbd4dd580
[TOUCH21-WAKE] now=96499344 tid=11387 ptr=0x7fb6f79540 looper=0x7fbd4dcb50
[TOUCH21-WAKE] now=96499426 tid=11387 ptr=0x7fb6f79540 looper=0x7fbd4dcb50
[TOUCH21-WAKE] now=96499473 tid=11387 ptr=0x7fb6f79540 looper=0x7fbd4dcb50
[SOURCE-NATIVE-LOAD] path=/data/local/tmp/asx/liboh_permission_queries.so search=/data/local/tmp/asx:/system/lib64:/system/lib64/platformsdk:/system/lib64/chipset-sdk:/system/lib64/chipset-sdk-sp:/system/lib64/ndk:/vendor/lib64/chipsetsdk:/vendor/lib64/hw:/vendor/lib64:/data/local/tmp/asx/lib/arm64-v8a:/data/local/tmp/asx/webview-t-lib
[SOURCE-NATIVE-LOADER] path=/data/local/tmp/asx/liboh_permission_queries.so class_paths=<none>
[SOURCE-NATIVE-ABI] errno=0x7fbc806548 provider=/data/local/tmp/asx/webview-t-lib/libwebview_bionic_shim.so
[TOUCH21-WAKE] now=96499557 tid=11387 ptr=0x7fbd4ed000 looper=0x7fbe899e70
[TOUCH21-WAKE] now=96499585 tid=11387 ptr=0x7fba039880 looper=0x7fbd4dd580
java.net.SocketTimeoutException: Poll timed out
	at libcore.io.IoBridge.poll(Unknown Source:29)
	at java.net.PlainDatagramSocketImpl.doRecv(Unknown Source:19)
	at java.net.PlainDatagramSocketImpl.receive0(Unknown Source:2)
	at java.net.AbstractPlainDatagramSocketImpl.receive(Unknown Source:1)
	at java.net.DatagramSocket.receive(Unknown Source:188)
	at X.2zY.doInBackground(SourceFile:17236106)
