1/33 wikipedia: foreground_unconfirmed
2/33 termux: foreground_unconfirmed
3/33 ooniprobe: foreground_unconfirmed
4/33 fd-netguard: foreground_unconfirmed
5/33 fd-noice: foreground_unconfirmed
6/33 newpipe: foreground_unconfirmed
7/33 markor: foreground_unconfirmed
8/33 opencamera: foreground_unconfirmed
9/33 fd-mpv: foreground_unconfirmed
10/33 fd-musicplayer: foreground_unconfirmed
11/33 fd-notes: foreground_unconfirmed
12/33 fd-organicmaps: foreground_unconfirmed
13/33 fd-plus: foreground_unconfirmed
14/33 fd-reader: foreground_unconfirmed
15/33 fd-saber: foreground_unconfirmed
16/33 fd-seal: foreground_unconfirmed
17/33 fd-shatteredpixeldungeon: foreground_unconfirmed
18/33 fd-tasks: foreground_unconfirmed
19/33 fd-tusky: foreground_unconfirmed
20/33 fd-tutanota: foreground_unconfirmed
21/33 fd-uhabits: foreground_unconfirmed
22/33 fd-wifianalyzer: foreground_unconfirmed
23/33 fd-stk: foreground_unconfirmed
24/33 toutiao: foreground_unconfirmed
25/33 mcdonalds: foreground_unconfirmed
26/33 subwaysurfers: app_failed
27/33 firefox: foreground_unconfirmed
28/33 vlc: foreground_unconfirmed
29/33 localsend: foreground_unconfirmed
30/33 ppsspp: foreground_unconfirmed
31/33 mindustry: foreground_unconfirmed
32/33 x: foreground_unconfirmed
33/33 noice: foreground_unconfirmed
TOTAL keys=33 screenshots_captured=64/64 alive_t5=9 alive_t20=0  (facts.txt; quote it verbatim in ACKs)
