
==> 连接设备 5ea34a4500000000000000001123012c
设备已启动。

==> 停止全部 Android 进程，解除 backing 使用者

==> 检测到活跃 PR03/ZigZag bind，逐层卸载完整目标集合

==> 从 Mac 传入独立 staging 载荷（约 430 MB，不编译）
载荷传输与读回通过。

==> 从现成二进制生成主线程触摸一致闭包（不编译）
触摸一致闭包已生成：runtime → provider → child → appspawn-x。

==> 原子切换完整 PR03 backing，保留旧根作为恢复点
旧 backing（如存在）保留在：/data/pr03-74e6-portable.pre-restore-20260928T094221Z-5ea34a45

==> 安装 PR03 宿主库、init 配置和每次开机自动恢复 hook
设备已启动。
设备已启动。

==> 确认本次 boot 已自动恢复 PR03 运行闭包

==> 确认宿主库已由 foundation 加载

==> 重装精确 HelloWorld APK
install bundle successfully.
HelloWorld UID=20010055, bundleType=10。

==> 建立应用沙箱目录

==> 恢复 PR03 的 7 个精确 bind-mount

==> 设置参数、唤醒并启动 appspawn-x
Set parameter persist.sys.abilityms.support_anco_app true success
Set parameter persist.sys.abilityms.timeout_unit_time_ratio 20 success
Set parameter persist.sys.prefork.enable false success
Set Mode: 602
Set Mode Success!
Override screen off time to 86400000
WakeupDevice is called
Override brightness to 230

==> 唯一一次冷启动 HelloWorld
Set Mode: 602
Set Mode Success!
Override screen off time to 86400000
WakeupDevice is called
Override brightness to 230
launch_token=PR03-5ea34a45-20260928T094221Z-5ea34a45-one-shot-001
StartMode: Cold
BundleName: com.example.helloworld
AbilityName: com.example.helloworld.MainActivity
TotalTime: 2268
WaitTime: 2279
start ability successfully.
应用子进程 PID=4708 PPID=4202 UID=20010055。

==> 截图确认

==> 点击 CHANGE COLOR，确认触摸回到主 Looper
WakeupDevice is called
   click coordinate: (600, 500)
click interval time: 100ms
If the command does not work as expected, check whether the specified coordinates exceed the screen boundary

成功：HelloWorld 已在 5ea34a4500000000000000001123012c 上屏，CHANGE COLOR 点击后变为 RED。
launch token：PR03-5ea34a45-20260928T094221Z-5ea34a45-one-shot-001
parent/child：4202/4708
截图：/Users/zhaoyue/orca/workspaces/westlake-bms-suite/var/state/pr03-helloworld-restore/20260928T094221Z-5ea34a45/HelloWorld.jpeg
触摸截图：/Users/zhaoyue/orca/workspaces/westlake-bms-suite/var/state/pr03-helloworld-restore/20260928T094221Z-5ea34a45/HelloWorld-touch-red.jpeg
完整日志：/Users/zhaoyue/orca/workspaces/westlake-bms-suite/var/state/pr03-helloworld-restore/20260928T094221Z-5ea34a45/restore.log
本地载荷：/Users/zhaoyue/orca/.bridge-payload/pr03-74e6-portable
重启恢复：已安装；以后每次重启后打开 HelloWorld 都会自动恢复运行闭包
