[AppSpawnX] [CHILD] native stderr redirected to /data/local/tmp/adapter_child_19638.stderr
[AppSpawnX][W] [CHILD] oh_typeface_mark_child unavailable — Typeface real-init won't fire (font rendering will degrade): do_dlsym failed: Symbol not found: oh_typeface_mark_child, version: null so=/data/local/tmp/asx/liboh_hwui_shim.so
[AppSpawnX] applyAccessToken: id=0x200ea867 apl=normal
[AppSpawnX] applyAccessToken: SetSelfTokenID(0x200ea867) OK
[WESTLAKE-APP-PRIV] cpuProfile=top-app before app credentials uid=0
[AppSpawnX] Applying DAC: uid=20010053 gid=20010053 gids_count=1
[AppSpawnX][D] Set 4 supplementary groups (incl netsys_socket 1097, inet 3003/3004)
[AppSpawnX] [NET-FIX] granted oh_sock_permission_map[20010053]=1 at spawn (rc=32512)
[AppSpawnX][D] Set GID to 20010053
[AppSpawnX][D] Set UID to 20010053
[AppSpawnX] DAC applied: running as uid=20010053 gid=20010053
[AppSpawnX] Setting up sandbox for org.westlake.imehost
[AppSpawnX][D] Sandbox setup: TODO – filesystem isolation not yet implemented
[AppSpawnX][D]   APK path: 
[AppSpawnX][D]   Native libs: 
[AppSpawnX][D]   Bundle data: /data/data/org.westlake.imehost/
[AppSpawnX] applySELinux: apl=normal pkg=org.westlake.imehost hapFlags=0 uid=20010053
[AppSpawnX] applySELinux: child secon transitioned successfully (apl=normal)
[WESTLAKE-APP-PRIV] cpu affinity=0-5 reserve=2
[WESTLAKE-APP-PRIV] finalized uid=20010053 CapEff=0 CapPrm=0 boundingDropped=41 niceFloor=-4 cpuProfile=top-app
[AppSpawnX] [ZYG] >>> ZygoteHooks.postForkChild() (child)
nullptr I 09-26 03:32:49 19638 19638 heap.cc:4755] Using CollectorType(2) GC.
nullptr W 09-26 03:32:49 19638 19638 jit_memory_region.cc:152] [WESTLAKE-OH-JIT] memfd RX denied (13); using ART anonymous cache with RWX updates permitted by caller
nullptr D 09-26 03:32:49 19638 19638 reporter.cc:65] Received session metadata: 4963014548677833447
[AppSpawnX] [ZYG] <<< ZygoteHooks.postForkChild() OK
[AppSpawnX] [ZYG] >>> ZygoteHooks.postForkCommon()
[AppSpawnX] [ZYG] <<< ZygoteHooks.postForkCommon() OK
[AppSpawnX] [CHILD] post-fork framework services installed
[CHILD] SigchainStartReassert not found
[AppSpawnX] Child post-fork initialization starting
[AppSpawnX][D] Thread already attached to VM in child process
[AppSpawnX] Child post-fork initialization complete (OH IPC mode)
[CHILD] startReg re-register: libRt=0x283ad9c7685d16eb (ok)
[liboh_android_runtime] startReg entering (38 modules)
[liboh_android_runtime] cached JavaVM=0x7f8683eca0
[liboh_android_runtime]   ok register_android_util_Log
[WESTLAKE-504] libcore.io.Memory bound 3/3 (essential failures=0)
[liboh_android_runtime]   ok register_libcore_io_Memory
[liboh_android_runtime]   ok register_westlake_class_library_services
SOURCE_LIBCORE_LINUX_REGISTERED
[liboh_android_runtime]   ok register_westlake_linux_memory
[liboh_android_runtime] register_android_util_EventLog: 7 methods (5 writeEvent overloads + 2 readEvents)
[liboh_android_runtime]   ok register_android_util_EventLog
[liboh_android_runtime]   ok register_android_app_Activity
[liboh_android_runtime]   ok register_android_os_SystemProperties
[liboh_android_runtime]   ok register_android_os_Trace
[liboh_android_runtime]   ok register_android_os_Process
[liboh_android_runtime]   ok register_android_os_incremental_IncrementalManager
[liboh_android_runtime]   ok register_android_os_SystemClock
[liboh_android_runtime]   ok register_android_os_Binder
[liboh_android_runtime]   ok register_android_os_Parcel
[liboh_android_runtime]   ok register_android_hardware_HardwareBuffer
[liboh_android_runtime]   ok register_android_hardware_OverlayProperties
[liboh_android_runtime]   ok register_android_os_SharedMemory
[liboh_android_runtime]   ok register_android_view_SurfaceControl
[liboh_android_runtime] register_android_view_SurfaceSession: 2 methods (nativeCreate, nativeDestroy)
[liboh_android_runtime]   ok register_android_view_SurfaceSession
[WESTLAKE-SURFACETEXTURE] registered 12/12 JNI methods
[liboh_android_runtime]   ok register_android_graphics_SurfaceTexture_oh
[WESTLAKE-TEXTUREVIEW] register rc=0
[liboh_android_runtime]   ok register_android_view_TextureView_oh
[liboh_android_runtime] register_android_view_DisplayEventReceiver: 4 methods (Init, Finalizer, ScheduleVsync, GetLatestVsyncEventData)
[liboh_android_runtime]   ok register_android_view_DisplayEventReceiver
[liboh_android_runtime] register_android_view_InputChannel: 8 methods (NO_INPUT_EVENT_TRANSPORT baseline)
[liboh_android_runtime]   ok register_android_view_InputChannel
[liboh_android_runtime]   ok register_android_view_KeyCharacterMap
[liboh_android_runtime]   ok register_android_view_MotionEvent
[liboh_android_runtime]   ok register_android_view_VelocityTracker
[liboh_android_runtime]   ok register_android_view_InputEventReceiver
[liboh_android_runtime]   ok register_android_content_AssetManager
[liboh_android_runtime]   ok register_android_os_MessageQueue
[liboh_android_runtime]   ok register_android_content_res_ApkAssets
[liboh_android_runtime]   ok register_android_content_StringBlock
[liboh_android_runtime]   ok register_android_content_XmlBlock
[liboh_android_runtime]   ok register_com_android_internal_os_ClassLoaderFactory
[liboh_android_runtime]   ok register_com_android_internal_util_VirtualRefBasePtr
[liboh_android_runtime]   ok register_android_os_GraphicsEnvironment
[liboh_android_runtime]   ok register_libcore_util_NativeAllocationRegistry_guard
[liboh_android_runtime]   ok register_android_animation_PropertyValuesHolder
[SQLiteConnection] registered 31/31 framework-declared natives
[liboh_android_runtime]   ok register_android_database_SQLiteConnection
[liboh_android_runtime]   ok register_android_database_CursorWindow
[liboh_android_runtime] kRegJNI loop done: 38 ok, 0 failed
[liboh_android_runtime] dlopen libhwui.so OK
[SOURCE-HWUI] register module 1/52
[SOURCE-HWUI] register module 2/52
[SOURCE-HWUI] register module 3/52
[SOURCE-HWUI] register module 4/52
[SOURCE-HWUI] register module 5/52
[SOURCE-HWUI] register module 6/52
[SOURCE-HWUI] register module 7/52
[SOURCE-HWUI] register module 8/52
[SOURCE-HWUI] register module 9/52
[SOURCE-HWUI] register module 10/52
[SOURCE-HWUI] register module 11/52
[SOURCE-HWUI] register module 12/52
[SOURCE-HWUI] register module 13/52
[SOURCE-HWUI] register module 14/52
[SOURCE-HWUI] register module 15/52
[SOURCE-HWUI] register module 16/52
[SOURCE-HWUI] register module 17/52
[SOURCE-HWUI] register module 18/52
[SOURCE-HWUI] register module 19/52
[SOURCE-HWUI] register module 20/52
[SOURCE-HWUI] register module 21/52
[SOURCE-HWUI] register module 22/52
[SOURCE-HWUI] register module 23/52
[SOURCE-HWUI] register module 24/52
[SOURCE-HWUI] register module 25/52
[SOURCE-HWUI] register module 26/52
[SOURCE-HWUI] register module 27/52
[SOURCE-HWUI] register module 28/52
[SOURCE-HWUI] register module 29/52
[SOURCE-HWUI] register module 30/52
[SOURCE-HWUI] register module 31/52
[SOURCE-HWUI] register module 32/52
[SOURCE-HWUI] register module 33/52
[SOURCE-HWUI] register module 34/52
[SOURCE-HWUI] register module 35/52
[SOURCE-HWUI] register module 36/52
[SOURCE-HWUI] register module 37/52
[SOURCE-HWUI] register module 38/52
[SOURCE-HWUI] register module 39/52
[SOURCE-HWUI] register module 40/52
[SOURCE-HWUI] register module 41/52
[SOURCE-HWUI] register module 42/52
[SOURCE-HWUI] register module 43/52
[SOURCE-HWUI] register module 44/52
[SOURCE-HWUI] register module 45/52
[SOURCE-HWUI] register module 46/52
[SOURCE-HWUI] register module 47/52
[SOURCE-HWUI] register module 48/52
[SOURCE-HWUI] register module 49/52
[SOURCE-HWUI] register module 50/52
[SOURCE-HWUI] register module 51/52
[SOURCE-HWUI] register module 52/52
[liboh_android_runtime] source HWUI canonical registration PASS
[WESTLAKE-677] sensorless SystemSensorManager boundary managerRc=0 queueRc=0
[WESTLAKE-414] KeyEvent.nativeNextId RegisterNatives rc=0
[WESTLAKE-416] seeded ServiceManager.sCache['user'] (replaced=1 threw=0)
[WESTLAKE-416] seeded ServiceManager.sCache['shortcut'] (replaced=1 threw=0)
[WESTLAKE-416] seeded ServiceManager.sCache['notification'] (replaced=1 threw=0)
[WESTLAKE-416] seeded ServiceManager.sCache['content'] (replaced=1 threw=0)
[WESTLAKE-468] RegisterNatives(android/media/audiopolicy/AudioProductStrategy.native_list_audio_product_strategies) rc=0
[WESTLAKE-468] RegisterNatives(android/media/audiopolicy/AudioVolumeGroup.native_list_audio_volume_groups) rc=0
[WESTLAKE-678] RegisterNatives(AudioPortEventHandler setup/finalize) rc=0
[WESTLAKE-679] RegisterNatives(AudioSystem empty ports/patches) rc=0
[WESTLAKE-494] register_MediaCodec_shim rc=0
[WESTLAKE-467] media session: installed media_session, queryLocalInterface=OK; fetcher: already registered
[WESTLAKE-454] shortcut service: installed, queryLocalInterface=OK
[liboh_android_runtime] startReg exiting (ok)
[CHILD] re-ran startReg in child, rc=0
[AppSpawnX] Initializing adapter layer (OHEnvironment)
[WESTLAKE-WEBVIEW-PROVIDER] primed ServiceManager webviewupdate cache public-readback=OK
[WESTLAKE-WEBVIEW-FEATURE] application=pending feature=held-unsupported
[WESTLAKE-WEBVIEW-PROVIDER] startup service cache=OK previous=null
[WESTLAKE-WEBVIEW-STARTUP] mandatory child cache=OK
[WESTLAKE-WMC] hop1 GetSessionManagerService: SendRequest err=0 status=0 -> obj=0x7f8c14aaa0 descriptor='OHOS.ISessionManagerService'
[WESTLAKE-WMC] hop2 GetSceneSessionManager: SendRequest err=0 status=0 -> obj=0x7f8c14ac30 descriptor='OHOS.ISceneSessionManager'
[WESTLAKE-WMC] SceneSessionManager acquired
[AppSpawnX] Adapter layer initialized successfully
[AppSpawnX] Launching ActivityThread for org.westlake.imehost
[CM-BIGSTACK] java thread stack = 8 MB
[WESTLAKE-APP-PRIV] ActivityThread nice=-4
[CM-BIGSTACK] launcher DetachCurrentThread before join rc=0
[CM-BIGSTACK] ActivityThread on dedicated pthread, stack=8390992 bytes
[CHILD-SECURITY] source runtime uses Conscrypt/OhTrustBridge; legacy WestlakeJSSE skipped
[AppSpawnX] Launching target class: android.app.ActivityThread (proc=org.westlake.imehost, sdkVersion=0)
[AppSpawnX] Calling AppSpawnXInit.initChild("org.westlake.imehost", "android.app.ActivityThread", 0)
[AppSpawnX] [CHILD_CK] CK_BEFORE_initChild_call (about to enter Java)
[CHILD] EnsureFrontOfChain(SEGV/BUS) before initChild: symbol-missing
[SOURCE-JAVA] AppSpawnXJava: [FIX-AII] J_initChild_TOP proc=org.westlake.imehost
[SOURCE-JAVA] AppSpawnXJava: [FIX-AII] Resources.getSystem() = non-null
[SOURCE-JAVA] AppSpawnXJava: [B35-J] redirectLogStreamsToHiLog probe
[SOURCE-JAVA] AppSpawnXJava: [B32-J] J_initChild_entry proc=org.westlake.imehost
[SOURCE-JAVA] AppSpawnXJava: [B32-J] J_before_setArgV0
[SOURCE-JAVA] AppSpawnXJava: [B32-J] J_after_setArgV0
[SOURCE-JAVA] AppSpawnXJava: [B32-J] J_after_setTargetSdkVersion
[SOURCE-JAVA] AppSpawnXJava: [B32-J] J_after_initCommonRuntime
[WESTLAKE-WEBVIEW-PROVIDER] primed ServiceManager webviewupdate cache public-readback=OK
[WESTLAKE-WEBVIEW-FEATURE] application=pending feature=held-unsupported
[WESTLAKE-WEBVIEW-PROVIDER] startup service cache=OK previous=same
[WESTLAKE-WEBVIEW-STARTUP] mandatory child cache=OK
[WESTLAKE-WMC] hop1 GetSessionManagerService: SendRequest err=0 status=0 -> obj=0x7f8c14adc0 descriptor='OHOS.ISessionManagerService'
[WESTLAKE-WMC] hop2 GetSceneSessionManager: SendRequest err=0 status=0 -> obj=0x7f8c14ac30 descriptor='OHOS.ISceneSessionManager'
[WESTLAKE-WMC] SceneSessionManager acquired
[SOURCE-JAVA] AppSpawnXJava: [B32-J] J_after_initAdapterLayer
[SOURCE-JAVA] AppSpawnXJava: [B32-J] J_before_installActivityManagerStub
[AdapterIAM] real adapter ctor FAILED, falling back to Proxy stub: java.lang.RuntimeException: direct-launch: skipping real AMS adapter (samgr)
[AdapterIAM-stub_MPS] m1_before_loadIface android.app.IActivityManager
[AdapterIAM-stub_MPS] m2_loaded_iface=interface android.app.IActivityManager
[AdapterIAM-stub_MPS] m3_loaded_iBinder
[AdapterIAM-stub_MPS] m4_made_handler
[AdapterIAM-stub_MPS] m5_proxy_made=AdapterIAM-stub
[AdapterIAM] IActivityManagerSingleton.mInstance installed = AdapterIAM-stub
[SOURCE-JAVA] AppSpawnXJava: [B32-J] J_after_installActivityManagerStub
[AdapterIPM] real PackageManagerAdapter (getInstance singleton): adapter.packagemanager.PackageManagerAdapter@3c5364d
[AdapterIPM] ActivityThread.sPackageManager installed = adapter.packagemanager.PackageManagerAdapter@3c5364d
[SOURCE-JAVA] AppSpawnXJava: [B32-J] J_after_installPackageManagerStub
[AdapterIWM] real WindowManagerAdapter (getInstance singleton): adapter.window.WindowManagerAdapter@e11c502
[AdapterIWM] WindowManagerGlobal.sWindowManagerService installed = adapter.window.WindowManagerAdapter@e11c502
[SOURCE-JAVA] AppSpawnXJava: [B32-J] J_after_installWindowManagerStub
[OH_IIMAdapter] instantiated, nativeBridge=0x7f8be36650
[AdapterIIM] real InputManagerAdapter (getInstance singleton): adapter.window.InputManagerAdapter@923ae13
[AdapterIIM] InputManagerGlobal.sService not found: java.lang.NoSuchFieldException: No field sService in class Landroid/hardware/input/InputManagerGlobal; (declaration of 'android.hardware.input.InputManagerGlobal' appears in /system/framework/framework.jar!classes2.dex)
[AdapterIIM] InputManagerGlobal sInstance=android.hardware.input.InputManagerGlobal@8ed1850 sService=adapter.window.InputManagerAdapter@923ae13
[SOURCE-JAVA] AppSpawnXJava: [B32-J] J_after_installInputManagerAdapter
[AdapterIAudioSvc] AudioManager.sService stamped with Proxy stub=IAudioServiceStub@391186f
[SOURCE-JAVA] AppSpawnXJava: [B32-J] J_after_installAudioServiceStub
[JobSchedulerStub] installed local scheduler for jobscheduler
[SOURCE-JAVA] AppSpawnXJava: [B32-J] J_after_installJobSchedulerStub
[AdapterISM] CK1_enter (B.14 real OHServiceManager)
[OHServiceManager] instantiated (real-routed adapter, not Proxy)
[AdapterISM] CK2_after_OHServiceManager_new = adapter.core.OHServiceManager@8eba168
[AdapterISM] CK3_installed sServiceManager = adapter.core.OHServiceManager@8eba168
[AdapterISM] webviewupdate service cache=OK
[SOURCE-JAVA] AppSpawnXJava: [B32-J] J_after_installServiceManagerAdapter
[WESTLAKE-WEBVIEW-PROVIDER] primed ServiceManager webviewupdate cache public-readback=OK
[WESTLAKE-WEBVIEW-FEATURE] application=pending feature=held-unsupported
[WESTLAKE-WEBVIEW-PROVIDER] startup service cache=OK previous=same
[WESTLAKE-WEBVIEW-STARTUP] checkpoint=[B32-J] J_after_installServiceManagerAdapter result=OK
[SOURCE-JAVA] AppSpawnXJava: [WESTLAKE-CONTENT] published local IContentService
[SOURCE-JAVA] AppSpawnXJava: [B32-J] J_after_installContentServiceAdapter
[WESTLAKE-STORAGE-750] published local mount service OHStorageManagerAdapter@d9d4cbd
[SOURCE-JAVA] AppSpawnXJava: [B32-J] J_after_installStorageManagerAdapter
[AdapterIACC] CK1_enter (real Adapter extends Stub)
[AdapterIACC] CK2_real Adapter (getInstance singleton) = adapter.activity.ActivityClientControllerAdapter@8972b2
[AdapterIACC] CK3_installed mKnownInstance = adapter.activity.ActivityClientControllerAdapter@8972b2
[AdapterIACC] CK4_installed Singleton.mInstance = adapter.activity.ActivityClientControllerAdapter@8972b2
[SOURCE-JAVA] AppSpawnXJava: [B32-J] J_after_installActivityClientControllerStub
[SettingsCache] enter
[SettingsCache] installSettingsContentProviderStub enter
[SettingsCache]   injected mContentProvider into android.provider.Settings$Global holder
[SettingsCache]   injected mContentProvider into android.provider.Settings$Secure holder
[SettingsCache]   injected mContentProvider into android.provider.Settings$System holder
[SettingsCache] IContentProvider Proxy installed in 3 holders
[SettingsCache] OK android.provider.Settings$Global populated 5 keys, sample=1
[SettingsCache] OK android.provider.Settings$Secure populated 3 keys, sample=0
[SettingsCache] OK android.provider.Settings$System populated 2 keys, sample=0
[SOURCE-JAVA] AppSpawnXJava: [B32-J] J_after_preInitSettingsCache
[InitSysAM] current sSystemApkAssets length=1
[InitSysAM] post-init sSystem apkPaths=[/data/local/tmp/asx/framework-res.apk]  (should be exactly 1 framework-res, no duplicates)
[SOURCE-JAVA] AppSpawnXJava: [B32-J] J_after_installAdapters
[SOURCE-JAVA] AppSpawnXJava: [B32-J] J_direct_launch_armed pkg=com.ss.android.article.news apk=/data/local/tmp/asx/toutiao.apk act=com.ss.android.article.news.activity.MainActivity
[SOURCE-JAVA] AppSpawnXJava: [B32-J] J_before_invokeStaticMain target=android.app.ActivityThread
[CHILD_CK] J_invokeStaticMain_entry className=android.app.ActivityThread
[CHILD_CK] J_invokeStaticMain_classForName_OK
[CHILD_CK] J_invokeStaticMain_getMethod_OK
[CHILD_CK] J_probe_complete
[CHILD_CK] J_invokeStaticMain_BEFORE_main_invoke
[AdapterIAM-stub] attachApplication (no-op)
[TOUCH21-QUEUE] now=92174405 tid=19664 timeout=0
[TOUCH21-QUEUE] 0 { when=-1ms callback=com.android.internal.os.AppSpawnXInit$DirectLaunchTask target=android.os.Handler }
[TOUCH21-POLL] enter now=92174462 tid=19664 ptr=0x7f8c584130 looper=0x7f8d2674a0 timeout=0
[TOUCH21-POLL] exit now=92174462 tid=19664 ptr=0x7f8c584130
[DIRECT-LAUNCH] START pkg=com.ss.android.article.news apk=/data/local/tmp/asx/toutiao.apk act=com.ss.android.article.news.activity.MainActivity uid=20010053 sdk=0
[SOURCE-NATIVE-LOAD] path=/data/local/tmp/asx/liboh_account_state.so search=/data/local/tmp/asx:/system/lib64:/system/lib64/platformsdk:/system/lib64/chipset-sdk:/system/lib64/chipset-sdk-sp:/system/lib64/ndk:/vendor/lib64/chipsetsdk:/vendor/lib64/hw:/vendor/lib64:/data/local/tmp/asx/lib/arm64-v8a:/data/local/tmp/asx/webview-t-lib
[SOURCE-NATIVE-LOADER] path=/data/local/tmp/asx/liboh_account_state.so class_paths=<none>
[SOURCE-NATIVE-ABI] errno=0x7f7ed86548 provider=/data/local/tmp/asx/webview-t-lib/libwebview_bionic_shim.so
[SOURCE-USER] androidUser=200 ohAccount=100 active=1 storageVerified=1
[OHServiceManager] getService("permissionmgr") → adapter (real-routed)
[SOURCE-PACKAGE] parsed com.ss.android.article.news uid=20010053 version=13900 targetSdk=30 nativeLibraryDir=/data/local/tmp/asx/lib/arm64-v8a
[WESTLAKE-PM] split APKs com.ss.android.article.news source=scanned count=0 paths=[]
[DIRECT-LAUNCH] ApplicationInfo built, sourceDir=/data/local/tmp/asx/toutiao.apk splits=0
[B43-BIND] ensureBindApplication start bundle=com.ss.android.article.news
[B43-BIND] resolved ApplicationInfo pkg=com.ss.android.article.news uid=20010053 process=com.ss.android.article.news targetSdk=30 sourceDir=/data/local/tmp/asx/toutiao.apk nativeLibraryDir=/data/local/tmp/asx/lib/arm64-v8a
[SOURCE-NATIVE-LOAD] path=/data/local/tmp/asx/libwl_missing_natives.so search=/data/local/tmp/asx:/system/lib64:/system/lib64/platformsdk:/system/lib64/chipset-sdk:/system/lib64/chipset-sdk-sp:/system/lib64/ndk:/vendor/lib64/chipsetsdk:/vendor/lib64/hw:/vendor/lib64:/data/local/tmp/asx/lib/arm64-v8a:/data/local/tmp/asx/webview-t-lib
[SOURCE-NATIVE-LOADER] path=/data/local/tmp/asx/libwl_missing_natives.so class_paths=<none>
[SOURCE-NATIVE-ABI] errno=0x7f7ed86548 provider=/data/local/tmp/asx/webview-t-lib/libwebview_bionic_shim.so
[WL-NATIVES] bound Math=23/23 StrictMath=20/20 SurfaceControl=1/1
[WL-JAVACORE] libcore natives loaded for the boot loader
[SOURCE-NATIVE-LOAD] path=/data/local/tmp/asx/libwl_opengl_jni.so search=/data/local/tmp/asx:/system/lib64:/system/lib64/platformsdk:/system/lib64/chipset-sdk:/system/lib64/chipset-sdk-sp:/system/lib64/ndk:/vendor/lib64/chipsetsdk:/vendor/lib64/hw:/vendor/lib64:/data/local/tmp/asx/lib/arm64-v8a:/data/local/tmp/asx/webview-t-lib
[SOURCE-NATIVE-LOADER] path=/data/local/tmp/asx/libwl_opengl_jni.so class_paths=<none>
[SOURCE-NATIVE-ABI] errno=0x7f7ed86548 provider=/data/local/tmp/asx/webview-t-lib/libwebview_bionic_shim.so
[WL-OPENGL] registered EGLImpl=ok GLImpl=ok GLES10=ok GLES10Ext=ok GLES11=ok GLES11Ext=ok GLES20=ok GLES30=ok GLES31=ok GLES31Ext=ok GLES32=ok
[WL-KEYSTORE] installed software AndroidKeyStore provider, keys in /data/data/com.ss.android.article.news/no_backup/westlake-android-keystore
[OH_DisplayMgrAdapter] instantiated (real-routed via OH Rosen DisplayManager)
[B43] Configuration: locale=en_US fontScale=1.0 densityDpi=360 orient=1 uiMode=0x11
[B43-BIND] providers populated: 43
[B43-BIND] compat: targetSdk=30 disabled 250 of 290 gated changes
[B43-BIND] AppBindData constructed (real Configuration + flags + autofill defaults)
[B43-BIND] mCoreSettings seeded (TIME_12_24=null, keys=0)
[OHServiceManager] getService("network_management") → null (stub — see doc/shortcuts_inventory.html#chC)
nullptr E 09-26 03:32:50 19638 19664 oat_file_assistant.cc:675] Could not check odex file /data/misc/apexdata/com.android.art/dalvik-cache/arm64/data@local@tmp@asx@toutiao.apk@classes.odex: Permission denied
ziparchive: Unable to open '/data/local/tmp/asx/toutiao.dm': No such file or directory
ziparchive: Closing archive 0x7f8c72c2c0
ziparchive: +++ Found EOCD at buf+65535
ziparchive: +++ num_entries=24801 dir_size=2674598 dir_offset=135966720
ziparchive: +++ zip good scan 24801 entries
ziparchive: Zip: Unable to find entry classes22.dex
ziparchive: Zip: Could not find entry classes22.dex
ziparchive: Closing archive 0x7f8c72c380
ziparchive: +++ Found EOCD at buf+65535
ziparchive: +++ num_entries=24801 dir_size=2674598 dir_offset=135966720
ziparchive: +++ zip good scan 24801 entries
ziparchive: Zip: Unable to find entry classes22.dex
ziparchive: Zip: Could not find entry classes22.dex
ziparchive: Closing archive 0x7f8c72c560
ziparchive: +++ Found EOCD at buf+65535
ziparchive: +++ num_entries=24801 dir_size=2674598 dir_offset=135966720
ziparchive: +++ zip good scan 24801 entries
ziparchive: Zip: Unable to find entry classes22.dex
ziparchive: Zip: Could not find entry classes22.dex
ziparchive: Closing archive 0x7f8dd41e90
[B43-BIND] WebView support hold released (was false)
[SOURCE-NATIVE-LOAD] path=libstats_jni.so search=/data/local/tmp/asx:/system/lib64:/system/lib64/platformsdk:/system/lib64/chipset-sdk:/system/lib64/chipset-sdk-sp:/system/lib64/ndk:/vendor/lib64/chipsetsdk:/vendor/lib64/hw:/vendor/lib64:/data/local/tmp/asx/lib/arm64-v8a:/data/local/tmp/asx/webview-t-lib
[SOURCE-NATIVE-LOADER] path=libstats_jni.so class_paths=<none>
[SOURCE-NATIVE-ABI] errno=0x7f7ed86548 provider=/data/local/tmp/asx/webview-t-lib/libwebview_bionic_shim.so
[OHServiceManager] getService("display") → adapter (real-routed)
[OHServiceManager] getService("network_management") → null (stub — see doc/shortcuts_inventory.html#chC)
[SOURCE-NATIVE-LOAD] path=/data/local/tmp/asx/liboh_connectivity_state.so search=/data/local/tmp/asx:/system/lib64:/system/lib64/platformsdk:/system/lib64/chipset-sdk:/system/lib64/chipset-sdk-sp:/system/lib64/ndk:/vendor/lib64/chipsetsdk:/vendor/lib64/hw:/vendor/lib64:/data/local/tmp/asx/lib/arm64-v8a:/data/local/tmp/asx/webview-t-lib
[SOURCE-NATIVE-LOADER] path=/data/local/tmp/asx/liboh_connectivity_state.so class_paths=<none>
[SOURCE-NATIVE-ABI] errno=0x7f7ed86548 provider=/data/local/tmp/asx/webview-t-lib/libwebview_bionic_shim.so
[OhConnectivityState] loaded source OH network helper from /data/local/tmp/asx/liboh_connectivity_state.so
[OhConnectivityState] kernel route enumeration iface=wlan0 index=33 netlink=4 phase=7 routes=4 uid=20010053
[OhConnectivityState] OH direct default link reconciliation netId=119 iface=wlan0 oh_counts=3/2/0 observed_counts=4/2/4 merged_counts=7/4/4 mtu=1500
[OhConnectivityState] OH proxy/permission probe rc=0 configured=0 port=0 self_network_info=1 uid=20010053
[OhConnectivityState] OH snapshot ok=true available=true backend=oh-netconn netId=119 iface=wlan0 mtu=1500 caps=0x19000 bearers=0x2 metered=true counts=4/2/4 proxy=0/false rc=0/0/0/0/0
[AdapterCM] connectivity service bound to OH state: ok=true available=true backend=oh-netconn netId=119 iface=wlan0 mtu=1500 caps=0x19000 bearers=0x2 metered=true counts=4/2/4 proxy=0/false rc=0/0/0/0/0
[OHServiceManager] getService("connectivity") → adapter (real-routed)
[OHServiceManager] getService("connectivity") → adapter (real-routed)
[SOURCE-NATIVE-LOAD] path=libframework-connectivity-jni.so search=/data/local/tmp/asx:/system/lib64:/system/lib64/platformsdk:/system/lib64/chipset-sdk:/system/lib64/chipset-sdk-sp:/system/lib64/ndk:/vendor/lib64/chipsetsdk:/vendor/lib64/hw:/vendor/lib64:/data/local/tmp/asx/lib/arm64-v8a:/data/local/tmp/asx/webview-t-lib
[SOURCE-NATIVE-LOADER] path=libframework-connectivity-jni.so class_paths=<none>
[SOURCE-NATIVE-ABI] errno=0x7f7ed86548 provider=/data/local/tmp/asx/webview-t-lib/libwebview_bionic_shim.so
[AdapterCM] call getProxyForNetwork
[SOURCE-NATIVE-LOAD] path=libframework-connectivity-tiramisu-jni.so search=/data/local/tmp/asx:/system/lib64:/system/lib64/platformsdk:/system/lib64/chipset-sdk:/system/lib64/chipset-sdk-sp:/system/lib64/ndk:/vendor/lib64/chipsetsdk:/vendor/lib64/hw:/vendor/lib64:/data/local/tmp/asx/lib/arm64-v8a:/data/local/tmp/asx/webview-t-lib
[SOURCE-NATIVE-LOADER] path=libframework-connectivity-tiramisu-jni.so class_paths=<none>
[SOURCE-NATIVE-ABI] errno=0x7f7ed86548 provider=/data/local/tmp/asx/webview-t-lib/libwebview_bionic_shim.so
[OHServiceManager] getService("netstats") → null (stub — see doc/shortcuts_inventory.html#chC)
[WESTLAKE-STORAGE-750] getVolumeList user=200 package=com.ss.android.article.news root=/data/data/com.ss.android.article.news/external writable=true
[WESTLAKE-LOCAL-SERVICE] appops bound in process
[OHServiceManager] getService("appops") → adapter (real-routed)
[SOURCE-NATIVE-LOAD] path=/data/local/tmp/asx/lib/arm64-v8a/libsafe-mode-native-lib.so search=/data/local/tmp/asx:/system/lib64:/system/lib64/platformsdk:/system/lib64/chipset-sdk:/system/lib64/chipset-sdk-sp:/system/lib64/ndk:/vendor/lib64/chipsetsdk:/vendor/lib64/hw:/vendor/lib64:/data/local/tmp/asx/lib/arm64-v8a:/data/local/tmp/asx/webview-t-lib
[SOURCE-NATIVE-LOADER] path=/data/local/tmp/asx/lib/arm64-v8a/libsafe-mode-native-lib.so class_paths=/data/local/tmp/asx/lib/arm64-v8a:/data/local/tmp/asx/toutiao.apk!/lib/arm64-v8a
[SOURCE-NATIVE-ABI] errno=0x7f7ed86548 provider=/data/local/tmp/asx/webview-t-lib/libwebview_bionic_shim.so
[WESTLAKE-WEBVIEW-SIGNAL] sigaction #1 signal=4 flags=0x18000004 callback=0x7ed1a40b28 rc=0 errno=22
[WESTLAKE-WEBVIEW-SIGNAL] sigaction #2 signal=5 flags=0x18000004 callback=0x7ed1a40b28 rc=0 errno=22
[WESTLAKE-WEBVIEW-SIGNAL] sigaction #3 signal=6 flags=0x18000004 callback=0x7ed1a40b28 rc=0 errno=22
[WESTLAKE-WEBVIEW-SIGNAL] sigaction #4 signal=7 flags=0x18000004 callback=0x7ed1a40b28 rc=0 errno=22
[WESTLAKE-WEBVIEW-SIGNAL] sigaction #5 signal=8 flags=0x18000004 callback=0x7ed1a40b28 rc=0 errno=22
[WESTLAKE-WEBVIEW-SIGNAL] sigaction #6 signal=11 flags=0x18000004 callback=0x7ed1a40b28 rc=0 errno=22
[WESTLAKE-WEBVIEW-SIGNAL] sigaction #7 signal=16 flags=0x18000004 callback=0x7ed1a40b28 rc=0 errno=22
[WESTLAKE-WEBVIEW-SIGNAL] sigaction #8 signal=31 flags=0x18000004 callback=0x7ed1a40b28 rc=0 errno=22
[SOURCE-NATIVE-LOAD] path=/data/local/tmp/asx/lib/arm64-v8a/libflipped.so search=/data/local/tmp/asx:/system/lib64:/system/lib64/platformsdk:/system/lib64/chipset-sdk:/system/lib64/chipset-sdk-sp:/system/lib64/ndk:/vendor/lib64/chipsetsdk:/vendor/lib64/hw:/vendor/lib64:/data/local/tmp/asx/lib/arm64-v8a:/data/local/tmp/asx/webview-t-lib
[SOURCE-NATIVE-LOADER] path=/data/local/tmp/asx/lib/arm64-v8a/libflipped.so class_paths=/data/local/tmp/asx/lib/arm64-v8a:/data/local/tmp/asx/toutiao.apk!/lib/arm64-v8a
[SOURCE-NATIVE-ABI] errno=0x7f7ed86548 provider=/data/local/tmp/asx/webview-t-lib/libwebview_bionic_shim.so
ClassDefAttachInitTask isOpenODexSuccess cost: 13
nullptr W 09-26 03:32:53 19638 19664 method_verifier.cc:5148] Verification of java.lang.Object com.bytedance.news.common.service.manager.ServiceFinder.findService(java.lang.Class) took 286.785ms (49193.53 bytecodes/s) (783696B approximate peak alloc)
[SOURCE-NATIVE-LOAD] path=/data/local/tmp/asx/lib/arm64-v8a/libkeva.so search=/data/local/tmp/asx:/system/lib64:/system/lib64/platformsdk:/system/lib64/chipset-sdk:/system/lib64/chipset-sdk-sp:/system/lib64/ndk:/vendor/lib64/chipsetsdk:/vendor/lib64/hw:/vendor/lib64:/data/local/tmp/asx/lib/arm64-v8a:/data/local/tmp/asx/webview-t-lib
[SOURCE-NATIVE-LOADER] path=/data/local/tmp/asx/lib/arm64-v8a/libkeva.so class_paths=/data/local/tmp/asx/lib/arm64-v8a:/data/local/tmp/asx/toutiao.apk!/lib/arm64-v8a
[SOURCE-NATIVE-ABI] errno=0x7f7ed86548 provider=/data/local/tmp/asx/webview-t-lib/libwebview_bionic_shim.so
[TOUCH21-WAKE] now=92180041 tid=19664 ptr=0x7f8c9f26d0 looper=0x7f87c2e4a0
nullptr W 09-26 03:32:55 19638 19801 method_verifier.cc:5148] Verification of void com.ss.android.libra.Libra.<clinit>() took 100.176ms (1038.17 bytecodes/s) (5632B approximate peak alloc)
[TOUCH21-WAKE] now=92180495 tid=19801 ptr=0x7f8c9f26d0 looper=0x7f87c2e4a0
[OHServiceManager] getService("phone") → null (stub — see doc/shortcuts_inventory.html#chC)
[TOUCH21-WAKE] now=92180796 tid=19801 ptr=0x7f8c9f26d0 looper=0x7f87c2e4a0
[OHServiceManager] getService("connectivity") → adapter (real-routed)
[AdapterCM] call getActiveNetworkInfo
[TOUCH21-WAKE] now=92180985 tid=19800 ptr=0x7f8ca97aa0 looper=0x7f8d268a00
[SOURCE-NATIVE-LOAD] path=/data/local/tmp/asx/lib/arm64-v8a/libhost_abi.so search=/data/local/tmp/asx:/system/lib64:/system/lib64/platformsdk:/system/lib64/chipset-sdk:/system/lib64/chipset-sdk-sp:/system/lib64/ndk:/vendor/lib64/chipsetsdk:/vendor/lib64/hw:/vendor/lib64:/data/local/tmp/asx/lib/arm64-v8a:/data/local/tmp/asx/webview-t-lib
[SOURCE-NATIVE-LOADER] path=/data/local/tmp/asx/lib/arm64-v8a/libhost_abi.so class_paths=/data/local/tmp/asx/lib/arm64-v8a:/data/local/tmp/asx/toutiao.apk!/lib/arm64-v8a
[SOURCE-NATIVE-ABI] errno=0x7f7ed86548 provider=/data/local/tmp/asx/webview-t-lib/libwebview_bionic_shim.so
[TOUCH21-WAKE] now=92181383 tid=19828 ptr=0x7f8c9f26d0 looper=0x7f87c2e4a0
[TOUCH21-WAKE] now=92181621 tid=19850 ptr=0x7f8ca97aa0 looper=0x7f8d268a00
[TOUCH21-WAKE] now=92181621 tid=19850 ptr=0x7f8ca97aa0 looper=0x7f8d268a00
nullptr W 09-26 03:32:56 19638 19828 method_verifier.cc:5148] Verification of com.bytedance.bdauditsdkbase.internal.settings.BDAuditConfig2 X.UOC.c(org.json.JSONObject) took 174.479ms (3868.66 bytecodes/s) (23528B approximate peak alloc)
[TOUCH21-WAKE] now=92182487 tid=19801 ptr=0x7f8c9f26d0 looper=0x7f87c2e4a0
System.log(W): ClassLoader referenced unknown path: 
nullptr W 09-26 03:32:57 19638 19877 class_loader_context.cc:1122] Unsupported class loader
nullptr W 09-26 03:32:58 19638 19877 method_verifier.cc:5148] Verification of X.5rE X.DzM.a(kotlin.reflect.KClass) took 205.559ms (4013.43 bytecodes/s) (28576B approximate peak alloc)
[TOUCH21-WAKE] now=92182838 tid=19664 ptr=0x7f8c9f26d0 looper=0x7f87c2e4a0
nullptr W 09-26 03:32:58 19638 19877 method_verifier.cc:5148] Verification of kotlin.reflect.KType kotlin.reflect.jvm.internal.ReflectionFactoryImpl.mutableCollectionType(kotlin.reflect.KType) took 113.318ms (1341.35 bytecodes/s) (5344B approximate peak alloc)
[SOURCE-NATIVE-LOAD] path=/data/local/tmp/asx/lib/arm64-v8a/libmetasec_ml.so search=/data/local/tmp/asx:/system/lib64:/system/lib64/platformsdk:/system/lib64/chipset-sdk:/system/lib64/chipset-sdk-sp:/system/lib64/ndk:/vendor/lib64/chipsetsdk:/vendor/lib64/hw:/vendor/lib64:/data/local/tmp/asx/lib/arm64-v8a:/data/local/tmp/asx/webview-t-lib
[SOURCE-NATIVE-LOADER] path=/data/local/tmp/asx/lib/arm64-v8a/libmetasec_ml.so class_paths=/data/local/tmp/asx/lib/arm64-v8a:/data/local/tmp/asx/toutiao.apk!/lib/arm64-v8a
[SOURCE-NATIVE-ABI] errno=0x7f7ed86548 provider=/data/local/tmp/asx/webview-t-lib/libwebview_bionic_shim.so
[TOUCH21-WAKE] now=92183232 tid=19664 ptr=0x7f8c9f26d0 looper=0x7f87c2e4a0
[SOURCE-NATIVE-LOAD] path=/data/data/com.ss.android.article.news/app_lib/libmetasec_ml.so search=/data/local/tmp/asx:/system/lib64:/system/lib64/platformsdk:/system/lib64/chipset-sdk:/system/lib64/chipset-sdk-sp:/system/lib64/ndk:/vendor/lib64/chipsetsdk:/vendor/lib64/hw:/vendor/lib64:/data/local/tmp/asx/lib/arm64-v8a:/data/local/tmp/asx/webview-t-lib
[SOURCE-NATIVE-LOADER] path=/data/data/com.ss.android.article.news/app_lib/libmetasec_ml.so class_paths=/data/local/tmp/asx/lib/arm64-v8a:/data/local/tmp/asx/toutiao.apk!/lib/arm64-v8a
[SOURCE-NATIVE-ABI] errno=0x7f7ed86548 provider=/data/local/tmp/asx/webview-t-lib/libwebview_bionic_shim.so
[TOUCH21-WAKE] now=92183479 tid=19914 ptr=0x7f8ca987b0 looper=0x7f8d268580
[TOUCH21-WAKE] now=92183552 tid=19846 ptr=0x7f8c9f26d0 looper=0x7f87c2e4a0
[OHServiceManager] getService("netstats") → null (stub — see doc/shortcuts_inventory.html#chC)
[SOURCE-NATIVE-LOAD] path=/data/local/tmp/asx/lib/arm64-v8a/libalog.so search=/data/local/tmp/asx:/system/lib64:/system/lib64/platformsdk:/system/lib64/chipset-sdk:/system/lib64/chipset-sdk-sp:/system/lib64/ndk:/vendor/lib64/chipsetsdk:/vendor/lib64/hw:/vendor/lib64:/data/local/tmp/asx/lib/arm64-v8a:/data/local/tmp/asx/webview-t-lib
[SOURCE-NATIVE-LOADER] path=/data/local/tmp/asx/lib/arm64-v8a/libalog.so class_paths=/data/local/tmp/asx/lib/arm64-v8a:/data/local/tmp/asx/toutiao.apk!/lib/arm64-v8a
[SOURCE-NATIVE-ABI] errno=0x7f7ed86548 provider=/data/local/tmp/asx/webview-t-lib/libwebview_bionic_shim.so
[TOUCH21-WAKE] now=92183836 tid=19871 ptr=0x7f8c9f26d0 looper=0x7f87c2e4a0
[TOUCH21-WAKE] now=92183904 tid=19875 ptr=0x7f8ca987b0 looper=0x7f8d268580
[TOUCH21-WAKE] now=92184009 tid=19875 ptr=0x7f8ca987b0 looper=0x7f8d268580
[TOUCH21-WAKE] now=92184012 tid=19875 ptr=0x7f8ca987b0 looper=0x7f8d268580
[TOUCH21-WAKE] now=92184045 tid=19875 ptr=0x7f8ca987b0 looper=0x7f8d268580
[TOUCH21-WAKE] now=92184201 tid=19871 ptr=0x7f8c9f26d0 looper=0x7f87c2e4a0
[SOURCE-NATIVE-LOAD] path=/data/local/tmp/asx/lib/arm64-v8a/libsscronet.so search=/data/local/tmp/asx:/system/lib64:/system/lib64/platformsdk:/system/lib64/chipset-sdk:/system/lib64/chipset-sdk-sp:/system/lib64/ndk:/vendor/lib64/chipsetsdk:/vendor/lib64/hw:/vendor/lib64:/data/local/tmp/asx/lib/arm64-v8a:/data/local/tmp/asx/webview-t-lib
[SOURCE-NATIVE-LOADER] path=/data/local/tmp/asx/lib/arm64-v8a/libsscronet.so class_paths=/data/local/tmp/asx/lib/arm64-v8a:/data/local/tmp/asx/toutiao.apk!/lib/arm64-v8a
[SOURCE-NATIVE-ABI] errno=0x7f7ed86548 provider=/data/local/tmp/asx/webview-t-lib/libwebview_bionic_shim.so
[AdapterCM] call getActiveNetwork
[TOUCH21-WAKE] now=92184340 tid=19875 ptr=0x7f8ca987b0 looper=0x7f8d268580
[AdapterCM] call getNetworkInfoForUid
[AdapterCM] call getNetworkCapabilities
[WESTLAKE-WEBVIEW-BIONIC] sysconf selector=96 translated bionic->musl selector=83 result=8 caller=/data/local/tmp/asx/lib/arm64-v8a/libsscronet.so
[WESTLAKE-NATIVENET-807] epoll_create size=32000 result=52 errno=0
[WESTLAKE-NATIVENET-807] epoll_ctl epfd=52 op=1 fd=58 events=0x1 data_fd=58 result=0 errno=0
[AdapterCM] call getLinkProperties
[WESTLAKE-LOCAL-SERVICE] uimode bound in process
[OHServiceManager] getService("uimode") → adapter (real-routed)
[TOUCH21-WAKE] now=92184607 tid=19877 ptr=0x7f8c9f26d0 looper=0x7f87c2e4a0
[WESTLAKE-LOCAL-SERVICE] uimode.addCallback
[WESTLAKE-LOCAL-SERVICE] uimode.getContrast
[WESTLAKE-LOCAL-SERVICE] uimode.getCurrentModeType
[WESTLAKE-NATIVENET-807] epoll_create size=32000 result=63 errno=0
[TOUCH21-WAKE] now=92184624 tid=19875 ptr=0x7f8ca987b0 looper=0x7f8d268580
[TOUCH21-WAKE] now=92184642 tid=19875 ptr=0x7f8ca987b0 looper=0x7f8d268580
[WESTLAKE-NATIVENET-807] epoll_ctl epfd=63 op=1 fd=69 events=0x1 data_fd=69 result=0 errno=0
[SOURCE-NATIVE-LOAD] path=/data/local/tmp/asx/lib/arm64-v8a/libmetasec_ml.so search=/data/local/tmp/asx:/system/lib64:/system/lib64/platformsdk:/system/lib64/chipset-sdk:/system/lib64/chipset-sdk-sp:/system/lib64/ndk:/vendor/lib64/chipsetsdk:/vendor/lib64/hw:/vendor/lib64:/data/local/tmp/asx/lib/arm64-v8a:/data/local/tmp/asx/webview-t-lib
[SOURCE-NATIVE-LOADER] path=/data/local/tmp/asx/lib/arm64-v8a/libmetasec_ml.so class_paths=/data/local/tmp/asx/lib/arm64-v8a:/data/local/tmp/asx/toutiao.apk!/lib/arm64-v8a
[SOURCE-NATIVE-ABI] errno=0x7f7ed86548 provider=/data/local/tmp/asx/webview-t-lib/libwebview_bionic_shim.so
[AdapterCM] call requestNetwork
[AdapterCM] register(requestNetwork, TRACK_DEFAULT, timeoutMs=0) -> requestId=1
[TOUCH21-WAKE] now=92184698 tid=19943 ptr=0x7f80d70b30 looper=0x7f86a13250
[AdapterCM] call getAllNetworks
[AdapterCM] call listenForNetwork
[AdapterCM] register(listenForNetwork, LISTEN, timeoutMs=0) -> requestId=2
[WESTLAKE-WEBVIEW-NDK] ALooper_prepare opts=0 looper=0x7f81e108c0 backend=0x7f86b4d8e0
[WESTLAKE-WEBVIEW-NDK] ALooper_addFd looper=0x7f81e108c0 backend=0x7f86b4d8e0 fd=75 ident=0 events=1 callback=0x7e827ef1ec data=0x7f80d72460 result=1
[WESTLAKE-WEBVIEW-NDK] ALooper_addFd looper=0x7f81e108c0 backend=0x7f86b4d8e0 fd=76 ident=0 events=1 callback=0x7e827ef220 data=0x7f80d72460 result=1
[SOURCE-NATIVE-LOAD] path=/data/data/com.ss.android.article.news/app_lib/libmetasec_ml.so search=/data/local/tmp/asx:/system/lib64:/system/lib64/platformsdk:/system/lib64/chipset-sdk:/system/lib64/chipset-sdk-sp:/system/lib64/ndk:/vendor/lib64/chipsetsdk:/vendor/lib64/hw:/vendor/lib64:/data/local/tmp/asx/lib/arm64-v8a:/data/local/tmp/asx/webview-t-lib
[SOURCE-NATIVE-LOADER] path=/data/data/com.ss.android.article.news/app_lib/libmetasec_ml.so class_paths=/data/local/tmp/asx/lib/arm64-v8a:/data/local/tmp/asx/toutiao.apk!/lib/arm64-v8a
[SOURCE-NATIVE-ABI] errno=0x7f7ed86548 provider=/data/local/tmp/asx/webview-t-lib/libwebview_bionic_shim.so
[AdapterCM] delivered callback=2 requestId=1 netId=119
[OHServiceManager] getService("platform_compat") → null (stub — see doc/shortcuts_inventory.html#chC)
[TOUCH21-WAKE] now=92184927 tid=19938 ptr=0x7f8ca987b0 looper=0x7f8d268580
[WESTLAKE-NATIVENET-807] epoll_wait epfd=63 max=32 timeout=-1 result=1 errno=0
[WESTLAKE-NATIVENET-807] epoll_event[0] events=0x1 data_fd=69 data_u64=69
[WESTLAKE-NATIVENET-807] epoll_wait epfd=63 max=32 timeout=-1 result=1 errno=0
[WESTLAKE-NATIVENET-807] epoll_event[0] events=0x1 data_fd=69 data_u64=69
[WESTLAKE-LOCAL-SERVICE] power bound in process
[OHServiceManager] getService("power") → adapter (real-routed)
[WESTLAKE-LOCAL-SERVICE] thermalservice bound in process
[OHServiceManager] getService("thermalservice") → adapter (real-routed)
[WESTLAKE-NATIVENET-807] epoll_wait epfd=52 max=32 timeout=-1 result=1 errno=0
[WESTLAKE-NATIVENET-807] epoll_event[0] events=0x1 data_fd=58 data_u64=58
[WESTLAKE-NATIVENET-767] socket domain=2 type=0x2 protocol=0 result=73 errno=0
[WESTLAKE-NATIVENET-767] connect fd=73 family=2 len=16 address=8.8.8.8 port=53 result=0 errno=0
[WESTLAKE-NATIVENET-767] socket domain=10 type=0x2 protocol=0 result=73 errno=0
[WESTLAKE-NATIVENET-767] connect fd=73 family=10 len=28 address=2001:4860:4860::8888 port=53 result=0 errno=0
[OHServiceManager] getService("connectivity") → adapter (real-routed)
[TOUCH21-WAKE] now=92185002 tid=19664 ptr=0x7f80d7f020 looper=0x7f87050260
[TOUCH21-WAKE] now=92185005 tid=19806 ptr=0x7f8c9f26d0 looper=0x7f87c2e4a0
[WESTLAKE-NATIVENET-807] epoll_wait epfd=52 max=32 timeout=-1 result=1 errno=0
[WESTLAKE-NATIVENET-807] epoll_event[0] events=0x1 data_fd=58 data_u64=58
nullptr I 09-26 03:33:00 19638 19653 heap.cc:2959] Background partial concurrent mark sweep GC freed 16MB AllocSpace bytes, 254(17MB) LOS objects, 66% free, 21MB/64MB, paused 3.645ms total 878.618ms
nullptr W 09-26 03:33:00 19638 19664 method_verifier.cc:5148] Verification of void X.MIG.a(java.lang.String) took 126.063ms (5132.34 bytecodes/s) (41752B approximate peak alloc)
nullptr W 09-26 03:33:00 19638 19664 method_verifier.cc:5148] Verification of void X.MIG.b(java.lang.String) took 128.959ms (5017.07 bytecodes/s) (41752B approximate peak alloc)
[OHServiceManager] getService("accessibility") → null (stub — see doc/shortcuts_inventory.html#chC)
nullptr I 09-26 03:33:00 19638 19652 jit_code_cache.cc:1060] JIT allocated 51KB for compiled code of void X.AH0.e()
nullptr I 09-26 03:33:00 19638 19652 jit.cc:748] Compiler allocated 11MB to compile void X.AH0.e()
nullptr W 09-26 03:33:00 19638 19664 method_verifier.cc:5148] Verification of void X.MIG.c(java.lang.String) took 174.503ms (3707.65 bytecodes/s) (41752B approximate peak alloc)
nullptr W 09-26 03:33:00 19638 19992 method_verifier.cc:5148] Verification of void com.ss.android.account.adapter.InternalAccountAdapter.init(android.content.Context) took 101.580ms (3189.58 bytecodes/s) (9144B approximate peak alloc)
[TOUCH21-WAKE] now=92185834 tid=19992 ptr=0x7f8ca987b0 looper=0x7f8d268580
[WESTLAKE-NATIVENET-767] socket domain=1 type=0x1 protocol=0 result=38 errno=0
[WESTLAKE-NATIVENET-807] epoll_ctl epfd=63 op=1 fd=38 events=0x1 data_fd=38 result=0 errno=0
[WESTLAKE-NATIVENET-807] epoll_wait epfd=63 max=32 timeout=0 result=0 errno=0
[WESTLAKE-NATIVENET-807] epoll_wait epfd=63 max=32 timeout=0 result=0 errno=0
[WESTLAKE-NATIVENET-807] epoll_wait epfd=63 max=32 timeout=0 result=0 errno=0
[WESTLAKE-NATIVENET-807] epoll_wait epfd=63 max=32 timeout=0 result=0 errno=0
[WESTLAKE-NATIVENET-807] epoll_wait epfd=63 max=32 timeout=0 result=0 errno=0
[WESTLAKE-NATIVENET-807] epoll_wait epfd=63 max=32 timeout=0 result=0 errno=0
[WESTLAKE-NATIVENET-807] epoll_wait epfd=63 max=32 timeout=0 result=0 errno=0
[WESTLAKE-NATIVENET-767] getaddrinfo node=dig.bdurl.net service=(null) hints_family=0 hints_socktype=1 hints_protocol=0 hints_flags=0x400 rc=0
[WESTLAKE-NATIVENET-767] addr[0] family=2 socktype=1 protocol=6 flags=0x0 len=16 address=120.240.117.207 port=0
[WESTLAKE-NATIVEADDRINFO-769] translated OH addrinfo to Bionic field order
[WESTLAKE-NATIVENET-807] epoll_wait epfd=63 max=32 timeout=0 result=0 errno=0
[WESTLAKE-NATIVENET-807] epoll_wait epfd=63 max=32 timeout=0 result=0 errno=0
[WESTLAKE-NATIVENET-807] epoll_wait epfd=63 max=32 timeout=0 result=0 errno=0
[WESTLAKE-NATIVENET-807] epoll_wait epfd=63 max=32 timeout=0 result=0 errno=0
[WESTLAKE-NATIVENET-807] epoll_wait epfd=63 max=32 timeout=0 result=0 errno=0
[WESTLAKE-NATIVENET-807] epoll_wait epfd=63 max=32 timeout=0 result=0 errno=0
[WESTLAKE-NATIVENET-767] socket domain=2 type=0x1 protocol=6 result=68 errno=0
[WESTLAKE-NATIVENET-767] setsockopt fd=68 level=6 option=1 len=4 result=0 errno=0
[WESTLAKE-NATIVENET-767] connect fd=68 family=2 len=16 address=120.240.117.207 port=443 result=-1 errno=115
[WESTLAKE-NATIVENET-807] epoll_ctl epfd=63 op=1 fd=68 events=0x4 data_fd=68 result=0 errno=0
[WESTLAKE-NATIVENET-807] getsockopt fd=68 level=1 option=4 len=4 value=0 result=0 errno=0
nullptr W 09-26 03:33:01 19638 19664 method_verifier.cc:5148] Verification of void X.MIG.d(java.lang.String) took 621.899ms (1040.36 bytecodes/s) (41752B approximate peak alloc)
[WESTLAKE-NATIVENET-807] epoll_wait epfd=63 max=32 timeout=20 result=1 errno=0
[WESTLAKE-NATIVENET-807] epoll_event[0] events=0x4 data_fd=68 data_u64=68
[WESTLAKE-NATIVENET-807] getsockopt fd=68 level=1 option=4 len=4 value=0 result=0 errno=0
[WESTLAKE-NATIVENET-807] epoll_ctl epfd=63 op=2 fd=68 events=0x4 data_fd=68 result=0 errno=0
[WESTLAKE-WEBVIEW-BIONIC] sysconf selector=39 translated bionic->musl selector=30 result=4096 caller=/data/local/tmp/asx/lib/arm64-v8a/libttcrypto.so
[WESTLAKE-NATIVENET-807] epoll_ctl epfd=63 op=1 fd=68 events=0x1 data_fd=68 result=0 errno=0
[WESTLAKE-NATIVENET-807] epoll_wait epfd=63 max=32 timeout=0 result=0 errno=0
[WESTLAKE-NATIVENET-807] epoll_wait epfd=63 max=32 timeout=0 result=0 errno=0
[WESTLAKE-NATIVENET-807] epoll_wait epfd=63 max=32 timeout=146 result=1 errno=0
[WESTLAKE-NATIVENET-807] epoll_event[0] events=0x1 data_fd=68 data_u64=68
[WESTLAKE-NATIVENET-807] epoll_ctl epfd=63 op=2 fd=68 events=0x1 data_fd=68 result=0 errno=0
[TOUCH21-WAKE] now=92186148 tid=19910 ptr=0x7f8c9f26d0 looper=0x7f87c2e4a0
[WESTLAKE-NATIVENET-767] socket domain=2 type=0x1 protocol=6 result=81 errno=0
[WESTLAKE-NATIVENET-767] setsockopt fd=81 level=6 option=1 len=4 result=0 errno=0
[WESTLAKE-NATIVENET-767] connect fd=81 family=2 len=16 address=120.240.117.207 port=443 result=-1 errno=115
[WESTLAKE-NATIVENET-807] epoll_ctl epfd=63 op=1 fd=81 events=0x4 data_fd=81 result=0 errno=0
[WESTLAKE-NATIVENET-807] getsockopt fd=81 level=1 option=4 len=4 value=0 result=0 errno=0
[WESTLAKE-NATIVENET-767] socket domain=2 type=0x1 protocol=6 result=82 errno=0
[WESTLAKE-NATIVENET-767] setsockopt fd=82 level=6 option=1 len=4 result=0 errno=0
[WESTLAKE-NATIVENET-767] connect fd=82 family=2 len=16 address=120.240.117.207 port=443 result=-1 errno=115
[WESTLAKE-NATIVENET-807] epoll_ctl epfd=63 op=1 fd=82 events=0x4 data_fd=82 result=0 errno=0
[WESTLAKE-NATIVENET-807] getsockopt fd=82 level=1 option=4 len=4 value=0 result=0 errno=0
[WESTLAKE-NATIVENET-807] epoll_wait epfd=63 max=32 timeout=0 result=1 errno=0
[WESTLAKE-NATIVENET-807] epoll_event[0] events=0x4 data_fd=81 data_u64=81
[WESTLAKE-NATIVENET-807] getsockopt fd=81 level=1 option=4 len=4 value=0 result=0 errno=0
[WESTLAKE-NATIVENET-807] epoll_ctl epfd=63 op=2 fd=81 events=0x4 data_fd=81 result=0 errno=0
[WESTLAKE-NATIVENET-807] epoll_ctl epfd=63 op=1 fd=81 events=0x1 data_fd=81 result=0 errno=0
nullptr W 09-26 03:33:01 19638 19910 method_verifier.cc:5148] Verification of com.bytedance.tiktok.base.model.UGCVideoEntity$UGCVideo com.bytedance.tiktok.base.model.UGCVideoEntity_UGCVideo$BDJsonInfo.fromJSONObject(org.json.JSONObject) took 139.023ms (10645.65 bytecodes/s) (31360B approximate peak alloc)
[WESTLAKE-NATIVENET-807] epoll_wait epfd=63 max=32 timeout=0 result=0 errno=0
[WESTLAKE-NATIVENET-767] socket domain=2 type=0x1 protocol=6 result=83 errno=0
[WESTLAKE-NATIVENET-767] setsockopt fd=83 level=6 option=1 len=4 result=0 errno=0
[WESTLAKE-NATIVENET-767] connect fd=83 family=2 len=16 address=120.240.117.207 port=443 result=-1 errno=115
[WESTLAKE-NATIVENET-807] epoll_ctl epfd=63 op=1 fd=83 events=0x4 data_fd=83 result=0 errno=0
[WESTLAKE-NATIVENET-807] getsockopt fd=83 level=1 option=4 len=4 value=0 result=0 errno=0
[WESTLAKE-NATIVENET-807] epoll_wait epfd=63 max=32 timeout=0 result=0 errno=0
[WESTLAKE-NATIVENET-767] socket domain=2 type=0x1 protocol=6 result=84 errno=0
[WESTLAKE-NATIVENET-767] setsockopt fd=84 level=6 option=1 len=4 result=0 errno=0
[WESTLAKE-NATIVENET-767] connect fd=84 family=2 len=16 address=120.240.117.207 port=443 result=-1 errno=115
[WESTLAKE-NATIVENET-807] epoll_ctl epfd=63 op=1 fd=84 events=0x4 data_fd=84 result=0 errno=0
[WESTLAKE-NATIVENET-807] getsockopt fd=84 level=1 option=4 len=4 value=0 result=0 errno=0
[WESTLAKE-NATIVENET-807] epoll_wait epfd=63 max=32 timeout=0 result=3 errno=0
[WESTLAKE-NATIVENET-807] epoll_event[0] events=0x4 data_fd=82 data_u64=82
[WESTLAKE-NATIVENET-807] epoll_event[1] events=0x1 data_fd=81 data_u64=81
[WESTLAKE-NATIVENET-807] epoll_event[2] events=0x4 data_fd=83 data_u64=83
[WESTLAKE-NATIVENET-807] getsockopt fd=82 level=1 option=4 len=4 value=0 result=0 errno=0
[WESTLAKE-NATIVENET-807] epoll_ctl epfd=63 op=2 fd=82 events=0x4 data_fd=82 result=0 errno=0
[WESTLAKE-NATIVENET-807] epoll_ctl epfd=63 op=1 fd=82 events=0x1 data_fd=82 result=0 errno=0
[WESTLAKE-NATIVENET-807] epoll_ctl epfd=63 op=2 fd=81 events=0x1 data_fd=81 result=0 errno=0
[WESTLAKE-NATIVENET-807] epoll_ctl epfd=63 op=1 fd=81 events=0x1 data_fd=81 result=0 errno=0
[WESTLAKE-NATIVENET-807] getsockopt fd=83 level=1 option=4 len=4 value=0 result=0 errno=0
[WESTLAKE-NATIVENET-807] epoll_ctl epfd=63 op=2 fd=83 events=0x4 data_fd=83 result=0 errno=0
[WESTLAKE-NATIVENET-807] epoll_ctl epfd=63 op=1 fd=83 events=0x1 data_fd=83 result=0 errno=0
[WESTLAKE-NATIVENET-807] epoll_wait epfd=63 max=32 timeout=0 result=1 errno=0
[WESTLAKE-NATIVENET-807] epoll_event[0] events=0x4 data_fd=84 data_u64=84
[WESTLAKE-NATIVENET-807] getsockopt fd=84 level=1 option=4 len=4 value=0 result=0 errno=0
[WESTLAKE-NATIVENET-807] epoll_ctl epfd=63 op=2 fd=84 events=0x4 data_fd=84 result=0 errno=0
[WESTLAKE-NATIVENET-807] epoll_ctl epfd=63 op=1 fd=84 events=0x1 data_fd=84 result=0 errno=0
[WESTLAKE-NATIVENET-807] epoll_wait epfd=63 max=32 timeout=0 result=0 errno=0
[WESTLAKE-NATIVENET-807] epoll_wait epfd=63 max=32 timeout=0 result=1 errno=0
[WESTLAKE-NATIVENET-807] epoll_event[0] events=0x1 data_fd=81 data_u64=81
[WESTLAKE-NATIVENET-807] epoll_ctl epfd=63 op=2 fd=81 events=0x1 data_fd=81 result=0 errno=0
[WESTLAKE-NATIVENET-807] epoll_wait epfd=63 max=32 timeout=0 result=1 errno=0
[WESTLAKE-NATIVENET-807] epoll_event[0] events=0x1 data_fd=82 data_u64=82
[WESTLAKE-NATIVENET-807] epoll_ctl epfd=63 op=2 fd=82 events=0x1 data_fd=82 result=0 errno=0
[WESTLAKE-NATIVENET-807] epoll_ctl epfd=63 op=1 fd=82 events=0x1 data_fd=82 result=0 errno=0
[WESTLAKE-NATIVENET-807] epoll_wait epfd=63 max=32 timeout=0 result=0 errno=0
[WESTLAKE-NATIVENET-807] epoll_wait epfd=63 max=32 timeout=0 result=0 errno=0
[WESTLAKE-NATIVENET-807] getsockopt fd=81 level=6 option=11 len=232 value=1 result=0 errno=0
[WESTLAKE-NATIVENET-807] epoll_wait epfd=63 max=32 timeout=0 result=1 errno=0
[WESTLAKE-NATIVENET-807] epoll_event[0] events=0x1 data_fd=83 data_u64=83
[WESTLAKE-NATIVENET-807] epoll_ctl epfd=63 op=2 fd=83 events=0x1 data_fd=83 result=0 errno=0
[WESTLAKE-NATIVENET-807] epoll_ctl epfd=63 op=1 fd=83 events=0x1 data_fd=83 result=0 errno=0
[WESTLAKE-NATIVENET-807] epoll_wait epfd=63 max=32 timeout=0 result=0 errno=0
[WESTLAKE-NATIVENET-807] epoll_wait epfd=63 max=32 timeout=0 result=0 errno=0
[WESTLAKE-NATIVENET-807] epoll_wait epfd=63 max=32 timeout=0 result=0 errno=0
[WESTLAKE-NATIVENET-807] getsockopt fd=83 level=6 option=11 len=232 value=1 result=0 errno=0
[WESTLAKE-NATIVENET-807] epoll_ctl epfd=63 op=2 fd=83 events=0x1 data_fd=83 result=0 errno=0
[WESTLAKE-NATIVENET-807] getsockopt fd=82 level=6 option=11 len=232 value=1 result=0 errno=0
[WESTLAKE-NATIVENET-807] epoll_ctl epfd=63 op=2 fd=82 events=0x1 data_fd=82 result=0 errno=0
[WESTLAKE-NATIVENET-807] epoll_wait epfd=63 max=32 timeout=0 result=1 errno=0
[WESTLAKE-NATIVENET-807] epoll_event[0] events=0x1 data_fd=84 data_u64=84
[WESTLAKE-NATIVENET-807] epoll_ctl epfd=63 op=2 fd=84 events=0x1 data_fd=84 result=0 errno=0
[WESTLAKE-NATIVENET-807] epoll_ctl epfd=63 op=1 fd=84 events=0x1 data_fd=84 result=0 errno=0
[WESTLAKE-NATIVENET-807] epoll_wait epfd=63 max=32 timeout=0 result=0 errno=0
[WESTLAKE-NATIVENET-807] epoll_ctl epfd=63 op=1 fd=68 events=0x1 data_fd=68 result=0 errno=0
[WESTLAKE-NATIVENET-807] epoll_wait epfd=63 max=32 timeout=0 result=0 errno=0
[WESTLAKE-NATIVENET-807] epoll_wait epfd=63 max=32 timeout=0 result=0 errno=0
[WESTLAKE-NATIVENET-807] epoll_wait epfd=63 max=32 timeout=0 result=0 errno=0
[WESTLAKE-NATIVENET-807] epoll_wait epfd=63 max=32 timeout=0 result=0 errno=0
[WESTLAKE-NATIVENET-807] epoll_wait epfd=63 max=32 timeout=0 result=0 errno=0
[WESTLAKE-NATIVENET-807] epoll_wait epfd=63 max=32 timeout=0 result=0 errno=0
[WESTLAKE-NATIVENET-807] epoll_wait epfd=63 max=32 timeout=0 result=0 errno=0
[WESTLAKE-NATIVENET-807] epoll_wait epfd=63 max=32 timeout=0 result=0 errno=0
[WESTLAKE-NATIVENET-807] epoll_wait epfd=63 max=32 timeout=0 result=0 errno=0
[WESTLAKE-NATIVENET-807] epoll_wait epfd=63 max=32 timeout=0 result=0 errno=0
[WESTLAKE-NATIVENET-807] epoll_wait epfd=63 max=32 timeout=0 result=0 errno=0
[WESTLAKE-NATIVENET-807] epoll_wait epfd=63 max=32 timeout=130 result=1 errno=0
[WESTLAKE-NATIVENET-807] epoll_event[0] events=0x1 data_fd=84 data_u64=84
[WESTLAKE-NATIVENET-807] epoll_ctl epfd=63 op=2 fd=84 events=0x1 data_fd=84 result=0 errno=0
[WESTLAKE-NATIVENET-807] epoll_wait epfd=63 max=32 timeout=0 result=1 errno=0
[WESTLAKE-NATIVENET-807] epoll_event[0] events=0x1 data_fd=68 data_u64=68
[WESTLAKE-NATIVENET-807] epoll_ctl epfd=63 op=2 fd=68 events=0x1 data_fd=68 result=0 errno=0
[WESTLAKE-NATIVENET-807] epoll_wait epfd=63 max=32 timeout=0 result=1 errno=0
[WESTLAKE-NATIVENET-807] epoll_event[0] events=0x1 data_fd=69 data_u64=69
nullptr W 09-26 03:33:01 19638 19664 method_verifier.cc:5148] Verification of void X.MIG.e(java.lang.String) took 552.707ms (1159.75 bytecodes/s) (41584B approximate peak alloc)
[SOURCE-NATIVE-LOAD] path=/data/local/tmp/asx/lib/arm64-v8a/libmonitorcollector-lib.so search=/data/local/tmp/asx:/system/lib64:/system/lib64/platformsdk:/system/lib64/chipset-sdk:/system/lib64/chipset-sdk-sp:/system/lib64/ndk:/vendor/lib64/chipsetsdk:/vendor/lib64/hw:/vendor/lib64:/data/local/tmp/asx/lib/arm64-v8a:/data/local/tmp/asx/webview-t-lib
[SOURCE-NATIVE-LOADER] path=/data/local/tmp/asx/lib/arm64-v8a/libmonitorcollector-lib.so class_paths=/data/local/tmp/asx/lib/arm64-v8a:/data/local/tmp/asx/toutiao.apk!/lib/arm64-v8a
[SOURCE-NATIVE-ABI] errno=0x7f7ed86548 provider=/data/local/tmp/asx/webview-t-lib/libwebview_bionic_shim.so
[TOUCH21-WAKE] now=92186655 tid=19871 ptr=0x7f8c9f26d0 looper=0x7f87c2e4a0
[TOUCH21-WAKE] now=92186770 tid=19664 ptr=0x7f8ca98a80 looper=0x7f800fe920
System.log(W): ClassLoader referenced unknown path: 
nullptr W 09-26 03:33:02 19638 19968 class_loader_context.cc:1122] Unsupported class loader
System.log(W): ClassLoader referenced unknown path: 
nullptr E 09-26 03:33:02 19638 19968 oat_file_assistant.cc:675] Could not check odex file /data/misc/apexdata/com.android.art/dalvik-cache/arm64/data@data@com.ss.android.article.news@files@hotfix-root@install@131923@patch.jar@classes.odex: Permission denied
ziparchive: Unable to open '/data/data/com.ss.android.article.news/files/hotfix-root/install/131923/patch.dm': No such file or directory
ziparchive: Closing archive 0x7f80d7b7d0
ziparchive: +++ Found EOCD at buf+12888
ziparchive: +++ num_entries=4 dir_size=246 dir_offset=12642
ziparchive: +++ zip good scan 4 entries
ziparchive: Zip: Unable to find entry classes2.dex
ziparchive: Zip: Could not find entry classes2.dex
ziparchive: Closing archive 0x7f7ff91c10
ziparchive: +++ Found EOCD at buf+12888
ziparchive: +++ num_entries=4 dir_size=246 dir_offset=12642
ClassDefAttachInitTask isOpenODexSuccess cost: 0
ziparchive: +++ zip good scan 4 entries
ziparchive: Zip: Unable to find entry classes2.dex
ziparchive: Zip: Could not find entry classes2.dex
ziparchive: Closing archive 0x7f7ff9c560
[TOUCH21-WAKE] now=92186914 tid=19664 ptr=0x7f8ca987b0 looper=0x7f8d268580
[SOURCE-NATIVE-LOAD] path=/data/local/tmp/asx/lib/arm64-v8a/libbytehook.so search=/data/local/tmp/asx:/system/lib64:/system/lib64/platformsdk:/system/lib64/chipset-sdk:/system/lib64/chipset-sdk-sp:/system/lib64/ndk:/vendor/lib64/chipsetsdk:/vendor/lib64/hw:/vendor/lib64:/data/local/tmp/asx/lib/arm64-v8a:/data/local/tmp/asx/webview-t-lib
[SOURCE-NATIVE-LOADER] path=/data/local/tmp/asx/lib/arm64-v8a/libbytehook.so class_paths=/data/local/tmp/asx/lib/arm64-v8a:/data/local/tmp/asx/toutiao.apk!/lib/arm64-v8a
[SOURCE-NATIVE-ABI] errno=0x7f7ed86548 provider=/data/local/tmp/asx/webview-t-lib/libwebview_bionic_shim.so
[SOURCE-NATIVE-LOAD] path=/data/local/tmp/asx/lib/arm64-v8a/libjato.so search=/data/local/tmp/asx:/system/lib64:/system/lib64/platformsdk:/system/lib64/chipset-sdk:/system/lib64/chipset-sdk-sp:/system/lib64/ndk:/vendor/lib64/chipsetsdk:/vendor/lib64/hw:/vendor/lib64:/data/local/tmp/asx/lib/arm64-v8a:/data/local/tmp/asx/webview-t-lib
[SOURCE-NATIVE-LOADER] path=/data/local/tmp/asx/lib/arm64-v8a/libjato.so class_paths=/data/local/tmp/asx/lib/arm64-v8a:/data/local/tmp/asx/toutiao.apk!/lib/arm64-v8a
[SOURCE-NATIVE-ABI] errno=0x7f7ed86548 provider=/data/local/tmp/asx/webview-t-lib/libwebview_bionic_shim.so
[TOUCH21-WAKE] now=92187016 tid=19970 ptr=0x7f864d1840 looper=0x7f870516a0
nullptr W 09-26 03:33:02 19638 19926 method_verifier.cc:5148] Verification of com.bytedance.android.feedayers.docker.IFeedDocker com.bytedance.android.ttdocker.manager.TTDockerManager.findDocker(int) took 213.169ms (7449.46 bytecodes/s) (62200B approximate peak alloc)
[WESTLAKE-LOCAL-SERVICE] batterystats bound in process
[OHServiceManager] getService("batterystats") → adapter (real-routed)
[WESTLAKE-LOCAL-SERVICE] batteryproperties bound in process
[OHServiceManager] getService("batteryproperties") → adapter (real-routed)
[TOUCH21-WAKE] now=92187123 tid=19910 ptr=0x7f864d1840 looper=0x7f870516a0
[WESTLAKE-WEBVIEW-PROVIDER] primed ServiceManager webviewupdate cache public-readback=OK
[WESTLAKE-WEBVIEW-FEATURE] application=pending feature=held-unsupported
[WESTLAKE-WEBVIEW-PROVIDER] startup service cache=OK previous=same
[WESTLAKE-WEBVIEW-STARTUP] application-ready cache-republish=OK attempt=2508
[TOUCH21-WAKE] now=92187197 tid=20032 ptr=0x7f8ca98a80 looper=0x7f800fe920
nullptr W 09-26 03:33:02 19638 19851 method_verifier.cc:5148] Verification of void com.bytedance.news.ug.luckycat.LuckyCatInitHelper.initLuckyCatBusinessInApp(android.app.Application) took 180.968ms (3044.73 bytecodes/s) (23608B approximate peak alloc)
[WESTLAKE-NATIVENET-767] socket domain=10 type=0x1 protocol=6 result=88 errno=0
[WESTLAKE-NATIVENET-767] setsockopt fd=88 level=6 option=1 len=4 result=0 errno=0
[WESTLAKE-WEBVIEW-BIONIC] property ro.build.version.sdk=34
[WESTLAKE-NATIVENET-767] connect fd=88 family=10 len=28 address=2409:8c4c:e00:210:8000:0:b00:140 port=443 result=-1 errno=115
[WESTLAKE-NATIVENET-807] epoll_ctl epfd=63 op=1 fd=88 events=0x4 data_fd=88 result=0 errno=0
[WESTLAKE-NATIVENET-807] getsockopt fd=88 level=1 option=4 len=4 value=0 result=0 errno=0
[WESTLAKE-WEBVIEW-BIONIC] property ro.arch=arm64
[TOUCH21-WAKE] now=92187305 tid=19664 ptr=0x7f8ca98a80 looper=0x7f800fe920
[SOURCE-NATIVE-LOAD] path=/data/local/tmp/asx/lib/arm64-v8a/libnpth.so search=/data/local/tmp/asx:/system/lib64:/system/lib64/platformsdk:/system/lib64/chipset-sdk:/system/lib64/chipset-sdk-sp:/system/lib64/ndk:/vendor/lib64/chipsetsdk:/vendor/lib64/hw:/vendor/lib64:/data/local/tmp/asx/lib/arm64-v8a:/data/local/tmp/asx/webview-t-lib
[SOURCE-NATIVE-LOADER] path=/data/local/tmp/asx/lib/arm64-v8a/libnpth.so class_paths=/data/local/tmp/asx/lib/arm64-v8a:/data/local/tmp/asx/toutiao.apk!/lib/arm64-v8a
[SOURCE-NATIVE-ABI] errno=0x7f7ed86548 provider=/data/local/tmp/asx/webview-t-lib/libwebview_bionic_shim.so
[WESTLAKE-WEBVIEW-BIONIC] property ro.build.version.sdk=34
[WESTLAKE-PM] resolveContentProvider com.ss.android.article.news.hwid.sdk.otafileprovider -> com.bytedance.article.dex.account.huawei.OtaFileProvider metadata=1
[WESTLAKE-WEBVIEW-BIONIC] property ro.arch=arm64
[WESTLAKE-WEBVIEW-BIONIC] property ro.arch=arm64
[WESTLAKE-WEBVIEW-BIONIC] property ro.arch=arm64
[WESTLAKE-WEBVIEW-BIONIC] property ro.arch=arm64
[WESTLAKE-WEBVIEW-BIONIC] property ro.arch=arm64
[SOURCE-NATIVE-LOAD] path=/data/local/tmp/asx/lib/arm64-v8a/libhotfix-opt.so search=/data/local/tmp/asx:/system/lib64:/system/lib64/platformsdk:/system/lib64/chipset-sdk:/system/lib64/chipset-sdk-sp:/system/lib64/ndk:/vendor/lib64/chipsetsdk:/vendor/lib64/hw:/vendor/lib64:/data/local/tmp/asx/lib/arm64-v8a:/data/local/tmp/asx/webview-t-lib
[SOURCE-NATIVE-LOADER] path=/data/local/tmp/asx/lib/arm64-v8a/libhotfix-opt.so class_paths=/data/local/tmp/asx/lib/arm64-v8a:/data/local/tmp/asx/toutiao.apk!/lib/arm64-v8a
[SOURCE-NATIVE-ABI] errno=0x7f7ed86548 provider=/data/local/tmp/asx/webview-t-lib/libwebview_bionic_shim.so
[WESTLAKE-NATIVENET-807] epoll_wait epfd=63 max=32 timeout=0 result=1 errno=0
[WESTLAKE-NATIVENET-807] epoll_event[0] events=0x4 data_fd=88 data_u64=88
[WESTLAKE-NATIVENET-807] getsockopt fd=88 level=1 option=4 len=4 value=0 result=0 errno=0
[WESTLAKE-NATIVENET-807] epoll_ctl epfd=63 op=2 fd=88 events=0x4 data_fd=88 result=0 errno=0
[WESTLAKE-NATIVENET-807] getsockopt fd=88 level=6 option=11 len=232 value=1 result=0 errno=0
[WESTLAKE-NATIVENET-807] getsockopt fd=88 level=6 option=11 len=232 value=1 result=0 errno=0
[WESTLAKE-NATIVENET-807] epoll_ctl epfd=63 op=1 fd=88 events=0x1 data_fd=88 result=0 errno=0
[WESTLAKE-NATIVENET-807] epoll_wait epfd=63 max=32 timeout=0 result=0 errno=0
[WESTLAKE-NATIVENET-807] epoll_wait epfd=63 max=32 timeout=0 result=0 errno=0
[WESTLAKE-NATIVENET-807] epoll_wait epfd=63 max=32 timeout=0 result=0 errno=0
[WESTLAKE-NATIVENET-807] epoll_wait epfd=63 max=32 timeout=0 result=0 errno=0
[WESTLAKE-NATIVENET-807] epoll_wait epfd=63 max=32 timeout=0 result=0 errno=0
[WESTLAKE-NATIVENET-807] epoll_wait epfd=63 max=32 timeout=0 result=0 errno=0
[WESTLAKE-NATIVENET-807] epoll_wait epfd=63 max=32 timeout=0 result=0 errno=0
[WESTLAKE-WEBVIEW-SIGNAL] sigaction #9 signal=6 flags=0x48000004 callback=0x7ef5c1341c rc=0 errno=22
[WESTLAKE-WEBVIEW-SIGNAL] sigaction #10 signal=7 flags=0x48000004 callback=0x7ef5c1341c rc=0 errno=22
[WESTLAKE-WEBVIEW-SIGNAL] sigaction #11 signal=8 flags=0x48000004 callback=0x7ef5c1341c rc=0 errno=22
[WESTLAKE-WEBVIEW-SIGNAL] sigaction #12 signal=4 flags=0x48000004 callback=0x7ef5c1341c rc=0 errno=22
[WESTLAKE-WEBVIEW-SIGNAL] sigaction #13 signal=11 flags=0x48000004 callback=0x7ef5c1341c rc=0 errno=22
[WESTLAKE-WEBVIEW-SIGNAL] sigaction #14 signal=5 flags=0x48000004 callback=0x7ef5c1341c rc=0 errno=22
[WESTLAKE-WEBVIEW-SIGNAL] sigaction #15 signal=31 flags=0x48000004 callback=0x7ef5c1341c rc=0 errno=22
[WESTLAKE-WEBVIEW-SIGNAL] sigaction #16 signal=16 flags=0x48000004 callback=0x7ef5c1341c rc=0 errno=22
[WESTLAKE-WEBVIEW-SIGNAL] sigaction #17 signal=13 flags=0x48000004 callback=0x7ef5c1341c rc=0 errno=22
[SOURCE-NATIVE-LOAD] path=/data/local/tmp/asx/lib/arm64-v8a/libmetasec_ml.so search=/data/local/tmp/asx:/system/lib64:/system/lib64/platformsdk:/system/lib64/chipset-sdk:/system/lib64/chipset-sdk-sp:/system/lib64/ndk:/vendor/lib64/chipsetsdk:/vendor/lib64/hw:/vendor/lib64:/data/local/tmp/asx/lib/arm64-v8a:/data/local/tmp/asx/webview-t-lib
[SOURCE-NATIVE-LOADER] path=/data/local/tmp/asx/lib/arm64-v8a/libmetasec_ml.so class_paths=/data/local/tmp/asx/lib/arm64-v8a:/data/local/tmp/asx/toutiao.apk!/lib/arm64-v8a
[SOURCE-NATIVE-ABI] errno=0x7f7ed86548 provider=/data/local/tmp/asx/webview-t-lib/libwebview_bionic_shim.so
[TOUCH21-WAKE] now=92187532 tid=19851 ptr=0x7f8ca98a80 looper=0x7f800fe920
[TOUCH21-WAKE] now=92187544 tid=20050 ptr=0x7f8ca98a80 looper=0x7f800fe920
[TOUCH21-WAKE] now=92187546 tid=19871 ptr=0x7f8c9f26d0 looper=0x7f87c2e4a0
[TOUCH21-WAKE] now=92187549 tid=20030 ptr=0x7f80d7c210 looper=0x7f8dacd7f0
[TOUCH21-WAKE] now=92187549 tid=20030 ptr=0x7f80d7c210 looper=0x7f8dacd7f0
[TOUCH21-WAKE] now=92187558 tid=20050 ptr=0x7f8ca98a80 looper=0x7f800fe920
[TOUCH21-WAKE] now=92187599 tid=19970 ptr=0x7f864d1840 looper=0x7f870516a0
[WESTLAKE-NATIVENET-767] socket domain=10 type=0x1 protocol=6 result=91 errno=0
[WESTLAKE-NATIVENET-767] setsockopt fd=91 level=6 option=1 len=4 result=0 errno=0
[WESTLAKE-NATIVENET-767] connect fd=91 family=10 len=28 address=2409:8c62:e10:9003:3::24 port=443 result=-1 errno=115
[WESTLAKE-NATIVENET-807] epoll_ctl epfd=63 op=1 fd=91 events=0x4 data_fd=91 result=0 errno=0
[WESTLAKE-NATIVENET-807] getsockopt fd=91 level=1 option=4 len=4 value=0 result=0 errno=0
[WESTLAKE-NATIVENET-807] epoll_wait epfd=63 max=32 timeout=0 result=1 errno=0
[WESTLAKE-NATIVENET-807] epoll_event[0] events=0x1 data_fd=88 data_u64=88
[WESTLAKE-NATIVENET-807] epoll_ctl epfd=63 op=2 fd=88 events=0x1 data_fd=88 result=0 errno=0
[SOURCE-NATIVE-LOAD] path=/data/local/tmp/asx/lib/arm64-v8a/libsysoptimizer.so search=/data/local/tmp/asx:/system/lib64:/system/lib64/platformsdk:/system/lib64/chipset-sdk:/system/lib64/chipset-sdk-sp:/system/lib64/ndk:/vendor/lib64/chipsetsdk:/vendor/lib64/hw:/vendor/lib64:/data/local/tmp/asx/lib/arm64-v8a:/data/local/tmp/asx/webview-t-lib
[SOURCE-NATIVE-LOADER] path=/data/local/tmp/asx/lib/arm64-v8a/libsysoptimizer.so class_paths=/data/local/tmp/asx/lib/arm64-v8a:/data/local/tmp/asx/toutiao.apk!/lib/arm64-v8a
[SOURCE-NATIVE-ABI] errno=0x7f7ed86548 provider=/data/local/tmp/asx/webview-t-lib/libwebview_bionic_shim.so
[WESTLAKE-NATIVENET-807] getsockopt fd=88 level=6 option=11 len=232 value=1 result=0 errno=0
[SOURCE-NATIVE-LOAD] path=/data/local/tmp/asx/lib/arm64-v8a/libshadowhook.so search=/data/local/tmp/asx:/system/lib64:/system/lib64/platformsdk:/system/lib64/chipset-sdk:/system/lib64/chipset-sdk-sp:/system/lib64/ndk:/vendor/lib64/chipsetsdk:/vendor/lib64/hw:/vendor/lib64:/data/local/tmp/asx/lib/arm64-v8a:/data/local/tmp/asx/webview-t-lib
[SOURCE-NATIVE-LOADER] path=/data/local/tmp/asx/lib/arm64-v8a/libshadowhook.so class_paths=/data/local/tmp/asx/lib/arm64-v8a:/data/local/tmp/asx/toutiao.apk!/lib/arm64-v8a
[SOURCE-NATIVE-ABI] errno=0x7f7ed86548 provider=/data/local/tmp/asx/webview-t-lib/libwebview_bionic_shim.so
[WESTLAKE-WEBVIEW-BIONIC] property ro.build.version.sdk=34
[WESTLAKE-WEBVIEW-BIONIC] property ro.build.version.sdk=34
[SOURCE-NATIVE-LOAD] path=/data/local/tmp/asx/lib/arm64-v8a/libdelta.so search=/data/local/tmp/asx:/system/lib64:/system/lib64/platformsdk:/system/lib64/chipset-sdk:/system/lib64/chipset-sdk-sp:/system/lib64/ndk:/vendor/lib64/chipsetsdk:/vendor/lib64/hw:/vendor/lib64:/data/local/tmp/asx/lib/arm64-v8a:/data/local/tmp/asx/webview-t-lib
[SOURCE-NATIVE-LOADER] path=/data/local/tmp/asx/lib/arm64-v8a/libdelta.so class_paths=/data/local/tmp/asx/lib/arm64-v8a:/data/local/tmp/asx/toutiao.apk!/lib/arm64-v8a
[SOURCE-NATIVE-ABI] errno=0x7f7ed86548 provider=/data/local/tmp/asx/webview-t-lib/libwebview_bionic_shim.so
