[DEPRECATED] runtime-recipe.sh is wrapped by build_adapter.sh — Phase 4 will absorb this
==========================================
  liboh_android_runtime.so cross-compile
==========================================
AIDL: generating IInputConstants.h ...
  OK: /Users/zhaoyue/orca/workspaces/westlake-harness-bms-deploy/bms/src/.work/b12-graphics/runtime-objects/aidl-gen/headers/android/os/IInputConstants.h
LABELS: generating input.h-labels.h ...
  OK: /Users/zhaoyue/orca/workspaces/westlake-harness-bms-deploy/bms/src/.work/b12-graphics/runtime-objects/labels-gen/input.h-labels.h (1398 bytes)
  jni_attach_admission.cpp ... OK (8184 bytes)
  AndroidRuntime.cpp ... OK (27936 bytes)
  android_view_VelocityTracker.cpp ... OK (3488 bytes)
  common_event_registration.cpp ... OK (17592 bytes)
  android_util_Log.cpp ... OK (3824 bytes)
  android_util_EventLog.cpp ... OK (10816 bytes)
  android_app_Activity.cpp ... OK (2112 bytes)
  android_view_SurfaceSession.cpp ... OK (3624 bytes)
  android_view_DisplayEventReceiver.cpp ... OK (19672 bytes)
  android_view_InputChannel.cpp ... OK (14256 bytes)
  android_view_InputEventReceiver.cpp ... OK (31216 bytes)
  libart_log_bridge.cpp ... OK (12512 bytes)
  android_graphics_compat_shim.cpp ... OK (44176 bytes)
  libcore_util_NativeAllocationRegistry_guard.cpp ... OK (7416 bytes)
  android_animation_PropertyValuesHolder.cpp ... OK (8008 bytes)
  android_os_SystemProperties.cpp ... OK (10704 bytes)
  android_os_Trace.cpp ... OK (5120 bytes)
  android_os_Process.cpp ... OK (3488 bytes)
  android_os_SystemClock.cpp ... OK (4312 bytes)
  android_os_Binder.cpp ... OK (7368 bytes)
  android_view_SurfaceControl.cpp ... OK (53040 bytes)
  android_os_MessageQueue.cpp ... OK (4680 bytes)
  com_android_internal_os_ClassLoaderFactory.cpp ... OK (2480 bytes)
  android_graphics_Typeface.cpp ... OK (8104 bytes)
  android_os_GraphicsEnvironment.cpp ... OK (4656 bytes)
  atrace_stubs.cpp ... OK (4712 bytes)
  android_os_Debug.cpp ... OK (3384 bytes)
  android_hardware_SensorManager.cpp ... OK (6576 bytes)
  android_ndk_libandroid_shim.cpp ... OK (21160 bytes)
  android_window_show_native.cpp ... OK (1712 bytes)
  android_media_MediaPlayer.cpp ... OK (25568 bytes)

  AOSP-ported register_* sources (C++20)
  cutils_ashmem_shim.cpp ... OK (1856 bytes)
  CursorWindow.cpp ... OK (16216 bytes)
  android_database_CursorWindow.cpp ... OK (22072 bytes)
  android_database_SQLiteCommon.cpp ... OK (25880 bytes)
  android_database_SQLiteConnection.cpp ... OK (35240 bytes)
  android_database_SQLiteDebug.cpp ... OK (5352 bytes)
  android_database_SQLiteGlobal.cpp ... OK (3456 bytes)
  sqlite3_android_shim.cpp ... OK (2792 bytes)
  android_os_Parcel_aosp.cpp ... OK (29504 bytes)
  android_util_AssetManager_aosp.cpp ... OK (91712 bytes)
  android_content_res_ApkAssets_aosp.cpp ... OK (51016 bytes)
  android_util_StringBlock_aosp.cpp ... OK (10616 bytes)
  android_util_XmlBlock_aosp.cpp ... OK (16560 bytes)
  com_android_internal_util_VirtualRefBasePtr_aosp.cpp ... OK (2832 bytes)
  android_view_KeyCharacterMap_aosp.cpp ... OK (10712 bytes)
  android_input_InputEventLabels_aosp.cpp ... OK (1864 bytes)
  android_input_Input_aosp.cpp ... OK (10968 bytes)
  android_view_MotionEvent_aosp.cpp ... OK (45728 bytes)
  android_view_KeyEvent_aosp.cpp ... OK (3720 bytes)
  android_opengl_EGL14_adapter.cpp ... OK (49840 bytes)
  android_opengl_GLES20.cpp ... OK (136328 bytes)
  android_opengl_GLES30.cpp ... OK (121104 bytes)
  android_opengl_GLES31.cpp ... OK (75144 bytes)
  asset_manager.cpp ... OK (5392 bytes)

  linking liboh_android_runtime.so ...
  OK (2287872 bytes)
/Users/zhaoyue/orca/workspaces/westlake-harness-bms-deploy/bms/src/.work/b12-graphics/runtime-out/liboh_android_runtime.so: ELF 64-bit LSB shared object, ARM aarch64, version 1 (SYSV), dynamically linked, BuildID[sha1]=68b3ca40a6609c43da06f670d265e0e923eff40c, with debug_info, not stripped
  Profile B runtime edge: PASS

==========================================
  Output: /Users/zhaoyue/orca/workspaces/westlake-harness-bms-deploy/bms/src/.work/b12-graphics/runtime-out/liboh_android_runtime.so
  Export check:
0000000000180e78 T android::AndroidRuntime::startReg(_JNIEnv*)
0000000000182270 T android::register_android_util_Log(_JNIEnv*)
0000000000198160 T android::register_android_content_AssetManager(_JNIEnv*)
==========================================
