LAUNCH 1790326262.387661557
LAUNCHED 1790326266.587909938
FOCUS 1790326276.833889739   mCurrentFocus=Window{ad8878f u0 com.android.permissioncontroller/com.android.permissioncontroller.permission.ui.GrantPermissionsActivity}, [type=1, isChildWindow=false]-[Surface(name=*Title#619)/@0xf631852]
BACK_1 1790326276.864432585
FOCUS 1790326278.781523507   mCurrentFocus=Window{637356c u0 com.android.permissioncontroller/com.android.permissioncontroller.permission.ui.GrantPermissionsActivity}, [type=1, isChildWindow=false]-[Surface(name=*Title#647)/@0x19b126e]
BACK_2 1790326278.837914776
FOCUS 1790326281.043064120   mCurrentFocus=Window{5d3b622 u0 com.ss.android.article.news/com.ss.android.account.v3.view.TransparentAccountLoginActivity}, [type=1, isChildWindow=false]-[Surface(name=*Title#650)/@0xe8c6b8]
BACK_3 1790326281.081623813
FOCUS 1790326282.935182773   mCurrentFocus=Window{5d3b622 u0 com.ss.android.article.news/com.ss.android.account.v3.view.TransparentAccountLoginActivity}, [type=1, isChildWindow=false]-[Surface(name=*Title#650)/@0xe8c6b8]
BACK_4 1790326282.985283119
FOCUS 1790326284.867238348   mCurrentFocus=Window{7628afd u0 com.ss.android.article.news/com.ss.android.article.news.activity.MainActivity}, [type=1, isChildWindow=false]-[Surface(name=*Title#629)/@0xb6d8b97]
GFX_RESET 1790326285.060954579
FOCUS 1790326286.263196232   mCurrentFocus=Window{7628afd u0 com.ss.android.article.news/com.ss.android.article.news.activity.MainActivity}, [type=1, isChildWindow=false]-[Surface(name=*Title#629)/@0xb6d8b97]
TAP_hotspot 923 188 1790326286.313611040
FOCUS 1790326293.658432919   mCurrentFocus=Window{7628afd u0 com.ss.android.article.news/com.ss.android.article.news.activity.MainActivity}, [type=1, isChildWindow=false]-[Surface(name=*Title#629)/@0xb6d8b97]
TAP_shenzhen 270 188 1790326293.719576073
FOCUS 1790326301.053547721   mCurrentFocus=Window{7628afd u0 com.ss.android.article.news/com.ss.android.article.news.activity.MainActivity}, [type=1, isChildWindow=false]-[Surface(name=*Title#629)/@0xb6d8b97]
TAP_rebang 373 188 1790326301.097820529
FOCUS 1790326308.527567639   mCurrentFocus=Window{7628afd u0 com.ss.android.article.news/com.ss.android.article.news.activity.MainActivity}, [type=1, isChildWindow=false]-[Surface(name=*Title#629)/@0xb6d8b97]
TAP_tuijian 64 188 1790326308.632901254
END 1790326316.032539711
