ok FZ-003 /Users/zhaoyue/orca/workspaces/westlake-harness-bms-deploy benchmark/2026-09-30-asset-fd-runtime/src/android_util_AssetManager_aosp.cpp e47ede07 (frozen e47ede07)
frozen: 3 entries, 1 checked, 0 violation(s)
181 forwarders written to /Users/zhaoyue/orca/workspaces/westlake-harness-bms-deploy/bms/src/.work/n2-native/gl/gl_forwarders.c
N1 cache: verified original objects; five changed TUs require compilation
[DEPRECATED] runtime-recipe.sh is wrapped by build_adapter.sh — Phase 4 will absorb this
==========================================
  liboh_android_runtime.so cross-compile
==========================================
AIDL: generating IInputConstants.h ...
  OK: /Users/zhaoyue/orca/workspaces/westlake-harness-bms-deploy/bms/src/.work/n2-native/runtime-objects/aidl-gen/headers/android/os/IInputConstants.h
LABELS: generating input.h-labels.h ...
  OK: /Users/zhaoyue/orca/workspaces/westlake-harness-bms-deploy/bms/src/.work/n2-native/runtime-objects/labels-gen/input.h-labels.h (1398 bytes)
  glimpl_register.cpp ... OK (1704 bytes)
  camera_info.cpp ... OK (10840 bytes)
  AndroidRuntime.cpp ... OK (28640 bytes)
  android_media_AudioSystemCapabilities.cpp ... OK (3600 bytes)
  android_graphics_compat_shim.cpp ... OK (44176 bytes)
  android_view_SurfaceControl.cpp ... OK (53040 bytes)

  AOSP-ported register_* sources (C++20)
  android_util_AssetManager_aosp.cpp ... OK (92664 bytes)

  linking liboh_android_runtime.so ...
  OK (2985680 bytes)
/Users/zhaoyue/orca/workspaces/westlake-harness-bms-deploy/bms/src/.work/n2-native/runtime-out/liboh_android_runtime.so: ELF 64-bit LSB shared object, ARM aarch64, version 1 (SYSV), dynamically linked, BuildID[sha1]=b1d2d4727d88c5e10e44c534e056b10091994ba2, with debug_info, not stripped
  Profile B runtime edge: PASS

==========================================
  Output: /Users/zhaoyue/orca/workspaces/westlake-harness-bms-deploy/bms/src/.work/n2-native/runtime-out/liboh_android_runtime.so
  Export check:
000000000018dbc8 T android::AndroidRuntime::startReg(_JNIEnv*)
000000000018f1ec T android::register_android_util_Log(_JNIEnv*)
00000000001a50dc T android::register_android_content_AssetManager(_JNIEnv*)
==========================================
