158507 CLEANED count=0 ppid1=0 app=0 parent=0 available_kib=5878752
158510 START seq=1 child=32659 parent=32634 mode=warm
158510 CLEANED count=1 ppid1=1 app=0 parent=0 available_kib=5835340
158510 EXIT seq=1 pid=32659 elapsed=0 reason=process_count_violation archive=/data/local/tmp/operator45-crashes/selfheal-1-20260926-215826
158512 CLEANED count=1 ppid1=1 app=0 parent=0 available_kib=5877940
158513 START seq=2 child=430 parent=398 mode=fresh
158514 CLEANED count=1 ppid1=1 app=0 parent=0 available_kib=5837436
158514 EXIT seq=2 pid=430 elapsed=1 reason=process_count_violation archive=/data/local/tmp/operator45-crashes/selfheal-2-20260926-215830
158515 CLEANED count=1 ppid1=1 app=0 parent=0 available_kib=5876340
158517 START seq=3 child=719 parent=640 mode=fresh
158517 CLEANED count=1 ppid1=1 app=0 parent=0 available_kib=5838208
158517 EXIT seq=3 pid=719 elapsed=0 reason=process_count_violation archive=/data/local/tmp/operator45-crashes/selfheal-3-20260926-215833
158517 BACKOFF seconds=30
158548 CLEANED count=1 ppid1=1 app=0 parent=0 available_kib=5592436
158550 START seq=4 child=2186 parent=2154 mode=fresh
158550 CLEANED count=1 ppid1=1 app=0 parent=0 available_kib=5813984
158551 EXIT seq=4 pid=2186 elapsed=0 reason=process_count_violation archive=/data/local/tmp/operator45-crashes/selfheal-4-20260926-215907
158551 BACKOFF seconds=30
158582 STOPPED
158620 CLEANED count=0 ppid1=0 app=0 parent=0 available_kib=5835488
158621 START seq=5 child=3825 parent=3801 mode=fresh
158693 CONSENT seq=5
158723 READY seq=5 child=3825 startup_s=101 recovery_s=172
159324 CLEANED count=1 ppid1=1 app=0 parent=0 available_kib=5889772
159324 EXIT seq=5 pid=3825 elapsed=702 reason=process_exit archive=/data/local/tmp/operator45-crashes/selfheal-5-20260926-221200
159325 CLEANED count=0 ppid1=0 app=0 parent=0 available_kib=5890920
159327 START seq=6 child=16928 parent=16909 mode=fresh
159402 CONSENT seq=6
159477 STOPPED
