2026-09-30-r16-sweep fd-auxio pids {9901} registered-attempt 2217 missing 2
2026-09-30-r16-sweep fd-droidify pids {11388} registered-attempt 2222 missing 3
2026-09-30-r16-sweep aegis pids {18227} registered-attempt 2195 missing 3
2026-09-30-r16-sweep anki pids {28079} registered-attempt 2233 missing 2
2026-09-30-r16-sweep antennapod pids {16871} registered-attempt 2178 missing 2
2026-09-30-r16-sweep burgerking pids {29776} registered-attempt 2233 missing 3
2026-09-30-r16-sweep fd-AppManager pids {19553} registered-attempt 2192 missing 2
2026-09-30-r16-sweep fd-android pids {29380} registered-attempt 2233 missing 2
2026-09-30-r16-sweep fd-api pids {30835} registered-attempt 2233 missing 3
2026-09-30-r16-sweep fd-app pids {32239} registered-attempt 2186 missing 2
2026-09-30-r16-sweep fd-auxio pids {20989} registered-attempt 2184 missing 3
2026-09-30-r16-sweep fd-binaryeye pids {28417} registered-attempt 2233 missing 2
2026-09-30-r16-sweep fd-breezyweather pids {1784} registered-attempt 2233 missing 2
2026-09-30-r16-sweep fd-calendar pids {3526} registered-attempt 2233 missing 2
2026-09-30-r16-sweep fd-catima pids {4903} registered-attempt 2186 missing 3
2026-09-30-r16-sweep fd-client pids {26997} registered-attempt 2233 missing 2
2026-09-30-r16-sweep fd-com-amaze-filemanager pids {22438} registered-attempt 2233 missing 2
2026-09-30-r16-sweep fd-com-kunzisoft-keepass-libre pids {23695} registered-attempt 2233 missing 3
2026-09-30-r16-sweep fd-droidify pids {25114} registered-attempt 2191 missing 3
2026-09-30-r16-sweep fd-etar pids {6156} registered-attempt 2194 missing 3
2026-09-30-r16-sweep fd-feeder pids {7662} registered-attempt 2233 missing 2
2026-09-30-r16-sweep fd-fennec_fdroid pids {9092} registered-attempt 2233 missing 2
2026-09-30-r16-sweep fd-filemanager pids {10380} registered-attempt 2185 missing 2
2026-09-30-r16-sweep fd-fitness pids {26534} registered-attempt 2188 missing 2
2026-09-30-r16-sweep fd-fluffychat pids {11788} registered-attempt 2191 missing 2
2026-09-30-r16-sweep fd-gallery pids {13261} registered-attempt 2182 missing 3
2026-09-30-r16-sweep fd-im-vector-app pids {14584} registered-attempt 2034 missing 3
2026-09-30-r16-sweep fd-immich pids {15991} registered-attempt 2187 missing 2
2026-09-30-r16-sweep fd-k9 pids {17373} registered-attempt 2188 missing 2
2026-09-30-r16-sweep fd-kitchenowl pids {18665} registered-attempt 2176 missing 2
2026-09-30-r16-sweep fd-libre pids {20013} registered-attempt 2233 missing 2
2026-09-30-r16-sweep fd-libretube pids {21446} registered-attempt 2189 missing 2
2026-09-30-r16-sweep fd-meet pids {22691} registered-attempt 2182 missing 4
2026-09-30-r16-sweep fd-minetest pids {24131} registered-attempt 2181 missing 3
2026-09-30-r16-sweep fd-mobile pids {25529} registered-attempt 2233 missing 2
2026-09-30-r16-sweep fd-mpv pids {2589} registered-attempt 2239 missing 2
2026-09-30-r16-sweep fd-musicplayer pids {4059} registered-attempt 2215 missing 2
2026-09-30-r16-sweep fd-netguard pids {26959} registered-attempt 2220 missing 3
2026-09-30-r16-sweep fd-noice pids {28399} registered-attempt 2216 missing 4
2026-09-30-r16-sweep fd-notes pids {5574} registered-attempt 2239 missing 2
2026-09-30-r16-sweep fd-organicmaps pids {6991} registered-attempt 2223 missing 2
2026-09-30-r16-sweep fd-plus pids {8523} registered-attempt 2239 missing 2
2026-09-30-r16-sweep fd-reader pids {9952} registered-attempt 2239 missing 2
2026-09-30-r16-sweep fd-saber pids {11394} registered-attempt 2239 missing 2
2026-09-30-r16-sweep fd-seal pids {12905} registered-attempt 2297 missing 2
2026-09-30-r16-sweep fd-shatteredpixeldungeon pids {14387} registered-attempt 2220 missing 3
2026-09-30-r16-sweep fd-stk pids {23377} registered-attempt 2239 missing 2
2026-09-30-r16-sweep fd-tasks pids {15760} registered-attempt 2239 missing 3
2026-09-30-r16-sweep fd-tusky pids {17319} registered-attempt 2526 missing 2
2026-09-30-r16-sweep fd-tutanota pids {18895} registered-attempt 2498 missing 2
2026-09-30-r16-sweep fd-uhabits pids {20243} registered-attempt 2239 missing 2
2026-09-30-r16-sweep fd-wifianalyzer pids {21728} registered-attempt 2074 missing 2
2026-09-30-r16-sweep firefox pids {28785} registered-attempt 2239 missing 3
2026-09-30-r16-sweep localsend pids {31704} registered-attempt 2226 missing 2
2026-09-30-r16-sweep markor pids {31347} registered-attempt 2226 missing 2
2026-09-30-r16-sweep mcdonalds pids {27203} registered-attempt 2239 missing 2
2026-09-30-r16-sweep mindustry pids {3339} registered-attempt 2239 missing 2
2026-09-30-r16-sweep newpipe pids {29892} registered-attempt 2239 missing 2
2026-09-30-r16-sweep noice pids {6690} registered-attempt 2228 missing 4
2026-09-30-r16-sweep ooniprobe pids {25487} registered-attempt 2217 missing 2
2026-09-30-r16-sweep opencamera pids {32660} registered-attempt 2239 missing 3
2026-09-30-r16-sweep ppsspp pids {1343} registered-attempt 2226 missing 2
2026-09-30-r16-sweep termux pids {24109} registered-attempt 2239 missing 3
2026-09-30-r16-sweep toutiao pids {25532} registered-attempt 2235 missing 2
2026-09-30-r16-sweep vlc pids {30351} registered-attempt 2239 missing 4
2026-09-30-r16-sweep wikipedia pids {22817} registered-attempt 2211 missing 3
2026-09-30-r16-sweep x pids {5250} registered-attempt 2227 missing 3
2026-09-30-r17a-sweep aegis pids {14592} registered-attempt 2233 missing 3
2026-09-30-r17a-sweep anki pids {24610} registered-attempt 2186 missing 2
2026-09-30-r17a-sweep antennapod pids {13225} registered-attempt 2233 missing 2
2026-09-30-r17a-sweep burgerking pids {26517} registered-attempt 2233 missing 3
2026-09-30-r17a-sweep fd-AppManager pids {15926} registered-attempt 2189 missing 2
2026-09-30-r17a-sweep fd-android pids {25929} registered-attempt 2195 missing 2
2026-09-30-r17a-sweep fd-api pids {27381} registered-attempt 2233 missing 3
2026-09-30-r17a-sweep fd-app pids {28805} registered-attempt 2188 missing 2
2026-09-30-r17a-sweep fd-auxio pids {17384} registered-attempt 2188 missing 3
2026-09-30-r17a-sweep fd-binaryeye pids {25131} registered-attempt 2198 missing 2
2026-09-30-r17a-sweep fd-breezyweather pids {30085} registered-attempt 2233 missing 2
2026-09-30-r17a-sweep fd-calendar pids {31529} registered-attempt 2183 missing 2
2026-09-30-r17a-sweep fd-catima pids {571} registered-attempt 2194 missing 3
2026-09-30-r17a-sweep fd-client pids {23708} registered-attempt 2196 missing 2
2026-09-30-r17a-sweep fd-com-amaze-filemanager pids {18829} registered-attempt 2233 missing 4
2026-09-30-r17a-sweep fd-com-kunzisoft-keepass-libre pids {20134} registered-attempt 2198 missing 3
2026-09-30-r17a-sweep fd-droidify pids {21621} registered-attempt 2233 missing 3
2026-09-30-r17a-sweep fd-etar pids {2720} registered-attempt 2196 missing 3
2026-09-30-r17a-sweep fd-feeder pids {4226} registered-attempt 2233 missing 2
2026-09-30-r17a-sweep fd-fennec_fdroid pids {5698} registered-attempt 2201 missing 2
2026-09-30-r17a-sweep fd-filemanager pids {6998} registered-attempt 2179 missing 2
2026-09-30-r17a-sweep fd-fitness pids {23061} registered-attempt 2109 missing 2
2026-09-30-r17a-sweep fd-fluffychat pids {8401} registered-attempt 2233 missing 2
2026-09-30-r17a-sweep fd-gallery pids {9886} registered-attempt 2192 missing 3
2026-09-30-r17a-sweep fd-im-vector-app pids {11222} registered-attempt 2233 missing 3
2026-09-30-r17a-sweep fd-immich pids {12666} registered-attempt 2192 missing 2
2026-09-30-r17a-sweep fd-k9 pids {14015} registered-attempt 2190 missing 2
2026-09-30-r17a-sweep fd-kitchenowl pids {15311} registered-attempt 2233 missing 2
2026-09-30-r17a-sweep fd-libre pids {16664} registered-attempt 2233 missing 2
2026-09-30-r17a-sweep fd-libretube pids {18118} registered-attempt 2191 missing 2
2026-09-30-r17a-sweep fd-meet pids {19371} registered-attempt 2233 missing 4
2026-09-30-r17a-sweep fd-minetest pids {20813} registered-attempt 2233 missing 3
2026-09-30-r17a-sweep fd-mobile pids {22237} registered-attempt 2233 missing 2
2026-09-30-r17a-sweep fd-mpv pids {595} registered-attempt 2239 missing 2
2026-09-30-r17a-sweep fd-musicplayer pids {2900} registered-attempt 2218 missing 2
2026-09-30-r17a-sweep fd-netguard pids {25769} registered-attempt 2239 missing 3
2026-09-30-r17a-sweep fd-noice pids {27244} registered-attempt 2239 missing 4
2026-09-30-r17a-sweep fd-notes pids {4436} registered-attempt 2215 missing 2
2026-09-30-r17a-sweep fd-organicmaps pids {5843} registered-attempt 2219 missing 2
2026-09-30-r17a-sweep fd-plus pids {7387} registered-attempt 2215 missing 2
2026-09-30-r17a-sweep fd-reader pids {8842} registered-attempt 2239 missing 2
2026-09-30-r17a-sweep fd-saber pids {10259} registered-attempt 2239 missing 2
2026-09-30-r17a-sweep fd-seal pids {11797} registered-attempt 2281 missing 2
2026-09-30-r17a-sweep fd-shatteredpixeldungeon pids {13270} registered-attempt 2206 missing 3
2026-09-30-r17a-sweep fd-stk pids {22288} registered-attempt 1993 missing 2
2026-09-30-r17a-sweep fd-tasks pids {14655} registered-attempt 2223 missing 4
2026-09-30-r17a-sweep fd-tusky pids {16222} registered-attempt 2514 missing 2
2026-09-30-r17a-sweep fd-tutanota pids {17792} registered-attempt 2239 missing 2
2026-09-30-r17a-sweep fd-uhabits pids {19160} registered-attempt 2239 missing 2
2026-09-30-r17a-sweep fd-wifianalyzer pids {20638} registered-attempt 2239 missing 2
2026-09-30-r17a-sweep firefox pids {27717} registered-attempt 2239 missing 3
2026-09-30-r17a-sweep localsend pids {30630} registered-attempt 2217 missing 2
2026-09-30-r17a-sweep markor pids {30190} registered-attempt 2239 missing 2
2026-09-30-r17a-sweep mcdonalds pids {26126} registered-attempt 2226 missing 2
2026-09-30-r17a-sweep mindustry pids {2173} registered-attempt 2239 missing 2
2026-09-30-r17a-sweep newpipe pids {28724} registered-attempt 2239 missing 2
2026-09-30-r17a-sweep noice pids {5605} registered-attempt 2239 missing 4
2026-09-30-r17a-sweep ooniprobe pids {24265} registered-attempt 2239 missing 2
2026-09-30-r17a-sweep opencamera pids {31506} registered-attempt 2230 missing 3
2026-09-30-r17a-sweep ppsspp pids {32176} registered-attempt 2215 missing 2
2026-09-30-r17a-sweep termux pids {22889} registered-attempt 2225 missing 3
2026-09-30-r17a-sweep toutiao pids {24464} registered-attempt 2226 missing 2
2026-09-30-r17a-sweep vlc pids {29279} registered-attempt 2224 missing 4
2026-09-30-r17a-sweep wikipedia pids {21543} registered-attempt 2239 missing 3
2026-09-30-r17a-sweep x pids {4188} registered-attempt 2214 missing 3
unique attempts 2603 unique explicit missing 12
