{
  "declarations": 5406,
  "coverage": {
    "implementation_present": 2669,
    "unbound_observed": 12,
    "registration_attempt_only": 114,
    "missing_static": 3,
    "unknown": 2608
  },
  "gap_count": 2737,
  "startup_gap_count": 190,
  "priority_gap_count": 196,
  "extra_ART_libcore_compiled_matches": 562,
  "source_body_or_stub_gap_count": 180,
  "apk_coverage": {
    "scanned": 65,
    "unknown": 1
  },
  "observed_registration_attempts": 2603,
  "explicit_unbound_methods": 12,
  "exception_drafts": 2547,
  "r2": "Static evidence and observed target-process ULEs; conditional reachability is not an executed/fatal call proof. No board operations.",
  "limitations": [
    "SubwaySurfers expected 5904cda2 vs available ffd32287; excluded from ranked graph counts, explicit unknown.",
    "Base APK DEX only; split DEX is not inspected.",
    "Application graph omits ambiguous callbacks/reflection/async edges; framework closure capped at six exact/inherited Java calls.",
    "Framework duplicate definitions unioned; active boot classpath selection unknown.",
    "OH_RegHook prints before real RegisterNatives; attempts are not success receipts.",
    "r16/r17a runtime observations are scoped by run/serial/PID; they do not establish identical v3a files on every board."
  ]
}
