termux methods 17643 startup methods 926 native startup/all 267 631
wikipedia methods 51899 startup methods 2506 native startup/all 409 864
ooniprobe methods 34341 startup methods 4080 native startup/all 370 726
antennapod aegis methods 27371 startup methods 2221 native startup/all 372 810
methods 66301 startup methods 1778 native startup/all 264 870
fd-auxio methods 23185 startup methods 1993 native startup/all 365 722
fd-com-amaze-filemanager methods 62892 startup methods 5534 native startup/all 424 752
fd-AppManager methods 214715 startup methods 2454 native startup/all 280 884
fd-com-kunzisoft-keepass-libre methods 116859 startup methods 2926 native startup/all 345 767
fd-droidify methods 34106 startup methods 3654 native startup/all 454 889
fd-netguard methods 10912 startup methods 1568 native startup/all 339 604
fd-fitness methods 41781 startup methods 2927 native startup/all 393 805
fd-noice methods 25989 startup methods 2119 native startup/all 346 760
anki methods 58420 startup methods 1905 native startup/all 289 888
newpipe methods 61624 startup methods 3370 native startup/all 469 924
markor methods 63750 startup methods 2218 native startup/all 356 734
opencamera methods 36726 startup methods 2093 native startup/all 325 828
fd-api methods 19139 startup methods 2025 native startup/all 293 676
fd-app methods 113475 startup methods 1100 native startup/all 103 1009
fd-android methods 53650 startup methods 7102 native startup/all 528 919
fd-breezyweather methods 43287 startup methods 3268 native startup/all 385 760
fd-calendar methods 28492 startup methods 3679 native startup/all 470 803
fd-catima methods 23669 startup methods 2303 native startup/all 439 799
fd-etar methods 77051 startup methods 2381 native startup/all 257 788
fd-feeder methods 60478 startup methods 4554 native startup/all 354 761
fd-filemanager methods 37450 startup methods 2694 native startup/all 382 798
fd-fluffychat methods 50954 startup methods 1042 native startup/all 97 985
fd-fennec_fdroid methods 135327 startup methods 2147 native startup/all 250 1009
fd-gallery methods 45568 startup methods 1448 native startup/all 340 908
fd-immich methods 40314 startup methods 2528 native startup/all 312 949
fd-k9 methods 53649 startup methods 7093 native startup/all 528 919
fd-kitchenowl methods 12928 startup methods 437 native startup/all 177 676
fd-im-vector-app methods 420149 startup methods 2718 native startup/all 319 1213
fd-libre methods 19698 startup methods 1741 native startup/all 266 795
fd-meet methods 56315 startup methods 1990 native startup/all 285 945
fd-libretube methods 41382 startup methods 3058 native startup/all 350 863
fd-mpv methods 7195 startup methods fd-minetest862 native startup/all 296 569
 methods 29608 startup methods 1552 native startup/all 287 702
fd-notes methods 27429 startup methods 3905 native startup/all 460 774
fd-musicplayer methods 40301 startup methods 3797 native startup/all 472 873
fd-organicmaps methods 40984 startup methods 2513 native startup/all 309 703
fd-reader methods 60819 startup methods 1870 native startup/all 242 770
fd-saber methods 11908 startup methods 459 native startup/all 168 732
fd-seal methods 29676 startup methods 2103 native startup/all 343 741
fd-shatteredpixeldungeon methods 16681 startup methods 137 native startup/all 94 336
fd-tasks methods 98143 startup methods 2162 native startup/all 265 840
fd-tusky methods 37381 startup methods 4560 native startup/all 410 940
fd-tutanota methods 24552 startup methods 1485 native startup/all 168 565
fd-plus methods 281926 startup methods 12039 native startup/all 499 916
fd-uhabits methods 42715 startup methods 2005 native startup/all 275 657
fd-wifianalyzer methodsfd-stk methods 1385 startup methods 26 native startup/all 96 276
 9090 startup methods 952 native startup/all 306 578
fd-mobile methods 60195 startup methods 3637 native startup/all 411 905
fd-binaryeye methods 16158 startup methods 59 native startup/all 58 748
fd-client methods 331091 startup methods 3328 native startup/all 259 1165
mcdonalds methods 612955 startup methods 6889 native startup/all 307 1133
burgerking methods 169489 startup methods 4096 native startup/all 319 1152
subwaysurfers UNKNOWN manifest vs app-input identity mismatch
toutiao methods 1079761 startup methods 13838 native startup/all 385 1266
firefox methods 143445 startup methods 2210 native startup/all 253 1010
localsend methods 15310 startup methods 541 native startup/all 186 793
ppsspp methods 11625 startup methods 94 native startup/all 124 617
mindustry methods 52884 startup methods 152 native startup/all 68 486
vlc methods 213286 startup methods 1249 native startup/all 142 899
noice methods 28179 startup methods 1694 native startup/all 290 781
x methods 827734 startup methods 1447 native startup/all 236 1298
coverage Counter({'scanned': 65, 'unknown': 1})
