[DEPRECATED] runtime-recipe.sh is wrapped by build_adapter.sh — Phase 4 will absorb this
==========================================
  liboh_android_runtime.so cross-compile
==========================================

  AOSP-ported register_* sources (C++20)

  linking liboh_android_runtime.so ...
  OK (2287968 bytes)
/Users/zhaoyue/orca/workspaces/westlake-harness-bms-deploy/bms/src/.work/asset-fd/runtime-out/liboh_android_runtime.so: ELF 64-bit LSB shared object, ARM aarch64, version 1 (SYSV), dynamically linked, BuildID[sha1]=d8cbce2c5103248f2794450456e1e76f5c091851, with debug_info, not stripped
  Profile B runtime edge: PASS

==========================================
  Output: /Users/zhaoyue/orca/workspaces/westlake-harness-bms-deploy/bms/src/.work/asset-fd/runtime-out/liboh_android_runtime.so
  Export check:
0000000000180e60 T android::AndroidRuntime::startReg(_JNIEnv*)
0000000000182258 T android::register_android_util_Log(_JNIEnv*)
0000000000198144 T android::register_android_content_AssetManager(_JNIEnv*)
==========================================
[DEPRECATED] runtime-recipe.sh is wrapped by build_adapter.sh — Phase 4 will absorb this
==========================================
  liboh_android_runtime.so cross-compile
==========================================

  AOSP-ported register_* sources (C++20)
  android_util_AssetManager_aosp.cpp ... OK (92664 bytes)

  linking liboh_android_runtime.so ...
  OK (2288784 bytes)
/Users/zhaoyue/orca/workspaces/westlake-harness-bms-deploy/bms/src/.work/asset-fd/runtime-out/liboh_android_runtime.so: ELF 64-bit LSB shared object, ARM aarch64, version 1 (SYSV), dynamically linked, BuildID[sha1]=9a148f396ee9aade62a11a48cb32843838e081e8, with debug_info, not stripped
  Profile B runtime edge: PASS

==========================================
  Output: /Users/zhaoyue/orca/workspaces/westlake-harness-bms-deploy/bms/src/.work/asset-fd/runtime-out/liboh_android_runtime.so
  Export check:
0000000000180f30 T android::AndroidRuntime::startReg(_JNIEnv*)
0000000000182328 T android::register_android_util_Log(_JNIEnv*)
0000000000198214 T android::register_android_content_AssetManager(_JNIEnv*)
==========================================
53f00423e0a6ddb310029554ee4db785a8f28c6c422abe4f0ba27f6f47dd4fe6  /Users/zhaoyue/orca/workspaces/westlake-harness-bms-deploy/bms/src/.work/asset-fd/runtime-out/liboh_android_runtime.so
