com.a2hlab.bridge.zigzag:
{
    "appId": "",
    "appIdentifier": "",
    "appIndex": 0,
    "applicationInfo": {
        "GWPAsanEnabled": false,
        "accessTokenId": 537399477,
        "accessTokenIdEx": 537399477,
        "accessible": false,
        "allowAppRunWhenDeviceFirstLocked": false,
        "allowArkTsLargeHeap": false,
        "allowCommonEvent": [],
        "allowEnableNotification": false,
        "allowMultiProcess": false,
        "apiCompatibleVersion": 0,
        "apiReleaseType": "",
        "apiTargetVersion": 0,
        "appDetailAbilityLibraryPath": "",
        "appDistributionType": "none",
        "appEnvironments": [],
        "appIndex": 0,
        "appPreloadPhase": 0,
        "appPrivilegeLevel": "normal",
        "appProvisionType": "release",
        "appQuickFix": {
            "bundleName": "",
            "deployedAppqfInfo": {
                "cpuAbi": "",
                "hqfInfos": [],
                "nativeLibraryPath": "",
                "type": 0,
                "versionCode": 0,
                "versionName": ""
            },
            "deployingAppqfInfo": {
                "cpuAbi": "",
                "hqfInfos": [],
                "nativeLibraryPath": "",
                "type": 0,
                "versionCode": 0,
                "versionName": ""
            },
            "versionCode": 0,
            "versionName": ""
        },
        "appSignType": "none",
        "applicationFlags": 1,
        "applicationReservedFlag": 0,
        "arkNativeFileAbi": "",
        "arkNativeFilePath": "",
        "arkTSMode": "dynamic",
        "asanEnabled": false,
        "asanLogPath": "",
        "assetAccessGroups": [],
        "associatedWakeUp": false,
        "bundleName": "com.a2hlab.bridge.zigzag",
        "bundleType": 10,
        "cacheDir": "",
        "cloudFileSyncEnabled": false,
        "cloudStructuredDataSyncEnabled": false,
        "codePath": "/data/app/el1/bundle/public/com.a2hlab.bridge.zigzag/android/base.apk",
        "compileSdkType": "OpenHarmony",
        "compileSdkVersion": "",
        "configuration": "",
        "cpuAbi": "arm64-v8a",
        "crowdtestDeadline": -1,
        "dataBaseDir": "",
        "dataDir": "/data/app/el2/100/base/com.a2hlab.bridge.zigzag",
        "debug": false,
        "description": "",
        "descriptionId": 0,
        "descriptionResource": {
            "bundleName": "",
            "id": 0,
            "moduleName": ""
        },
        "deviceId": "PHONE-001",
        "distributedNotificationEnabled": true,
        "enabled": true,
        "entityType": "unspecified",
        "entryDir": "",
        "entryModuleName": "",
        "fingerprint": "",
        "flags": 0,
        "formVisibleNotify": false,
        "hasPlugin": false,
        "hideDesktopIcon": false,
        "hnpPackages": {},
        "hwasanEnabled": false,
        "icon": "/data/app/el1/bundle/public/com.a2hlab.bridge.zigzag/android/icon.png",
        "iconId": 16777221,
        "iconPath": "/data/app/el1/bundle/public/com.a2hlab.bridge.zigzag/android/icon.png",
        "iconResource": {
            "bundleName": "com.a2hlab.bridge.zigzag",
            "id": 16777221,
            "moduleName": "entry"
        },
        "installSource": "",
        "installedForAllUser": false,
        "isCompressNativeLibs": true,
        "isForceRotate": false,
        "isFreeInstallApp": false,
        "isLauncherApp": false,
        "isSystemApp": false,
        "keepAlive": false,
        "label": "com.a2hlab.bridge.zigzag",
        "labelId": 16777219,
        "labelResource": {
            "bundleName": "com.a2hlab.bridge.zigzag",
            "id": 16777219,
            "moduleName": "entry"
        },
        "maxChildProcess": 0,
        "metaData": {},
        "metadata": {},
        "minCompatibleVersionCode": 0,
        "moduleInfos": [
            {
                "moduleName": "entry",
                "moduleSourceDir": "",
                "preloads": []
            }
        ],
        "moduleSourceDirs": [],
        "multiAppMode": {
            "maxCount": 0,
            "multiAppModeType": 0
        },
        "multiProjects": false,
        "name": "com.a2hlab.bridge.zigzag",
        "nativeLibraryPath": "/data/app/el1/bundle/public/com.a2hlab.bridge.zigzag/android/lib/arm64-v8a",
        "needAppDetail": false,
        "organization": "",
        "overlayState": 0,
        "permissions": [],
        "process": "",
        "removable": true,
        "resourcesApply": [],
        "runningResourcesApply": false,
        "signatureKey": "",
        "singleton": false,
        "startMode": 1,
        "supportedModes": 0,
        "targetBundleList": [],
        "targetBundleName": "",
        "targetMinorApiVersion": 0,
        "targetPatchApiVersion": 0,
        "targetPriority": 0,
        "tsanEnabled": false,
        "ubsanEnabled": false,
        "uid": 20010055,
        "userDataClearable": true,
        "vendor": "",
        "versionCode": 0,
        "versionName": ""
    },
    "buildVersion": "",
    "compatibleVersion": 0,
    "cpuAbi": "arm64-v8a",
    "defPermissions": [],
    "description": "",
    "entryInstallationFree": false,
    "entryModuleName": "",
    "firstInstallTime": 0,
    "gid": 20010055,
    "hapModuleInfos": [
        {
            "abilityInfos": [
                {
                    "allowSelfRedirect": true,
                    "appIndex": 0,
                    "applicationName": "com.a2hlab.bridge.zigzag",
                    "arkTSMode": "dynamic",
                    "backgroundModes": 0,
                    "bundleName": "com.a2hlab.bridge.zigzag",
                    "codePath": "/data/app/el1/bundle/public/com.a2hlab.bridge.zigzag/android",
                    "compileMode": 0,
                    "configChanges": [],
                    "continuable": false,
                    "continueBundleName": [],
                    "continueType": [],
                    "defaultFormHeight": 0,
                    "defaultFormWidth": 0,
                    "description": "",
                    "descriptionId": 0,
                    "deviceCapabilities": [],
                    "deviceTypes": [],
                    "enabled": true,
                    "excludeFromDock": false,
                    "excludeFromMissions": false,
                    "extensionAbilityType": 255,
                    "formEnabled": false,
                    "formEntity": 0,
                    "hapPath": "/data/app/el1/bundle/public/com.a2hlab.bridge.zigzag/entry.hap",
                    "iconId": 16777221,
                    "iconPath": "/data/app/el1/bundle/public/com.a2hlab.bridge.zigzag/android/icon.png",
                    "isLauncherAbility": false,
                    "isModuleJson": false,
                    "isNativeAbility": false,
                    "isStageBasedModel": false,
                    "isolationProcess": false,
                    "kind": "page",
                    "label": "",
                    "labelId": 16777219,
                    "launchMode": 0,
                    "maxWindowHeight": 0,
                    "maxWindowRatio": 0,
                    "maxWindowWidth": 0,
                    "metaData": {
                        "customizeData": []
                    },
                    "metadata": [],
                    "minFormHeight": 0,
                    "minFormWidth": 0,
                    "minWindowHeight": 0,
                    "minWindowRatio": 0,
                    "minWindowWidth": 0,
                    "moduleName": "entry",
                    "name": "com.android.billingclient.api.ProxyBillingActivity",
                    "orientation": 0,
                    "orientationId": 0,
                    "package": "entry",
                    "permissions": [],
                    "preferMultiWindowOrientation": "default",
                    "priority": 0,
                    "process": "",
                    "readPermission": "",
                    "recoverable": false,
                    "removeMissionAfterTerminate": false,
                    "resourcePath": "/data/app/el1/bundle/public/com.a2hlab.bridge.zigzag/entry.hap",
                    "skills": [
                        {
                            "actions": [],
                            "domainVerify": false,
                            "entities": [],
                            "permissions": [],
                            "uris": []
                        }
                    ],
                    "srcEntrance": "",
                    "srcLanguage": "js",
                    "srcPath": "",
                    "startWindow": "",
                    "startWindowBackground": "",
                    "startWindowBackgroundId": 0,
                    "startWindowIcon": "",
                    "startWindowIconId": 0,
                    "startWindowId": 0,
                    "startWindowResource": {
                        "startWindowAppIconId": 0,
                        "startWindowBackgroundColorId": 0,
                        "startWindowBackgroundImageFit": "Cover",
                        "startWindowBackgroundImageId": 0,
                        "startWindowBrandingImageId": 0,
                        "startWindowIllustrationId": 0
                    },
                    "supportExtNames": [],
                    "supportMimeTypes": [],
                    "supportPipMode": false,
                    "supportWindowMode": [],
                    "targetAbility": "",
                    "theme": "",
                    "type": 1,
                    "uid": -1,
                    "unclearableMission": false,
                    "uri": "",
                    "visible": true,
                    "writePermission": ""
                },
                {
                    "allowSelfRedirect": true,
                    "appIndex": 0,
                    "applicationName": "com.a2hlab.bridge.zigzag",
                    "arkTSMode": "dynamic",
                    "backgroundModes": 0,
                    "bundleName": "com.a2hlab.bridge.zigzag",
                    "codePath": "/data/app/el1/bundle/public/com.a2hlab.bridge.zigzag/android",
                    "compileMode": 0,
                    "configChanges": [],
                    "continuable": false,
                    "continueBundleName": [],
                    "continueType": [],
                    "defaultFormHeight": 0,
                    "defaultFormWidth": 0,
                    "description": "",
                    "descriptionId": 0,
                    "deviceCapabilities": [],
                    "deviceTypes": [],
                    "enabled": true,
                    "excludeFromDock": false,
                    "excludeFromMissions": false,
                    "extensionAbilityType": 255,
                    "formEnabled": false,
                    "formEntity": 0,
                    "hapPath": "/data/app/el1/bundle/public/com.a2hlab.bridge.zigzag/entry.hap",
                    "iconId": 16777221,
                    "iconPath": "/data/app/el1/bundle/public/com.a2hlab.bridge.zigzag/android/icon.png",
                    "isLauncherAbility": true,
                    "isModuleJson": false,
                    "isNativeAbility": false,
                    "isStageBasedModel": false,
                    "isolationProcess": false,
                    "kind": "page",
                    "label": "",
                    "labelId": 16777219,
                    "launchMode": 2,
                    "maxWindowHeight": 0,
                    "maxWindowRatio": 0,
                    "maxWindowWidth": 0,
                    "metaData": {
                        "customizeData": []
                    },
                    "metadata": [],
                    "minFormHeight": 0,
                    "minFormWidth": 0,
                    "minWindowHeight": 0,
                    "minWindowRatio": 0,
                    "minWindowWidth": 0,
                    "moduleName": "entry",
                    "name": "com.unity3d.player.UnityPlayerActivity",
                    "orientation": 0,
                    "orientationId": 0,
                    "package": "entry",
                    "permissions": [],
                    "preferMultiWindowOrientation": "default",
                    "priority": 0,
                    "process": "",
                    "readPermission": "",
                    "recoverable": false,
                    "removeMissionAfterTerminate": false,
                    "resourcePath": "/data/app/el1/bundle/public/com.a2hlab.bridge.zigzag/entry.hap",
                    "skills": [
                        {
                            "actions": [
                                "android.intent.action.MAIN",
                                "ohos.want.action.home"
                            ],
                            "domainVerify": false,
                            "entities": [
                                "android.intent.category.LAUNCHER",
                                "android.intent.category.LEANBACK_LAUNCHER",
                                "entity.system.home"
                            ],
                            "permissions": [],
                            "uris": []
                        }
                    ],
                    "srcEntrance": "",
                    "srcLanguage": "js",
                    "srcPath": "",
                    "startWindow": "",
                    "startWindowBackground": "",
                    "startWindowBackgroundId": 0,
                    "startWindowIcon": "",
                    "startWindowIconId": 0,
                    "startWindowId": 0,
                    "startWindowResource": {
                        "startWindowAppIconId": 0,
                        "startWindowBackgroundColorId": 0,
                        "startWindowBackgroundImageFit": "Cover",
                        "startWindowBackgroundImageId": 0,
                        "startWindowBrandingImageId": 0,
                        "startWindowIllustrationId": 0
                    },
                    "supportExtNames": [],
                    "supportMimeTypes": [],
                    "supportPipMode": false,
                    "supportWindowMode": [],
                    "targetAbility": "",
                    "theme": "",
                    "type": 1,
                    "uid": -1,
                    "unclearableMission": false,
                    "uri": "",
                    "visible": true,
                    "writePermission": ""
                },
                {
                    "allowSelfRedirect": true,
                    "appIndex": 0,
                    "applicationName": "com.a2hlab.bridge.zigzag",
                    "arkTSMode": "dynamic",
                    "backgroundModes": 0,
                    "bundleName": "com.a2hlab.bridge.zigzag",
                    "codePath": "/data/app/el1/bundle/public/com.a2hlab.bridge.zigzag/android",
                    "compileMode": 0,
                    "configChanges": [],
                    "continuable": false,
                    "continueBundleName": [],
                    "continueType": [],
                    "defaultFormHeight": 0,
                    "defaultFormWidth": 0,
                    "description": "",
                    "descriptionId": 0,
                    "deviceCapabilities": [],
                    "deviceTypes": [],
                    "enabled": true,
                    "excludeFromDock": false,
                    "excludeFromMissions": false,
                    "extensionAbilityType": 255,
                    "formEnabled": false,
                    "formEntity": 0,
                    "hapPath": "/data/app/el1/bundle/public/com.a2hlab.bridge.zigzag/entry.hap",
                    "iconId": 16777221,
                    "iconPath": "/data/app/el1/bundle/public/com.a2hlab.bridge.zigzag/android/icon.png",
                    "isLauncherAbility": false,
                    "isModuleJson": false,
                    "isNativeAbility": false,
                    "isStageBasedModel": false,
                    "isolationProcess": false,
                    "kind": "page",
                    "label": "",
                    "labelId": 16777219,
                    "launchMode": 0,
                    "maxWindowHeight": 0,
                    "maxWindowRatio": 0,
                    "maxWindowWidth": 0,
                    "metaData": {
                        "customizeData": []
                    },
                    "metadata": [],
                    "minFormHeight": 0,
                    "minFormWidth": 0,
                    "minWindowHeight": 0,
                    "minWindowRatio": 0,
                    "minWindowWidth": 0,
                    "moduleName": "entry",
                    "name": "com.unity3d.services.ads.adunit.AdUnitActivity",
                    "orientation": 0,
                    "orientationId": 0,
                    "package": "entry",
                    "permissions": [],
                    "preferMultiWindowOrientation": "default",
                    "priority": 0,
                    "process": "",
                    "readPermission": "",
                    "recoverable": false,
                    "removeMissionAfterTerminate": false,
                    "resourcePath": "/data/app/el1/bundle/public/com.a2hlab.bridge.zigzag/entry.hap",
                    "skills": [
                        {
                            "actions": [],
                            "domainVerify": false,
                            "entities": [],
                            "permissions": [],
                            "uris": []
                        }
                    ],
                    "srcEntrance": "",
                    "srcLanguage": "js",
                    "srcPath": "",
                    "startWindow": "",
                    "startWindowBackground": "",
                    "startWindowBackgroundId": 0,
                    "startWindowIcon": "",
                    "startWindowIconId": 0,
                    "startWindowId": 0,
                    "startWindowResource": {
                        "startWindowAppIconId": 0,
                        "startWindowBackgroundColorId": 0,
                        "startWindowBackgroundImageFit": "Cover",
                        "startWindowBackgroundImageId": 0,
                        "startWindowBrandingImageId": 0,
                        "startWindowIllustrationId": 0
                    },
                    "supportExtNames": [],
                    "supportMimeTypes": [],
                    "supportPipMode": false,
                    "supportWindowMode": [],
                    "targetAbility": "",
                    "theme": "",
                    "type": 1,
                    "uid": -1,
                    "unclearableMission": false,
                    "uri": "",
                    "visible": true,
                    "writePermission": ""
                },
                {
                    "allowSelfRedirect": true,
                    "appIndex": 0,
                    "applicationName": "com.a2hlab.bridge.zigzag",
                    "arkTSMode": "dynamic",
                    "backgroundModes": 0,
                    "bundleName": "com.a2hlab.bridge.zigzag",
                    "codePath": "/data/app/el1/bundle/public/com.a2hlab.bridge.zigzag/android",
                    "compileMode": 0,
                    "configChanges": [],
                    "continuable": false,
                    "continueBundleName": [],
                    "continueType": [],
                    "defaultFormHeight": 0,
                    "defaultFormWidth": 0,
                    "description": "",
                    "descriptionId": 0,
                    "deviceCapabilities": [],
                    "deviceTypes": [],
                    "enabled": true,
                    "excludeFromDock": false,
                    "excludeFromMissions": false,
                    "extensionAbilityType": 255,
                    "formEnabled": false,
                    "formEntity": 0,
                    "hapPath": "/data/app/el1/bundle/public/com.a2hlab.bridge.zigzag/entry.hap",
                    "iconId": 16777221,
                    "iconPath": "/data/app/el1/bundle/public/com.a2hlab.bridge.zigzag/android/icon.png",
                    "isLauncherAbility": false,
                    "isModuleJson": false,
                    "isNativeAbility": false,
                    "isStageBasedModel": false,
                    "isolationProcess": false,
                    "kind": "page",
                    "label": "",
                    "labelId": 16777219,
                    "launchMode": 0,
                    "maxWindowHeight": 0,
                    "maxWindowRatio": 0,
                    "maxWindowWidth": 0,
                    "metaData": {
                        "customizeData": []
                    },
                    "metadata": [],
                    "minFormHeight": 0,
                    "minFormWidth": 0,
                    "minWindowHeight": 0,
                    "minWindowRatio": 0,
                    "minWindowWidth": 0,
                    "moduleName": "entry",
                    "name": "com.unity3d.services.ads.adunit.AdUnitSoftwareActivity",
                    "orientation": 0,
                    "orientationId": 0,
                    "package": "entry",
                    "permissions": [],
                    "preferMultiWindowOrientation": "default",
                    "priority": 0,
                    "process": "",
                    "readPermission": "",
                    "recoverable": false,
                    "removeMissionAfterTerminate": false,
                    "resourcePath": "/data/app/el1/bundle/public/com.a2hlab.bridge.zigzag/entry.hap",
                    "skills": [
                        {
                            "actions": [],
                            "domainVerify": false,
                            "entities": [],
                            "permissions": [],
                            "uris": []
                        }
                    ],
                    "srcEntrance": "",
                    "srcLanguage": "js",
                    "srcPath": "",
                    "startWindow": "",
                    "startWindowBackground": "",
                    "startWindowBackgroundId": 0,
                    "startWindowIcon": "",
                    "startWindowIconId": 0,
                    "startWindowId": 0,
                    "startWindowResource": {
                        "startWindowAppIconId": 0,
                        "startWindowBackgroundColorId": 0,
                        "startWindowBackgroundImageFit": "Cover",
                        "startWindowBackgroundImageId": 0,
                        "startWindowBrandingImageId": 0,
                        "startWindowIllustrationId": 0
                    },
                    "supportExtNames": [],
                    "supportMimeTypes": [],
                    "supportPipMode": false,
                    "supportWindowMode": [],
                    "targetAbility": "",
                    "theme": "",
                    "type": 1,
                    "uid": -1,
                    "unclearableMission": false,
                    "uri": "",
                    "visible": true,
                    "writePermission": ""
                },
                {
                    "allowSelfRedirect": true,
                    "appIndex": 0,
                    "applicationName": "com.a2hlab.bridge.zigzag",
                    "arkTSMode": "dynamic",
                    "backgroundModes": 0,
                    "bundleName": "com.a2hlab.bridge.zigzag",
                    "codePath": "/data/app/el1/bundle/public/com.a2hlab.bridge.zigzag/android",
                    "compileMode": 0,
                    "configChanges": [],
                    "continuable": false,
                    "continueBundleName": [],
                    "continueType": [],
                    "defaultFormHeight": 0,
                    "defaultFormWidth": 0,
                    "description": "",
                    "descriptionId": 0,
                    "deviceCapabilities": [],
                    "deviceTypes": [],
                    "enabled": true,
                    "excludeFromDock": false,
                    "excludeFromMissions": false,
                    "extensionAbilityType": 255,
                    "formEnabled": false,
                    "formEntity": 0,
                    "hapPath": "/data/app/el1/bundle/public/com.a2hlab.bridge.zigzag/entry.hap",
                    "iconId": 16777221,
                    "iconPath": "/data/app/el1/bundle/public/com.a2hlab.bridge.zigzag/android/icon.png",
                    "isLauncherAbility": false,
                    "isModuleJson": false,
                    "isNativeAbility": false,
                    "isStageBasedModel": false,
                    "isolationProcess": false,
                    "kind": "page",
                    "label": "",
                    "labelId": 16777219,
                    "launchMode": 0,
                    "maxWindowHeight": 0,
                    "maxWindowRatio": 0,
                    "maxWindowWidth": 0,
                    "metaData": {
                        "customizeData": []
                    },
                    "metadata": [],
                    "minFormHeight": 0,
                    "minFormWidth": 0,
                    "minWindowHeight": 0,
                    "minWindowRatio": 0,
                    "minWindowWidth": 0,
                    "moduleName": "entry",
                    "name": "com.unity3d.services.ads.adunit.AdUnitTransparentActivity",
                    "orientation": 0,
                    "orientationId": 0,
                    "package": "entry",
                    "permissions": [],
                    "preferMultiWindowOrientation": "default",
                    "priority": 0,
                    "process": "",
                    "readPermission": "",
                    "recoverable": false,
                    "removeMissionAfterTerminate": false,
                    "resourcePath": "/data/app/el1/bundle/public/com.a2hlab.bridge.zigzag/entry.hap",
                    "skills": [
                        {
                            "actions": [],
                            "domainVerify": false,
                            "entities": [],
                            "permissions": [],
                            "uris": []
                        }
                    ],
                    "srcEntrance": "",
                    "srcLanguage": "js",
                    "srcPath": "",
                    "startWindow": "",
                    "startWindowBackground": "",
                    "startWindowBackgroundId": 0,
                    "startWindowIcon": "",
                    "startWindowIconId": 0,
                    "startWindowId": 0,
                    "startWindowResource": {
                        "startWindowAppIconId": 0,
                        "startWindowBackgroundColorId": 0,
                        "startWindowBackgroundImageFit": "Cover",
                        "startWindowBackgroundImageId": 0,
                        "startWindowBrandingImageId": 0,
                        "startWindowIllustrationId": 0
                    },
                    "supportExtNames": [],
                    "supportMimeTypes": [],
                    "supportPipMode": false,
                    "supportWindowMode": [],
                    "targetAbility": "",
                    "theme": "",
                    "type": 1,
                    "uid": -1,
                    "unclearableMission": false,
                    "uri": "",
                    "visible": true,
                    "writePermission": ""
                },
                {
                    "allowSelfRedirect": true,
                    "appIndex": 0,
                    "applicationName": "com.a2hlab.bridge.zigzag",
                    "arkTSMode": "dynamic",
                    "backgroundModes": 0,
                    "bundleName": "com.a2hlab.bridge.zigzag",
                    "codePath": "/data/app/el1/bundle/public/com.a2hlab.bridge.zigzag/android",
                    "compileMode": 0,
                    "configChanges": [],
                    "continuable": false,
                    "continueBundleName": [],
                    "continueType": [],
                    "defaultFormHeight": 0,
                    "defaultFormWidth": 0,
                    "description": "",
                    "descriptionId": 0,
                    "deviceCapabilities": [],
                    "deviceTypes": [],
                    "enabled": true,
                    "excludeFromDock": false,
                    "excludeFromMissions": false,
                    "extensionAbilityType": 255,
                    "formEnabled": false,
                    "formEntity": 0,
                    "hapPath": "/data/app/el1/bundle/public/com.a2hlab.bridge.zigzag/entry.hap",
                    "iconId": 16777221,
                    "iconPath": "/data/app/el1/bundle/public/com.a2hlab.bridge.zigzag/android/icon.png",
                    "isLauncherAbility": false,
                    "isModuleJson": false,
                    "isNativeAbility": false,
                    "isStageBasedModel": false,
                    "isolationProcess": false,
                    "kind": "page",
                    "label": "",
                    "labelId": 16777219,
                    "launchMode": 0,
                    "maxWindowHeight": 0,
                    "maxWindowRatio": 0,
                    "maxWindowWidth": 0,
                    "metaData": {
                        "customizeData": []
                    },
                    "metadata": [],
                    "minFormHeight": 0,
                    "minFormWidth": 0,
                    "minWindowHeight": 0,
                    "minWindowRatio": 0,
                    "minWindowWidth": 0,
                    "moduleName": "entry",
                    "name": "com.unity3d.services.ads.adunit.AdUnitTransparentSoftwareActivity",
                    "orientation": 0,
                    "orientationId": 0,
                    "package": "entry",
                    "permissions": [],
                    "preferMultiWindowOrientation": "default",
                    "priority": 0,
                    "process": "",
                    "readPermission": "",
                    "recoverable": false,
                    "removeMissionAfterTerminate": false,
                    "resourcePath": "/data/app/el1/bundle/public/com.a2hlab.bridge.zigzag/entry.hap",
                    "skills": [
                        {
                            "actions": [],
                            "domainVerify": false,
                            "entities": [],
                            "permissions": [],
                            "uris": []
                        }
                    ],
                    "srcEntrance": "",
                    "srcLanguage": "js",
                    "srcPath": "",
                    "startWindow": "",
                    "startWindowBackground": "",
                    "startWindowBackgroundId": 0,
                    "startWindowIcon": "",
                    "startWindowIconId": 0,
                    "startWindowId": 0,
                    "startWindowResource": {
                        "startWindowAppIconId": 0,
                        "startWindowBackgroundColorId": 0,
                        "startWindowBackgroundImageFit": "Cover",
                        "startWindowBackgroundImageId": 0,
                        "startWindowBrandingImageId": 0,
                        "startWindowIllustrationId": 0
                    },
                    "supportExtNames": [],
                    "supportMimeTypes": [],
                    "supportPipMode": false,
                    "supportWindowMode": [],
                    "targetAbility": "",
                    "theme": "",
                    "type": 1,
                    "uid": -1,
                    "unclearableMission": false,
                    "uri": "",
                    "visible": true,
                    "writePermission": ""
                }
            ],
            "abilitySrcEntryDelegator": "",
            "abilityStageSrcEntryDelegator": "",
            "aotCompileStatus": 0,
            "appEnvironments": [],
            "appStartup": "",
            "arkTSMode": "dynamic",
            "backgroundImg": "",
            "buildHash": "",
            "bundleName": "com.a2hlab.bridge.zigzag",
            "colorMode": -1,
            "compileMode": 0,
            "compressNativeLibs": true,
            "cpuAbi": "arm64-v8a",
            "crossAppSharedConfig": "",
            "deduplicateHar": false,
            "deliveryWithInstall": true,
            "dependencies": [],
            "description": "",
            "descriptionId": 0,
            "deviceTypes": [],
            "easyGo": "",
            "extensionInfos": [],
            "fileContextMenu": "",
            "formExtensionModule": "",
            "formWidgetModule": "",
            "hapPath": "/data/app/el1/bundle/public/com.a2hlab.bridge.zigzag/entry.hap",
            "hasIntent": false,
            "hashValue": "",
            "hqfInfo": {
                "cpuAbi": "",
                "hapSha256": "",
                "hqfFilePath": "",
                "moduleName": "",
                "nativeLibraryPath": "",
                "type": 0
            },
            "iconId": 0,
            "iconPath": "",
            "installationFree": false,
            "isLibIsolated": false,
            "isModuleJson": false,
            "isRemovable": {},
            "isRemovableSet": [],
            "isStageBasedModel": false,
            "isolationMode": 0,
            "label": "",
            "labelId": 0,
            "mainAbility": "com.unity3d.player.UnityPlayerActivity",
            "mainElementName": "com.unity3d.player.UnityPlayerActivity",
            "metadata": [],
            "moduleArkTSMode": "dynamic",
            "moduleName": "entry",
            "moduleSourceDir": "",
            "moduleType": 1,
            "name": "entry",
            "nativeLibraryFileNames": [],
            "nativeLibraryPath": "android/lib/arm64-v8a",
            "overlayModuleInfos": [],
            "package": "entry",
            "packageName": "",
            "pages": "",
            "preloads": [],
            "process": "",
            "proxyDatas": [],
            "reqCapabilities": [],
            "requiredDeviceFeatures": {},
            "resizeable": false,
            "resourcePath": "/data/app/el1/bundle/public/com.a2hlab.bridge.zigzag/entry.hap",
            "routerArray": [],
            "routerMap": "",
            "shareFiles": "",
            "srcEntrance": "",
            "srcPath": "",
            "supportedModes": 0,
            "systemTheme": "",
            "uiSyntax": "",
            "upgradeFlag": 0,
            "versionCode": 1,
            "virtualMachine": ""
        }
    ],
    "hapModuleNames": [
        "entry"
    ],
    "installTime": 1790589136744,
    "isDifferentName": false,
    "isKeepAlive": false,
    "isNativeApp": false,
    "isNewVersion": false,
    "isPreInstallApp": false,
    "jointUserId": "",
    "label": "",
    "mainEntry": "",
    "maxSdkVersion": -1,
    "minCompatibleVersionCode": 0,
    "minSdkVersion": 22,
    "moduleDirs": [
        "/data/app/el1/bundle/public/com.a2hlab.bridge.zigzag/android"
    ],
    "moduleNames": [
        "entry"
    ],
    "modulePublicDirs": [
        ""
    ],
    "moduleResPaths": [
        "/data/app/el1/bundle/public/com.a2hlab.bridge.zigzag/entry.hap"
    ],
    "name": "com.a2hlab.bridge.zigzag",
    "oldAppIds": [],
    "overlayBundleInfos": [],
    "overlayType": 3,
    "pluginBundleInfos": {},
    "releaseType": "",
    "reqPermissionDetails": [],
    "reqPermissionStates": [],
    "reqPermissions": [],
    "routerArray": [],
    "seInfo": "",
    "singleton": false,
    "targetMinorApiVersion": 0,
    "targetPatchApiVersion": 0,
    "targetVersion": 36,
    "uid": 20010055,
    "updateTime": 1790589136744,
    "userInfo": [
        {
            "accessTokenId": 537399477,
            "accessTokenIdEx": 537399477,
            "bundleName": "com.a2hlab.bridge.zigzag",
            "bundleUserInfo": {
                "disabledAbilities": [],
                "enabled": true,
                "overlayState": [],
                "setEnabledCaller": "",
                "userId": 100
            },
            "canUninstall": true,
            "cloneInfos": {},
            "curDynamicIconModule": "",
            "firstInstallTime": 1790589136744,
            "gids": [
                20010055
            ],
            "installTime": 1790589136744,
            "installedPluginSet": [],
            "isRemovable": true,
            "uid": 20010055,
            "updateTime": 1790589136744
        }
    ],
    "vendor": "android",
    "versionCode": 1,
    "versionName": "1.0.0"
}
