09-28 17:50:36.320  2080  2080 W A04200/WINDOW: SCBSSM: [SCBMain]startSceneFromOther:{persistentId:29, screenId: 0, bundleInfo:com.example.helloworld.MainActivity/com.example.helloworld/entry/0, unclearableSession:undefined, callerPersistentId:0, callerAbilityName: , toPersistentId:0, launchType:0, isNewInstance:false, fullScreenStart:false, _windowMode:1, isAppUseControl:undefined, isUnclearableInRecent:undefined, focusedOnShow:true, isAtomicService:falseisStartupInstallFree:false, isNewAppInstance:false, appInstanceKey:}, startMode:1
09-28 17:50:36.320  2080  2080 W A01b01/HOME: SCBScenePanelViewModel: [SCBMain][id:29][sceneInfo:com.example.helloworld/entry/com.example.helloworld.MainActivity/0][screenId:0]onStartSceneFromOther.
09-28 17:50:36.321  2080  2080 I A04200/WINDOW: SCBSSM: isProjectionBundleName bundleName = com.example.helloworld, screenId = 0
09-28 17:50:36.322  2080  2080 I A01b01/HOME: SCBScenePanelViewModel: postStartSceneFromOtherEvent: com.example.helloworld + com.example.helloworld.MainActivity
09-28 17:50:36.322  2080  2080 W A01a01/NC: DropdownPanel-Index: onStartSceneFromOtherEvent return. event: com.example.helloworld isViewShowing:false
09-28 17:50:36.322  2080  2080 I A01b00/SCB: SCBTM: findTransitionController. bundleName: com.example.helloworld, overlayBundleName: undefined
09-28 17:50:36.322  2080  2080 W A01b01/HOME: PageDesktopModel: findTransitionController shortcutId empty bundleName:com.example.helloworld
09-28 17:50:36.322  2080  2080 W A01b01/HOME: PageDesktopModel: findTransitionController bundleName: com.example.helloworld, abilityName: com.example.helloworld.MainActivity, startType: 0, formCardId: undefined, cardId: undefined, extraId: undefined, appIndex: 0, shortcutId: undefined, appInstanceKey: %{public}s
09-28 17:50:36.322  2080  2080 W A01b00/SCB: SCBTM: Find controller success ? true, findData: {"bundleName":"com.example.helloworld","abilityName":"com.example.helloworld.MainActivity","appIndex":0,"appIconId":"","iconRadius":0,"appIconNumber":0,"startAppType":0,"isOpenFolder":false}
09-28 17:50:36.323  2080  2080 W A01b01/HOME: SCBScenePanelViewModel: [SCBMain]onStartSceneFromOther isNewWant false. StartApp:com.example.helloworld
09-28 17:50:36.323  2080  2080 I A0421d/WMSRotation: [startSceneWithRotationIfNeed] containerSession com.example.helloworld.MainActivity/com.example.helloworld/entry/0(persistentId: 29)(containerId: 3), needAnimation false isFromRecent false fromUser false isPageRotation false
09-28 17:50:36.324  2080  2080 W A0421d/WMSRotation: [getTargetRotation] bundleName:com.example.helloworld requestOrientation:0 isScreenLocked:false isPlacedRotateFriendlyDevicePlaced:false fixedRotation: -1
09-28 17:50:36.324  2080  2080 W A0421d/WMSRotation: [startSceneWithRotationIfNeed] before rotate with targetRotation=0, sensorRotation=0, currentScreenRotation=0, currentContainerRotation=0, name=com.example.helloworld
09-28 17:50:36.324  2080  2080 W A01b01/HOME: SCBScenePanelViewModel: [SCBMain]onStartSceneFromOther com.example.helloworld.MainActivity/com.example.helloworld/entry/0(persistentId: 29)(containerId: 3) isActive:false isStartCard:false needBlurAnimation:true scenePanelState:0
09-28 17:50:36.324  2080  2080 I A01b09/RECENT: RecentDockRefreshAlarm: start alarm recent dock: com.example.helloworld.MainActivity/com.example.helloworld/entry/0(persistentId: 29)(containerId: 3)
09-28 17:50:36.325  2080  2080 W A0420a/WMSLife: Request scene container session activation, name: com.example.helloworld.MainActivity/com.example.helloworld/entry/0(persistentId: 29)(containerId: 3) isNewActive: false, isPersist: true, reason: undefined
09-28 17:50:36.325  2080  2080 I A04200/WINDOW: SCBSceneSession: [SCBMain]requestSceneSessionActivation: isNewActive: false, isPersist: true, reason: undefined, name: com.example.helloworld.MainActivity/com.example.helloworld/entry/0(persistentId: 29), containerRotation: 0
09-28 17:50:36.326  2080  2080 I A04200/WINDOW: SCBScenePersistent: update to persistentMap, bundleName: com.example.helloworld moduleName: entry abilityName: com.example.helloworld.MainActivity
09-28 17:50:36.332  2080  2080 W A01b01/HOME: SCBSceneContainer: [SCBMain] com.example.helloworld.MainActivity/com.example.helloworld/entry/0(persistentId: 29)(containerId: 3) enableShow change from false to true. Detail:isPrebuildStageEnableShow:false, showInRecent:false, sceneContainerSession.enableShow:true, showInScrolling:false
09-28 17:50:36.345  2080  2080 I A01c06/ICON: AppIconModel --> bundleName: com.example.helloworld, not in dynamicIconList.
09-28 17:50:36.345  2080  2080 I A01b00/SCB: IconResourceManager: getCombIcon is penglai false, bundleName: com.example.helloworld, entry, com.example.helloworld.MainActivity, 0, CompanionIcon, false, false
09-28 17:50:36.345  2080  2080 I A01b00/SCB: MemoryCache --> getCombIcon cacheKey com.example.helloworld#entrycom.example.helloworld.MainActivity0
09-28 17:50:36.345  2080  2080 I A01b00/SCB: MemoryCache --> getCacheIconPicTypeSync com.example.helloworld
09-28 17:50:36.345  2080  2080 I A01b00/SCB: IconResourceManager: isAdaptiveIcon: bundleName com.example.helloworld, isAdaptiveIcon false
09-28 17:50:36.345  2080  2080 W A01c06/ICON: CompanionIcon: checkIsAdaptiveIcon, bundleName:com.example.helloworld, isAdaptive:false
09-28 17:50:36.345  2080  2080 I A01b00/SCB: MemoryCache --> getCacheIconPicTypeSync com.example.helloworld
09-28 17:50:36.345  2080  2080 I A01b00/SCB: IconResourceManager: isAdaptiveIcon: bundleName com.example.helloworld, isAdaptiveIcon false
09-28 17:50:36.345  2080  2080 W A01c06/ICON: CompanionIcon: checkIsAdaptiveIcon, bundleName:com.example.helloworld, isAdaptive:false
09-28 17:50:36.345  2080  2080 W A01c06/ICON: CompanionIcon: start calcCardAnimParams componentId: AppIcon_Image_com.example.helloworldcom.example.helloworld.MainActivityentry0_undefined_0
09-28 17:50:36.346  2080  2080 I A01c06/ICON: CompanionIcon: aboutToAppear moduleName: entry, bundleName: com.example.helloworld, startAppType: 0
09-28 17:50:36.346  2080  2080 W A01b00/SCB: IconResourceManager: combIcon is empty: false, bundleName: com.example.helloworld
09-28 17:50:36.362  2080  2080 W A01b00/SCB: SCBSCS: [SCBScenePanelViewModel] sceneAlpha from 1 to 0. reason: sceneContainerZoomIn, extra: com.example.helloworld.MainActivity/com.example.helloworld/entry/0(persistentId: 29)(containerId: 3)
09-28 17:50:36.362  2080  2080 I A0421d/WMSRotation: [startSceneWithRotationIfNeed] containerSession com.example.helloworld.MainActivity/com.example.helloworld/entry/0(persistentId: 29)(containerId: 3), needAnimation false isFromRecent false fromUser false isPageRotation false
09-28 17:50:36.362  2080  2080 W A0421d/WMSRotation: [getTargetRotation] bundleName:com.example.helloworld requestOrientation:0 isScreenLocked:false isPlacedRotateFriendlyDevicePlaced:false fixedRotation: -1
09-28 17:50:36.362  2080  2080 W A0421d/WMSRotation: [startSceneWithRotationIfNeed] before rotate with targetRotation=0, sensorRotation=0, currentScreenRotation=0, currentContainerRotation=0, name=com.example.helloworld
09-28 17:50:36.363  2080  2080 W A04202/WMSMain: add failed. com.example.helloworld.MainActivity/com.example.helloworld/entry/0(persistentId: 29)(containerId: 3) already existed in array
09-28 17:50:36.363  2080  2080 I A01b09/RECENT: RecentDockRefreshAlarm: refresh recent dock: com.example.helloworld.MainActivity/com.example.helloworld/entry/0(persistentId: 29)(containerId: 3)
09-28 17:50:36.363  2080  2080 I A01b09/RECENT: RecentDockRefreshAlarm: start alarm recent dock: com.example.helloworld.MainActivity/com.example.helloworld/entry/0(persistentId: 29)(containerId: 3)
09-28 17:50:36.370  2080  2080 W A01b00/SCB: SCBSCS: [SCBScenePanelViewModel] sceneAlpha from 0 to 1. reason: sceneContainerZoomIn, extra: com.example.helloworld.MainActivity/com.example.helloworld/entry/0(persistentId: 29)(containerId: 3)
09-28 17:50:36.370  2080  2080 I A04200/WINDOW: [SCBMission]SCBSceneMissionManager: startSceneFromOther, to: com.example.helloworld.MainActivity/com.example.helloworld/entry/0 on screen 0
09-28 17:50:36.377  2080  2080 W A01b01/HOME: ExposureManager --> desktop exposure save data: {desktopPageIndex:1,exposureTime:8,exposureCount:1,desktopAppInfoList:[{bundleName:com.ohos.clock,coordinate:{column:1,row:2},station:desktop},{bundleName:com.ohos.filemanager,coordinate:{column:0,row:3},station:desktop},{bundleName:com.ohos.calculator,coordinate:{column:1,row:3},station:desktop},{bundleName:com.ohos.note,coordinate:{column:2,row:3},station:desktop},{bundleName:com.ohos.smartperf,coordinate:{column:3,row:3},station:desktop},{bundleName:com.ohos.updateapp,coordinate:{column:0,row:4},station:desktop},{bundleName:ohos.samples.distributedmusicplayer,coordinate:{column:1,row:4},station:desktop},{bundleName:com.ohos.contacts,coordinate:{column:0,row:2},station:desktop},{bundleName:org.westlake.imehost,coordinate:{column:0,row:0},station:desktop},{bundleName:org.westlake.launcher13,coordinate:{column:1,row:0},station:desktop},{bundleName:com.example.helloworld,coordinate:{column:2,row:0},station:desktop},{bundleName:com.ohos.contacts,coordinate:{column:0,row:0},station:dock},{bundleName:com.ohos.mms,coordinate:{column:1,row:0},station:dock},{bundleName:com.ohos.camera,coordinate:{column:2,row:0},station:dock},],desktopFolderInfoList:[],desktopCardInfoList:[],desktopStackInfoList:[]}
09-28 17:50:36.464  2080  2080 I A01b09/RECENT: RecentDockRefreshAlarm: refresh recent dock: com.example.helloworld.MainActivity/com.example.helloworld/entry/0(persistentId: 29)(containerId: 3)
09-28 17:50:37.497 11234 11234 I C00f00/AppSpawnXJava: [B32-J] J_initChild_entry proc=com.example.helloworld
09-28 17:50:37.497 11234 11234 I C00f00/AppSpawnXInit: initChild: proc=com.example.helloworld target=android.app.ActivityThread sdk=0
09-28 17:50:37.995   962  1786 I C01311/AppMS: [AMSI1704]attach com.example.helloworld pid:11234
09-28 17:50:37.998 11234 11266 I C00f00/AppSpawnXJava: [stderr] [B43-LA] nativeOnScheduleLaunchApplication ENTRY bundle=com.example.helloworld process=com.example.helloworld pid=11234 ohConfigKv.len=20
09-28 17:50:37.998 11234 11266 I C00f00/OH_AppSchedulerBridge: nativeOnScheduleLaunchApplication: bundle=com.example.helloworld, process=com.example.helloworld, pid=11234
09-28 17:50:37.998 11234 11234 I C00f00/AppSpawnXJava: [stderr] [B43-BIND] ensureBindApplication start bundle=com.example.helloworld
09-28 17:50:38.001 11234 11234 I C00f00/AppSpawnXJava: [stderr] [G2.5-PIB] ApplicationInfo com.example.helloworld icon/iconRes/labelRes/theme zeroed
09-28 17:50:38.001 11234 11234 I C00f00/AppSpawnXJava: [stderr] [B43-BIND] resolved ApplicationInfo pkg=com.example.helloworld uid=20010055 process=com.example.helloworld targetSdk=34 sourceDir=/data/app/el1/bundle/public/com.example.helloworld/android/base.apk nativeLibraryDir=/data/app/el1/bundle/public/com.example.helloworld/android/lib/arm64-v8a
09-28 17:50:38.001   962  1443 I C01336/AMS: [ABMS6968]com.example.helloworld/com.example.helloworld.MainActivity
09-28 17:50:38.001   962  1443 I C01336/AMS: [UALM523]lifecycle name: com.example.helloworld.MainActivity
09-28 17:50:38.002   962  1506 I C01311/AppMS: [ARR917]appState: 1, pState: 0, com.example.helloworld/com.example.helloworld.MainActivity
09-28 17:50:38.003 11234 11266 I C00f00/AppSpawnXJava: [stderr] [B47-SLA] ENTRY bundle=com.example.helloworld ability=com.example.helloworld.MainActivity recordId=12 abilityJson.len=721 wantJson.len=760 ohTokenAddr=0x7f2ed6d140
09-28 17:50:38.003 11234 11266 I C00f00/OH_AppSchedulerBridge: nativeOnScheduleLaunchAbility v2: bundle=com.example.helloworld, ability=com.example.helloworld.MainActivity, recordId=12
09-28 17:50:38.003   962  1443 I C04201/DMS: screen_session_manager.cpp RegisterClientDeathListener: pid: 11234, bundle name: com.example.helloworld
09-28 17:50:38.003   962  1443 I C04201/DMS: screen_session.cpp: pid:34, bundle:com.example.helloworld, api:34
09-28 17:50:38.006 11234 11266 I C00f00/AppSpawnXJava: [stderr] [G2.5-PIB] ApplicationInfo com.example.helloworld icon/iconRes/labelRes/theme zeroed
09-28 17:50:38.007 11234 11266 I C00f00/AppSpawnXJava: [stderr] [B47-SLA] intent.component=ComponentInfo{com.example.helloworld/com.example.helloworld.MainActivity} action=null categories=null data=null extrasKeys=17 activityInfo.theme=0x0 launchMode=3 orientation=-1 flags=0x240 (HW_ACCEL=true)
09-28 17:50:38.008 11234 11234 I C00f00/AppSpawnXJava: [stderr] [ZZ-PM] extracted native path selected; apk zip path disabled package=com.example.helloworld nativeLibraryDir=/data/app/el1/bundle/public/com.example.helloworld/android/lib/arm64-v8a
09-28 17:50:38.008 11234 11266 I C00f00/AppSpawnXJava: [stderr] [B47-SLA] BEFORE scheduleTransaction className=com.example.helloworld.MainActivity
09-28 17:50:38.009 11234 11266 I C00f00/OH_AppSchedulerBridge: LaunchActivity transaction scheduled: com.example.helloworld.MainActivity
09-28 17:50:38.013 11234 11234 I C00f00/AppSpawnXJava: [stderr] [ZZ-PM] projection installed package=com.example.helloworld extractNativeLibs=true
09-28 17:50:38.044 11234 11234 I C00f00/AppSpawnXJava: [stderr] [G2.5-PIB] ApplicationInfo com.example.helloworld icon/iconRes/labelRes/theme zeroed
09-28 17:50:38.044 11234 11234 I C00f00/AppSpawnXJava: [stderr] [ZZ-PM] extracted native path selected; apk zip path disabled package=com.example.helloworld nativeLibraryDir=/data/app/el1/bundle/public/com.example.helloworld/android/lib/arm64-v8a
09-28 17:50:38.044 11234 11234 I C00f00/AppSpawnXJava: [stderr] [ZZ-PM] projected getApplicationInfo package=com.example.helloworld flags=0x10802044
09-28 17:50:38.047 11234 11234 I C00f00/AppSpawnXJava: [stderr] [G2.5-PIB] ApplicationInfo com.example.helloworld icon/iconRes/labelRes/theme zeroed
09-28 17:50:38.049 11234 11234 I C00f00/AppSpawnXJava: [stderr] [G2.5-PIB] ApplicationInfo com.example.helloworld icon/iconRes/labelRes/theme zeroed
09-28 17:50:38.049 11234 11234 I C00f00/AppSpawnXJava: [stderr] [ZZ-PM] extracted native path selected; apk zip path disabled package=com.example.helloworld nativeLibraryDir=/data/app/el1/bundle/public/com.example.helloworld/android/lib/arm64-v8a
09-28 17:50:38.049 11234 11234 I C00f00/AppSpawnXJava: [stderr] [ZZ-PM] projected getApplicationInfo package=com.example.helloworld flags=0x10802044
09-28 17:50:38.049 11234 11234 I C00f00/AppSpawnXJava: [stderr] [COROUTINE-FIX] appCl=dalvik.system.PathClassLoader[DexPathList[[zip file "/data/app/el1/bundle/public/com.example.helloworld/android/base.apk"],nativeLibraryDirectories=[/data/app/el1/bundle/public/com.example.helloworld/android/lib/arm64-v8a, /system/android/lib64, /system/lib64/chipset-sdk-sp, /system/lib64, /system/lib64/platformsdk, /system/lib64/chipset-sdk, /system/lib64/ndk]]]
09-28 17:50:38.086   538   538 I C02b83/AudioServiceAppStateListener: [OnAppStateChanged]app state changed, bundleName=com.example.helloworld uid=20010055 pid=11234 state=2
09-28 17:50:38.086   962  1938 I C01311/AppMS: [module_running_record194]change from 1 to 2. bundle: com.example.helloworld, ability: com.example.helloworld.MainActivity.
09-28 17:50:38.087   962  1938 I C01336/AMS: [ABMS7781]OnAbilityRequestDone com.example.helloworld-com.example.helloworld.MainActivity state:2
09-28 17:50:38.087   962  1938 I C01336/AMS: [UALM577]Ability is com.example.helloworld/com.example.helloworld.MainActivity, start to foreground.
09-28 17:50:38.087   962  1938 I C01336/AMS: [ABR370]ForegroundLifecycle com.example.helloworld.MainActivity
09-28 17:50:38.087   962  1938 I C01311/AppMS: [AMSI1942]com.example.helloworld foregrounded pState: 1
09-28 17:50:38.088  2080  2080 I A01a00/SYS_UI: AppLifeCycleManager: Ability state changed, uid: 20010055, key: com.example.helloworld_entry_com.example.helloworld.MainActivity_11234, isForeground: true, state 2
09-28 17:50:38.088  2080  2080 I A01a00/SYS_UI: AppLifeCycleManager: Ability state change: new foregroundAbilities: 20010055: com.example.helloworld_entry_com.example.helloworld.MainActivity_4708,com.example.helloworld_entry_com.example.helloworld.MainActivity_11234
09-28 17:50:38.141 11234 11234 I C00f00/OH_WindowMgrClient: [IPC] ENTER WMClient.createSession bundle=com.example.helloworld ability=MainActivity name=com.example.helloworld/com.example.helloworld.MainActivity w=1200 h=1920 ohToken=0x7f2ed6d140
09-28 17:50:38.141 11234 11234 I C00f00/OH_WindowMgrClient: createSession: bundle=com.example.helloworld ability=MainActivity name=com.example.helloworld/com.example.helloworld.MainActivity, androidType=1 -> ohType=1001, display=0, size=1200x1920, ohTokenAddr=0x7f2ed6d140 token=0000007F2ED6D140
09-28 17:50:38.141   818  1132 I C01406/RSClientToServiceConnection: RsDebug RSRenderService::CreateNodeAndSurface nodeid:48249662603265 name:com.example.helloworld/com.example.helloworld.MainActivity surface id:3513283248153 name:com.example.helloworld/com.example.helloworld.MainActivity
09-28 17:50:38.141   818   818 I C01406/RSClientToServiceConnection: CreateNodeAndSurface RegisterRenderNode id:48249662603265, name:com.example.helloworld/com.example.helloworld.MainActivity
09-28 17:50:38.144  2080  4692 I C01406/OHOS::RS: RSSurfaceNode::Unmarshalling, Node: 48249662603265, Name: com.example.helloworld/com.example.helloworld.MainActivity
09-28 17:50:38.144  2080  4692 I C04217/WMSAttribute: scene_session_manager.cpp UpdateSpecificSessionClientDisplayId: winName:com.example.helloworld/com.example.helloworld.MainActivity, type:1001, displayId:0, clientDisplayId:0, parentId:29
09-28 17:50:38.144  2080  4692 I C0420a/WMSLife: scene_session_manager.cpp CreateAndConnectSpecificSession: create specific start, name:com.example.helloworld/com.example.helloworld.MainActivity, type:1001, touchable:1
09-28 17:50:38.144  2080  2325 I C0420a/WMSLife: scene_session_manager.cpp: RequestSceneSession: appName: [com.example.helloworld entry MainActivity] appIndex 0, type 1001 system 0, isPersistentRecover 0, isAbilityHook 0
09-28 17:50:38.145  2080  2325 I C04208/WMSLayout: scene_session_manager.cpp GetAppDragResizeTypeInner: dragResizeType: 1, bundleName: com.example.helloworld
09-28 17:50:38.145   962   962 I C01121/BMSQuery: ExplicitQueryAbility no match -n com.example.helloworld -a MainActivity -u 100 -i 0
09-28 17:50:38.146  2080  2325 I C04201/DMS: scene_session_manager.cpp: Notify ability MainActivity bundle com.example.helloworld update toScreen id: 0
09-28 17:50:38.157   542   764 I C02801/MMIService: [|630]Enter, programName:{com.example.helloworld:1}, moduleType:0, pid:11234
09-28 17:50:38.157   542   761 E C02801/UDSServer: [|195]toReturnClientFd shutdown SHUT_WR , programName:com.example.helloworld, fd:34.
09-28 17:50:38.157   542   764 I C02801/MMIService: [|654]Leave, programName:com.example.helloworld, moduleType:0, alloc success
09-28 17:50:38.162 11234 11234 I C00f00/OH_InputEventBridge: InputChannel pair created: session=31, name=com.example.helloworld/com.example.helloworld.MainActivity (OH session 31)
09-28 17:50:38.195  2080  2325 E C04217/WMSAttribute: scene_session.cpp SetSecurityLayerWhenEnterForeground: leash node is null, win=[31, com.example.helloworld/com.example.helloworld.MainActivity]
09-28 17:50:38.205  2080  2080 I C0393b/AceWindowScene: [window_scene.cpp(213)-(100000:100000:scope)] OnAttachToFrameNode id: 31, node id: 2184, type: 1001, name: com.example.helloworld/com.example.helloworld.MainActivity
09-28 17:50:38.206  2080  2080 I C0393b/AceWindowScene: [window_scene.cpp(170)-(100000:100000:scope)] OnAttachToMainTree id:31, nodeId:2184, type:1001, name:com.example.helloworld/com.example.helloworld.MainActivity
09-28 17:50:38.207  2080  2080 I C01406/RSNode: RSNode::AddChild, Id: 8933531976501, SurfaceNode:[Id: 48249662603265, name: com.example.helloworld/com.example.helloworld.MainActivity]
09-28 17:50:38.220   818   818 I C01406/RSUniRenderVisitor: OcclusionInfo [SCBGestureBack18, 8933531976028, 0], [SCBStatusBar15, 8933531975907, 0], [SCBGestureNavBar13, 8933531975827, 0], [com.example.helloworld/com.example.helloworld.MainActivity, 48249662603265, 0], [BackgroundBlurView2, 8933531975688, 0], [SCBFormCenter11, 8933531975810, 0], [SCBDesktop6, 8933531975700, 0], [SCBWallpaper5, 8933531975691, 0], 
09-28 17:50:38.221   818  1137 E C01406/skia: SurfaceNodeDrawable DrawCommSurfaceWatermark Name:com.example.helloworld/com.example.helloworld.MainActivity Id:48249662603265 water mark count is zero
09-28 17:50:38.239   818  1137 E C01406/skia: SurfaceNodeDrawable DrawCommSurfaceWatermark Name:com.example.helloworld/com.example.helloworld.MainActivity Id:48249662603265 water mark count is zero
09-28 17:50:38.254   818  1137 E C01406/skia: SurfaceNodeDrawable DrawCommSurfaceWatermark Name:com.example.helloworld/com.example.helloworld.MainActivity Id:48249662603265 water mark count is zero
09-28 17:50:38.271   818  1137 E C01406/skia: SurfaceNodeDrawable DrawCommSurfaceWatermark Name:com.example.helloworld/com.example.helloworld.MainActivity Id:48249662603265 water mark count is zero
09-28 17:50:38.290   818  1137 E C01406/skia: SurfaceNodeDrawable DrawCommSurfaceWatermark Name:com.example.helloworld/com.example.helloworld.MainActivity Id:48249662603265 water mark count is zero
09-28 17:50:38.307   818  1137 E C01406/skia: SurfaceNodeDrawable DrawCommSurfaceWatermark Name:com.example.helloworld/com.example.helloworld.MainActivity Id:48249662603265 water mark count is zero
09-28 17:50:38.310   962  1438 I C01336/AMS: [ABMS7563]AbilityTransitionDone, ability:com.example.helloworld/com.example.helloworld.MainActivity, state:5, callerPid:11234
09-28 17:50:38.311   962  1438 I C01336/AMS: [ability_start_with_wait_observer_manager164]notify aa, time:1790589036301 foregroundTime:1790589038311 ,bundleName:com.example.helloworld ability:com.example.helloworld.MainActivity
09-28 17:50:38.324   818  1137 E C01406/skia: SurfaceNodeDrawable DrawCommSurfaceWatermark Name:com.example.helloworld/com.example.helloworld.MainActivity Id:48249662603265 water mark count is zero
09-28 17:50:38.340   818  1137 E C01406/skia: SurfaceNodeDrawable DrawCommSurfaceWatermark Name:com.example.helloworld/com.example.helloworld.MainActivity Id:48249662603265 water mark count is zero
09-28 17:50:38.355   818  1137 E C01406/skia: SurfaceNodeDrawable DrawCommSurfaceWatermark Name:com.example.helloworld/com.example.helloworld.MainActivity Id:48249662603265 water mark count is zero
09-28 17:50:38.371   818  1137 E C01406/skia: SurfaceNodeDrawable DrawCommSurfaceWatermark Name:com.example.helloworld/com.example.helloworld.MainActivity Id:48249662603265 water mark count is zero
09-28 17:50:38.379  1048  1170 I C02d13/HDC_LOG: [async_cmd.cpp:291] ExecuteCommand cmd:printf 'sample=%s\n' '1'; date; pidof appspawn-x 2>/dev/null || true; ps -ef | grep -E 'appspawn-x|com.example.helloworld|^20010055 ' | grep -v grep || true fd:36 pid:11297
09-28 17:50:38.392   818  1137 E C01406/skia: SurfaceNodeDrawable DrawCommSurfaceWatermark Name:com.example.helloworld/com.example.helloworld.MainActivity Id:48249662603265 water mark count is zero
09-28 17:50:38.408   818  1137 E C01406/skia: SurfaceNodeDrawable DrawCommSurfaceWatermark Name:com.example.helloworld/com.example.helloworld.MainActivity Id:48249662603265 water mark count is zero
09-28 17:50:38.423   818  1137 E C01406/skia: SurfaceNodeDrawable DrawCommSurfaceWatermark Name:com.example.helloworld/com.example.helloworld.MainActivity Id:48249662603265 water mark count is zero
09-28 17:50:38.440   818  1137 E C01406/skia: SurfaceNodeDrawable DrawCommSurfaceWatermark Name:com.example.helloworld/com.example.helloworld.MainActivity Id:48249662603265 water mark count is zero
09-28 17:50:38.455   818  1137 E C01406/skia: SurfaceNodeDrawable DrawCommSurfaceWatermark Name:com.example.helloworld/com.example.helloworld.MainActivity Id:48249662603265 water mark count is zero
09-28 17:50:38.472   818  1137 E C01406/skia: SurfaceNodeDrawable DrawCommSurfaceWatermark Name:com.example.helloworld/com.example.helloworld.MainActivity Id:48249662603265 water mark count is zero
09-28 17:50:38.489   818  1137 E C01406/skia: SurfaceNodeDrawable DrawCommSurfaceWatermark Name:com.example.helloworld/com.example.helloworld.MainActivity Id:48249662603265 water mark count is zero
09-28 17:50:38.505   818  1137 E C01406/skia: SurfaceNodeDrawable DrawCommSurfaceWatermark Name:com.example.helloworld/com.example.helloworld.MainActivity Id:48249662603265 water mark count is zero
09-28 17:50:38.523   818  1137 E C01406/skia: SurfaceNodeDrawable DrawCommSurfaceWatermark Name:com.example.helloworld/com.example.helloworld.MainActivity Id:48249662603265 water mark count is zero
09-28 17:50:38.538   818  1137 E C01406/skia: SurfaceNodeDrawable DrawCommSurfaceWatermark Name:com.example.helloworld/com.example.helloworld.MainActivity Id:48249662603265 water mark count is zero
09-28 17:50:38.555   818  1137 E C01406/skia: SurfaceNodeDrawable DrawCommSurfaceWatermark Name:com.example.helloworld/com.example.helloworld.MainActivity Id:48249662603265 water mark count is zero
09-28 17:50:38.588   818  1137 E C01406/skia: SurfaceNodeDrawable DrawCommSurfaceWatermark Name:com.example.helloworld/com.example.helloworld.MainActivity Id:48249662603265 water mark count is zero
09-28 17:50:38.589 11234 11234 I C00f00/OH_LifecycleAdapter: [T=500ms][G2.14as-VIS] dump after RESUMED+300ms: token=android.os.Binder@7e5cf0d mVisibleFromClient=true mVisibleFromServer=true mFinished=false mWindowAdded=true hideForNow=false lifecycleState=3 decorClass=com.android.internal.policy.DecorView decorVisibility=0(0=VISIBLE,4=INVISIBLE,8=GONE) decorPrivateFlags=0x1808838 decorSize=1200x1920
09-28 17:50:38.589 11234 11234 I C00f00/AppSpawnXJava: [stderr] [T=500ms][G2.14as-VIS] dump after RESUMED+300ms: token=android.os.Binder@7e5cf0d mVisibleFromClient=true mVisibleFromServer=true mFinished=false mWindowAdded=true hideForNow=false lifecycleState=3 decorClass=com.android.internal.policy.DecorView decorVisibility=0(0=VISIBLE,4=INVISIBLE,8=GONE) decorPrivateFlags=0x1808838 decorSize=1200x1920
09-28 17:50:38.589 11234 11234 I C00f00/OH_LifecycleAdapter: [T=500ms][KEY-DISPATCH] mView=DecorView@239634325 mDecor=DecorView@239634325 mView==mDecor=true | actWindow=@7295146 actCb=com.example.helloworld.MainActivity@125129883 actCb==activity=true | decorWindow=@7295146 decorWindow==actWindow=true decorCb=com.example.helloworld.MainActivity@125129883 decorCb==activity=true | mLastWasImTarget=<no-field>
09-28 17:50:38.589 11234 11234 I C00f00/AppSpawnXJava: [stderr] [T=500ms][KEY-DISPATCH] mView=DecorView@239634325 mDecor=DecorView@239634325 mView==mDecor=true | actWindow=@7295146 actCb=com.example.helloworld.MainActivity@125129883 actCb==activity=true | decorWindow=@7295146 decorWindow==actWindow=true decorCb=com.example.helloworld.MainActivity@125129883 decorCb==activity=true | mLastWasImTarget=<no-field>
09-28 17:50:38.694  1048  1170 I C02d13/HDC_LOG: [async_cmd.cpp:291] ExecuteCommand cmd:hilog -x | grep -E 'com.example.helloworld|Hello World|mVisibleFromServer' | tail -n 800 fd:36 pid:11314
