burgerking 169489 4096 11
fd-binaryeye 16158 59 0
fd-android 53650 7102 24
fd-catima 23669 2303 16
fd-etar 77051 2381 19
fd-fluffychat 50954 1042 0
fd-immich 40314 2528 8
fd-fennec_fdroid 135327 2147 17
fd-kitchenowl 12928 437 9
fd-libre 19698 1741 13
fd-minetest 29608 1552 6
fd-k9 53649 7093 24
fd-saber 11908 459 12
fd-mobile 60195 3637 13
fd-stk 1385 26 5
localsend 15310 541 9
mindustry 52884 152 8
noice 28179 1694 12
opencamera 36726 2093 16
ooniprobe 34341 4080 12
risk rows 134 Counter({'attach-context-contract': 38, 'dlopen-namespace': 34, 'workmanager-initialization': 22, 'attach-service-contract': 22, 'flutter-native-path': 12, 'koin-initialization': 6})
