PASS source closure files=425 tree=4bdd567dbff5165f920e6767457b6219e76609cf61ffcb10d85129e608e9ab9c
PASS Route A input closure files=439 sha256=677df5425fcbfd0b70a3edf340197c49a2c6cd681a6a505db82519be32f505ca
PASS central JNI compile closure active_sources=96 historical_raw_attach_sites=14 raw_attach_detach_outside_wrapper=0
In file included from <built-in>:1:
/Users/zhaoyue/orca/workspaces/westlake-harness-bms-deploy/bms/src/adapter/framework/appspawn-x/bionic_compat/include/libcxx_compat.h:131:20: error: static declaration of 'isinf' follows non-static declaration
static inline bool isinf(float x) { return __builtin_isinf(x); }
                   ^
/Users/zhaoyue/orca/workspaces/westlake-harness-bms-deploy/bms/src/.work/product-tls-generation/frozen/toolchain/include/c++/v1/math.h:507:1: note: previous definition is here
isinf(float __lcpp_x) _NOEXCEPT { return __libcpp_isinf(__lcpp_x); }
^
In file included from <built-in>:1:
/Users/zhaoyue/orca/workspaces/westlake-harness-bms-deploy/bms/src/adapter/framework/appspawn-x/bionic_compat/include/libcxx_compat.h:133:20: error: static declaration of 'isinf' follows non-static declaration
static inline bool isinf(long double x) { return __builtin_isinf(x); }
                   ^
/Users/zhaoyue/orca/workspaces/westlake-harness-bms-deploy/bms/src/.work/product-tls-generation/frozen/toolchain/include/c++/v1/math.h:515:1: note: previous definition is here
isinf(long double __lcpp_x) _NOEXCEPT { return __libcpp_isinf(__lcpp_x); }
^
In file included from <built-in>:1:
/Users/zhaoyue/orca/workspaces/westlake-harness-bms-deploy/bms/src/adapter/framework/appspawn-x/bionic_compat/include/libcxx_compat.h:134:20: error: static declaration of 'isnan' follows non-static declaration
static inline bool isnan(float x) { return __builtin_isnan(x); }
                   ^
/Users/zhaoyue/orca/workspaces/westlake-harness-bms-deploy/bms/src/.work/product-tls-generation/frozen/toolchain/include/c++/v1/math.h:555:1: note: previous definition is here
isnan(float __lcpp_x) _NOEXCEPT { return __libcpp_isnan(__lcpp_x); }
^
In file included from <built-in>:1:
/Users/zhaoyue/orca/workspaces/westlake-harness-bms-deploy/bms/src/adapter/framework/appspawn-x/bionic_compat/include/libcxx_compat.h:136:20: error: static declaration of 'isnan' follows non-static declaration
static inline bool isnan(long double x) { return __builtin_isnan(x); }
                   ^
/Users/zhaoyue/orca/workspaces/westlake-harness-bms-deploy/bms/src/.work/product-tls-generation/frozen/toolchain/include/c++/v1/math.h:563:1: note: previous definition is here
isnan(long double __lcpp_x) _NOEXCEPT { return __libcpp_isnan(__lcpp_x); }
^
In file included from <built-in>:1:
/Users/zhaoyue/orca/workspaces/westlake-harness-bms-deploy/bms/src/adapter/framework/appspawn-x/bionic_compat/include/libcxx_compat.h:228:20: error: declaration conflicts with target of using declaration already in scope
inline long        abs(long __x)        { return __x < 0 ? -__x : __x; }
                   ^
/Users/zhaoyue/orca/workspaces/westlake-harness-bms-deploy/bms/src/.work/product-tls-generation/frozen/toolchain/include/c++/v1/stdlib.h:111:39: note: target of using declaration
inline _LIBCPP_INLINE_VISIBILITY long abs(long __x) _NOEXCEPT {
                                      ^
/Users/zhaoyue/orca/workspaces/westlake-harness-bms-deploy/bms/src/adapter/framework/appspawn-x/bionic_compat/include/libcxx_compat.h:227:9: note: using declaration
using ::abs;  // int abs(int) from musl
        ^
/Users/zhaoyue/orca/workspaces/westlake-harness-bms-deploy/bms/src/adapter/framework/appspawn-x/bionic_compat/include/libcxx_compat.h:229:20: error: declaration conflicts with target of using declaration already in scope
inline long long   abs(long long __x)   { return __x < 0 ? -__x : __x; }
                   ^
/Users/zhaoyue/orca/workspaces/westlake-harness-bms-deploy/bms/src/.work/product-tls-generation/frozen/toolchain/include/c++/v1/stdlib.h:114:44: note: target of using declaration
inline _LIBCPP_INLINE_VISIBILITY long long abs(long long __x) _NOEXCEPT {
                                           ^
/Users/zhaoyue/orca/workspaces/westlake-harness-bms-deploy/bms/src/adapter/framework/appspawn-x/bionic_compat/include/libcxx_compat.h:227:9: note: using declaration
using ::abs;  // int abs(int) from musl
        ^
/Users/zhaoyue/orca/workspaces/westlake-harness-bms-deploy/bms/src/adapter/framework/appspawn-x/bionic_compat/include/libcxx_compat.h:230:20: error: declaration conflicts with target of using declaration already in scope
inline float       abs(float __x)       { return __builtin_fabsf(__x); }
                   ^
/Users/zhaoyue/orca/workspaces/westlake-harness-bms-deploy/bms/src/.work/product-tls-generation/frozen/toolchain/include/c++/v1/stdlib.h:120:40: note: target of using declaration
inline _LIBCPP_INLINE_VISIBILITY float abs(float __lcpp_x) _NOEXCEPT {
                                       ^
/Users/zhaoyue/orca/workspaces/westlake-harness-bms-deploy/bms/src/adapter/framework/appspawn-x/bionic_compat/include/libcxx_compat.h:227:9: note: using declaration
using ::abs;  // int abs(int) from musl
        ^
/Users/zhaoyue/orca/workspaces/westlake-harness-bms-deploy/bms/src/adapter/framework/appspawn-x/bionic_compat/include/libcxx_compat.h:231:20: error: declaration conflicts with target of using declaration already in scope
inline double      abs(double __x)      { return __builtin_fabs(__x); }
                   ^
/Users/zhaoyue/orca/workspaces/westlake-harness-bms-deploy/bms/src/.work/product-tls-generation/frozen/toolchain/include/c++/v1/stdlib.h:124:41: note: target of using declaration
inline _LIBCPP_INLINE_VISIBILITY double abs(double __lcpp_x) _NOEXCEPT {
                                        ^
/Users/zhaoyue/orca/workspaces/westlake-harness-bms-deploy/bms/src/adapter/framework/appspawn-x/bionic_compat/include/libcxx_compat.h:227:9: note: using declaration
using ::abs;  // int abs(int) from musl
        ^
/Users/zhaoyue/orca/workspaces/westlake-harness-bms-deploy/bms/src/adapter/framework/appspawn-x/bionic_compat/include/libcxx_compat.h:232:20: error: declaration conflicts with target of using declaration already in scope
inline long double abs(long double __x) { return __builtin_fabsl(__x); }
                   ^
/Users/zhaoyue/orca/workspaces/westlake-harness-bms-deploy/bms/src/.work/product-tls-generation/frozen/toolchain/include/c++/v1/stdlib.h:129:1: note: target of using declaration
abs(long double __lcpp_x) _NOEXCEPT {
^
/Users/zhaoyue/orca/workspaces/westlake-harness-bms-deploy/bms/src/adapter/framework/appspawn-x/bionic_compat/include/libcxx_compat.h:227:9: note: using declaration
using ::abs;  // int abs(int) from musl
        ^
9 errors generated.
