[compile_sigchain_muslcompat] clang++  = /home/dspfac/a2hlab/source-closure/verify/toolchains/ohos-sdk/native/llvm/bin/clang++
[compile_sigchain_muslcompat] sysroot  = /home/dspfac/a2hlab/source-closure/verify/toolchains/ohos-sdk/native/sysroot
[compile_sigchain_muslcompat] source   = /Users/zhaoyue/orca/workspaces/westlake-harness-bms-deploy/bms/src/adapter/aosp_patches/art/sigchainlib/sigchain_muslcompat.cc
[compile_sigchain_muslcompat] probe    = 0 (defs: <none>)
[compile_sigchain_muslcompat] out      = /Users/zhaoyue/orca/workspaces/westlake-harness-bms-deploy/bms/src/adapter/out/aosp_lib_arm64/libsigchain.so
/Users/zhaoyue/orca/workspaces/westlake-harness-bms-deploy/bms/src/adapter/aosp_patches/art/sigchainlib/sigchain_muslcompat.cc:60:27: warning: unused variable 'SIGCHAIN_ALLOW_NORETURN' [-Wunused-const-variable]
static constexpr uint64_t SIGCHAIN_ALLOW_NORETURN = 0x1UL;
                          ^
1 warning generated.
[compile_sigchain_muslcompat] done.
/Users/zhaoyue/orca/workspaces/westlake-harness-bms-deploy/bms/src/adapter/out/aosp_lib_arm64/libsigchain.so: ELF 64-bit LSB shared object, ARM aarch64, version 1 (SYSV), dynamically linked, BuildID[sha1]=23f3e7a5feeeec1cec8e3f904ac716abab1a9b2e, with debug_info, not stripped
[compile_sigchain_muslcompat] exported symbols:
000000000000193c T AddSpecialSignalHandlerFn
00000000000019b0 T EnsureFrontOfChain
00000000000019ac T RemoveSpecialSignalHandlerFn
00000000000019b4 T SkipAddSignalHandler
00000000000019ec T _fini
00000000000019d8 T _init
                 U add_special_signal_handler
                 U remove_special_signal_handler
833c8cf9c4eea5db02cfa22d14caa689  /Users/zhaoyue/orca/workspaces/westlake-harness-bms-deploy/bms/src/adapter/out/aosp_lib_arm64/libsigchain.so
