PASS source closure files=425 tree=4bdd567dbff5165f920e6767457b6219e76609cf61ffcb10d85129e608e9ab9c
PASS Route A input closure files=439 sha256=c28cce1c0709496ca99dfe5c4b4d6157e337783a1621a2925fa97a0f2b383df5
PASS central JNI compile closure active_sources=96 historical_raw_attach_sites=14 raw_attach_detach_outside_wrapper=0
PASS Route A input closure files=439 sha256=c28cce1c0709496ca99dfe5c4b4d6157e337783a1621a2925fa97a0f2b383df5
GENERATION_METADATA artifact_generation=c28cce1c0709496ca99dfe5c4b4d6157e337783a1621a2925fa97a0f2b383df5 manifest_digest=b5c554a46b125b14230f62589ecb889caaf429e2f417148b888c5caeead832b1 hook_digest=4c7d6c334a1ab664f66ea304f504f840b3e5a46c9aeb7cb07c78c36ca8fc9c43 policy_epoch=942861176595406566 policy_provenance=d15b73e9f79dee62c5ff99f58e563084328327db444a764b1d9ba6fe0c4a9103 launch_generation=14018806359869966700 boot_id=00000000-0000-0000-0000-000000000001 metadata_digest=cc14459b710d0d25f67a448796a1eeb06101ae614033da38d2fedc92d6878142
GENERATION_METADATA artifact_generation=c28cce1c0709496ca99dfe5c4b4d6157e337783a1621a2925fa97a0f2b383df5 manifest_digest=b5c554a46b125b14230f62589ecb889caaf429e2f417148b888c5caeead832b1 hook_digest=4c7d6c334a1ab664f66ea304f504f840b3e5a46c9aeb7cb07c78c36ca8fc9c43 policy_epoch=942861176595406566 policy_provenance=d15b73e9f79dee62c5ff99f58e563084328327db444a764b1d9ba6fe0c4a9103 launch_generation=14018806359869966700 boot_id=00000000-0000-0000-0000-000000000001 metadata_digest=cc14459b710d0d25f67a448796a1eeb06101ae614033da38d2fedc92d6878142
{"approved_local_loader_imports": ["__errno_location", "_exit", "close", "dladdr", "dlerror", "dlns_create2", "dlns_init", "dlopen", "dlsym", "fclose", "fgets", "fopen", "free", "fstat", "getpid", "getppid", "getrandom", "malloc", "memcmp", "memcpy", "memset", "open", "pread", "read", "realpath", "sched_yield", "snprintf", "sscanf", "strchr", "strcmp", "strlen", "strrchr", "strtoull", "write"], "candidate_parent_prefork_fail_closed_source": true, "candidate_parent_prefork_service_target_compiled": true, "classification": "route_A_target_ABI_fixture", "deterministic_builds": 2, "device_verified": false, "host_callback_imports": [], "patched_stock_service_sha256": "9d392fc7aa714dcc6e2f95afc65ca2f1411bd780a16b448d4d628bac29fba299", "plugin_exports": ["WLASC_GetContractV1", "WLASC_InstallStockHostServicesV1"], "plugin_sha256": "63f5388d749bdaeecce96128f649eb23359d740356e11f1536b6b04eaa85cd19", "product_activation": false, "runtime_provider_dt_needed": false, "runtime_provider_imports": [], "security_operation_owner": "stock_OH_appspawn_only", "status": "PASS", "stock_host_core_imports": ["AppSpawnModuleMgrInstall", "InitCommonEnv", "StartSpawnService"], "stock_host_entry_sha256": "86b503872c280bfcd2b6c5695d9b956fe341dcf0cfac9d039dd7adaa9a8de7c6", "stock_host_final_link": false, "stock_plugin_imports": ["AddAppSpawnHook", "AddServerStageHook", "CheckAppSpawnMsgFlag", "GetAppSpawnMsgInfo", "RegChildLooper"], "stock_plugin_imports_eliminated": true}
PASS stock-host/plugin target ABI fixture deterministic=2 product_activation=false
{"candidate": "P0-A06-ABI-D8-001", "current_app_spawning_ctx_checkpoint_preserved": true, "current_header_sha256": "5455b2c27d2a0c63733b10fddf13e3cb7b724da766f498a5c737418f3127c7de", "current_non_manager_declarations_preserved": true, "overlay_header_sha256": "a6d0ceccf33f77039b487cc5044de9bc3ff315e8d1a7b71ba153f37449e1bac7", "replacement_scope": "TagAppSpawnMgr_declaration_only", "schema": "westlake.appspawn-manager-abi-overlay.v1", "status": "PASS", "target_header_sha256": "b3619c81b3e91af8c079eb17a922ef8a573938259745e54726122ffa174143b6", "variable": "APPSPAWN_X_HOST_SOURCE_ABI_COHORT=exact_OpenHarmony-6.1.0.31"}
/Users/zhaoyue/orca/workspaces/westlake-harness-bms-deploy/bms/src/adapter/framework/native-compat/thread-template-publisher/src/thread_template_publisher.c:1:9: warning: '_GNU_SOURCE' macro redefined [-Wmacro-redefined]
#define _GNU_SOURCE
        ^
<command line>:2:9: note: previous definition is here
#define _GNU_SOURCE 1
        ^
1 warning generated.
/Users/zhaoyue/orca/workspaces/westlake-harness-bms-deploy/bms/src/adapter/framework/native-compat/thread-template-publisher/src/thread_template_publisher.c:1:9: warning: '_GNU_SOURCE' macro redefined [-Wmacro-redefined]
#define _GNU_SOURCE
        ^
<command line>:2:9: note: previous definition is here
#define _GNU_SOURCE 1
        ^
1 warning generated.
{"candidate": "P0-A06-ABI-D8-001", "current_header_sha256": "5455b2c27d2a0c63733b10fddf13e3cb7b724da766f498a5c737418f3127c7de", "direct_consumer_dependency_sha256": {"appspawn_appmgr": "8a2253c064c6267e15b7db7c8605d23ee9b6739a4c2c6c095cac75c7e20ca988", "appspawn_kickdog": "15ed60e79a2be2ce8c3a7139bee1fb1e5a2b8ac33ab488eaf07b954c2fff4d67", "appspawn_modulemgr": "9105a46d32d19474e7e37df890bcd86729bae43dd803567be045f97b1c7b14ff", "appspawn_msgmgr": "b98d25ab9690ea54bbaf5ad61de4603c7c3a04c7bdbf4585c8c2f9ca60e5bfa5", "appspawn_service": "a3fcafe49d3e8cfc3e105e3003651929541973179341bddcf1af4f699c81ad02"}, "direct_consumer_layout_definition_count": 5, "host_layout_definition_count": 6, "host_member_offsets": {"appQueue": 128, "appSpawnQueue": 168, "content": 0, "dataGroupCtxQueue": 240, "diedAppCount": 144, "diedQueue": 152, "extData": 216, "flags": 148, "perLoadEnd": 200, "perLoadStart": 184, "server": 104, "servicePid": 120, "sigHandler": 112, "spawnTime": 232}, "host_sha256": "dd24b0841fa2a3749a1a1bbd157853dc7984e155d4cf5e05225114b99237ae82", "host_struct_size": 256, "opaque_non_consumer_layouts": [{"decl_file": "/Users/zhaoyue/orca/workspaces/westlake-harness-bms-deploy/./adapter/frozen/references/oh-appspawn-security-v7/base/startup/appspawn/standard/appspawn_manager.h", "members": {"appQueue": 176, "appSpawnQueue": 208, "checkPointIdQueue": 256, "content": 0, "dataGroupCtxQueue": 240, "diedAppCount": 144, "diedQueue": 192, "extData": 224, "flags": 148, "perLoadEnd": 120, "perLoadStart": 104, "server": 160, "servicePid": 152, "sigHandler": 168, "spawnTime": 136, "spawningFdsQueue": 272}, "size": 288}], "overlay_header_sha256": "a6d0ceccf33f77039b487cc5044de9bc3ff315e8d1a7b71ba153f37449e1bac7", "overlay_scope": "TagAppSpawnMgr_declaration_only", "rejected_extdata_offset": 224, "schema": "westlake.appspawn-host-abi-cohort.v1", "status": "PASS", "stock_common_build_id": "7240f7b76df8567014a7371661866cbf", "stock_common_extdata_offset": 216, "stock_common_sha256": "9caa7c11bfe1bd755aebfe6c6bf41e9cec40c34d239c16de3eb91d2b7be45279", "target_header_sha256": "b3619c81b3e91af8c079eb17a922ef8a573938259745e54726122ffa174143b6", "variable": "APPSPAWN_X_HOST_SOURCE_ABI_COHORT=OpenHarmony-6.1.0.31"}
{"candidate": "P0-A06-ABI-D8-001", "current_header_sha256": "5455b2c27d2a0c63733b10fddf13e3cb7b724da766f498a5c737418f3127c7de", "direct_consumer_dependency_sha256": {"appspawn_appmgr": "8a2253c064c6267e15b7db7c8605d23ee9b6739a4c2c6c095cac75c7e20ca988", "appspawn_kickdog": "15ed60e79a2be2ce8c3a7139bee1fb1e5a2b8ac33ab488eaf07b954c2fff4d67", "appspawn_modulemgr": "9105a46d32d19474e7e37df890bcd86729bae43dd803567be045f97b1c7b14ff", "appspawn_msgmgr": "b98d25ab9690ea54bbaf5ad61de4603c7c3a04c7bdbf4585c8c2f9ca60e5bfa5", "appspawn_service": "a3fcafe49d3e8cfc3e105e3003651929541973179341bddcf1af4f699c81ad02"}, "direct_consumer_layout_definition_count": 5, "host_layout_definition_count": 6, "host_member_offsets": {"appQueue": 128, "appSpawnQueue": 168, "content": 0, "dataGroupCtxQueue": 240, "diedAppCount": 144, "diedQueue": 152, "extData": 216, "flags": 148, "perLoadEnd": 200, "perLoadStart": 184, "server": 104, "servicePid": 120, "sigHandler": 112, "spawnTime": 232}, "host_sha256": "dd24b0841fa2a3749a1a1bbd157853dc7984e155d4cf5e05225114b99237ae82", "host_struct_size": 256, "opaque_non_consumer_layouts": [{"decl_file": "/Users/zhaoyue/orca/workspaces/westlake-harness-bms-deploy/./adapter/frozen/references/oh-appspawn-security-v7/base/startup/appspawn/standard/appspawn_manager.h", "members": {"appQueue": 176, "appSpawnQueue": 208, "checkPointIdQueue": 256, "content": 0, "dataGroupCtxQueue": 240, "diedAppCount": 144, "diedQueue": 192, "extData": 224, "flags": 148, "perLoadEnd": 120, "perLoadStart": 104, "server": 160, "servicePid": 152, "sigHandler": 168, "spawnTime": 136, "spawningFdsQueue": 272}, "size": 288}], "overlay_header_sha256": "a6d0ceccf33f77039b487cc5044de9bc3ff315e8d1a7b71ba153f37449e1bac7", "overlay_scope": "TagAppSpawnMgr_declaration_only", "rejected_extdata_offset": 224, "schema": "westlake.appspawn-host-abi-cohort.v1", "status": "PASS", "stock_common_build_id": "7240f7b76df8567014a7371661866cbf", "stock_common_extdata_offset": 216, "stock_common_sha256": "9caa7c11bfe1bd755aebfe6c6bf41e9cec40c34d239c16de3eb91d2b7be45279", "target_header_sha256": "b3619c81b3e91af8c079eb17a922ef8a573938259745e54726122ffa174143b6", "variable": "APPSPAWN_X_HOST_SOURCE_ABI_COHORT=OpenHarmony-6.1.0.31"}
Traceback (most recent call last):
  File "/Users/zhaoyue/orca/workspaces/westlake-harness-bms-deploy/bms/src/adapter/framework/appspawn-x/security_specialization/stock_child_plugin/verify_route_a_generation.py", line 1120, in <module>
    raise SystemExit(main())
                     ^^^^^^
  File "/Users/zhaoyue/orca/workspaces/westlake-harness-bms-deploy/bms/src/adapter/framework/appspawn-x/security_specialization/stock_child_plugin/verify_route_a_generation.py", line 754, in main
    require(digest(path) == base_manifest[name],
  File "/Users/zhaoyue/orca/workspaces/westlake-harness-bms-deploy/bms/src/adapter/framework/appspawn-x/security_specialization/stock_child_plugin/verify_route_a_generation.py", line 152, in require
    raise RuntimeError(message)
RuntimeError: frozen provider DSO drift: libsigchain.so
