PASS Route A input closure files=439 sha256=8cf487db67c1ad463e89a1f51707e799e3694703a195b8e8b872dbb979b4e9e3
GENERATION_METADATA artifact_generation=8cf487db67c1ad463e89a1f51707e799e3694703a195b8e8b872dbb979b4e9e3 manifest_digest=d6e52ad820e8993e32647ee92f55012644d5ff2a93d252f62c01e91acbc0ccdc hook_digest=4c7d6c334a1ab664f66ea304f504f840b3e5a46c9aeb7cb07c78c36ca8fc9c43 policy_epoch=461140573344972773 policy_provenance=6664ce881bf3fe53cf4dced77be5b4af058db0eb660cd14a1d09b03692bf7fe7 launch_generation=10156892436035644742 boot_id=00000000-0000-0000-0000-000000000001 metadata_digest=27db92c4cd105e8b3ee92100df2be2faefa00267ff78b9b7a305abb840aec24f
/Users/zhaoyue/orca/workspaces/westlake-harness-bms-deploy/bms/src/adapter/framework/appspawn-x/security_specialization/stock_child_plugin/src/westlake_stock_host_main.c:151:9: error: call to undeclared function 'dlns_init'; ISO C99 and later do not support implicit function declarations [-Werror,-Wimplicit-function-declaration]
        dlns_init(bridge_namespace, bridge_name);
        ^
/Users/zhaoyue/orca/workspaces/westlake-harness-bms-deploy/bms/src/adapter/framework/appspawn-x/security_specialization/stock_child_plugin/src/westlake_stock_host_main.c:152:18: error: call to undeclared function 'dlns_create2'; ISO C99 and later do not support implicit function declarations [-Werror,-Wimplicit-function-declaration]
        result = dlns_create2(bridge_namespace, bridge_search_paths,
                 ^
/Users/zhaoyue/orca/workspaces/westlake-harness-bms-deploy/bms/src/adapter/framework/appspawn-x/security_specialization/stock_child_plugin/src/westlake_stock_host_main.c:153:31: error: use of undeclared identifier 'CREATE_INHERIT_DEFAULT'
                              CREATE_INHERIT_DEFAULT);
                              ^
/Users/zhaoyue/orca/workspaces/westlake-harness-bms-deploy/bms/src/adapter/framework/appspawn-x/security_specialization/stock_child_plugin/src/westlake_stock_host_main.c:157:18: error: call to undeclared function 'dlns_set_namespace_separated'; ISO C99 and later do not support implicit function declarations [-Werror,-Wimplicit-function-declaration]
        result = dlns_set_namespace_separated(bridge_namespace->name, true);
                 ^
/Users/zhaoyue/orca/workspaces/westlake-harness-bms-deploy/bms/src/adapter/framework/appspawn-x/security_specialization/stock_child_plugin/src/westlake_stock_host_main.c:161:18: error: call to undeclared function 'dlns_set_namespace_permitted_paths'; ISO C99 and later do not support implicit function declarations [-Werror,-Wimplicit-function-declaration]
        result = dlns_set_namespace_permitted_paths(
                 ^
/Users/zhaoyue/orca/workspaces/westlake-harness-bms-deploy/bms/src/adapter/framework/appspawn-x/security_specialization/stock_child_plugin/src/westlake_stock_host_main.c:166:18: error: call to undeclared function 'dlns_set_namespace_allowed_libs'; ISO C99 and later do not support implicit function declarations [-Werror,-Wimplicit-function-declaration]
        result = dlns_set_namespace_allowed_libs(
                 ^
/Users/zhaoyue/orca/workspaces/westlake-harness-bms-deploy/bms/src/adapter/framework/appspawn-x/security_specialization/stock_child_plugin/src/westlake_stock_host_main.c:178:32: error: call to undeclared function 'dlopen_ns'; ISO C99 and later do not support implicit function declarations [-Werror,-Wimplicit-function-declaration]
            bootstrap_handle = dlopen_ns(
                               ^
/Users/zhaoyue/orca/workspaces/westlake-harness-bms-deploy/bms/src/adapter/framework/appspawn-x/security_specialization/stock_child_plugin/src/westlake_stock_host_main.c:178:32: note: did you mean 'dlopen'?
/Users/zhaoyue/orca/workspaces/westlake-harness-bms-deploy/bms/src/.work/product-tls-generation/frozen/sysroot/include/dlfcn.h:25:8: note: 'dlopen' declared here
void  *dlopen(const char *, int);
       ^
/Users/zhaoyue/orca/workspaces/westlake-harness-bms-deploy/bms/src/adapter/framework/appspawn-x/security_specialization/stock_child_plugin/src/westlake_stock_host_main.c:178:30: error: incompatible integer to pointer conversion assigning to 'void *' from 'int' [-Wint-conversion]
            bootstrap_handle = dlopen_ns(
                             ^ ~~~~~~~~~~
/Users/zhaoyue/orca/workspaces/westlake-harness-bms-deploy/bms/src/adapter/framework/appspawn-x/security_specialization/stock_child_plugin/src/westlake_stock_host_main.c:201:5: error: call to undeclared function 'dlns_init'; ISO C99 and later do not support implicit function declarations [-Werror,-Wimplicit-function-declaration]
    dlns_init(app_namespace, app_name);
    ^
/Users/zhaoyue/orca/workspaces/westlake-harness-bms-deploy/bms/src/adapter/framework/appspawn-x/security_specialization/stock_child_plugin/src/westlake_stock_host_main.c:202:14: error: call to undeclared function 'dlns_create2'; ISO C99 and later do not support implicit function declarations [-Werror,-Wimplicit-function-declaration]
    result = dlns_create2(app_namespace, app_search_paths,
             ^
/Users/zhaoyue/orca/workspaces/westlake-harness-bms-deploy/bms/src/adapter/framework/appspawn-x/security_specialization/stock_child_plugin/src/westlake_stock_host_main.c:203:27: error: use of undeclared identifier 'LOCAL_NS_PREFERED'
                          LOCAL_NS_PREFERED);
                          ^
/Users/zhaoyue/orca/workspaces/westlake-harness-bms-deploy/bms/src/adapter/framework/appspawn-x/security_specialization/stock_child_plugin/src/westlake_stock_host_main.c:207:14: error: call to undeclared function 'dlns_set_namespace_separated'; ISO C99 and later do not support implicit function declarations [-Werror,-Wimplicit-function-declaration]
    result = dlns_set_namespace_separated(app_namespace->name, true);
             ^
/Users/zhaoyue/orca/workspaces/westlake-harness-bms-deploy/bms/src/adapter/framework/appspawn-x/security_specialization/stock_child_plugin/src/westlake_stock_host_main.c:211:14: error: call to undeclared function 'dlns_set_namespace_permitted_paths'; ISO C99 and later do not support implicit function declarations [-Werror,-Wimplicit-function-declaration]
    result = dlns_set_namespace_permitted_paths(
             ^
/Users/zhaoyue/orca/workspaces/westlake-harness-bms-deploy/bms/src/adapter/framework/appspawn-x/security_specialization/stock_child_plugin/src/westlake_stock_host_main.c:217:18: error: call to undeclared function 'dlns_inherit'; ISO C99 and later do not support implicit function declarations [-Werror,-Wimplicit-function-declaration]
        result = dlns_inherit(app_namespace, bridge_namespace,
                 ^
/Users/zhaoyue/orca/workspaces/westlake-harness-bms-deploy/bms/src/adapter/framework/appspawn-x/security_specialization/stock_child_plugin/src/westlake_stock_host_main.c:237:14: error: call to undeclared function 'dlopen_ns'; ISO C99 and later do not support implicit function declarations [-Werror,-Wimplicit-function-declaration]
    handle = dlopen_ns(app_namespace, path, mode | RTLD_LOCAL);
             ^
/Users/zhaoyue/orca/workspaces/westlake-harness-bms-deploy/bms/src/adapter/framework/appspawn-x/security_specialization/stock_child_plugin/src/westlake_stock_host_main.c:237:12: error: incompatible integer to pointer conversion assigning to 'void *' from 'int' [-Wint-conversion]
    handle = dlopen_ns(app_namespace, path, mode | RTLD_LOCAL);
           ^ ~~~~~~~~~~~~~~~~~~~~~~~~~~~~~~~~~~~~~~~~~~~~~~~~~
16 errors generated.
