[D2O-DBG] Dex2oat entered
nullptr W 09-25 14:27:01 1522993 1522993 dex2oat.cc:671] Generating an app image without a profile. This will result in an app image with no classes. Did you forget to add the profile with either --profile-file-fd or --profile-file?
[D2O-DBG] ParseArgs done
[D2O-DBG] MemMap::Init done
[D2O-DBG] Profile done
[D2O-DBG] UpdateCompilerOptions done
[D2O-DBG] UpdateCompilerOptions done
[D2O-DBG] InsertCompileOptions done
[D2O-DBG] InsertCompileOptions done
[D2O-DBG] OpenFile entered
[D2O-DBG] Creating: /home/zhaoyue/a2hlab/ws/out-aot42/speed-1/toutiao.odex
[D2O-DBG] OAT file pushed: 1
[D2O-DBG] VDEX file pushed: 1
[D2O-DBG] OpenFile returning true
[D2O-DBG] Before LOG CommandLine
nullptr I 09-25 14:27:01 1522993 1522993 dex2oat.cc:3260] /home/zhaoyue/a2hlab/ws/out-aot42/tools/dex2oat --dex-file=/home/zhaoyue/a2hlab/ws/out-aot42/inputs/toutiao.apk --dex-location=/data/local/tmp/asx/toutiao.apk --oat-file=/home/zhaoyue/a2hlab/ws/out-aot42/speed-1/toutiao.odex --oat-location=/data/local/tmp/asx/oat/arm64/toutiao.odex --output-vdex=/home/zhaoyue/a2hlab/ws/out-aot42/speed-1/toutiao.vdex --app-image-file=/home/zhaoyue/a2hlab/ws/out-aot42/speed-1/toutiao.art --instruction-set=arm64 --compiler-filter=speed --boot-image=/home/zhaoyue/a2hlab/ws/out-aot42/inputs/boot/boot.art --runtime-arg -Xbootclasspath:/home/zhaoyue/a2hlab/ws/out-aot42/inputs/fw/core-oj.jar:/home/zhaoyue/a2hlab/ws/out-aot42/inputs/fw/core-libart.jar:/home/zhaoyue/a2hlab/ws/out-aot42/inputs/fw/core-icu4j.jar:/home/zhaoyue/a2hlab/ws/out-aot42/inputs/fw/conscrypt.jar:/home/zhaoyue/a2hlab/ws/out-aot42/inputs/fw/okhttp.jar:/home/zhaoyue/a2hlab/ws/out-aot42/inputs/fw/bouncycastle.jar:/home/zhaoyue/a2hlab/ws/out-aot42/inputs/fw/apache-xml.jar:/home/zhaoyue/a2hlab/ws/out-aot42/inputs/fw/framework.jar:/home/zhaoyue/a2hlab/ws/out-aot42/inputs/fw/adapter-runtime-bcp.jar --runtime-arg -Xbootclasspath-locations:/system/framework/core-oj.jar:/system/framework/core-libart.jar:/system/framework/core-icu4j.jar:/system/framework/conscrypt.jar:/system/framework/okhttp.jar:/system/framework/bouncycastle.jar:/system/framework/apache-xml.jar:/system/framework/framework.jar:/system/framework/adapter-runtime-bcp.jar --class-loader-context=PCL[] --compilation-reason=install --android-root=/home/zhaoyue/a2hlab/ws/out-aot42/inputs --runtime-arg -Xms64m --runtime-arg -Xmx1024m -j4
[D2O-DBG] Before ErrorReporting
[D2O-DBG] About to call Setup()
[D2O-DBG] Setup() entered
[D2O-DBG] OpenFile returning true
[D2O-DBG] PrepareDirtyObjects done
[D2O-DBG] OpenFile returning true
[D2O-DBG] PreparePreloadedClasses done
[D2O-DBG] Creating QuickCompilerCallbacks
[D2O-DBG] QuickCompilerCallbacks created OK
[D2O-DBG] PrepareRuntimeOptions entered
[D2O-DBG] About to ParseOptions
[D2O-DBG] raw_options size=10 compiler_options=0x5555569049c0
nullptr I 09-25 14:27:01 1522993 1522993 parsed_options.cc:701] setting boot class path to /home/zhaoyue/a2hlab/ws/out-aot42/inputs/fw/core-oj.jar:/home/zhaoyue/a2hlab/ws/out-aot42/inputs/fw/core-libart.jar:/home/zhaoyue/a2hlab/ws/out-aot42/inputs/fw/core-icu4j.jar:/home/zhaoyue/a2hlab/ws/out-aot42/inputs/fw/conscrypt.jar:/home/zhaoyue/a2hlab/ws/out-aot42/inputs/fw/okhttp.jar:/home/zhaoyue/a2hlab/ws/out-aot42/inputs/fw/bouncycastle.jar:/home/zhaoyue/a2hlab/ws/out-aot42/inputs/fw/apache-xml.jar:/home/zhaoyue/a2hlab/ws/out-aot42/inputs/fw/framework.jar:/home/zhaoyue/a2hlab/ws/out-aot42/inputs/fw/adapter-runtime-bcp.jar
[D2O-DBG] OpenFile returning true
[D2O-DBG] About to CreateOatWriters
[D2O-DBG] CreateOatWriters done
ziparchive: +++ Found EOCD at buf+65535
ziparchive: +++ num_entries=24801 dir_size=2674598 dir_offset=135966720
ziparchive: +++ zip good scan 24801 entries
ziparchive: Zip: Unable to find entry classes22.dex
ziparchive: Zip: Could not find entry classes22.dex
ziparchive: Closing archive 0x555556917dc0
[D2O-DBG] OpenFile returning true
[D2O-DBG] AddDexFileSources done
[D2O-DBG] WriteAndOpenDexFiles loop, size=1
[D2O-DBG] WriteAndOpenDexFiles loop done, opened 21 dex files
[D2O-DBG] About to ValidateInputVdexChecksums
[D2O-DBG] ValidateInputVdexChecksums done
[D2O-DBG] About to CreateRuntime
[D2O-DBG] Runtime::Create about to be called
nullptr I 09-25 14:27:02 1522993 1522993 heap.cc:440] Using CollectorType(2) GC.
[IMG] LoadBootImage entered, image_locations=1
ziparchive: +++ Found EOCD at buf+65535
ziparchive: +++ num_entries=17 dir_size=1518 dir_offset=1925810
ziparchive: +++ zip good scan 17 entries
ziparchive: Zip: Unable to find entry classes2.dex
ziparchive: Zip: Could not find entry classes2.dex
ziparchive: Closing archive 0x555556918a10
ziparchive: +++ Found EOCD at buf+65535
ziparchive: +++ num_entries=1 dir_size=57 dir_offset=197850
ziparchive: +++ zip good scan 1 entries
ziparchive: Zip: Unable to find entry classes2.dex
ziparchive: Zip: Could not find entry classes2.dex
ziparchive: Closing archive 0x555556919f90
ziparchive: +++ Found EOCD at buf+65535
ziparchive: +++ num_entries=19 dir_size=1741 dir_offset=1077563
ziparchive: +++ zip good scan 19 entries
ziparchive: Zip: Unable to find entry classes2.dex
ziparchive: Zip: Could not find entry classes2.dex
ziparchive: Closing archive 0x555556919f90
ziparchive: +++ Found EOCD at buf+65535
ziparchive: +++ num_entries=1 dir_size=57 dir_offset=163395
ziparchive: +++ zip good scan 1 entries
ziparchive: Zip: Unable to find entry classes2.dex
ziparchive: Zip: Could not find entry classes2.dex
ziparchive: Closing archive 0x555556919f90
ziparchive: +++ Found EOCD at buf+65535
ziparchive: +++ num_entries=1 dir_size=57 dir_offset=148849
ziparchive: +++ zip good scan 1 entries
ziparchive: Zip: Unable to find entry classes2.dex
ziparchive: Zip: Could not find entry classes2.dex
ziparchive: Closing archive 0x55555691a720
ziparchive: +++ Found EOCD at buf+65535
ziparchive: +++ num_entries=1 dir_size=57 dir_offset=483711
ziparchive: +++ zip good scan 1 entries
ziparchive: Zip: Unable to find entry classes2.dex
ziparchive: Zip: Could not find entry classes2.dex
ziparchive: Closing archive 0x555556919f90
ziparchive: +++ Found EOCD at buf+65535
ziparchive: +++ num_entries=27 dir_size=2290 dir_offset=436910
ziparchive: +++ zip good scan 27 entries
ziparchive: Zip: Unable to find entry classes2.dex
ziparchive: Zip: Could not find entry classes2.dex
ziparchive: Closing archive 0x555556919f90
ziparchive: +++ Found EOCD at buf+65535
ziparchive: +++ num_entries=6 dir_size=347 dir_offset=16200729
ziparchive: +++ zip good scan 6 entries
ziparchive: Zip: Unable to find entry classes7.dex
ziparchive: Zip: Could not find entry classes7.dex
ziparchive: Closing archive 0x555556919f90
ziparchive: +++ Found EOCD at buf+65535
ziparchive: +++ num_entries=1 dir_size=57 dir_offset=198076
ziparchive: +++ zip good scan 1 entries
ziparchive: Zip: Unable to find entry classes2.dex
ziparchive: Zip: Could not find entry classes2.dex
ziparchive: Closing archive 0x555556919f90
[IMG] Reserving 0x6efa000 bytes at compiled address 0x70000000
[IMG] Reservation OK at 0x70000000
[IMG] Loaded /home/zhaoyue/a2hlab/ws/out-aot42/inputs/boot/boot.art at 0x70000000 (size=0x4b031c)
[IMG] Loaded /home/zhaoyue/a2hlab/ws/out-aot42/inputs/boot/boot-core-libart.art at 0x704b1000 (size=0x6c46c)
[IMG] Loaded /home/zhaoyue/a2hlab/ws/out-aot42/inputs/boot/boot-core-icu4j.art at 0x7051e000 (size=0x1c4594)
[IMG] Loaded /home/zhaoyue/a2hlab/ws/out-aot42/inputs/boot/boot-conscrypt.art at 0x706e3000 (size=0x54a40)
[IMG] Loaded /home/zhaoyue/a2hlab/ws/out-aot42/inputs/boot/boot-okhttp.art at 0x70738000 (size=0x446e0)
[IMG] Loaded /home/zhaoyue/a2hlab/ws/out-aot42/inputs/boot/boot-bouncycastle.art at 0x7077d000 (size=0x10bbe0)
[IMG] Loaded /home/zhaoyue/a2hlab/ws/out-aot42/inputs/boot/boot-apache-xml.art at 0x70889000 (size=0x18e684)
[IMG] Loaded /home/zhaoyue/a2hlab/ws/out-aot42/inputs/boot/boot-framework.art at 0x70a18000 (size=0x2c48fc4)
[IMG] Loaded /home/zhaoyue/a2hlab/ws/out-aot42/inputs/boot/boot-adapter-runtime-bcp.art at 0x73661000 (size=0x54fc0)
[IMG] MaybeRelocateSpaces: actual=0x70000000 compiled=0x70000000 diff=0
[IMG] DoRelocateSpaces entered, spaces=9 diff=0
[D2O-DBG] OpenFile returning true
nullptr W 09-25 14:27:04 1522993 1522993 class_verifier.cc:167] Method void com.ss.android.article.news.PrefetchHeaderAndFooterRecyclerViewAdapter.onBindViewHolder(androidx.recyclerview.widget.RecyclerView$ViewHolder, int) failed lock verification and will run slower.
nullptr W 09-25 14:27:04 1522993 1522993 class_verifier.cc:167] Common causes for lock verification issues are non-optimized dex code
nullptr W 09-25 14:27:04 1522993 1522993 class_verifier.cc:167] and incorrect proguard optimizations.
nullptr W 09-25 14:27:04 1522993 1523010 class_verifier.cc:167] Method void com.ss.android.ugc.detail.detail.widget.SwipeFlingScaleLayout.dispatchDraw(android.graphics.Canvas) failed lock verification and will run slower.
nullptr W 09-25 14:27:05 1522993 1523009 method_verifier.cc:5118] Verification error in void ms.bd.c.t4.<init>()
nullptr W 09-25 14:27:05 1522993 1523009 method_verifier.cc:5118] void ms.bd.c.t4.<init>() failed to verify: void ms.bd.c.t4.<init>(): [0x33] 'this' argument 'Reference: ms.bd.c.t4' not instance of 'Reference: java.lang.Thread'
nullptr W 09-25 14:27:05 1522993 1523009 method_verifier.cc:5118] 
nullptr W 09-25 14:27:05 1522993 1523010 class_verifier.cc:167] Method void X.Qws.j(X.Qwu) failed lock verification and will run slower.
nullptr W 09-25 14:27:06 1522993 1522993 method_verifier.cc:5118] Verification error in void ms.bd.c.s2.d()
nullptr W 09-25 14:27:06 1522993 1522993 method_verifier.cc:5118] void ms.bd.c.s2.d() failed to verify: void ms.bd.c.s2.d(): [0x45] 'this' argument 'Reference: ms.bd.c.s2' not instance of 'Reference: java.lang.Thread'
nullptr W 09-25 14:27:06 1522993 1522993 method_verifier.cc:5118] 
nullptr W 09-25 14:27:07 1522993 1523010 class_verifier.cc:167] Method boolean com.vv.VvPushAdapter.requestNotificationPermission(java.lang.String, int, android.view.View, boolean, X.BjI) failed lock verification and will run slower.
nullptr I 09-25 14:27:27 1522993 1523010 compiler.cc:47] Method exceeds compiler instruction limit: 18865 in void X.RMX.<init>()
nullptr I 09-25 14:27:49 1522993 1522993 heap.cc:2959] Explicit concurrent mark sweep GC freed 224MB AllocSpace bytes, 0(0B) LOS objects, 99% free, 7392B/24MB, paused 225us total 23.762ms
[D2O-DBG] OpenFile returning true
[D2O-DBG] OpenFile returning true
[D2O-DBG] OpenFile returning true
[D2O-DBG] OpenFile returning true
[D2O-DBG] OpenFile returning true
[D2O-DBG] OpenFile returning true
nullptr W 09-25 14:28:03 1522993 1522993 image_writer.cc:667] Post-fixup: scanned methods, fixed 0 invalid entry points
[D2O-DBG] OpenFile returning true
[D2O-DBG] OpenFile returning true
[D2O-DBG] OpenFile returning true
[D2O-DBG] OpenFile returning true
[D2O-DBG] OpenFile returning true
nullptr I 09-25 14:28:03 1522993 1522993 dex2oat.cc:2958] dex2oat took 62.469s (181.585s cpu) (threads: 4) arena alloc=30MB (31773104B) java alloc=7392B (7392B) native alloc=1115MB (1170067664B) free=201MB (211525424B)
