[AppSpawnX] [CHILD] native stderr redirected to /data/local/tmp/adapter_child_30889.stderr
[AppSpawnX][W] [CHILD] oh_typeface_mark_child unavailable — Typeface real-init won't fire (font rendering will degrade): do_dlsym failed: Symbol not found: oh_typeface_mark_child, version: null so=/data/local/tmp/asx/liboh_hwui_shim.so
[AppSpawnX] applyAccessToken: id=0x200ea867 apl=normal
[AppSpawnX] applyAccessToken: SetSelfTokenID(0x200ea867) OK
[WESTLAKE-APP-PRIV] cpuProfile=top-app before app credentials uid=0
[AppSpawnX] Applying DAC: uid=20010053 gid=20010053 gids_count=1
[AppSpawnX][D] Set 4 supplementary groups (incl netsys_socket 1097, inet 3003/3004)
[AppSpawnX] [NET-FIX] granted oh_sock_permission_map[20010053]=1 at spawn (rc=32512)
[AppSpawnX][D] Set GID to 20010053
[AppSpawnX][D] Set UID to 20010053
[AppSpawnX] DAC applied: running as uid=20010053 gid=20010053
[AppSpawnX] Setting up sandbox for org.westlake.imehost
[AppSpawnX][D] Sandbox setup: TODO – filesystem isolation not yet implemented
[AppSpawnX][D]   APK path: 
[AppSpawnX][D]   Native libs: 
[AppSpawnX][D]   Bundle data: /data/data/org.westlake.imehost/
[AppSpawnX] applySELinux: apl=normal pkg=org.westlake.imehost hapFlags=0 uid=20010053
[AppSpawnX] applySELinux: child secon transitioned successfully (apl=normal)
[WESTLAKE-APP-PRIV] cpu affinity=0-5 reserve=2
[WESTLAKE-APP-PRIV] finalized uid=20010053 CapEff=0 CapPrm=0 boundingDropped=41 niceFloor=-4 cpuProfile=top-app
[AppSpawnX] [ZYG] >>> ZygoteHooks.postForkChild() (child)
nullptr I 09-26 06:37:30 30889 30889 heap.cc:4755] Using CollectorType(2) GC.
nullptr W 09-26 06:37:30 30889 30889 jit_memory_region.cc:152] [WESTLAKE-OH-JIT] memfd RX denied (13); using ART anonymous cache with RWX updates permitted by caller
nullptr D 09-26 06:37:30 30889 30889 reporter.cc:65] Received session metadata: 4379364391132462479
[AppSpawnX] [ZYG] <<< ZygoteHooks.postForkChild() OK
[AppSpawnX] [ZYG] >>> ZygoteHooks.postForkCommon()
[AppSpawnX] [ZYG] <<< ZygoteHooks.postForkCommon() OK
[AppSpawnX] [CHILD] post-fork framework services installed
[CHILD] SigchainStartReassert not found
[AppSpawnX] Child post-fork initialization starting
[AppSpawnX][D] Thread already attached to VM in child process
[AppSpawnX] Child post-fork initialization complete (OH IPC mode)
[CHILD] startReg re-register: libRt=0x3c7cbc922ef578df (ok)
[liboh_android_runtime] startReg entering (38 modules)
[liboh_android_runtime] cached JavaVM=0x7fa4047ca0
[liboh_android_runtime]   ok register_android_util_Log
[WESTLAKE-504] libcore.io.Memory bound 3/3 (essential failures=0)
[liboh_android_runtime]   ok register_libcore_io_Memory
[liboh_android_runtime]   ok register_westlake_class_library_services
SOURCE_LIBCORE_LINUX_REGISTERED
[liboh_android_runtime]   ok register_westlake_linux_memory
[liboh_android_runtime] register_android_util_EventLog: 7 methods (5 writeEvent overloads + 2 readEvents)
[liboh_android_runtime]   ok register_android_util_EventLog
[liboh_android_runtime]   ok register_android_app_Activity
[liboh_android_runtime]   ok register_android_os_SystemProperties
[liboh_android_runtime]   ok register_android_os_Trace
[liboh_android_runtime]   ok register_android_os_Process
[liboh_android_runtime]   ok register_android_os_incremental_IncrementalManager
[liboh_android_runtime]   ok register_android_os_SystemClock
[liboh_android_runtime]   ok register_android_os_Binder
[liboh_android_runtime]   ok register_android_os_Parcel
[liboh_android_runtime]   ok register_android_hardware_HardwareBuffer
[liboh_android_runtime]   ok register_android_hardware_OverlayProperties
[liboh_android_runtime]   ok register_android_os_SharedMemory
[liboh_android_runtime]   ok register_android_view_SurfaceControl
[liboh_android_runtime] register_android_view_SurfaceSession: 2 methods (nativeCreate, nativeDestroy)
[liboh_android_runtime]   ok register_android_view_SurfaceSession
[WESTLAKE-SURFACETEXTURE] registered 12/12 JNI methods
[liboh_android_runtime]   ok register_android_graphics_SurfaceTexture_oh
[WESTLAKE-TEXTUREVIEW] register rc=0
[liboh_android_runtime]   ok register_android_view_TextureView_oh
[liboh_android_runtime] register_android_view_DisplayEventReceiver: 4 methods (Init, Finalizer, ScheduleVsync, GetLatestVsyncEventData)
[liboh_android_runtime]   ok register_android_view_DisplayEventReceiver
[liboh_android_runtime] register_android_view_InputChannel: 8 methods (NO_INPUT_EVENT_TRANSPORT baseline)
[liboh_android_runtime]   ok register_android_view_InputChannel
[liboh_android_runtime]   ok register_android_view_KeyCharacterMap
[liboh_android_runtime]   ok register_android_view_MotionEvent
[liboh_android_runtime]   ok register_android_view_VelocityTracker
[liboh_android_runtime]   ok register_android_view_InputEventReceiver
[liboh_android_runtime]   ok register_android_content_AssetManager
[liboh_android_runtime]   ok register_android_os_MessageQueue
[liboh_android_runtime]   ok register_android_content_res_ApkAssets
[liboh_android_runtime]   ok register_android_content_StringBlock
[liboh_android_runtime]   ok register_android_content_XmlBlock
[liboh_android_runtime]   ok register_com_android_internal_os_ClassLoaderFactory
[liboh_android_runtime]   ok register_com_android_internal_util_VirtualRefBasePtr
[liboh_android_runtime]   ok register_android_os_GraphicsEnvironment
[liboh_android_runtime]   ok register_libcore_util_NativeAllocationRegistry_guard
[liboh_android_runtime]   ok register_android_animation_PropertyValuesHolder
[SQLiteConnection] registered 31/31 framework-declared natives
[liboh_android_runtime]   ok register_android_database_SQLiteConnection
[liboh_android_runtime]   ok register_android_database_CursorWindow
[liboh_android_runtime] kRegJNI loop done: 38 ok, 0 failed
[liboh_android_runtime] dlopen libhwui.so OK
[SOURCE-HWUI] register module 1/52
[SOURCE-HWUI] register module 2/52
[SOURCE-HWUI] register module 3/52
[SOURCE-HWUI] register module 4/52
[SOURCE-HWUI] register module 5/52
[SOURCE-HWUI] register module 6/52
[SOURCE-HWUI] register module 7/52
[SOURCE-HWUI] register module 8/52
[SOURCE-HWUI] register module 9/52
[SOURCE-HWUI] register module 10/52
[SOURCE-HWUI] register module 11/52
[SOURCE-HWUI] register module 12/52
[SOURCE-HWUI] register module 13/52
[SOURCE-HWUI] register module 14/52
[SOURCE-HWUI] register module 15/52
[SOURCE-HWUI] register module 16/52
[SOURCE-HWUI] register module 17/52
[SOURCE-HWUI] register module 18/52
[SOURCE-HWUI] register module 19/52
[SOURCE-HWUI] register module 20/52
[SOURCE-HWUI] register module 21/52
[SOURCE-HWUI] register module 22/52
[SOURCE-HWUI] register module 23/52
[SOURCE-HWUI] register module 24/52
[SOURCE-HWUI] register module 25/52
[SOURCE-HWUI] register module 26/52
[SOURCE-HWUI] register module 27/52
[SOURCE-HWUI] register module 28/52
[SOURCE-HWUI] register module 29/52
[SOURCE-HWUI] register module 30/52
[SOURCE-HWUI] register module 31/52
[SOURCE-HWUI] register module 32/52
[SOURCE-HWUI] register module 33/52
[SOURCE-HWUI] register module 34/52
[SOURCE-HWUI] register module 35/52
[SOURCE-HWUI] register module 36/52
[SOURCE-HWUI] register module 37/52
[SOURCE-HWUI] register module 38/52
[SOURCE-HWUI] register module 39/52
[SOURCE-HWUI] register module 40/52
[SOURCE-HWUI] register module 41/52
[SOURCE-HWUI] register module 42/52
[SOURCE-HWUI] register module 43/52
[SOURCE-HWUI] register module 44/52
[SOURCE-HWUI] register module 45/52
[SOURCE-HWUI] register module 46/52
[SOURCE-HWUI] register module 47/52
[SOURCE-HWUI] register module 48/52
[SOURCE-HWUI] register module 49/52
[SOURCE-HWUI] register module 50/52
[SOURCE-HWUI] register module 51/52
[SOURCE-HWUI] register module 52/52
[liboh_android_runtime] source HWUI canonical registration PASS
[WESTLAKE-677] sensorless SystemSensorManager boundary managerRc=0 queueRc=0
[WESTLAKE-414] KeyEvent.nativeNextId RegisterNatives rc=0
[WESTLAKE-416] seeded ServiceManager.sCache['user'] (replaced=1 threw=0)
[WESTLAKE-416] seeded ServiceManager.sCache['shortcut'] (replaced=1 threw=0)
[WESTLAKE-416] seeded ServiceManager.sCache['notification'] (replaced=1 threw=0)
[WESTLAKE-416] seeded ServiceManager.sCache['content'] (replaced=1 threw=0)
[WESTLAKE-468] RegisterNatives(android/media/audiopolicy/AudioProductStrategy.native_list_audio_product_strategies) rc=0
[WESTLAKE-468] RegisterNatives(android/media/audiopolicy/AudioVolumeGroup.native_list_audio_volume_groups) rc=0
[WESTLAKE-678] RegisterNatives(AudioPortEventHandler setup/finalize) rc=0
[WESTLAKE-679] RegisterNatives(AudioSystem empty ports/patches) rc=0
[WESTLAKE-494] register_MediaCodec_shim rc=0
[WESTLAKE-467] media session: installed media_session, queryLocalInterface=OK; fetcher: already registered
[WESTLAKE-454] shortcut service: installed, queryLocalInterface=OK
[liboh_android_runtime] startReg exiting (ok)
[CHILD] re-ran startReg in child, rc=0
[AppSpawnX] Initializing adapter layer (OHEnvironment)
[WESTLAKE-WEBVIEW-PROVIDER] primed ServiceManager webviewupdate cache public-readback=OK
[WESTLAKE-WEBVIEW-FEATURE] application=pending feature=held-unsupported
[WESTLAKE-WEBVIEW-PROVIDER] startup service cache=OK previous=null
[WESTLAKE-WEBVIEW-STARTUP] mandatory child cache=OK
[WESTLAKE-WMC] hop1 GetSessionManagerService: SendRequest err=0 status=0 -> obj=0x7fad285650 descriptor='OHOS.ISessionManagerService'
[WESTLAKE-WMC] hop2 GetSceneSessionManager: SendRequest err=0 status=0 -> obj=0x7fad2857e0 descriptor='OHOS.ISceneSessionManager'
[WESTLAKE-WMC] SceneSessionManager acquired
[AppSpawnX] Adapter layer initialized successfully
[AppSpawnX] Launching ActivityThread for org.westlake.imehost
[CM-BIGSTACK] java thread stack = 8 MB
[CM-BIGSTACK] launcher DetachCurrentThread before join rc=0
[WESTLAKE-APP-PRIV] ActivityThread nice=-4
[CM-BIGSTACK] ActivityThread on dedicated pthread, stack=8390992 bytes
[CHILD-SECURITY] source runtime uses Conscrypt/OhTrustBridge; legacy WestlakeJSSE skipped
[AppSpawnX] Launching target class: android.app.ActivityThread (proc=org.westlake.imehost, sdkVersion=0)
[AppSpawnX] Calling AppSpawnXInit.initChild("org.westlake.imehost", "android.app.ActivityThread", 0)
[AppSpawnX] [CHILD_CK] CK_BEFORE_initChild_call (about to enter Java)
[CHILD] EnsureFrontOfChain(SEGV/BUS) before initChild: symbol-missing
[SOURCE-JAVA] AppSpawnXJava: [FIX-AII] J_initChild_TOP proc=org.westlake.imehost
[SOURCE-JAVA] AppSpawnXJava: [FIX-AII] Resources.getSystem() = non-null
[SOURCE-JAVA] AppSpawnXJava: [B35-J] redirectLogStreamsToHiLog probe
[SOURCE-JAVA] AppSpawnXJava: [B32-J] J_initChild_entry proc=org.westlake.imehost
[SOURCE-JAVA] AppSpawnXJava: [B32-J] J_before_setArgV0
[SOURCE-JAVA] AppSpawnXJava: [B32-J] J_after_setArgV0
[SOURCE-JAVA] AppSpawnXJava: [B32-J] J_after_setTargetSdkVersion
[SOURCE-JAVA] AppSpawnXJava: [B32-J] J_after_initCommonRuntime
[WESTLAKE-WEBVIEW-PROVIDER] primed ServiceManager webviewupdate cache public-readback=OK
[WESTLAKE-WEBVIEW-FEATURE] application=pending feature=held-unsupported
[WESTLAKE-WEBVIEW-PROVIDER] startup service cache=OK previous=same
[WESTLAKE-WEBVIEW-STARTUP] mandatory child cache=OK
[WESTLAKE-WMC] hop1 GetSessionManagerService: SendRequest err=0 status=0 -> obj=0x7fad285970 descriptor='OHOS.ISessionManagerService'
[WESTLAKE-WMC] hop2 GetSceneSessionManager: SendRequest err=0 status=0 -> obj=0x7fad2857e0 descriptor='OHOS.ISceneSessionManager'
[WESTLAKE-WMC] SceneSessionManager acquired
[SOURCE-JAVA] AppSpawnXJava: [B32-J] J_after_initAdapterLayer
[SOURCE-JAVA] AppSpawnXJava: [B32-J] J_before_installActivityManagerStub
[AdapterIAM] real adapter ctor FAILED, falling back to Proxy stub: java.lang.RuntimeException: direct-launch: skipping real AMS adapter (samgr)
[AdapterIAM-stub_MPS] m1_before_loadIface android.app.IActivityManager
[AdapterIAM-stub_MPS] m2_loaded_iface=interface android.app.IActivityManager
[AdapterIAM-stub_MPS] m3_loaded_iBinder
[AdapterIAM-stub_MPS] m4_made_handler
[AdapterIAM-stub_MPS] m5_proxy_made=AdapterIAM-stub
[AdapterIAM] IActivityManagerSingleton.mInstance installed = AdapterIAM-stub
[SOURCE-JAVA] AppSpawnXJava: [B32-J] J_after_installActivityManagerStub
[AdapterIPM] real PackageManagerAdapter (getInstance singleton): adapter.packagemanager.PackageManagerAdapter@8ff00a8
[AdapterIPM] ActivityThread.sPackageManager installed = adapter.packagemanager.PackageManagerAdapter@8ff00a8
[SOURCE-JAVA] AppSpawnXJava: [B32-J] J_after_installPackageManagerStub
[AdapterIWM] real WindowManagerAdapter (getInstance singleton): adapter.window.WindowManagerAdapter@b6a7c1
[AdapterIWM] WindowManagerGlobal.sWindowManagerService installed = adapter.window.WindowManagerAdapter@b6a7c1
[SOURCE-JAVA] AppSpawnXJava: [B32-J] J_after_installWindowManagerStub
[OH_IIMAdapter] instantiated, nativeBridge=0x7fa1a76650
[AdapterIIM] real InputManagerAdapter (getInstance singleton): adapter.window.InputManagerAdapter@5286b66
[AdapterIIM] InputManagerGlobal.sService not found: java.lang.NoSuchFieldException: No field sService in class Landroid/hardware/input/InputManagerGlobal; (declaration of 'android.hardware.input.InputManagerGlobal' appears in /system/framework/framework.jar!classes2.dex)
[AdapterIIM] InputManagerGlobal sInstance=android.hardware.input.InputManagerGlobal@9d2fea7 sService=adapter.window.InputManagerAdapter@5286b66
[SOURCE-JAVA] AppSpawnXJava: [B32-J] J_after_installInputManagerAdapter
[AdapterIAudioSvc] AudioManager.sService stamped with Proxy stub=IAudioServiceStub@3bfd7f2
[SOURCE-JAVA] AppSpawnXJava: [B32-J] J_after_installAudioServiceStub
[JobSchedulerStub] installed local scheduler for jobscheduler
[SOURCE-JAVA] AppSpawnXJava: [B32-J] J_after_installJobSchedulerStub
[AdapterISM] CK1_enter (B.14 real OHServiceManager)
[OHServiceManager] instantiated (real-routed adapter, not Proxy)
[AdapterISM] CK2_after_OHServiceManager_new = adapter.core.OHServiceManager@c4f1b9f
[AdapterISM] CK3_installed sServiceManager = adapter.core.OHServiceManager@c4f1b9f
[AdapterISM] webviewupdate service cache=OK
[SOURCE-JAVA] AppSpawnXJava: [B32-J] J_after_installServiceManagerAdapter
[WESTLAKE-WEBVIEW-PROVIDER] primed ServiceManager webviewupdate cache public-readback=OK
[WESTLAKE-WEBVIEW-FEATURE] application=pending feature=held-unsupported
[WESTLAKE-WEBVIEW-PROVIDER] startup service cache=OK previous=same
[WESTLAKE-WEBVIEW-STARTUP] checkpoint=[B32-J] J_after_installServiceManagerAdapter result=OK
[SOURCE-JAVA] AppSpawnXJava: [WESTLAKE-CONTENT] published local IContentService
[SOURCE-JAVA] AppSpawnXJava: [B32-J] J_after_installContentServiceAdapter
[WESTLAKE-STORAGE-750] published local mount service OHStorageManagerAdapter@47e3d8
[SOURCE-JAVA] AppSpawnXJava: [B32-J] J_after_installStorageManagerAdapter
[AdapterIACC] CK1_enter (real Adapter extends Stub)
[AdapterIACC] CK2_real Adapter (getInstance singleton) = adapter.activity.ActivityClientControllerAdapter@7180331
[AdapterIACC] CK3_installed mKnownInstance = adapter.activity.ActivityClientControllerAdapter@7180331
[AdapterIACC] CK4_installed Singleton.mInstance = adapter.activity.ActivityClientControllerAdapter@7180331
[SOURCE-JAVA] AppSpawnXJava: [B32-J] J_after_installActivityClientControllerStub
[SettingsCache] enter
[SettingsCache] installSettingsContentProviderStub enter
[SettingsCache]   injected mContentProvider into android.provider.Settings$Global holder
[SettingsCache]   injected mContentProvider into android.provider.Settings$Secure holder
[SettingsCache]   injected mContentProvider into android.provider.Settings$System holder
[SettingsCache] IContentProvider Proxy installed in 3 holders
[SettingsCache] OK android.provider.Settings$Global populated 5 keys, sample=1
[SettingsCache] OK android.provider.Settings$Secure populated 3 keys, sample=0
[SettingsCache] OK android.provider.Settings$System populated 2 keys, sample=0
[SOURCE-JAVA] AppSpawnXJava: [B32-J] J_after_preInitSettingsCache
[InitSysAM] current sSystemApkAssets length=1
[InitSysAM] post-init sSystem apkPaths=[/data/local/tmp/asx/framework-res.apk]  (should be exactly 1 framework-res, no duplicates)
[SOURCE-JAVA] AppSpawnXJava: [B32-J] J_after_installAdapters
[SOURCE-JAVA] AppSpawnXJava: [B32-J] J_direct_launch_armed pkg=com.ss.android.article.news apk=/data/local/tmp/asx/toutiao.apk act=com.ss.android.article.news.activity.MainActivity
[SOURCE-JAVA] AppSpawnXJava: [B32-J] J_before_invokeStaticMain target=android.app.ActivityThread
[CHILD_CK] J_invokeStaticMain_entry className=android.app.ActivityThread
[CHILD_CK] J_invokeStaticMain_classForName_OK
[CHILD_CK] J_invokeStaticMain_getMethod_OK
[CHILD_CK] J_probe_complete
[CHILD_CK] J_invokeStaticMain_BEFORE_main_invoke
[AdapterIAM-stub] attachApplication (no-op)
[TOUCH21-QUEUE] now=103255945 tid=30910 timeout=0
[TOUCH21-QUEUE] 0 { when=-1ms callback=com.android.internal.os.AppSpawnXInit$DirectLaunchTask target=android.os.Handler }
[TOUCH21-POLL] enter now=103256003 tid=30910 ptr=0x7fad1c8fd0 looper=0x7fa6f4c6e0 timeout=0
[TOUCH21-POLL] exit now=103256003 tid=30910 ptr=0x7fad1c8fd0
[DIRECT-LAUNCH] START pkg=com.ss.android.article.news apk=/data/local/tmp/asx/toutiao.apk act=com.ss.android.article.news.activity.MainActivity uid=20010053 sdk=0
[SOURCE-NATIVE-LOAD] path=/data/local/tmp/asx/liboh_account_state.so search=/data/local/tmp/asx:/system/lib64:/system/lib64/platformsdk:/system/lib64/chipset-sdk:/system/lib64/chipset-sdk-sp:/system/lib64/ndk:/vendor/lib64/chipsetsdk:/vendor/lib64/hw:/vendor/lib64:/data/local/tmp/asx/lib/arm64-v8a:/data/local/tmp/asx/webview-t-lib
[SOURCE-NATIVE-LOADER] path=/data/local/tmp/asx/liboh_account_state.so class_paths=<none>
[SOURCE-NATIVE-ABI] errno=0x7fa2086598 provider=/data/local/tmp/asx/webview-t-lib/libwebview_bionic_shim.so
[SOURCE-USER] androidUser=200 ohAccount=100 active=1 storageVerified=1
[OHServiceManager] getService("permissionmgr") → adapter (real-routed)
[SOURCE-PACKAGE] parsed com.ss.android.article.news uid=20010053 version=13900 targetSdk=30 nativeLibraryDir=/data/local/tmp/asx/lib/arm64-v8a
[WESTLAKE-PM] split APKs com.ss.android.article.news source=scanned count=0 paths=[]
[DIRECT-LAUNCH] ApplicationInfo built, sourceDir=/data/local/tmp/asx/toutiao.apk splits=0
[B43-BIND] ensureBindApplication start bundle=com.ss.android.article.news
[B43-BIND] resolved ApplicationInfo pkg=com.ss.android.article.news uid=20010053 process=com.ss.android.article.news targetSdk=30 sourceDir=/data/local/tmp/asx/toutiao.apk nativeLibraryDir=/data/local/tmp/asx/lib/arm64-v8a
[SOURCE-NATIVE-LOAD] path=/data/local/tmp/asx/libwl_missing_natives.so search=/data/local/tmp/asx:/system/lib64:/system/lib64/platformsdk:/system/lib64/chipset-sdk:/system/lib64/chipset-sdk-sp:/system/lib64/ndk:/vendor/lib64/chipsetsdk:/vendor/lib64/hw:/vendor/lib64:/data/local/tmp/asx/lib/arm64-v8a:/data/local/tmp/asx/webview-t-lib
[SOURCE-NATIVE-LOADER] path=/data/local/tmp/asx/libwl_missing_natives.so class_paths=<none>
[SOURCE-NATIVE-ABI] errno=0x7fa2086598 provider=/data/local/tmp/asx/webview-t-lib/libwebview_bionic_shim.so
[WL-NATIVES] bound Math=23/23 StrictMath=20/20 SurfaceControl=1/1
[WL-JAVACORE] libcore natives loaded for the boot loader
[SOURCE-NATIVE-LOAD] path=/data/local/tmp/asx/libwl_opengl_jni.so search=/data/local/tmp/asx:/system/lib64:/system/lib64/platformsdk:/system/lib64/chipset-sdk:/system/lib64/chipset-sdk-sp:/system/lib64/ndk:/vendor/lib64/chipsetsdk:/vendor/lib64/hw:/vendor/lib64:/data/local/tmp/asx/lib/arm64-v8a:/data/local/tmp/asx/webview-t-lib
[SOURCE-NATIVE-LOADER] path=/data/local/tmp/asx/libwl_opengl_jni.so class_paths=<none>
[SOURCE-NATIVE-ABI] errno=0x7fa2086598 provider=/data/local/tmp/asx/webview-t-lib/libwebview_bionic_shim.so
[WL-OPENGL] registered EGLImpl=ok GLImpl=ok GLES10=ok GLES10Ext=ok GLES11=ok GLES11Ext=ok GLES20=ok GLES30=ok GLES31=ok GLES31Ext=ok GLES32=ok
[WL-KEYSTORE] installed software AndroidKeyStore provider, keys in /data/data/com.ss.android.article.news/no_backup/westlake-android-keystore
[OH_DisplayMgrAdapter] instantiated (real-routed via OH Rosen DisplayManager)
[B43] Configuration: locale=en_US fontScale=1.0 densityDpi=360 orient=1 uiMode=0x11
[B43-BIND] providers populated: 43
[B43-BIND] compat: targetSdk=30 disabled 250 of 290 gated changes
[B43-BIND] AppBindData constructed (real Configuration + flags + autofill defaults)
[B43-BIND] mCoreSettings seeded (TIME_12_24=null, keys=0)
[OHServiceManager] getService("network_management") → null (stub — see doc/shortcuts_inventory.html#chC)
nullptr E 09-26 06:37:32 30889 30910 oat_file_assistant.cc:675] Could not check odex file /data/misc/apexdata/com.android.art/dalvik-cache/arm64/data@local@tmp@asx@toutiao.apk@classes.odex: Permission denied
ziparchive: Unable to open '/data/local/tmp/asx/toutiao.dm': No such file or directory
ziparchive: Closing archive 0x7fad37b950
ziparchive: +++ Found EOCD at buf+65535
ziparchive: +++ num_entries=24801 dir_size=2674598 dir_offset=135966720
ziparchive: +++ zip good scan 24801 entries
ziparchive: Zip: Unable to find entry classes22.dex
ziparchive: Zip: Could not find entry classes22.dex
ziparchive: Closing archive 0x7fad37ba10
ziparchive: +++ Found EOCD at buf+65535
ziparchive: +++ num_entries=24801 dir_size=2674598 dir_offset=135966720
ziparchive: +++ zip good scan 24801 entries
ziparchive: Zip: Unable to find entry classes22.dex
ziparchive: Zip: Could not find entry classes22.dex
ziparchive: Closing archive 0x7fad37bcb0
ziparchive: +++ Found EOCD at buf+65535
ziparchive: +++ num_entries=24801 dir_size=2674598 dir_offset=135966720
ziparchive: +++ zip good scan 24801 entries
ziparchive: Zip: Unable to find entry classes22.dex
ziparchive: Zip: Could not find entry classes22.dex
ziparchive: Closing archive 0x7fad1c8b50
[B43-BIND] WebView support hold released (was false)
[SOURCE-NATIVE-LOAD] path=libstats_jni.so search=/data/local/tmp/asx:/system/lib64:/system/lib64/platformsdk:/system/lib64/chipset-sdk:/system/lib64/chipset-sdk-sp:/system/lib64/ndk:/vendor/lib64/chipsetsdk:/vendor/lib64/hw:/vendor/lib64:/data/local/tmp/asx/lib/arm64-v8a:/data/local/tmp/asx/webview-t-lib
[SOURCE-NATIVE-LOADER] path=libstats_jni.so class_paths=<none>
[SOURCE-NATIVE-ABI] errno=0x7fa2086598 provider=/data/local/tmp/asx/webview-t-lib/libwebview_bionic_shim.so
[OHServiceManager] getService("display") → adapter (real-routed)
[OHServiceManager] getService("network_management") → null (stub — see doc/shortcuts_inventory.html#chC)
[SOURCE-NATIVE-LOAD] path=/data/local/tmp/asx/liboh_connectivity_state.so search=/data/local/tmp/asx:/system/lib64:/system/lib64/platformsdk:/system/lib64/chipset-sdk:/system/lib64/chipset-sdk-sp:/system/lib64/ndk:/vendor/lib64/chipsetsdk:/vendor/lib64/hw:/vendor/lib64:/data/local/tmp/asx/lib/arm64-v8a:/data/local/tmp/asx/webview-t-lib
[SOURCE-NATIVE-LOADER] path=/data/local/tmp/asx/liboh_connectivity_state.so class_paths=<none>
[SOURCE-NATIVE-ABI] errno=0x7fa2086598 provider=/data/local/tmp/asx/webview-t-lib/libwebview_bionic_shim.so
[OhConnectivityState] loaded source OH network helper from /data/local/tmp/asx/liboh_connectivity_state.so
[OhConnectivityState] kernel route enumeration iface=wlan0 index=33 netlink=4 phase=7 routes=4 uid=20010053
[OhConnectivityState] OH direct default link reconciliation netId=119 iface=wlan0 oh_counts=3/2/0 observed_counts=4/2/4 merged_counts=7/4/4 mtu=1500
[OhConnectivityState] OH proxy/permission probe rc=0 configured=0 port=0 self_network_info=1 uid=20010053
[OhConnectivityState] OH snapshot ok=true available=true backend=oh-netconn netId=119 iface=wlan0 mtu=1500 caps=0x19000 bearers=0x2 metered=true counts=4/2/4 proxy=0/false rc=0/0/0/0/0
[AdapterCM] connectivity service bound to OH state: ok=true available=true backend=oh-netconn netId=119 iface=wlan0 mtu=1500 caps=0x19000 bearers=0x2 metered=true counts=4/2/4 proxy=0/false rc=0/0/0/0/0
[OHServiceManager] getService("connectivity") → adapter (real-routed)
[OHServiceManager] getService("connectivity") → adapter (real-routed)
[SOURCE-NATIVE-LOAD] path=libframework-connectivity-jni.so search=/data/local/tmp/asx:/system/lib64:/system/lib64/platformsdk:/system/lib64/chipset-sdk:/system/lib64/chipset-sdk-sp:/system/lib64/ndk:/vendor/lib64/chipsetsdk:/vendor/lib64/hw:/vendor/lib64:/data/local/tmp/asx/lib/arm64-v8a:/data/local/tmp/asx/webview-t-lib
[SOURCE-NATIVE-LOADER] path=libframework-connectivity-jni.so class_paths=<none>
[SOURCE-NATIVE-ABI] errno=0x7fa2086598 provider=/data/local/tmp/asx/webview-t-lib/libwebview_bionic_shim.so
[AdapterCM] call getProxyForNetwork
[SOURCE-NATIVE-LOAD] path=libframework-connectivity-tiramisu-jni.so search=/data/local/tmp/asx:/system/lib64:/system/lib64/platformsdk:/system/lib64/chipset-sdk:/system/lib64/chipset-sdk-sp:/system/lib64/ndk:/vendor/lib64/chipsetsdk:/vendor/lib64/hw:/vendor/lib64:/data/local/tmp/asx/lib/arm64-v8a:/data/local/tmp/asx/webview-t-lib
[SOURCE-NATIVE-LOADER] path=libframework-connectivity-tiramisu-jni.so class_paths=<none>
[SOURCE-NATIVE-ABI] errno=0x7fa2086598 provider=/data/local/tmp/asx/webview-t-lib/libwebview_bionic_shim.so
[OHServiceManager] getService("netstats") → null (stub — see doc/shortcuts_inventory.html#chC)
[WESTLAKE-STORAGE-750] getVolumeList user=200 package=com.ss.android.article.news root=/data/data/com.ss.android.article.news/external writable=true
[WESTLAKE-LOCAL-SERVICE] appops bound in process
[OHServiceManager] getService("appops") → adapter (real-routed)
[SOURCE-NATIVE-LOAD] path=/data/local/tmp/asx/lib/arm64-v8a/libsafe-mode-native-lib.so search=/data/local/tmp/asx:/system/lib64:/system/lib64/platformsdk:/system/lib64/chipset-sdk:/system/lib64/chipset-sdk-sp:/system/lib64/ndk:/vendor/lib64/chipsetsdk:/vendor/lib64/hw:/vendor/lib64:/data/local/tmp/asx/lib/arm64-v8a:/data/local/tmp/asx/webview-t-lib
[SOURCE-NATIVE-LOADER] path=/data/local/tmp/asx/lib/arm64-v8a/libsafe-mode-native-lib.so class_paths=/data/local/tmp/asx/lib/arm64-v8a:/data/local/tmp/asx/toutiao.apk!/lib/arm64-v8a
[SOURCE-NATIVE-ABI] errno=0x7fa2086598 provider=/data/local/tmp/asx/webview-t-lib/libwebview_bionic_shim.so
[WESTLAKE-WEBVIEW-SIGNAL] sigaction #1 signal=4 flags=0x18000004 callback=0x7ef2480b28 rc=0 errno=22
[WESTLAKE-WEBVIEW-SIGNAL] sigaction #2 signal=5 flags=0x18000004 callback=0x7ef2480b28 rc=0 errno=22
[WESTLAKE-WEBVIEW-SIGNAL] sigaction #3 signal=6 flags=0x18000004 callback=0x7ef2480b28 rc=0 errno=22
[WESTLAKE-WEBVIEW-SIGNAL] sigaction #4 signal=7 flags=0x18000004 callback=0x7ef2480b28 rc=0 errno=22
[WESTLAKE-WEBVIEW-SIGNAL] sigaction #5 signal=8 flags=0x18000004 callback=0x7ef2480b28 rc=0 errno=22
[WESTLAKE-WEBVIEW-SIGNAL] sigaction #6 signal=11 flags=0x18000004 callback=0x7ef2480b28 rc=0 errno=22
[WESTLAKE-WEBVIEW-SIGNAL] sigaction #7 signal=16 flags=0x18000004 callback=0x7ef2480b28 rc=0 errno=22
[WESTLAKE-WEBVIEW-SIGNAL] sigaction #8 signal=31 flags=0x18000004 callback=0x7ef2480b28 rc=0 errno=22
[SOURCE-NATIVE-LOAD] path=/data/local/tmp/asx/lib/arm64-v8a/libflipped.so search=/data/local/tmp/asx:/system/lib64:/system/lib64/platformsdk:/system/lib64/chipset-sdk:/system/lib64/chipset-sdk-sp:/system/lib64/ndk:/vendor/lib64/chipsetsdk:/vendor/lib64/hw:/vendor/lib64:/data/local/tmp/asx/lib/arm64-v8a:/data/local/tmp/asx/webview-t-lib
[SOURCE-NATIVE-LOADER] path=/data/local/tmp/asx/lib/arm64-v8a/libflipped.so class_paths=/data/local/tmp/asx/lib/arm64-v8a:/data/local/tmp/asx/toutiao.apk!/lib/arm64-v8a
[SOURCE-NATIVE-ABI] errno=0x7fa2086598 provider=/data/local/tmp/asx/webview-t-lib/libwebview_bionic_shim.so
ClassDefAttachInitTask isOpenODexSuccess cost: 11
nullptr W 09-26 06:37:35 30889 30910 method_verifier.cc:5148] Verification of java.lang.Object com.bytedance.news.common.service.manager.ServiceFinder.findService(java.lang.Class) took 295.498ms (47743.11 bytecodes/s) (783696B approximate peak alloc)
[SOURCE-NATIVE-LOAD] path=/data/local/tmp/asx/lib/arm64-v8a/libkeva.so search=/data/local/tmp/asx:/system/lib64:/system/lib64/platformsdk:/system/lib64/chipset-sdk:/system/lib64/chipset-sdk-sp:/system/lib64/ndk:/vendor/lib64/chipsetsdk:/vendor/lib64/hw:/vendor/lib64:/data/local/tmp/asx/lib/arm64-v8a:/data/local/tmp/asx/webview-t-lib
[SOURCE-NATIVE-LOADER] path=/data/local/tmp/asx/lib/arm64-v8a/libkeva.so class_paths=/data/local/tmp/asx/lib/arm64-v8a:/data/local/tmp/asx/toutiao.apk!/lib/arm64-v8a
[SOURCE-NATIVE-ABI] errno=0x7fa2086598 provider=/data/local/tmp/asx/webview-t-lib/libwebview_bionic_shim.so
[TOUCH21-WAKE] now=103260347 tid=31016 ptr=0x7fad5c4a30 looper=0x7fade746e0
[TOUCH21-WAKE] now=103260383 tid=31015 ptr=0x7fa4c9f8c0 looper=0x7fade75e70
[TOUCH21-WAKE] now=103260436 tid=31035 ptr=0x7fa4c9f8c0 looper=0x7fade75e70
[TOUCH21-WAKE] now=103260437 tid=31035 ptr=0x7fa4c9f8c0 looper=0x7fade75e70
[WESTLAKE-WEBVIEW-PROVIDER] primed ServiceManager webviewupdate cache public-readback=OK
[WESTLAKE-WEBVIEW-FEATURE] application=pending feature=held-unsupported
[WESTLAKE-WEBVIEW-PROVIDER] startup service cache=OK previous=same
[WESTLAKE-WEBVIEW-STARTUP] application-ready cache-republish=OK attempt=2123
