[feat/bms-route-deploy e9fcafe8] Verify 5cd background installer and restore 9e14 r17r baseline
 128 files changed, 27598 insertions(+)
 create mode 100644 benchmark/2026-09-30-installer-5cd-ab/.gitignore
 create mode 100644 benchmark/2026-09-30-installer-5cd-ab/HANDOFF.md
 create mode 100644 benchmark/2026-09-30-installer-5cd-ab/README.md
 create mode 100644 benchmark/2026-09-30-installer-5cd-ab/antennapod-fatal-check.json
 create mode 100644 benchmark/2026-09-30-installer-5cd-ab/apply.txt
 create mode 100644 benchmark/2026-09-30-installer-5cd-ab/apps.json
 create mode 100644 benchmark/2026-09-30-installer-5cd-ab/baseline/baseline.json
 create mode 100644 benchmark/2026-09-30-installer-5cd-ab/baseline/facts.txt
 create mode 100644 benchmark/2026-09-30-installer-5cd-ab/baseline/path.txt
 create mode 100644 benchmark/2026-09-30-installer-5cd-ab/baseline/preflight.json
 create mode 100644 benchmark/2026-09-30-installer-5cd-ab/baseline/runtime-fingerprint.txt
 create mode 100644 benchmark/2026-09-30-installer-5cd-ab/batch.log
 create mode 100644 benchmark/2026-09-30-installer-5cd-ab/board_state.py
 create mode 100644 benchmark/2026-09-30-installer-5cd-ab/capture.txt
 create mode 100644 benchmark/2026-09-30-installer-5cd-ab/collect_results.py
 create mode 100644 benchmark/2026-09-30-installer-5cd-ab/compare-before-end.txt
 create mode 100644 benchmark/2026-09-30-installer-5cd-ab/compare-crossboard-before-end.txt
 create mode 100644 benchmark/2026-09-30-installer-5cd-ab/compare-crossboard.txt
 create mode 100644 benchmark/2026-09-30-installer-5cd-ab/compare-same-board.txt
 create mode 100644 benchmark/2026-09-30-installer-5cd-ab/dry-run.json
 create mode 100644 benchmark/2026-09-30-installer-5cd-ab/evidence/antennapod/bundle.txt
 create mode 100644 benchmark/2026-09-30-installer-5cd-ab/evidence/antennapod/log-evidence.json
 create mode 100644 benchmark/2026-09-30-installer-5cd-ab/evidence/antennapod/processes-t20.txt
 create mode 100644 benchmark/2026-09-30-installer-5cd-ab/evidence/antennapod/processes-t5.txt
 create mode 100644 benchmark/2026-09-30-installer-5cd-ab/evidence/antennapod/record.json
 create mode 100644 benchmark/2026-09-30-installer-5cd-ab/evidence/antennapod/t20.jpeg
 create mode 100644 benchmark/2026-09-30-installer-5cd-ab/evidence/antennapod/t5.jpeg
 create mode 100644 benchmark/2026-09-30-installer-5cd-ab/evidence/baseline.json
 create mode 100644 benchmark/2026-09-30-installer-5cd-ab/evidence/facts.txt
 create mode 100644 benchmark/2026-09-30-installer-5cd-ab/evidence/fd-android/bundle.txt
 create mode 100644 benchmark/2026-09-30-installer-5cd-ab/evidence/fd-android/log-evidence.json
 create mode 100644 benchmark/2026-09-30-installer-5cd-ab/evidence/fd-android/processes-t20.txt
 create mode 100644 benchmark/2026-09-30-installer-5cd-ab/evidence/fd-android/processes-t5.txt
 create mode 100644 benchmark/2026-09-30-installer-5cd-ab/evidence/fd-android/record.json
 create mode 100644 benchmark/2026-09-30-installer-5cd-ab/evidence/fd-android/t20.jpeg
 create mode 100644 benchmark/2026-09-30-installer-5cd-ab/evidence/fd-android/t5.jpeg
 create mode 100644 benchmark/2026-09-30-installer-5cd-ab/evidence/fd-filemanager/bundle.txt
 create mode 100644 benchmark/2026-09-30-installer-5cd-ab/evidence/fd-filemanager/log-evidence.json
 create mode 100644 benchmark/2026-09-30-installer-5cd-ab/evidence/fd-filemanager/processes-t20.txt
 create mode 100644 benchmark/2026-09-30-installer-5cd-ab/evidence/fd-filemanager/processes-t5.txt
 create mode 100644 benchmark/2026-09-30-installer-5cd-ab/evidence/fd-filemanager/record.json
 create mode 100644 benchmark/2026-09-30-installer-5cd-ab/evidence/fd-filemanager/t20.jpeg
 create mode 100644 benchmark/2026-09-30-installer-5cd-ab/evidence/fd-filemanager/t5.jpeg
 create mode 100644 benchmark/2026-09-30-installer-5cd-ab/evidence/fd-k9/bundle.txt
 create mode 100644 benchmark/2026-09-30-installer-5cd-ab/evidence/fd-k9/log-evidence.json
 create mode 100644 benchmark/2026-09-30-installer-5cd-ab/evidence/fd-k9/processes-t20.txt
 create mode 100644 benchmark/2026-09-30-installer-5cd-ab/evidence/fd-k9/processes-t5.txt
 create mode 100644 benchmark/2026-09-30-installer-5cd-ab/evidence/fd-k9/record.json
 create mode 100644 benchmark/2026-09-30-installer-5cd-ab/evidence/fd-k9/t20.jpeg
 create mode 100644 benchmark/2026-09-30-installer-5cd-ab/evidence/fd-k9/t5.jpeg
 create mode 100644 benchmark/2026-09-30-installer-5cd-ab/evidence/fd-tusky/bundle.txt
 create mode 100644 benchmark/2026-09-30-installer-5cd-ab/evidence/fd-tusky/log-evidence.json
 create mode 100644 benchmark/2026-09-30-installer-5cd-ab/evidence/fd-tusky/processes-t20.txt
 create mode 100644 benchmark/2026-09-30-installer-5cd-ab/evidence/fd-tusky/processes-t5.txt
 create mode 100644 benchmark/2026-09-30-installer-5cd-ab/evidence/fd-tusky/record.json
 create mode 100644 benchmark/2026-09-30-installer-5cd-ab/evidence/fd-tusky/t20.jpeg
 create mode 100644 benchmark/2026-09-30-installer-5cd-ab/evidence/fd-tusky/t5.jpeg
 create mode 100644 benchmark/2026-09-30-installer-5cd-ab/evidence/helloworld/bundle.txt
 create mode 100644 benchmark/2026-09-30-installer-5cd-ab/evidence/helloworld/log-evidence.json
 create mode 100644 benchmark/2026-09-30-installer-5cd-ab/evidence/helloworld/processes-t20.txt
 create mode 100644 benchmark/2026-09-30-installer-5cd-ab/evidence/helloworld/processes-t5.txt
 create mode 100644 benchmark/2026-09-30-installer-5cd-ab/evidence/helloworld/record.json
 create mode 100644 benchmark/2026-09-30-installer-5cd-ab/evidence/helloworld/t20.jpeg
 create mode 100644 benchmark/2026-09-30-installer-5cd-ab/evidence/helloworld/t5.jpeg
 create mode 100644 benchmark/2026-09-30-installer-5cd-ab/evidence/plan.json
 create mode 100644 benchmark/2026-09-30-installer-5cd-ab/evidence/preflight.json
 create mode 100644 benchmark/2026-09-30-installer-5cd-ab/evidence/runtime-fingerprint.txt
 create mode 100644 benchmark/2026-09-30-installer-5cd-ab/evidence/summary.json
 create mode 100644 benchmark/2026-09-30-installer-5cd-ab/expose-q.txt
 create mode 100644 benchmark/2026-09-30-installer-5cd-ab/final-evidence/baseline.json
 create mode 100644 benchmark/2026-09-30-installer-5cd-ab/final-evidence/facts.txt
 create mode 100644 benchmark/2026-09-30-installer-5cd-ab/final-evidence/helloworld/processes-t20.txt
 create mode 100644 benchmark/2026-09-30-installer-5cd-ab/final-evidence/helloworld/processes-t5.txt
 create mode 100644 benchmark/2026-09-30-installer-5cd-ab/final-evidence/helloworld/record.json
 create mode 100644 benchmark/2026-09-30-installer-5cd-ab/final-evidence/helloworld/t20.jpeg
 create mode 100644 benchmark/2026-09-30-installer-5cd-ab/final-evidence/helloworld/t5.jpeg
 create mode 100644 benchmark/2026-09-30-installer-5cd-ab/final-evidence/preflight.json
 create mode 100644 benchmark/2026-09-30-installer-5cd-ab/final-evidence/receipt.json
 create mode 100644 benchmark/2026-09-30-installer-5cd-ab/final-evidence/runtime-fingerprint.txt
 create mode 100644 benchmark/2026-09-30-installer-5cd-ab/final-evidence/summary.json
 create mode 100644 benchmark/2026-09-30-installer-5cd-ab/final-hw.log
 create mode 100644 benchmark/2026-09-30-installer-5cd-ab/final-readback.txt
 create mode 100644 benchmark/2026-09-30-installer-5cd-ab/flutter-deferred-precheck.json
 create mode 100644 benchmark/2026-09-30-installer-5cd-ab/jar/expose/receipt.json
 create mode 100644 benchmark/2026-09-30-installer-5cd-ab/jar/original.json
 create mode 100644 benchmark/2026-09-30-installer-5cd-ab/jar_overlay.py
 create mode 100644 benchmark/2026-09-30-installer-5cd-ab/keys.txt
 create mode 100644 benchmark/2026-09-30-installer-5cd-ab/known-answer-tests.txt
 create mode 100644 benchmark/2026-09-30-installer-5cd-ab/manifest.json
 create mode 100644 benchmark/2026-09-30-installer-5cd-ab/original.json
 create mode 100644 benchmark/2026-09-30-installer-5cd-ab/per-app.csv
 create mode 100644 benchmark/2026-09-30-installer-5cd-ab/permission_evidence.py
 create mode 100644 benchmark/2026-09-30-installer-5cd-ab/pin-r17r.txt
 create mode 100644 benchmark/2026-09-30-installer-5cd-ab/predictions.json
 create mode 100644 benchmark/2026-09-30-installer-5cd-ab/reboot.txt
 create mode 100644 benchmark/2026-09-30-installer-5cd-ab/receipts/capture-1790725399675496127/receipt.json
 create mode 100644 benchmark/2026-09-30-installer-5cd-ab/receipts/pin-jar-1790725653029479759/receipt.json
 create mode 100644 benchmark/2026-09-30-installer-5cd-ab/receipts/pin-jar-1790726247067804338/receipt.json
 create mode 100644 benchmark/2026-09-30-installer-5cd-ab/receipts/verify-final-1790725660581203590/receipt.json
 create mode 100644 benchmark/2026-09-30-installer-5cd-ab/receipts/verify-final-1790726126235781281/receipt.json
 create mode 100644 benchmark/2026-09-30-installer-5cd-ab/receipts/verify-final-1790726254772475686/receipt.json
 create mode 100644 benchmark/2026-09-30-installer-5cd-ab/replay-native.txt
 create mode 100644 benchmark/2026-09-30-installer-5cd-ab/replay-prereqs.txt
 create mode 100644 benchmark/2026-09-30-installer-5cd-ab/replay-prereqs/receipt.json
 create mode 100644 benchmark/2026-09-30-installer-5cd-ab/restart.txt
 create mode 100644 benchmark/2026-09-30-installer-5cd-ab/restore-q.txt
 create mode 100644 benchmark/2026-09-30-installer-5cd-ab/restore_replay_prereqs.py
 create mode 100644 benchmark/2026-09-30-installer-5cd-ab/results.json
 create mode 100644 benchmark/2026-09-30-installer-5cd-ab/return-9e14.txt
 create mode 100644 benchmark/2026-09-30-installer-5cd-ab/reverse-dry-run.json
 create mode 100644 benchmark/2026-09-30-installer-5cd-ab/service-evidence/black/capture.json
 create mode 100644 benchmark/2026-09-30-installer-5cd-ab/service-evidence/black/desktop.jpeg
 create mode 100644 benchmark/2026-09-30-installer-5cd-ab/service-evidence/black/foundation-maps-excerpt.txt
 create mode 100644 benchmark/2026-09-30-installer-5cd-ab/service-evidence/black/preflight.json
 create mode 100644 benchmark/2026-09-30-installer-5cd-ab/service-evidence/black/source.json
 create mode 100644 benchmark/2026-09-30-installer-5cd-ab/service-evidence/postboot/capture.json
 create mode 100644 benchmark/2026-09-30-installer-5cd-ab/service-evidence/postboot/desktop.jpeg
 create mode 100644 benchmark/2026-09-30-installer-5cd-ab/service-evidence/postboot/foundation-maps-excerpt.txt
 create mode 100644 benchmark/2026-09-30-installer-5cd-ab/service-evidence/postboot/preflight.json
 create mode 100644 benchmark/2026-09-30-installer-5cd-ab/service-evidence/postboot/source.json
 create mode 100644 benchmark/2026-09-30-installer-5cd-ab/service-evidence/state.json
 create mode 100644 benchmark/2026-09-30-installer-5cd-ab/stop_smoke.py
 create mode 100644 benchmark/2026-09-30-installer-5cd-ab/swap_services.py
 create mode 100644 benchmark/2026-09-30-installer-5cd-ab/verify-postboot.txt
 create mode 100644 benchmark/2026-09-30-installer-5cd-ab/verify-services.txt
 create mode 100644 benchmark/2026-09-30-installer-5cd-ab/visual-review.json
