09-28 17:52:07.831  1983  1983 W A04200/WINDOW: SCBSSM: [SCBMain]startSceneFromOther:{persistentId:29, screenId: 0, bundleInfo:com.example.helloworld.MainActivity/com.example.helloworld/entry/0, unclearableSession:undefined, callerPersistentId:0, callerAbilityName: , toPersistentId:0, launchType:0, isNewInstance:false, fullScreenStart:false, _windowMode:1, isAppUseControl:undefined, isUnclearableInRecent:undefined, focusedOnShow:true, isAtomicService:falseisStartupInstallFree:false, isNewAppInstance:false, appInstanceKey:}, startMode:1
09-28 17:52:07.831  1983  1983 W A01b01/HOME: SCBScenePanelViewModel: [SCBMain][id:29][sceneInfo:com.example.helloworld/entry/com.example.helloworld.MainActivity/0][screenId:0]onStartSceneFromOther.
09-28 17:52:07.832  1983  1983 I A04200/WINDOW: SCBSSM: isProjectionBundleName bundleName = com.example.helloworld, screenId = 0
09-28 17:52:07.832  1983  1983 I A01b01/HOME: SCBScenePanelViewModel: postStartSceneFromOtherEvent: com.example.helloworld + com.example.helloworld.MainActivity
09-28 17:52:07.832  1983  1983 W A01a01/NC: DropdownPanel-Index: onStartSceneFromOtherEvent return. event: com.example.helloworld isViewShowing:false
09-28 17:52:07.833  1983  1983 I A01b00/SCB: SCBTM: findTransitionController. bundleName: com.example.helloworld, overlayBundleName: undefined
09-28 17:52:07.833  1983  1983 W A01b01/HOME: PageDesktopModel: findTransitionController shortcutId empty bundleName:com.example.helloworld
09-28 17:52:07.833  1983  1983 W A01b01/HOME: PageDesktopModel: findTransitionController bundleName: com.example.helloworld, abilityName: com.example.helloworld.MainActivity, startType: 0, formCardId: undefined, cardId: undefined, extraId: undefined, appIndex: 0, shortcutId: undefined, appInstanceKey: %{public}s
09-28 17:52:07.833  1983  1983 W A01b00/SCB: SCBTM: Find controller success ? true, findData: {"bundleName":"com.example.helloworld","abilityName":"com.example.helloworld.MainActivity","appIndex":0,"appIconId":"","iconRadius":0,"appIconNumber":0,"startAppType":0,"isOpenFolder":false}
09-28 17:52:07.833  1983  1983 W A01b01/HOME: SCBScenePanelViewModel: [SCBMain]onStartSceneFromOther isNewWant false. StartApp:com.example.helloworld
09-28 17:52:07.834  1983  1983 I A0421d/WMSRotation: [startSceneWithRotationIfNeed] containerSession com.example.helloworld.MainActivity/com.example.helloworld/entry/0(persistentId: 29)(containerId: 3), needAnimation false isFromRecent false fromUser false isPageRotation false
09-28 17:52:07.834  1983  1983 W A0421d/WMSRotation: [getTargetRotation] bundleName:com.example.helloworld requestOrientation:0 isScreenLocked:false isPlacedRotateFriendlyDevicePlaced:false fixedRotation: -1
09-28 17:52:07.834  1983  1983 W A0421d/WMSRotation: [startSceneWithRotationIfNeed] before rotate with targetRotation=0, sensorRotation=0, currentScreenRotation=0, currentContainerRotation=0, name=com.example.helloworld
09-28 17:52:07.834  1983  1983 W A01b01/HOME: SCBScenePanelViewModel: [SCBMain]onStartSceneFromOther com.example.helloworld.MainActivity/com.example.helloworld/entry/0(persistentId: 29)(containerId: 3) isActive:false isStartCard:false needBlurAnimation:true scenePanelState:0
09-28 17:52:07.835  1983  1983 I A01b09/RECENT: RecentDockRefreshAlarm: start alarm recent dock: com.example.helloworld.MainActivity/com.example.helloworld/entry/0(persistentId: 29)(containerId: 3)
09-28 17:52:07.836  1983  1983 W A0420a/WMSLife: Request scene container session activation, name: com.example.helloworld.MainActivity/com.example.helloworld/entry/0(persistentId: 29)(containerId: 3) isNewActive: false, isPersist: true, reason: undefined
09-28 17:52:07.836  1983  1983 I A04200/WINDOW: SCBSceneSession: [SCBMain]requestSceneSessionActivation: isNewActive: false, isPersist: true, reason: undefined, name: com.example.helloworld.MainActivity/com.example.helloworld/entry/0(persistentId: 29), containerRotation: 0
09-28 17:52:07.836  1983  1983 I A04200/WINDOW: SCBScenePersistent: update to persistentMap, bundleName: com.example.helloworld moduleName: entry abilityName: com.example.helloworld.MainActivity
09-28 17:52:07.845  1983  1983 W A01b01/HOME: SCBSceneContainer: [SCBMain] com.example.helloworld.MainActivity/com.example.helloworld/entry/0(persistentId: 29)(containerId: 3) enableShow change from false to true. Detail:isPrebuildStageEnableShow:false, showInRecent:false, sceneContainerSession.enableShow:true, showInScrolling:false
09-28 17:52:07.853  1983  1983 I A01c06/ICON: AppIconModel --> bundleName: com.example.helloworld, not in dynamicIconList.
09-28 17:52:07.854  1983  1983 I A01b00/SCB: IconResourceManager: getCombIcon is penglai false, bundleName: com.example.helloworld, entry, com.example.helloworld.MainActivity, 0, CompanionIcon, false, false
09-28 17:52:07.854  1983  1983 I A01b00/SCB: MemoryCache --> getCombIcon cacheKey com.example.helloworld#entrycom.example.helloworld.MainActivity0
09-28 17:52:07.854  1983  1983 I A01b00/SCB: MemoryCache --> getCacheIconPicTypeSync com.example.helloworld
09-28 17:52:07.854  1983  1983 I A01b00/SCB: IconResourceManager: isAdaptiveIcon: bundleName com.example.helloworld, isAdaptiveIcon false
09-28 17:52:07.854  1983  1983 W A01c06/ICON: CompanionIcon: checkIsAdaptiveIcon, bundleName:com.example.helloworld, isAdaptive:false
09-28 17:52:07.854  1983  1983 I A01b00/SCB: MemoryCache --> getCacheIconPicTypeSync com.example.helloworld
09-28 17:52:07.854  1983  1983 I A01b00/SCB: IconResourceManager: isAdaptiveIcon: bundleName com.example.helloworld, isAdaptiveIcon false
09-28 17:52:07.854  1983  1983 W A01c06/ICON: CompanionIcon: checkIsAdaptiveIcon, bundleName:com.example.helloworld, isAdaptive:false
09-28 17:52:07.854  1983  1983 W A01c06/ICON: CompanionIcon: start calcCardAnimParams componentId: AppIcon_Image_com.example.helloworldcom.example.helloworld.MainActivityentry0_undefined_0
09-28 17:52:07.854  1983  1983 I A01c06/ICON: CompanionIcon: aboutToAppear moduleName: entry, bundleName: com.example.helloworld, startAppType: 0
09-28 17:52:07.855  1983  1983 W A01b00/SCB: IconResourceManager: combIcon is empty: false, bundleName: com.example.helloworld
09-28 17:52:07.868  1983  1983 W A01b00/SCB: SCBSCS: [SCBScenePanelViewModel] sceneAlpha from 1 to 0. reason: sceneContainerZoomIn, extra: com.example.helloworld.MainActivity/com.example.helloworld/entry/0(persistentId: 29)(containerId: 3)
09-28 17:52:07.868  1983  1983 I A0421d/WMSRotation: [startSceneWithRotationIfNeed] containerSession com.example.helloworld.MainActivity/com.example.helloworld/entry/0(persistentId: 29)(containerId: 3), needAnimation false isFromRecent false fromUser false isPageRotation false
09-28 17:52:07.868  1983  1983 W A0421d/WMSRotation: [getTargetRotation] bundleName:com.example.helloworld requestOrientation:0 isScreenLocked:false isPlacedRotateFriendlyDevicePlaced:false fixedRotation: -1
09-28 17:52:07.868  1983  1983 W A0421d/WMSRotation: [startSceneWithRotationIfNeed] before rotate with targetRotation=0, sensorRotation=0, currentScreenRotation=0, currentContainerRotation=0, name=com.example.helloworld
09-28 17:52:07.868  1983  1983 W A04202/WMSMain: add failed. com.example.helloworld.MainActivity/com.example.helloworld/entry/0(persistentId: 29)(containerId: 3) already existed in array
09-28 17:52:07.869  1983  1983 I A01b09/RECENT: RecentDockRefreshAlarm: refresh recent dock: com.example.helloworld.MainActivity/com.example.helloworld/entry/0(persistentId: 29)(containerId: 3)
09-28 17:52:07.869  1983  1983 I A01b09/RECENT: RecentDockRefreshAlarm: start alarm recent dock: com.example.helloworld.MainActivity/com.example.helloworld/entry/0(persistentId: 29)(containerId: 3)
09-28 17:52:07.876  1983  1983 W A01b00/SCB: SCBSCS: [SCBScenePanelViewModel] sceneAlpha from 0 to 1. reason: sceneContainerZoomIn, extra: com.example.helloworld.MainActivity/com.example.helloworld/entry/0(persistentId: 29)(containerId: 3)
09-28 17:52:07.876  1983  1983 I A04200/WINDOW: [SCBMission]SCBSceneMissionManager: startSceneFromOther, to: com.example.helloworld.MainActivity/com.example.helloworld/entry/0 on screen 0
09-28 17:52:07.885  1983  1983 W A01b01/HOME: ExposureManager --> desktop exposure save data: {desktopPageIndex:1,exposureTime:17,exposureCount:3,desktopAppInfoList:[{bundleName:com.ohos.clock,coordinate:{column:1,row:2},station:desktop},{bundleName:com.ohos.filemanager,coordinate:{column:0,row:3},station:desktop},{bundleName:com.ohos.calculator,coordinate:{column:1,row:3},station:desktop},{bundleName:com.ohos.note,coordinate:{column:2,row:3},station:desktop},{bundleName:com.ohos.smartperf,coordinate:{column:3,row:3},station:desktop},{bundleName:com.ohos.updateapp,coordinate:{column:0,row:4},station:desktop},{bundleName:ohos.samples.distributedmusicplayer,coordinate:{column:1,row:4},station:desktop},{bundleName:com.ohos.contacts,coordinate:{column:0,row:2},station:desktop},{bundleName:org.westlake.imehost,coordinate:{column:0,row:0},station:desktop},{bundleName:com.example.helloworld,coordinate:{column:1,row:0},station:desktop},{bundleName:com.a2hlab.bridge.zigzag,coordinate:{column:2,row:0},station:desktop},{bundleName:com.ohos.contacts,coordinate:{column:0,row:0},station:dock},{bundleName:com.ohos.mms,coordinate:{column:1,row:0},station:dock},{bundleName:com.ohos.camera,coordinate:{column:2,row:0},station:dock},],desktopFolderInfoList:[],desktopCardInfoList:[],desktopStackInfoList:[]}
09-28 17:52:07.970  1983  1983 I A01b09/RECENT: RecentDockRefreshAlarm: refresh recent dock: com.example.helloworld.MainActivity/com.example.helloworld/entry/0(persistentId: 29)(containerId: 3)
09-28 17:52:08.972 13555 13555 I C00f00/AppSpawnXJava: [B32-J] J_initChild_entry proc=com.example.helloworld
09-28 17:52:08.972 13555 13555 I C00f00/AppSpawnXInit: initChild: proc=com.example.helloworld target=android.app.ActivityThread sdk=0
09-28 17:52:09.480   844  1877 I C01311/AppMS: [AMSI1704]attach com.example.helloworld pid:13555
09-28 17:52:09.482 13555 13573 I C00f00/AppSpawnXJava: [stderr] [B43-LA] nativeOnScheduleLaunchApplication ENTRY bundle=com.example.helloworld process=com.example.helloworld pid=13555 ohConfigKv.len=20
09-28 17:52:09.482 13555 13573 I C00f00/OH_AppSchedulerBridge: nativeOnScheduleLaunchApplication: bundle=com.example.helloworld, process=com.example.helloworld, pid=13555
09-28 17:52:09.483 13555 13555 I C00f00/AppSpawnXJava: [stderr] [B43-BIND] ensureBindApplication start bundle=com.example.helloworld
09-28 17:52:09.486   844  1374 I C01336/AMS: [ABMS6968]com.example.helloworld/com.example.helloworld.MainActivity
09-28 17:52:09.486   844  1374 I C01336/AMS: [UALM523]lifecycle name: com.example.helloworld.MainActivity
09-28 17:52:09.486 13555 13555 I C00f00/AppSpawnXJava: [stderr] [G2.5-PIB] ApplicationInfo com.example.helloworld icon/iconRes/labelRes/theme zeroed
09-28 17:52:09.486 13555 13555 I C00f00/AppSpawnXJava: [stderr] [B43-BIND] resolved ApplicationInfo pkg=com.example.helloworld uid=20010054 process=com.example.helloworld targetSdk=34 sourceDir=/data/app/el1/bundle/public/com.example.helloworld/android/base.apk nativeLibraryDir=/data/app/el1/bundle/public/com.example.helloworld/android/lib/arm64-v8a
09-28 17:52:09.487   844  1502 I C01311/AppMS: [ARR917]appState: 1, pState: 0, com.example.helloworld/com.example.helloworld.MainActivity
09-28 17:52:09.487 13555 13572 I C00f00/AppSpawnXJava: [stderr] [B47-SLA] ENTRY bundle=com.example.helloworld ability=com.example.helloworld.MainActivity recordId=19 abilityJson.len=721 wantJson.len=760 ohTokenAddr=0x7f1689efb0
09-28 17:52:09.487 13555 13572 I C00f00/OH_AppSchedulerBridge: nativeOnScheduleLaunchAbility v2: bundle=com.example.helloworld, ability=com.example.helloworld.MainActivity, recordId=19
09-28 17:52:09.487   844  1374 I C04201/DMS: screen_session_manager.cpp RegisterClientDeathListener: pid: 13555, bundle name: com.example.helloworld
09-28 17:52:09.488   844   983 I C04201/DMS: screen_session.cpp: pid:34, bundle:com.example.helloworld, api:34
09-28 17:52:09.489 13555 13572 I C00f00/AppSpawnXJava: [stderr] [G2.5-PIB] ApplicationInfo com.example.helloworld icon/iconRes/labelRes/theme zeroed
09-28 17:52:09.490 13555 13572 I C00f00/AppSpawnXJava: [stderr] [B47-SLA] intent.component=ComponentInfo{com.example.helloworld/com.example.helloworld.MainActivity} action=null categories=null data=null extrasKeys=17 activityInfo.theme=0x0 launchMode=3 orientation=-1 flags=0x240 (HW_ACCEL=true)
09-28 17:52:09.490 13555 13572 I C00f00/AppSpawnXJava: [stderr] [B47-SLA] BEFORE scheduleTransaction className=com.example.helloworld.MainActivity
09-28 17:52:09.490 13555 13572 I C00f00/OH_AppSchedulerBridge: LaunchActivity transaction scheduled: com.example.helloworld.MainActivity
09-28 17:52:09.493 13555 13555 I C00f00/AppSpawnXJava: [stderr] [ZZ-PM] extracted native path selected; apk zip path disabled package=com.example.helloworld nativeLibraryDir=/data/app/el1/bundle/public/com.example.helloworld/android/lib/arm64-v8a
09-28 17:52:09.501 13555 13555 I C00f00/AppSpawnXJava: [stderr] [ZZ-PM] projection installed package=com.example.helloworld extractNativeLibs=true
09-28 17:52:09.529 13555 13555 I C00f00/AppSpawnXJava: [stderr] [G2.5-PIB] ApplicationInfo com.example.helloworld icon/iconRes/labelRes/theme zeroed
09-28 17:52:09.529 13555 13555 I C00f00/AppSpawnXJava: [stderr] [ZZ-PM] extracted native path selected; apk zip path disabled package=com.example.helloworld nativeLibraryDir=/data/app/el1/bundle/public/com.example.helloworld/android/lib/arm64-v8a
09-28 17:52:09.529 13555 13555 I C00f00/AppSpawnXJava: [stderr] [ZZ-PM] projected getApplicationInfo package=com.example.helloworld flags=0x10802044
09-28 17:52:09.531 13555 13555 I C00f00/AppSpawnXJava: [stderr] [G2.5-PIB] ApplicationInfo com.example.helloworld icon/iconRes/labelRes/theme zeroed
09-28 17:52:09.533 13555 13555 I C00f00/AppSpawnXJava: [stderr] [G2.5-PIB] ApplicationInfo com.example.helloworld icon/iconRes/labelRes/theme zeroed
09-28 17:52:09.533 13555 13555 I C00f00/AppSpawnXJava: [stderr] [ZZ-PM] extracted native path selected; apk zip path disabled package=com.example.helloworld nativeLibraryDir=/data/app/el1/bundle/public/com.example.helloworld/android/lib/arm64-v8a
09-28 17:52:09.533 13555 13555 I C00f00/AppSpawnXJava: [stderr] [ZZ-PM] projected getApplicationInfo package=com.example.helloworld flags=0x10802044
09-28 17:52:09.534 13555 13555 I C00f00/AppSpawnXJava: [stderr] [COROUTINE-FIX] appCl=dalvik.system.PathClassLoader[DexPathList[[zip file "/data/app/el1/bundle/public/com.example.helloworld/android/base.apk"],nativeLibraryDirectories=[/data/app/el1/bundle/public/com.example.helloworld/android/lib/arm64-v8a, /system/android/lib64, /system/lib64/chipset-sdk-sp, /system/lib64, /system/lib64/platformsdk, /system/lib64/chipset-sdk, /system/lib64/ndk]]]
09-28 17:52:09.569   557   557 I C02b83/AudioServiceAppStateListener: [OnAppStateChanged]app state changed, bundleName=com.example.helloworld uid=20010054 pid=13555 state=2
09-28 17:52:09.569   844  1923 I C01311/AppMS: [module_running_record194]change from 1 to 2. bundle: com.example.helloworld, ability: com.example.helloworld.MainActivity.
09-28 17:52:09.569   844  1923 I C01336/AMS: [ABMS7781]OnAbilityRequestDone com.example.helloworld-com.example.helloworld.MainActivity state:2
09-28 17:52:09.569   844  1923 I C01336/AMS: [UALM577]Ability is com.example.helloworld/com.example.helloworld.MainActivity, start to foreground.
09-28 17:52:09.569   844  1923 I C01336/AMS: [ABR370]ForegroundLifecycle com.example.helloworld.MainActivity
09-28 17:52:09.570   844  1923 I C01311/AppMS: [AMSI1942]com.example.helloworld foregrounded pState: 1
09-28 17:52:09.571  1983  1983 I A01a00/SYS_UI: AppLifeCycleManager: Ability state changed, uid: 20010054, key: com.example.helloworld_entry_com.example.helloworld.MainActivity_13555, isForeground: true, state 2
09-28 17:52:09.571  1983  1983 I A01a00/SYS_UI: AppLifeCycleManager: Ability state change: new foregroundAbilities: 20010054: com.example.helloworld_entry_com.example.helloworld.MainActivity_4891,com.example.helloworld_entry_com.example.helloworld.MainActivity_13555
09-28 17:52:09.639 13555 13555 I C00f00/OH_WindowMgrClient: [IPC] ENTER WMClient.createSession bundle=com.example.helloworld ability=MainActivity name=com.example.helloworld/com.example.helloworld.MainActivity w=1200 h=1920 ohToken=0x7f1689efb0
09-28 17:52:09.639 13555 13555 I C00f00/OH_WindowMgrClient: createSession: bundle=com.example.helloworld ability=MainActivity name=com.example.helloworld/com.example.helloworld.MainActivity, androidType=1 -> ohType=1001, display=0, size=1200x1920, ohTokenAddr=0x7f1689efb0 token=0000007F1689EFB0
09-28 17:52:09.639   822  1208 I C01406/RSClientToServiceConnection: RsDebug RSRenderService::CreateNodeAndSurface nodeid:58218281697281 name:com.example.helloworld/com.example.helloworld.MainActivity surface id:3530463117342 name:com.example.helloworld/com.example.helloworld.MainActivity
09-28 17:52:09.639   822   822 I C01406/RSClientToServiceConnection: CreateNodeAndSurface RegisterRenderNode id:58218281697281, name:com.example.helloworld/com.example.helloworld.MainActivity
09-28 17:52:09.642  1983  1990 I C01406/OHOS::RS: RSSurfaceNode::Unmarshalling, Node: 58218281697281, Name: com.example.helloworld/com.example.helloworld.MainActivity
09-28 17:52:09.642  1983  1990 I C04217/WMSAttribute: scene_session_manager.cpp UpdateSpecificSessionClientDisplayId: winName:com.example.helloworld/com.example.helloworld.MainActivity, type:1001, displayId:0, clientDisplayId:0, parentId:29
09-28 17:52:09.643  1983  1990 I C0420a/WMSLife: scene_session_manager.cpp CreateAndConnectSpecificSession: create specific start, name:com.example.helloworld/com.example.helloworld.MainActivity, type:1001, touchable:1
09-28 17:52:09.643  1983  2506 I C0420a/WMSLife: scene_session_manager.cpp: RequestSceneSession: appName: [com.example.helloworld entry MainActivity] appIndex 0, type 1001 system 0, isPersistentRecover 0, isAbilityHook 0
09-28 17:52:09.643  1983  2506 I C04208/WMSLayout: scene_session_manager.cpp GetAppDragResizeTypeInner: dragResizeType: 1, bundleName: com.example.helloworld
09-28 17:52:09.644   844   844 I C01121/BMSQuery: ExplicitQueryAbility no match -n com.example.helloworld -a MainActivity -u 100 -i 0
09-28 17:52:09.644  1983  2506 I C04201/DMS: scene_session_manager.cpp: Notify ability MainActivity bundle com.example.helloworld update toScreen id: 0
09-28 17:52:09.650   561  1998 I C02801/MMIService: [|630]Enter, programName:{com.example.helloworld:1}, moduleType:0, pid:13555
09-28 17:52:09.651   561   755 E C02801/UDSServer: [|195]toReturnClientFd shutdown SHUT_WR , programName:com.example.helloworld, fd:34.
09-28 17:52:09.651   561  1998 I C02801/MMIService: [|654]Leave, programName:com.example.helloworld, moduleType:0, alloc success
09-28 17:52:09.656 13555 13555 I C00f00/OH_InputEventBridge: InputChannel pair created: session=34, name=com.example.helloworld/com.example.helloworld.MainActivity (OH session 34)
09-28 17:52:09.686  1983  2506 E C04217/WMSAttribute: scene_session.cpp SetSecurityLayerWhenEnterForeground: leash node is null, win=[34, com.example.helloworld/com.example.helloworld.MainActivity]
09-28 17:52:09.703  1983  1983 I C0393b/AceWindowScene: [window_scene.cpp(213)-(100000:100000:scope)] OnAttachToFrameNode id: 34, node id: 2301, type: 1001, name: com.example.helloworld/com.example.helloworld.MainActivity
09-28 17:52:09.704  1983  1983 I C0393b/AceWindowScene: [window_scene.cpp(170)-(100000:100000:scope)] OnAttachToMainTree id:34, nodeId:2301, type:1001, name:com.example.helloworld/com.example.helloworld.MainActivity
09-28 17:52:09.706  1983  1983 I C01406/RSNode: RSNode::AddChild, Id: 8516920148822, SurfaceNode:[Id: 58218281697281, name: com.example.helloworld/com.example.helloworld.MainActivity]
09-28 17:52:09.719   822   822 I C01406/RSUniRenderVisitor: OcclusionInfo [SCBGestureBack18, 8516920148316, 0], [SCBStatusBar15, 8516920148195, 0], [SCBGestureNavBar13, 8516920148115, 0], [com.example.helloworld/com.example.helloworld.MainActivity, 58218281697281, 0], [SCBFormCenter11, 8516920148098, 0], [SCBDesktop6, 8516920147988, 0], [SCBWallpaper5, 8516920147979, 0], 
09-28 17:52:09.722   822  1089 E C01406/skia: SurfaceNodeDrawable DrawCommSurfaceWatermark Name:com.example.helloworld/com.example.helloworld.MainActivity Id:58218281697281 water mark count is zero
09-28 17:52:09.740   822  1089 E C01406/skia: SurfaceNodeDrawable DrawCommSurfaceWatermark Name:com.example.helloworld/com.example.helloworld.MainActivity Id:58218281697281 water mark count is zero
09-28 17:52:09.755   822  1089 E C01406/skia: SurfaceNodeDrawable DrawCommSurfaceWatermark Name:com.example.helloworld/com.example.helloworld.MainActivity Id:58218281697281 water mark count is zero
09-28 17:52:09.775   822  1089 E C01406/skia: SurfaceNodeDrawable DrawCommSurfaceWatermark Name:com.example.helloworld/com.example.helloworld.MainActivity Id:58218281697281 water mark count is zero
09-28 17:52:09.790   822  1089 E C01406/skia: SurfaceNodeDrawable DrawCommSurfaceWatermark Name:com.example.helloworld/com.example.helloworld.MainActivity Id:58218281697281 water mark count is zero
09-28 17:52:09.798   844   844 I C01336/AMS: [ABMS7563]AbilityTransitionDone, ability:com.example.helloworld/com.example.helloworld.MainActivity, state:5, callerPid:13555
09-28 17:52:09.799   844   844 I C01336/AMS: [ability_start_with_wait_observer_manager164]notify aa, time:1790589127821 foregroundTime:1790589129799 ,bundleName:com.example.helloworld ability:com.example.helloworld.MainActivity
09-28 17:52:09.809   822  1089 E C01406/skia: SurfaceNodeDrawable DrawCommSurfaceWatermark Name:com.example.helloworld/com.example.helloworld.MainActivity Id:58218281697281 water mark count is zero
09-28 17:52:09.822   822  1089 E C01406/skia: SurfaceNodeDrawable DrawCommSurfaceWatermark Name:com.example.helloworld/com.example.helloworld.MainActivity Id:58218281697281 water mark count is zero
09-28 17:52:09.844   822  1089 E C01406/skia: SurfaceNodeDrawable DrawCommSurfaceWatermark Name:com.example.helloworld/com.example.helloworld.MainActivity Id:58218281697281 water mark count is zero
09-28 17:52:09.859   850   982 I C02d13/HDC_LOG: [async_cmd.cpp:291] ExecuteCommand cmd:printf 'sample=%s\n' '1'; date; pidof appspawn-x 2>/dev/null || true; ps -ef | grep -E 'appspawn-x|com.example.helloworld|^20010054 ' | grep -v grep || true fd:32 pid:13618
09-28 17:52:09.861   822  1089 E C01406/skia: SurfaceNodeDrawable DrawCommSurfaceWatermark Name:com.example.helloworld/com.example.helloworld.MainActivity Id:58218281697281 water mark count is zero
09-28 17:52:09.877   822  1089 E C01406/skia: SurfaceNodeDrawable DrawCommSurfaceWatermark Name:com.example.helloworld/com.example.helloworld.MainActivity Id:58218281697281 water mark count is zero
09-28 17:52:09.891   822  1089 E C01406/skia: SurfaceNodeDrawable DrawCommSurfaceWatermark Name:com.example.helloworld/com.example.helloworld.MainActivity Id:58218281697281 water mark count is zero
09-28 17:52:09.907   822  1089 E C01406/skia: SurfaceNodeDrawable DrawCommSurfaceWatermark Name:com.example.helloworld/com.example.helloworld.MainActivity Id:58218281697281 water mark count is zero
09-28 17:52:09.923   822  1089 E C01406/skia: SurfaceNodeDrawable DrawCommSurfaceWatermark Name:com.example.helloworld/com.example.helloworld.MainActivity Id:58218281697281 water mark count is zero
09-28 17:52:09.938   822  1089 E C01406/skia: SurfaceNodeDrawable DrawCommSurfaceWatermark Name:com.example.helloworld/com.example.helloworld.MainActivity Id:58218281697281 water mark count is zero
09-28 17:52:09.956   822  1089 E C01406/skia: SurfaceNodeDrawable DrawCommSurfaceWatermark Name:com.example.helloworld/com.example.helloworld.MainActivity Id:58218281697281 water mark count is zero
09-28 17:52:09.973   822  1089 E C01406/skia: SurfaceNodeDrawable DrawCommSurfaceWatermark Name:com.example.helloworld/com.example.helloworld.MainActivity Id:58218281697281 water mark count is zero
09-28 17:52:09.988   822  1089 E C01406/skia: SurfaceNodeDrawable DrawCommSurfaceWatermark Name:com.example.helloworld/com.example.helloworld.MainActivity Id:58218281697281 water mark count is zero
09-28 17:52:10.007   822  1089 E C01406/skia: SurfaceNodeDrawable DrawCommSurfaceWatermark Name:com.example.helloworld/com.example.helloworld.MainActivity Id:58218281697281 water mark count is zero
09-28 17:52:10.026   822  1089 E C01406/skia: SurfaceNodeDrawable DrawCommSurfaceWatermark Name:com.example.helloworld/com.example.helloworld.MainActivity Id:58218281697281 water mark count is zero
09-28 17:52:10.040   822  1089 E C01406/skia: SurfaceNodeDrawable DrawCommSurfaceWatermark Name:com.example.helloworld/com.example.helloworld.MainActivity Id:58218281697281 water mark count is zero
09-28 17:52:10.059   822  1089 E C01406/skia: SurfaceNodeDrawable DrawCommSurfaceWatermark Name:com.example.helloworld/com.example.helloworld.MainActivity Id:58218281697281 water mark count is zero
09-28 17:52:10.072 13555 13555 I C00f00/OH_LifecycleAdapter: [T=500ms][G2.14as-VIS] dump after RESUMED+300ms: token=android.os.Binder@4fa1669 mVisibleFromClient=true mVisibleFromServer=true mFinished=false mWindowAdded=true hideForNow=false lifecycleState=3 decorClass=com.android.internal.policy.DecorView decorVisibility=0(0=VISIBLE,4=INVISIBLE,8=GONE) decorPrivateFlags=0x1808838 decorSize=1200x1920
09-28 17:52:10.072 13555 13555 I C00f00/AppSpawnXJava: [stderr] [T=500ms][G2.14as-VIS] dump after RESUMED+300ms: token=android.os.Binder@4fa1669 mVisibleFromClient=true mVisibleFromServer=true mFinished=false mWindowAdded=true hideForNow=false lifecycleState=3 decorClass=com.android.internal.policy.DecorView decorVisibility=0(0=VISIBLE,4=INVISIBLE,8=GONE) decorPrivateFlags=0x1808838 decorSize=1200x1920
09-28 17:52:10.072 13555 13555 I C00f00/OH_LifecycleAdapter: [T=500ms][KEY-DISPATCH] mView=DecorView@4383601 mDecor=DecorView@4383601 mView==mDecor=true | actWindow=@137196886 actCb=com.example.helloworld.MainActivity@194992599 actCb==activity=true | decorWindow=@137196886 decorWindow==actWindow=true decorCb=com.example.helloworld.MainActivity@194992599 decorCb==activity=true | mLastWasImTarget=<no-field>
09-28 17:52:10.072 13555 13555 I C00f00/AppSpawnXJava: [stderr] [T=500ms][KEY-DISPATCH] mView=DecorView@4383601 mDecor=DecorView@4383601 mView==mDecor=true | actWindow=@137196886 actCb=com.example.helloworld.MainActivity@194992599 actCb==activity=true | decorWindow=@137196886 decorWindow==actWindow=true decorCb=com.example.helloworld.MainActivity@194992599 decorCb==activity=true | mLastWasImTarget=<no-field>
09-28 17:52:10.074   822  1089 E C01406/skia: SurfaceNodeDrawable DrawCommSurfaceWatermark Name:com.example.helloworld/com.example.helloworld.MainActivity Id:58218281697281 water mark count is zero
09-28 17:52:10.110   822  1089 E C01406/skia: SurfaceNodeDrawable DrawCommSurfaceWatermark Name:com.example.helloworld/com.example.helloworld.MainActivity Id:58218281697281 water mark count is zero
09-28 17:52:10.218   850   982 I C02d13/HDC_LOG: [async_cmd.cpp:291] ExecuteCommand cmd:hilog -x | grep -E 'com.example.helloworld|Hello World|mVisibleFromServer' | tail -n 800 fd:32 pid:13637
