Build info:OpenHarmony 6.1.0.31
Timestamp:2026-09-30 12:19:47.173
Pid:9465
Uid:20010612
Process name:/system/bin/appspawn-x
Process life time:2s
Process Memory(kB): 69308(Rss)
Reason:Signal:SIGABRT(SI_TKILL)@0x01315674000024f9 from:9465:20010612
Fault thread info:
Tid:9465, Name:main
#00 pc 0000000000111344 /system/lib/ld-musl-aarch64.so.1(raise+384)(a9d018197b852b7e2f585142e5dbffb2)
#01 pc 00000000000bd55c /system/lib/ld-musl-aarch64.so.1(abort+20)(a9d018197b852b7e2f585142e5dbffb2)
#02 pc 000000000085e318 /system/lib64/westlake/route-a/74d1d6d48210ec5bf66ae43598655c3486b8873513821f13c2ffe15f0de552ac/libart.so(art::Runtime::Abort(char const*)+1840)(8c2796fcedddaf77a3fa013801ebfc19643c1004)
#03 pc 000000000003f0e4 /system/lib64/westlake/route-a/74d1d6d48210ec5bf66ae43598655c3486b8873513821f13c2ffe15f0de552ac/libbase.so(android::base::SetAborter(std::__h::function<void (char const*)>&&)::$_3::__invoke(char const*)+64)(222f02f2cdfd439ad1ab033dbbb1c4fa91bf1f53)
#04 pc 000000000003ed90 /system/lib64/westlake/route-a/74d1d6d48210ec5bf66ae43598655c3486b8873513821f13c2ffe15f0de552ac/libbase.so(android::base::LogMessage::~LogMessage()+280)(222f02f2cdfd439ad1ab033dbbb1c4fa91bf1f53)
#05 pc 0000000000339a60 /system/lib64/westlake/route-a/74d1d6d48210ec5bf66ae43598655c3486b8873513821f13c2ffe15f0de552ac/libart.so(art::ClassLinker::CheckSystemClass(art::Thread*, art::Handle<art::mirror::Class>, char const*)+544)(8c2796fcedddaf77a3fa013801ebfc19643c1004)
#06 pc 000000000033a950 /system/lib64/westlake/route-a/74d1d6d48210ec5bf66ae43598655c3486b8873513821f13c2ffe15f0de552ac/libart.so(8c2796fcedddaf77a3fa013801ebfc19643c1004)
#07 pc 0000000000864778 /system/lib64/westlake/route-a/74d1d6d48210ec5bf66ae43598655c3486b8873513821f13c2ffe15f0de552ac/libart.so(art::Runtime::Init(art::RuntimeArgumentMap&&)+17172)(8c2796fcedddaf77a3fa013801ebfc19643c1004)
#08 pc 0000000000867f50 /system/lib64/westlake/route-a/74d1d6d48210ec5bf66ae43598655c3486b8873513821f13c2ffe15f0de552ac/libart.so(8c2796fcedddaf77a3fa013801ebfc19643c1004)
#09 pc 00000000004f8058 /system/lib64/westlake/route-a/74d1d6d48210ec5bf66ae43598655c3486b8873513821f13c2ffe15f0de552ac/libart.so(JNI_CreateJavaVM+456)(8c2796fcedddaf77a3fa013801ebfc19643c1004)
#10 pc 0000000000008b7c /system/lib64/westlake/route-a/74d1d6d48210ec5bf66ae43598655c3486b8873513821f13c2ffe15f0de552ac/libwestlake_android_runtime_prov
#11 pc 000000000000d1c0 /system/lib64/westlake/route-a/74d1d6d48210ec5bf66ae43598655c3486b8873513821f13c2ffe15f0de552ac/libwestlake_android_runtime_prov
#12 pc 000000000000dc28 /system/lib64/westlake/route-a/74d1d6d48210ec5bf66ae43598655c3486b8873513821f13c2ffe15f0de552ac/libwestlake_android_runtime_prov
#13 pc 0000000000006a00 /system/lib64/appspawn/libwestlake_android_child.z.so(InvokeProviderChildEntryWithResolver+308)(74d1d6d48210ec5bf66ae43598655c3486b88735)
#14 pc 00000000000066a4 /system/lib64/appspawn/libwestlake_android_child.z.so(LoadSealedProviderAfterHooks+936)(74d1d6d48210ec5bf66ae43598655c3486b88735)
#15 pc 0000000000005ef0 /system/lib64/appspawn/libwestlake_android_child.z.so(WestlakeRunAndroidChild+1344)(74d1d6d48210ec5bf66ae43598655c3486b88735)
#16 pc 000000000000c774 /system/bin/appspawn-x(AppSpawnChild+560)(51636dd7d90358377051e5a4db304fa20acb6c11)
#17 pc 000000000000cac4 /system/bin/appspawn-x(AppSpawnProcessMsg+636)(51636dd7d90358377051e5a4db304fa20acb6c11)
#18 pc 00000000000143d8 /system/bin/appspawn-x(ProcessSpawnReqMsg+1124)(51636dd7d90358377051e5a4db304fa20acb6c11)
#19 pc 0000000000012e58 /system/bin/appspawn-x(OnReceiveRequest+580)(51636dd7d90358377051e5a4db304fa20acb6c11)
#20 pc 0000000000016c14 /system/lib64/chipset-sdk-sp/libbegetutil.z.so(HandleRecvMsg_+244)(70b9dc7d62f337cafa180c7a4c445a1d)
#21 pc 00000000000166e0 /system/lib64/chipset-sdk-sp/libbegetutil.z.so(HandleStreamEvent_+144)(70b9dc7d62f337cafa180c7a4c445a1d)
#22 pc 0000000000013de0 /system/lib64/chipset-sdk-sp/libbegetutil.z.so(ProcessEvent+88)(70b9dc7d62f337cafa180c7a4c445a1d)
#23 pc 0000000000013938 /system/lib64/chipset-sdk-sp/libbegetutil.z.so(RunLoop_+380)(70b9dc7d62f337cafa180c7a4c445a1d)
#24 pc 0000000000010f08 /system/bin/appspawn-x(AppSpawnRun+272)(51636dd7d90358377051e5a4db304fa20acb6c11)
#25 pc 000000000000bd0c /system/bin/appspawn-x(main+1228)(51636dd7d90358377051e5a4db304fa20acb6c11)
#26 pc 0000000000095140 /system/lib/ld-musl-aarch64.so.1(libc_start_main_stage2+80)(a9d018197b852b7e2f585142e5dbffb2)
Registers:
x0:0000000000000000 x1:0000007fc0e3f360 x2:0000000000000000 x3:0000000000000008
x4:0000000000000000 x5:0000000000000000 x6:3533381f1f363339 x7:7f7f7f7f7f7f7f7f
x8:0000000000000087 x9:0000007f847d8038 x10:0000007f84e50000 x11:000000000000020e
x12:000000000000021e x13:0000000000000000 x14:0000000000003ff0 x15:00000000442e5120
x16:0000007f00c4ef50 x17:0000007f84cda548 x18:0000000000000000 x19:0000000000000000
x20:0000007f84e5b000 x21:0000007f84760510 x22:0000000000000002 x23:0000007f00c56a60
x24:000000005a000000 x25:0000007f00541749 x26:0000007f00521875 x27:0000007f00c55b58
x28:0000000000ffffef x29:0000007fc0e3f3e0
lr:0000007f84cda560 sp:0000007fc0e3f360 pc:0000007f84d2e344
pstate:0000000000001000 esr:0000000000000000
Memory near registers:
x1([stack]):
    0000007fc0e3f350 0000000000000000
    0000007fc0e3f358 0000000000000000
    0000007fc0e3f360 0000000000001204
    0000007fc0e3f368 0000000000000000
    0000007fc0e3f370 0000000000000000
    0000007fc0e3f378 0000007f846ad930
    0000007fc0e3f380 0000007fc0e3f3b0
    0000007fc0e3f388 0000007f84cf2dac
    0000007fc0e3f390 0000007fc0e3f3c0
    0000007fc0e3f398 0000007f842946a4
    0000007fc0e3f3a0 0000000000000002
    0000007fc0e3f3a8 0000007f84760518
    0000007fc0e3f3b0 0000007fc0e3f430
    0000007fc0e3f3b8 0000007f0133ee1c
    0000007fc0e3f3c0 0000000000000002
    0000007fc0e3f3c8 0000007f84760518
    0000007fc0e3f3d0 0000007f84760510
    0000007fc0e3f3d8 0000007f84760580
    0000007fc0e3f3e0 0000007fc0e3f440
    0000007fc0e3f3e8 0000007f84cda560
    0000007fc0e3f3f0 0000007f84760510
    0000007fc0e3f3f8 0000007f847d8044
    0000007fc0e3f400 0000007f846ab4c0
    0000007fc0e3f408 00000000442e5120
    0000007fc0e3f410 0000007f846b4e71
    0000007fc0e3f418 0000007f0051552d
    0000007fc0e3f420 0000007f000002bb
    0000007fc0e3f428 0000007f846ad930
    0000007fc0e3f430 0000007fc0e3f4a0
    0000007fc0e3f438 0000007f00b5e3d4
    0000007fc0e3f440 0000007fc0e3f4a0
    0000007fc0e3f448 0000007f00b5e31c
x9:
    0000007f847d8028 0000007f847d8018
    0000007f847d8030 0000000000000000
    0000007f847d8038 000024f9000024f9
    0000007f847d8040 00000002ffffffff
    0000007f847d8048 0000000200000000
    0000007f847d8050 0000000000000003
    0000007f847d8058 0000000000000000
    0000007f847d8060 0000000000000000
    0000007f847d8068 0000007fc0e42f98
    0000007f847d8070 0000000000000000
    0000007f847d8078 0000000000000000
    0000007f847d8080 0000000000000000
    0000007f847d8088 0000000000000000
    0000007f847d8090 0000007f84e4f900
    0000007f847d8098 0000007f847d8098
    0000007f847d80a0 0000000000000000
    0000007f847d80a8 0000000000000000
    0000007f847d80b0 0000000000000000
    0000007f847d80b8 0000007f84e50420
    0000007f847d80c0 0000000000000000
    0000007f847d80c8 0000007f8472b340
    0000007f847d80d0 0000000000000000
    0000007f847d80d8 0000007f84798000
    0000007f847d80e0 0000000000000000
    0000007f847d80e8 0000000000000000
    0000007f847d80f0 0000000000000000
    0000007f847d80f8 0000000000000000
    0000007f847d8100 0000000000000000
    0000007f847d8108 0000000000000000
    0000007f847d8110 0000000000000000
    0000007f847d8118 0000000000000000
    0000007f847d8120 0000000000000000
x10:
    0000007f84e4fff0 0000000000000000
    0000007f84e4fff8 0000000000000000
    0000007f84e50000 0000000000000000
    0000007f84e50008 0000000000000000
    0000007f84e50010 0000000000000000
    0000007f84e50018 0000000000000000
    0000007f84e50020 0000000000000000
    0000007f84e50028 0000000000000000
    0000007f84e50030 0000000000000000
    0000007f84e50038 0000000000000000
    0000007f84e50040 0000000000000000
    0000007f84e50048 0000000000000000
    0000007f84e50050 0000000000000000
    0000007f84e50058 0000000000000000
    0000007f84e50060 0000000000000000
    0000007f84e50068 0000000000000000
    0000007f84e50070 0000000000000000
    0000007f84e50078 0000000000000000
    0000007f84e50080 0000000000000000
    0000007f84e50088 0000000000000000
    0000007f84e50090 0000000000000000
    0000007f84e50098 0000000000000000
    0000007f84e500a0 0000000000000000
    0000007f84e500a8 0000000000000000
    0000007f84e500b0 0000000000000000
    0000007f84e500b8 0000000000000000
    0000007f84e500c0 0000000000000000
    0000007f84e500c8 0000000000000000
    0000007f84e500d0 0000000000000000
    0000007f84e500d8 0000000000000000
    0000007f84e500e0 0000000000000000
    0000007f84e500e8 0000000000000000
x16(/system/lib64/westlake/route-a/74d1d6d48210ec5bf66ae43598655c3486b8873513821f13c2ffe15f0de552ac/libart.so):
    0000007f00c4ef40 0000007f84cce928
    0000007f00c4ef48 0000007f84d57184
    0000007f00c4ef50 0000007f84cda548
    0000007f00c4ef58 0000007f84d34ac0
    0000007f00c4ef60 0000007f84d0b394
    0000007f00c4ef68 0000007f0105dbd8
    0000007f00c4ef70 0000007f8428b2f4
    0000007f00c4ef78 0000007f8428b7e8
    0000007f00c4ef80 0000007f84298c2c
    0000007f00c4ef88 0000007f010607c0
    0000007f00c4ef90 0000007f84d45d9c
    0000007f00c4ef98 0000007f84cb5980
    0000007f00c4efa0 0000007f84cb4fc0
    0000007f00c4efa8 0000007f01060ee4
    0000007f00c4efb0 0000007f01060b74
    0000007f00c4efb8 0000007f01064028
    0000007f00c4efc0 0000007f01064260
    0000007f00c4efc8 0000007f0105ea74
    0000007f00c4efd0 0000007f01061644
    0000007f00c4efd8 0000007f8428ee8c
    0000007f00c4efe0 0000007f0105e174
    0000007f00c4efe8 0000007f0107bccc
    0000007f00c4eff0 0000007f8428bc10
    0000007f00c4eff8 0000007f0105e5c0
    0000007f00c4f000 0000007f84298a68
    0000007f00c4f008 0000007f00ce3548
    0000007f00c4f010 0000007f00ce82b4
    0000007f00c4f018 0000007f00ce33ac
    0000007f00c4f020 0000007f00ce82ac
    0000007f00c4f028 0000007f84d59b38
    0000007f00c4f030 0000007f00ce5304
    0000007f00c4f038 0000007f00cdbd64
x17(/system/lib/ld-musl-aarch64.so.1):
    0000007f84cda538 910003e094017d88
    0000007f84cda540 94000001940207d8
    0000007f84cda548 a9037bfdd10143ff
    0000007f84cda550 9100c3fdf90023f3
    0000007f84cda558 94014f1a528000c0
    0000007f84cda560 aa1f03f3aa1f03e0
    0000007f84cda568 90000ba094014df4
    0000007f84cda570 9401bb4e913f6000
    0000007f84cda578 910043e26f00e400
    0000007f84cda580 528000c1528010c0
    0000007f84cda588 94000010ad0083e0
    0000007f84cda590 d105a108d53bd048
    0000007f84cda598 9400001db9800100
    0000007f84cda5a0 910023e252800408
    0000007f84cda5a8 52800021528010e0
    0000007f84cda5b0 94000006f90007e8
    0000007f84cda5b8 3900027f52800120
    0000007f84cda5c0 52800fe094014f01
    0000007f84cda5c8 b0000c089402680e
    0000007f84cda5d0 b4000108f9466d08
    0000007f84cda5d8 340000c838606908
    0000007f84cda5e0 aa1f03e3b0000c08
    0000007f84cda5e8 f946710552800104
    0000007f84cda5f0 aa0003e8d61f00a0
    0000007f84cda5f8 aa0203e1aa0103e0
    0000007f84cda600 52800103aa1f03e2
    0000007f84cda608 d65f03c0d4000001
    0000007f84cda610 aa0003e1b0000c08
    0000007f84cda618 b4000108f9466d08
    0000007f84cda620 340000c839420908
    0000007f84cda628 52801040b0000c08
    0000007f84cda630 f9467103528000c2
x20:
    0000007f84e5aff0 0000000000000000
    0000007f84e5aff8 0000000000000000
    0000007f84e5b000 0000000000000000
    0000007f84e5b008 0000000000000000
    0000007f84e5b010 0000000000000000
    0000007f84e5b018 0000000000000000
    0000007f84e5b020 0000000000000000
    0000007f84e5b028 0000000000000000
    0000007f84e5b030 0000000000000000
    0000007f84e5b038 0000000000000000
    0000007f84e5b040 0000000000000000
    0000007f84e5b048 0000000000000000
    0000007f84e5b050 0000000000000000
    0000007f84e5b058 0000000000000000
    0000007f84e5b060 0000000000000000
    0000007f84e5b068 0000000000000000
    0000007f84e5b070 0000000000000000
    0000007f84e5b078 0000000000000000
    0000007f84e5b080 0000000000000000
    0000007f84e5b088 0000000000000000
    0000007f84e5b090 0000000000000000
    0000007f84e5b098 0000000000000000
    0000007f84e5b0a0 0000000000000000
    0000007f84e5b0a8 0000000000000000
    0000007f84e5b0b0 0000000000000000
    0000007f84e5b0b8 0000000000000000
    0000007f84e5b0c0 0000000000000000
    0000007f84e5b0c8 0000000000000000
    0000007f84e5b0d0 0000000000000000
    0000007f84e5b0d8 0000000000000000
    0000007f84e5b0e0 0000000000000000
    0000007f84e5b0e8 0000000000000000
x21:
    0000007f84760500 0000000000000000
    0000007f84760508 0000ff000000000c
    0000007f84760510 0000007f842effc8
    0000007f84760518 0000007f842ef778
    0000007f84760520 0000007f842fd160
    0000007f84760528 0000000000000000
    0000007f84760530 0000000000000000
    0000007f84760538 0000000000000000
    0000007f84760540 0000007f845f59f0
    0000007f84760548 0000007f845f7e1a
    0000007f84760550 0000007f845f89ef
    0000007f84760558 0000000000003001
    0000007f84760560 0000000000002fff
    0000007f84760568 0000007f845f59f0
    0000007f84760570 0000007f845f7e1a
    0000007f84760578 0000007f00000010
    0000007f84760580 0000007f842ef718
    0000007f84760588 0000000000001002
    0000007f84760590 0000000000000006
    0000007f84760598 0000000000000000
    0000007f847605a0 0000000000000000
    0000007f847605a8 0000007f84760518
    0000007f847605b0 0000007f842fd160
    0000007f847605b8 0000000000000000
    0000007f847605c0 0000000000000000
    0000007f847605c8 0000000000000000
    0000007f847605d0 0000000000000000
    0000007f847605d8 0000000000000000
    0000007f847605e0 0000000000000000
    0000007f847605e8 0000000000000000
    0000007f847605f0 0000000000000000
    0000007f847605f8 0000000000000000
x23:
    0000007f00c56a50 0000000000000000
    0000007f00c56a58 0000000600000001
    0000007f00c56a60 0000007f846b5c90
    0000007f00c56a68 0000000000000000
    0000007f00c56a70 0000000000000000
    0000007f00c56a78 0000000000000000
    0000007f00c56a80 0000000000000000
    0000007f00c56a88 0000000000000000
    0000007f00c56a90 0000000000000000
    0000007f00c56a98 0000000000000000
    0000007f00c56aa0 0000000000000000
    0000007f00c56aa8 0000000000000064
    0000007f00c56ab0 0000000000000046
    0000007f00c56ab8 0000000000000000
    0000007f00c56ac0 0000007f00c56ad8
    0000007f00c56ac8 3fe0000000000000
    0000007f00c56ad0 3fe6666666666666
    0000007f00c56ad8 0000000000000000
    0000007f00c56ae0 0000000000000000
    0000007f00c56ae8 0000000000000000
    0000007f00c56af0 0000000000000000
    0000007f00c56af8 0000000000000000
    0000007f00c56b00 0000000000000000
    0000007f00c56b08 0000000000000000
    0000007f00c56b10 0000000000000000
    0000007f00c56b18 0000000000000000
    0000007f00c56b20 0000000000000000
    0000007f00c56b28 0000000000000000
    0000007f00c56b30 0000000000000000
    0000007f00c56b38 0000000000000000
    0000007f00c56b40 0000000000000000
    0000007f00c56b48 0000000000000000
x25(/system/lib64/westlake/route-a/74d1d6d48210ec5bf66ae43598655c3486b8873513821f13c2ffe15f0de552ac/libart.so):
    0000007f00541738 6f436d003b656c64
    0000007f00541740 7d20220065696b6f
    0000007f00541748 30502f706d742f00
    0000007f00541750 52455a2d3630412d
    0000007f00541758 2d59415252412d4f
    0000007f00541760 6237665f6b736174
    0000007f00541768 72732f3232306232
    0000007f00541770 2f6b726f772e2f63
    0000007f00541778 6d2d63696e6f6962
    0000007f00541780 766f72702d6c7375
    0000007f00541788 6f72702f72656469
    0000007f00541790 696c2d7265646976
    0000007f00541798 72657a2d74726162
    0000007f005417a0 2d79617272612d6f
    0000007f005417a8 6237662d6b736174
    0000007f005417b0 38762d3232306232
    0000007f005417b8 2f6e657a6f72662f
    0000007f005417c0 7472612f70736f61
    0000007f005417c8 656d69746e75722f
    0000007f005417d0 2d6461657268742f
    0000007f005417d8 700a00682e6c6e69
    0000007f005417e0 6e5f6567616b6361
    0000007f005417e8 6c7073003d656d61
    0000007f005417f0 54006b70612d7469
    0000007f005417f8 6961576461657268
    0000007f00541800 7453006b636f4c74
    0000007f00541808 646f4d656761726f
    0000007f00541810 49004348345a4c65
    0000007f00541818 646165486567616d
    0000007f00541820 726f74533a3a7265
    0000007f00541828 5b65646f4d656761
    0000007f00541830 6d696e55746d4900
x26(/system/lib64/westlake/route-a/74d1d6d48210ec5bf66ae43598655c3486b8873513821f13c2ffe15f0de552ac/libart.so):
    0000007f00521860 656c646e61685f6e
    0000007f00521868 6c756e203d21205f
    0000007f00521870 617254007274706c
    0000007f00521878 696e6f697469736e
    0000007f00521880 7552206f7420676e
    0000007f00521888 7720656c62616e6e
    0000007f00521890 6f6e6120656c6968
    0000007f00521898 7268742072656874
    0000007f005218a0 7220736920646165
    0000007f005218a8 7420676e696e6e75
    0000007f005218b0 2070696c66206568
    0000007f005218b8 6e6f6974636e7566
    0000007f005218c0 636f6c6c6120002c
    0000007f005218c8 6572206e6f697461
    0000007f005218d0 6220007364726f63
    0000007f005218d8 6920657375616365
    0000007f005218e0 6570757320732774
    0000007f005218e8 69207373616c6372
    0000007f005218f0 6e6920746f6e2073
    0000007f005218f8 657a696c61697469
    0000007f00521900 6e49707041002e64
    0000007f00521908 7020726f66206f66
    0000007f00521910 6e5f6567616b6361
    0000007f00521918 732820003d656d61
    0000007f00521920 5d305b7974726f68
    0000007f00521928 206b63656843003d
    0000007f00521930 203a64656c696166
    0000007f00521938 6f43746d49736148
    0000007f00521940 654d7463696c666e
    0000007f00521948 53002928646f6874
    0000007f00521950 61436c6c41657661
    0000007f00521958 6576615365656c6c
x27:
    0000007f00c55b48 0000000000000000
    0000007f00c55b50 0000000000000000
    0000007f00c55b58 0000007f8471d130
    0000007f00c55b60 0000000000000001
    0000007f00c55b68 0000007f00c49ad0
    0000007f00c55b70 0000000000000001
    0000007f00c55b78 0000000000000000
    0000007f00c55b80 0000000000000000
    0000007f00c55b88 0000007f00c49ad0
    0000007f00c55b90 0000000000000002
    0000007f00c55b98 0000000000000000
    0000007f00c55ba0 0000000000000000
    0000007f00c55ba8 0000007f00c49ad0
    0000007f00c55bb0 0000000000000003
    0000007f00c55bb8 0000000000000000
    0000007f00c55bc0 0000000000000000
    0000007f00c55bc8 0000007f00c49ad0
    0000007f00c55bd0 0000000000000004
    0000007f00c55bd8 0000000000000000
    0000007f00c55be0 0000000000000000
    0000007f00c55be8 0000007f00c49b10
    0000007f00c55bf0 0000000000000005
    0000007f00c55bf8 0000000000000000
    0000007f00c55c00 0000000000000000
    0000007f00c55c08 0000007f00c49b10
    0000007f00c55c10 0000000000000006
    0000007f00c55c18 0000000000000000
    0000007f00c55c20 0000000000000000
    0000007f00c55c28 0000007f00c49b50
    0000007f00c55c30 0000000000000007
    0000007f00c55c38 0000000000000000
    0000007f00c55c40 0000000000000000
fp([stack]):
    0000007fc0e3f3d0 0000007f84760510
    0000007fc0e3f3d8 0000007f84760580
    0000007fc0e3f3e0 0000007fc0e3f440
    0000007fc0e3f3e8 0000007f84cda560
    0000007fc0e3f3f0 0000007f84760510
    0000007fc0e3f3f8 0000007f847d8044
    0000007fc0e3f400 0000007f846ab4c0
    0000007fc0e3f408 00000000442e5120
    0000007fc0e3f410 0000007f846b4e71
    0000007fc0e3f418 0000007f0051552d
    0000007fc0e3f420 0000007f000002bb
    0000007fc0e3f428 0000007f846ad930
    0000007fc0e3f430 0000007fc0e3f4a0
    0000007fc0e3f438 0000007f00b5e3d4
    0000007fc0e3f440 0000007fc0e3f4a0
    0000007fc0e3f448 0000007f00b5e31c
    0000007fc0e3f450 0000007f846ab4c0
    0000007fc0e3f458 0000007f846ab4c0
    0000007fc0e3f460 0000007fc0e3f88c
    0000007fc0e3f468 000000006abc8de3
    0000007fc0e3f470 0000000000000008
    0000007fc0e3f478 0000007f846a5080
    0000007fc0e3f480 000000000000005a
    0000007fc0e3f488 0000000000000000
    0000007fc0e3f490 000000000000242a
    0000007fc0e3f498 0000007f846ad920
    0000007fc0e3f4a0 0000007fc0e3f510
    0000007fc0e3f4a8 0000007f0133f0e8
    0000007fc0e3f4b0 0000007fc0e3f8a4
    0000007fc0e3f4b8 0000007fc0e3f88c
    0000007fc0e3f4c0 0000007fc0e3f894
    0000007fc0e3f4c8 0000007fc0e3f88c
lr(/system/lib/ld-musl-aarch64.so.1):
    0000007f84cda550 9100c3fdf90023f3
    0000007f84cda558 94014f1a528000c0
    0000007f84cda560 aa1f03f3aa1f03e0
    0000007f84cda568 90000ba094014df4
    0000007f84cda570 9401bb4e913f6000
    0000007f84cda578 910043e26f00e400
    0000007f84cda580 528000c1528010c0
    0000007f84cda588 94000010ad0083e0
    0000007f84cda590 d105a108d53bd048
    0000007f84cda598 9400001db9800100
    0000007f84cda5a0 910023e252800408
    0000007f84cda5a8 52800021528010e0
    0000007f84cda5b0 94000006f90007e8
    0000007f84cda5b8 3900027f52800120
    0000007f84cda5c0 52800fe094014f01
    0000007f84cda5c8 b0000c089402680e
    0000007f84cda5d0 b4000108f9466d08
    0000007f84cda5d8 340000c838606908
    0000007f84cda5e0 aa1f03e3b0000c08
    0000007f84cda5e8 f946710552800104
    0000007f84cda5f0 aa0003e8d61f00a0
    0000007f84cda5f8 aa0203e1aa0103e0
    0000007f84cda600 52800103aa1f03e2
    0000007f84cda608 d65f03c0d4000001
    0000007f84cda610 aa0003e1b0000c08
    0000007f84cda618 b4000108f9466d08
    0000007f84cda620 340000c839420908
    0000007f84cda628 52801040b0000c08
    0000007f84cda630 f9467103528000c2
    0000007f84cda638 aa0103e0d61f0060
    0000007f84cda640 528000c152801048
    0000007f84cda648 d65f03c0d4000001
sp([stack]):
    0000007fc0e3f350 0000000000000000
    0000007fc0e3f358 0000000000000000
    0000007fc0e3f360 0000000000001204
    0000007fc0e3f368 0000000000000000
    0000007fc0e3f370 0000000000000000
    0000007fc0e3f378 0000007f846ad930
    0000007fc0e3f380 0000007fc0e3f3b0
    0000007fc0e3f388 0000007f84cf2dac
    0000007fc0e3f390 0000007fc0e3f3c0
    0000007fc0e3f398 0000007f842946a4
    0000007fc0e3f3a0 0000000000000002
    0000007fc0e3f3a8 0000007f84760518
    0000007fc0e3f3b0 0000007fc0e3f430
    0000007fc0e3f3b8 0000007f0133ee1c
    0000007fc0e3f3c0 0000000000000002
    0000007fc0e3f3c8 0000007f84760518
    0000007fc0e3f3d0 0000007f84760510
    0000007fc0e3f3d8 0000007f84760580
    0000007fc0e3f3e0 0000007fc0e3f440
    0000007fc0e3f3e8 0000007f84cda560
    0000007fc0e3f3f0 0000007f84760510
    0000007fc0e3f3f8 0000007f847d8044
    0000007fc0e3f400 0000007f846ab4c0
    0000007fc0e3f408 00000000442e5120
    0000007fc0e3f410 0000007f846b4e71
    0000007fc0e3f418 0000007f0051552d
    0000007fc0e3f420 0000007f000002bb
    0000007fc0e3f428 0000007f846ad930
    0000007fc0e3f430 0000007fc0e3f4a0
    0000007fc0e3f438 0000007f00b5e3d4
    0000007fc0e3f440 0000007fc0e3f4a0
    0000007fc0e3f448 0000007f00b5e31c
pc(/system/lib/ld-musl-aarch64.so.1):
    0000007f84d2e330 528010e8910003e1
    0000007f84d2e338 52800103aa1f03e2
    0000007f84d2e340 2a1303e0d4000001
    0000007f84d2e348 a94953f5a94a3ff3
    0000007f84d2e350 9102c3ffa9487bfd
    0000007f84d2e358 f941e929b0000249
    0000007f84d2e360 ca1e0129ca1d0129
    0000007f84d2e368 b400004feb0901ef
    0000007f84d2e370 d65f03c0d4200020
    0000007f84d2e378 f9000bf3a9be7bfd
    0000007f84d2e380 b0000968910003fd
    0000007f84d2e388 aa0103e2aa0203e3
    0000007f84d2e390 f9466d0893407c01
    0000007f84d2e398 39419d08b4000148
    0000007f84d2e3a0 b000096834000108
    0000007f84d2e3a8 f946710852800ce0
    0000007f84d2e3b0 b13ffc1fd63f0100
    0000007f84d2e3b8 1400000d54000122
    0000007f84d2e3c0 52800ce8aa0103e0
    0000007f84d2e3c8 aa0303e2aa0203e1
    0000007f84d2e3d0 b13ffc1fd4000001
    0000007f84d2e3d8 4b0003f3540000c3
    0000007f84d2e3e0 aa0003e897feaffb
    0000007f84d2e3e8 b900011392800000
    0000007f84d2e3f0 a8c27bfdf9400bf3
    0000007f84d2e3f8 b000024fd65f03c0
    0000007f84d2e400 ca1d01eff941e9ef
    0000007f84d2e408 d10243ffca1e01ef
    0000007f84d2e410 a9065bf7a9057bfd
    0000007f84d2e418 a9083ff3a90753f5
    0000007f84d2e420 aa0203f3910143fd
    0000007f84d2e428 2a0003f5aa0103f4
FaultStack:
    0000007fc0e3f260 0000000000000001
    0000007fc0e3f268 0000000000000000
    0000007fc0e3f270 0000007fc0e3f288
    0000007fc0e3f278 0000007f846afd5a
    0000007fc0e3f280 0000007fc0e3f2b0
    0000007fc0e3f288 0000000000008e01
    0000007fc0e3f290 000000000000472b
    0000007fc0e3f298 0000007f845ec010
    0000007fc0e3f2a0 000000130000002f
    0000007fc0e3f2a8 0000001e0000000c
    0000007fc0e3f2b0 0000007e00000008
    0000007fc0e3f2b8 0000011000000003
    0000007fc0e3f2c0 0000007f00000000
    0000007fc0e3f2c8 0000000000007080
    0000007fc0e3f2d0 0000007f84e50270
    0000007fc0e3f2d8 0000000000000041
    0000007fc0e3f2e0 0000000000000038
    0000007fc0e3f2e8 0000007f8470ac30
    0000007fc0e3f2f0 32312030332d3930
    0000007fc0e3f2f8 000037343a39313a
    0000007fc0e3f300 0000007f84c444a0
    0000007fc0e3f308 0000000000000020
    0000007fc0e3f310 0000007fc0e3f3a0
    0000007fc0e3f318 0000007f0133f020
    0000007fc0e3f320 0000007f00541749
    0000007fc0e3f328 000000006abc8de3
    0000007fc0e3f330 000000005a000000
    0000007fc0e3f338 0000007f00c56a60
    0000007fc0e3f340 0000000000000002
    0000007fc0e3f348 0000000000000002
    0000007fc0e3f350 0000000000000000
    0000007fc0e3f358 0000000000000000
sp0:0000007fc0e3f360 0000000000001204
    0000007fc0e3f368 0000000000000000
    0000007fc0e3f370 0000000000000000
    0000007fc0e3f378 0000007f846ad930
    0000007fc0e3f380 0000007fc0e3f3b0
    0000007fc0e3f388 0000007f84cf2dac
    0000007fc0e3f390 0000007fc0e3f3c0
    0000007fc0e3f398 0000007f842946a4
    0000007fc0e3f3a0 0000000000000002
    0000007fc0e3f3a8 0000007f84760518
    0000007fc0e3f3b0 0000007fc0e3f430
    0000007fc0e3f3b8 0000007f0133ee1c
    0000007fc0e3f3c0 0000000000000002
    0000007fc0e3f3c8 0000007f84760518
    0000007fc0e3f3d0 0000007f84760510
    0000007fc0e3f3d8 0000007f84760580
    0000007fc0e3f3e0 0000007fc0e3f440
    0000007fc0e3f3e8 0000007f84cda560
    0000007fc0e3f3f0 0000007f84760510
    0000007fc0e3f3f8 0000007f847d8044
    0000007fc0e3f400 0000007f846ab4c0
    0000007fc0e3f408 00000000442e5120
sp1:0000007fc0e3f410 0000007f846b4e71
    0000007fc0e3f418 0000007f0051552d
    0000007fc0e3f420 0000007f000002bb
    0000007fc0e3f428 0000007f846ad930
    0000007fc0e3f430 0000007fc0e3f4a0
    0000007fc0e3f438 0000007f00b5e3d4
    0000007fc0e3f440 0000007fc0e3f4a0
    0000007fc0e3f448 0000007f00b5e31c
    0000007fc0e3f450 0000007f846ab4c0
    0000007fc0e3f458 0000007f846ab4c0
sp2:0000007fc0e3f460 0000007fc0e3f88c
    0000007fc0e3f468 000000006abc8de3
    0000007fc0e3f470 0000000000000008
    0000007fc0e3f478 0000007f846a5080
    0000007fc0e3f480 000000000000005a
    0000007fc0e3f488 0000000000000000
    0000007fc0e3f490 000000000000242a
    0000007fc0e3f498 0000007f846ad920
    0000007fc0e3f4a0 0000007fc0e3f510
    0000007fc0e3f4a8 0000007f0133f0e8
    0000007fc0e3f4b0 0000007fc0e3f8a4
    0000007fc0e3f4b8 0000007fc0e3f88c
    0000007fc0e3f4c0 0000007fc0e3f894
    0000007fc0e3f4c8 0000007fc0e3f88c
    0000007fc0e3f4d0 0000000000000008
    0000007fc0e3f4d8 0000007fc0e3f8a8
    0000007fc0e3f4e0 0000000000000002
    0000007fc0e3f4e8 0000007f00539429

Maps:
10000-12000 rw-p 00000000 
12000-4010000 ---p 00000000 
12c00000-12e01000 rw-p 00000000 
12e01000-22c00000 ---p 00000000 
22c00000-22c01000 rw-p 00000000 
22c01000-32c00000 ---p 00000000 
32c00000-42c00000 rw-p 00000000 
ebad6000-ebad7000 ---p 00000000 
5571977000-5571982000 r--p 00000000 /system/bin/appspawn-x
5571982000-5571993000 r-xp 0000a000 /system/bin/appspawn-x
5571993000-5571995000 r--p 0001a000 /system/bin/appspawn-x
5571995000-5571996000 rw-p 0001b000 /system/bin/appspawn-x
55980e7000-55980e8000 ---p 00000000 [heap]
55980e8000-55980ee000 rw-p 00000000 [heap]
55980ee000-55980f0000 rw-p 00000000 [heap]
7efa960000-7efcf52000 r--p 00000000 
7efcf52000-7efd073000 r--p 00000000 /system/android/framework/apache-xml.jar
7efd073000-7efd1d9000 r--p 00000000 /system/android/framework/bouncycastle.jar
7efd1d9000-7efd23b000 r--p 00000000 /system/android/framework/okhttp.jar
7efd23b000-7efd4a2000 r--p 00000000 
7efd4a2000-7efd52c000 r--p 00000000 /system/android/framework/core-libart.jar
7efd52c000-7efda6f000 r--p 00000000 /system/android/framework/core-oj.jar
7efda6f000-7f001fa000 rw-p 00000000 
7f001fa000-7f00240000 r--s 00000000 /system/etc/zoneinfo/tzdata
7f00240000-7f00245000 r--p 00000000 /system/lib64/westlake/route-a/74d1d6d48210ec5bf66ae43598655c3486b8873513821f13c2ffe15f0de552ac/libartpalette-system.so
7f00245000-7f0024c000 r-xp 00004000 /system/lib64/westlake/route-a/74d1d6d48210ec5bf66ae43598655c3486b8873513821f13c2ffe15f0de552ac/libartpalette-system.so
7f0024c000-7f0024d000 r--p 0000a000 /system/lib64/westlake/route-a/74d1d6d48210ec5bf66ae43598655c3486b8873513821f13c2ffe15f0de552ac/libartpalette-system.so
7f0024d000-7f0024e000 rw-p 0000a000 /system/lib64/westlake/route-a/74d1d6d48210ec5bf66ae43598655c3486b8873513821f13c2ffe15f0de552ac/libartpalette-system.so
7f0024e000-7f0024f000 rw-p 00000000 
7f00280000-7f00287000 r--p 00000000 /system/lib64/westlake/route-a/74d1d6d48210ec5bf66ae43598655c3486b8873513821f13c2ffe15f0de552ac/libwestlake_android_runtime_prov
7f00287000-7f00290000 r-xp 00006000 /system/lib64/westlake/route-a/74d1d6d48210ec5bf66ae43598655c3486b8873513821f13c2ffe15f0de552ac/libwestlake_android_runtime_prov
7f00290000-7f00291000 r--p 0000e000 /system/lib64/westlake/route-a/74d1d6d48210ec5bf66ae43598655c3486b8873513821f13c2ffe15f0de552ac/libwestlake_android_runtime_prov
7f00291000-7f00292000 rw-p 0000e000 /system/lib64/westlake/route-a/74d1d6d48210ec5bf66ae43598655c3486b8873513821f13c2ffe15f0de552ac/libwestlake_android_runtime_prov
7f00292000-7f00293000 rw-p 00000000 
7f002c0000-7f002c6000 r--p 00000000 /system/lib64/westlake/route-a/74d1d6d48210ec5bf66ae43598655c3486b8873513821f13c2ffe15f0de552ac/libopenjdkjvm.so
7f002c6000-7f002ca000 r-xp 00005000 /system/lib64/westlake/route-a/74d1d6d48210ec5bf66ae43598655c3486b8873513821f13c2ffe15f0de552ac/libopenjdkjvm.so
7f002ca000-7f002cc000 r--p 00008000 /system/lib64/westlake/route-a/74d1d6d48210ec5bf66ae43598655c3486b8873513821f13c2ffe15f0de552ac/libopenjdkjvm.so
7f002cc000-7f002cd000 rw-p 00009000 /system/lib64/westlake/route-a/74d1d6d48210ec5bf66ae43598655c3486b8873513821f13c2ffe15f0de552ac/libopenjdkjvm.so
7f00300000-7f005ca000 r--p 00000000 /system/lib64/westlake/route-a/74d1d6d48210ec5bf66ae43598655c3486b8873513821f13c2ffe15f0de552ac/libart.so
7f005ca000-7f00c3c000 r-xp 002c9000 /system/lib64/westlake/route-a/74d1d6d48210ec5bf66ae43598655c3486b8873513821f13c2ffe15f0de552ac/libart.so
7f00c3c000-7f00c50000 r--p 0093a000 /system/lib64/westlake/route-a/74d1d6d48210ec5bf66ae43598655c3486b8873513821f13c2ffe15f0de552ac/libart.so
7f00c50000-7f00c54000 rw-p 0094d000 /system/lib64/westlake/route-a/74d1d6d48210ec5bf66ae43598655c3486b8873513821f13c2ffe15f0de552ac/libart.so
7f00c54000-7f00c58000 rw-p 00000000 
7f00c80000-7f00cb5000 r--p 00000000 /system/lib64/westlake/route-a/74d1d6d48210ec5bf66ae43598655c3486b8873513821f13c2ffe15f0de552ac/libunwindstack.so
7f00cb5000-7f00cf6000 r-xp 00034000 /system/lib64/westlake/route-a/74d1d6d48210ec5bf66ae43598655c3486b8873513821f13c2ffe15f0de552ac/libunwindstack.so
7f00cf6000-7f00cfc000 r--p 00074000 /system/lib64/westlake/route-a/74d1d6d48210ec5bf66ae43598655c3486b8873513821f13c2ffe15f0de552ac/libunwindstack.so
7f00cfc000-7f00cfd000 rw-p 00079000 /system/lib64/westlake/route-a/74d1d6d48210ec5bf66ae43598655c3486b8873513821f13c2ffe15f0de552ac/libunwindstack.so
7f00d00000-7f00d10000 r--p 00000000 /system/lib64/westlake/route-a/74d1d6d48210ec5bf66ae43598655c3486b8873513821f13c2ffe15f0de552ac/libprofile.so
7f00d10000-7f00d25000 r-xp 0000f000 /system/lib64/westlake/route-a/74d1d6d48210ec5bf66ae43598655c3486b8873513821f13c2ffe15f0de552ac/libprofile.so
7f00d25000-7f00d27000 r--p 00023000 /system/lib64/westlake/route-a/74d1d6d48210ec5bf66ae43598655c3486b8873513821f13c2ffe15f0de552ac/libprofile.so
7f00d27000-7f00d28000 rw-p 00024000 /system/lib64/westlake/route-a/74d1d6d48210ec5bf66ae43598655c3486b8873513821f13c2ffe15f0de552ac/libprofile.so
7f00d40000-7f00d43000 r--p 00000000 /system/lib64/westlake/route-a/74d1d6d48210ec5bf66ae43598655c3486b8873513821f13c2ffe15f0de552ac/libnativeloader.so
7f00d43000-7f00d4a000 r-xp 00002000 /system/lib64/westlake/route-a/74d1d6d48210ec5bf66ae43598655c3486b8873513821f13c2ffe15f0de552ac/libnativeloader.so
7f00d4a000-7f00d4b000 r--p 00008000 /system/lib64/westlake/route-a/74d1d6d48210ec5bf66ae43598655c3486b8873513821f13c2ffe15f0de552ac/libnativeloader.so
7f00d4b000-7f00d4c000 rw-p 00008000 /system/lib64/westlake/route-a/74d1d6d48210ec5bf66ae43598655c3486b8873513821f13c2ffe15f0de552ac/libnativeloader.so
7f00d80000-7f00d82000 r--p 00000000 /system/lib64/westlake/route-a/74d1d6d48210ec5bf66ae43598655c3486b8873513821f13c2ffe15f0de552ac/libnativebridge.so
7f00d82000-7f00d85000 r-xp 00001000 /system/lib64/westlake/route-a/74d1d6d48210ec5bf66ae43598655c3486b8873513821f13c2ffe15f0de552ac/libnativebridge.so
7f00d85000-7f00d86000 r--p 00003000 /system/lib64/westlake/route-a/74d1d6d48210ec5bf66ae43598655c3486b8873513821f13c2ffe15f0de552ac/libnativebridge.so
7f00d86000-7f00d87000 rw-p 00003000 /system/lib64/westlake/route-a/74d1d6d48210ec5bf66ae43598655c3486b8873513821f13c2ffe15f0de552ac/libnativebridge.so
7f00dc0000-7f00dc5000 r--p 00000000 /system/lib64/westlake/route-a/74d1d6d48210ec5bf66ae43598655c3486b8873513821f13c2ffe15f0de552ac/liblzma.so
7f00dc5000-7f00de3000 r-xp 00004000 /system/lib64/westlake/route-a/74d1d6d48210ec5bf66ae43598655c3486b8873513821f13c2ffe15f0de552ac/liblzma.so
7f00de3000-7f00de5000 r--p 00021000 /system/lib64/westlake/route-a/74d1d6d48210ec5bf66ae43598655c3486b8873513821f13c2ffe15f0de552ac/liblzma.so
7f00de5000-7f00de6000 rw-p 00022000 /system/lib64/westlake/route-a/74d1d6d48210ec5bf66ae43598655c3486b8873513821f13c2ffe15f0de552ac/liblzma.so
7f00de6000-7f00df1000 rw-p 00000000 
7f00e00000-7f00e03000 r--p 00000000 /system/lib64/westlake/route-a/74d1d6d48210ec5bf66ae43598655c3486b8873513821f13c2ffe15f0de552ac/libelffile.so
7f00e03000-7f00e06000 r-xp 00002000 /system/lib64/westlake/route-a/74d1d6d48210ec5bf66ae43598655c3486b8873513821f13c2ffe15f0de552ac/libelffile.so
7f00e06000-7f00e07000 r--p 00004000 /system/lib64/westlake/route-a/74d1d6d48210ec5bf66ae43598655c3486b8873513821f13c2ffe15f0de552ac/libelffile.so
7f00e07000-7f00e08000 rw-p 00004000 /system/lib64/westlake/route-a/74d1d6d48210ec5bf66ae43598655c3486b8873513821f13c2ffe15f0de552ac/libelffile.so
7f00e40000-7f00e43000 r--p 00000000 /system/lib64/westlake/route-a/74d1d6d48210ec5bf66ae43598655c3486b8873513821f13c2ffe15f0de552ac/liblz4.so
7f00e43000-7f00e65000 r-xp 00002000 /system/lib64/westlake/route-a/74d1d6d48210ec5bf66ae43598655c3486b8873513821f13c2ffe15f0de552ac/liblz4.so
7f00e65000-7f00e66000 r--p 00023000 /system/lib64/westlake/route-a/74d1d6d48210ec5bf66ae43598655c3486b8873513821f13c2ffe15f0de552ac/liblz4.so
7f00e66000-7f00e67000 rw-p 00023000 /system/lib64/westlake/route-a/74d1d6d48210ec5bf66ae43598655c3486b8873513821f13c2ffe15f0de552ac/liblz4.so
7f00e80000-7f00f33000 r--p 00000000 /system/lib64/westlake/route-a/74d1d6d48210ec5bf66ae43598655c3486b8873513821f13c2ffe15f0de552ac/libvixl.so
7f00f33000-7f01014000 r-xp 000b2000 /system/lib64/westlake/route-a/74d1d6d48210ec5bf66ae43598655c3486b8873513821f13c2ffe15f0de552ac/libvixl.so
7f01014000-7f01029000 r--p 00192000 /system/lib64/westlake/route-a/74d1d6d48210ec5bf66ae43598655c3486b8873513821f13c2ffe15f0de552ac/libvixl.so
7f01029000-7f0102a000 rw-p 001a6000 /system/lib64/westlake/route-a/74d1d6d48210ec5bf66ae43598655c3486b8873513821f13c2ffe15f0de552ac/libvixl.so
7f0102a000-7f0103a000 rw-p 00000000 
7f01040000-7f0105b000 r--p 00000000 /system/lib64/westlake/route-a/74d1d6d48210ec5bf66ae43598655c3486b8873513821f13c2ffe15f0de552ac/libdexfile.so
7f0105b000-7f0107f000 r-xp 0001a000 /system/lib64/westlake/route-a/74d1d6d48210ec5bf66ae43598655c3486b8873513821f13c2ffe15f0de552ac/libdexfile.so
7f0107f000-7f01082000 r--p 0003d000 /system/lib64/westlake/route-a/74d1d6d48210ec5bf66ae43598655c3486b8873513821f13c2ffe15f0de552ac/libdexfile.so
7f01082000-7f01083000 rw-p 0003f000 /system/lib64/westlake/route-a/74d1d6d48210ec5bf66ae43598655c3486b8873513821f13c2ffe15f0de552ac/libdexfile.so
7f010c0000-7f010c2000 r--p 00000000 /system/lib64/westlake/route-a/74d1d6d48210ec5bf66ae43598655c3486b8873513821f13c2ffe15f0de552ac/libartpalette.so
7f010c2000-7f010c4000 r-xp 00001000 /system/lib64/westlake/route-a/74d1d6d48210ec5bf66ae43598655c3486b8873513821f13c2ffe15f0de552ac/libartpalette.so
7f010c4000-7f010c5000 r--p 00002000 /system/lib64/westlake/route-a/74d1d6d48210ec5bf66ae43598655c3486b8873513821f13c2ffe15f0de552ac/libartpalette.so
7f010c5000-7f010c6000 rw-p 00002000 /system/lib64/westlake/route-a/74d1d6d48210ec5bf66ae43598655c3486b8873513821f13c2ffe15f0de552ac/libartpalette.so
7f01100000-7f01125000 r--p 00000000 /system/lib64/westlake/route-a/74d1d6d48210ec5bf66ae43598655c3486b8873513821f13c2ffe15f0de552ac/libartbase.so
7f01125000-7f01145000 r-xp 00024000 /system/lib64/westlake/route-a/74d1d6d48210ec5bf66ae43598655c3486b8873513821f13c2ffe15f0de552ac/libartbase.so
7f01145000-7f01148000 r--p 00043000 /system/lib64/westlake/route-a/74d1d6d48210ec5bf66ae43598655c3486b8873513821f13c2ffe15f0de552ac/libartbase.so
7f01148000-7f01149000 rw-p 00045000 /system/lib64/westlake/route-a/74d1d6d48210ec5bf66ae43598655c3486b8873513821f13c2ffe15f0de552ac/libartbase.so
7f01180000-7f0118c000 r--p 00000000 /system/lib64/westlake/route-a/74d1d6d48210ec5bf66ae43598655c3486b8873513821f13c2ffe15f0de552ac/libtinyxml2.so
7f0118c000-7f01196000 r-xp 0000b000 /system/lib64/westlake/route-a/74d1d6d48210ec5bf66ae43598655c3486b8873513821f13c2ffe15f0de552ac/libtinyxml2.so
7f01196000-7f01198000 r--p 00014000 /system/lib64/westlake/route-a/74d1d6d48210ec5bf66ae43598655c3486b8873513821f13c2ffe15f0de552ac/libtinyxml2.so
7f01198000-7f01199000 rw-p 00015000 /system/lib64/westlake/route-a/74d1d6d48210ec5bf66ae43598655c3486b8873513821f13c2ffe15f0de552ac/libtinyxml2.so
7f011c0000-7f011cc000 r--p 00000000 /system/lib64/westlake/route-a/74d1d6d48210ec5bf66ae43598655c3486b8873513821f13c2ffe15f0de552ac/libziparchive.so
7f011cc000-7f011d6000 r-xp 0000b000 /system/lib64/westlake/route-a/74d1d6d48210ec5bf66ae43598655c3486b8873513821f13c2ffe15f0de552ac/libziparchive.so
7f011d6000-7f011d8000 r--p 00014000 /system/lib64/westlake/route-a/74d1d6d48210ec5bf66ae43598655c3486b8873513821f13c2ffe15f0de552ac/libziparchive.so
7f011d8000-7f011d9000 rw-p 00015000 /system/lib64/westlake/route-a/74d1d6d48210ec5bf66ae43598655c3486b8873513821f13c2ffe15f0de552ac/libziparchive.so
7f01200000-7f01208000 r--p 00000000 /system/lib64/westlake/route-a/74d1d6d48210ec5bf66ae43598655c3486b8873513821f13c2ffe15f0de552ac/libshared_libz.z.so
7f01208000-7f0121f000 r-xp 00007000 /system/lib64/westlake/route-a/74d1d6d48210ec5bf66ae43598655c3486b8873513821f13c2ffe15f0de552ac/libshared_libz.z.so
7f0121f000-7f01220000 r--p 0001d000 /system/lib64/westlake/route-a/74d1d6d48210ec5bf66ae43598655c3486b8873513821f13c2ffe15f0de552ac/libshared_libz.z.so
7f01220000-7f01221000 rw-p 0001d000 /system/lib64/westlake/route-a/74d1d6d48210ec5bf66ae43598655c3486b8873513821f13c2ffe15f0de552ac/libshared_libz.z.so
7f01240000-7f01241000 r--p 00000000 /system/lib64/westlake/route-a/74d1d6d48210ec5bf66ae43598655c3486b8873513821f13c2ffe15f0de552ac/libsigchain.so
7f01241000-7f01242000 r-xp 00000000 /system/lib64/westlake/route-a/74d1d6d48210ec5bf66ae43598655c3486b8873513821f13c2ffe15f0de552ac/libsigchain.so
7f01242000-7f01243000 r--p 00000000 /system/lib64/westlake/route-a/74d1d6d48210ec5bf66ae43598655c3486b8873513821f13c2ffe15f0de552ac/libsigchain.so
7f01243000-7f01244000 rw-p 00000000 /system/lib64/westlake/route-a/74d1d6d48210ec5bf66ae43598655c3486b8873513821f13c2ffe15f0de552ac/libsigchain.so
7f01280000-7f01291000 r--p 00000000 /system/lib64/westlake/route-a/74d1d6d48210ec5bf66ae43598655c3486b8873513821f13c2ffe15f0de552ac/libutils.so
7f01291000-7f0129e000 r-xp 00010000 /system/lib64/westlake/route-a/74d1d6d48210ec5bf66ae43598655c3486b8873513821f13c2ffe15f0de552ac/libutils.so
7f0129e000-7f012a0000 r--p 0001c000 /system/lib64/westlake/route-a/74d1d6d48210ec5bf66ae43598655c3486b8873513821f13c2ffe15f0de552ac/libutils.so
7f012a0000-7f012a1000 rw-p 0001d000 /system/lib64/westlake/route-a/74d1d6d48210ec5bf66ae43598655c3486b8873513821f13c2ffe15f0de552ac/libutils.so
7f012c0000-7f012c4000 r--p 00000000 /system/lib64/westlake/route-a/74d1d6d48210ec5bf66ae43598655c3486b8873513821f13c2ffe15f0de552ac/libcutils.so
7f012c4000-7f012c9000 r-xp 00003000 /system/lib64/westlake/route-a/74d1d6d48210ec5bf66ae43598655c3486b8873513821f13c2ffe15f0de552ac/libcutils.so
7f012c9000-7f012ca000 r--p 00007000 /system/lib64/westlake/route-a/74d1d6d48210ec5bf66ae43598655c3486b8873513821f13c2ffe15f0de552ac/libcutils.so
7f012ca000-7f012cb000 rw-p 00007000 /system/lib64/westlake/route-a/74d1d6d48210ec5bf66ae43598655c3486b8873513821f13c2ffe15f0de552ac/libcutils.so
7f01300000-7f0131a000 r--p 00000000 /system/lib64/westlake/route-a/74d1d6d48210ec5bf66ae43598655c3486b8873513821f13c2ffe15f0de552ac/libbase.so
7f0131a000-7f01346000 r-xp 00019000 /system/lib64/westlake/route-a/74d1d6d48210ec5bf66ae43598655c3486b8873513821f13c2ffe15f0de552ac/libbase.so
7f01346000-7f01348000 r--p 00044000 /system/lib64/westlake/route-a/74d1d6d48210ec5bf66ae43598655c3486b8873513821f13c2ffe15f0de552ac/libbase.so
7f01348000-7f01349000 rw-p 00045000 /system/lib64/westlake/route-a/74d1d6d48210ec5bf66ae43598655c3486b8873513821f13c2ffe15f0de552ac/libbase.so
7f01380000-7f01382000 r--p 00000000 /system/lib64/westlake/route-a/74d1d6d48210ec5bf66ae43598655c3486b8873513821f13c2ffe15f0de552ac/libnativehelper.so
7f01382000-7f01386000 r-xp 00001000 /system/lib64/westlake/route-a/74d1d6d48210ec5bf66ae43598655c3486b8873513821f13c2ffe15f0de552ac/libnativehelper.so
7f01386000-7f01387000 r--p 00004000 /system/lib64/westlake/route-a/74d1d6d48210ec5bf66ae43598655c3486b8873513821f13c2ffe15f0de552ac/libnativehelper.so
7f01387000-7f01388000 rw-p 00004000 /system/lib64/westlake/route-a/74d1d6d48210ec5bf66ae43598655c3486b8873513821f13c2ffe15f0de552ac/libnativehelper.so
7f013c0000-7f013c6000 r--p 00000000 /system/lib64/westlake/route-a/74d1d6d48210ec5bf66ae43598655c3486b8873513821f13c2ffe15f0de552ac/liblog.so
7f013c6000-7f013cd000 r-xp 00005000 /system/lib64/westlake/route-a/74d1d6d48210ec5bf66ae43598655c3486b8873513821f13c2ffe15f0de552ac/liblog.so
7f013cd000-7f013ce000 r--p 0000b000 /system/lib64/westlake/route-a/74d1d6d48210ec5bf66ae43598655c3486b8873513821f13c2ffe15f0de552ac/liblog.so
7f013ce000-7f013cf000 rw-p 0000b000 /system/lib64/westlake/route-a/74d1d6d48210ec5bf66ae43598655c3486b8873513821f13c2ffe15f0de552ac/liblog.so
7f01400000-7f01402000 r--p 00000000 /system/lib64/westlake/route-a/74d1d6d48210ec5bf66ae43598655c3486b8873513821f13c2ffe15f0de552ac/libapp_native_loader.so
7f01402000-7f01405000 r-xp 00001000 /system/lib64/westlake/route-a/74d1d6d48210ec5bf66ae43598655c3486b8873513821f13c2ffe15f0de552ac/libapp_native_loader.so
7f01405000-7f01406000 r--p 00003000 /system/lib64/westlake/route-a/74d1d6d48210ec5bf66ae43598655c3486b8873513821f13c2ffe15f0de552ac/libapp_native_loader.so
7f01406000-7f01407000 rw-p 00003000 /system/lib64/westlake/route-a/74d1d6d48210ec5bf66ae43598655c3486b8873513821f13c2ffe15f0de552ac/libapp_native_loader.so
7f01440000-7f01740000 r--s 00000000 /dev/__parameters__/u:object_r:startup_appspawn_param:s0
7f01740000-7f01741000 r--p 00000000 /system/lib64/appspawn/libappspawn_asan.z.so
7f01741000-7f01743000 r-xp 00000000 /system/lib64/appspawn/libappspawn_asan.z.so
7f01743000-7f01744000 r--p 00001000 /system/lib64/appspawn/libappspawn_asan.z.so
7f01744000-7f01745000 rw-p 00001000 /system/lib64/appspawn/libappspawn_asan.z.so
7f01780000-7f01794000 r--p 00000000 /system/lib64/appspawn/common/libappspawn_sandbox.z.so
7f01794000-7f017bb000 r-xp 00013000 /system/lib64/appspawn/common/libappspawn_sandbox.z.so
7f017bb000-7f017bd000 r--p 00039000 /system/lib64/appspawn/common/libappspawn_sandbox.z.so
7f017bd000-7f017be000 rw-p 0003a000 /system/lib64/appspawn/common/libappspawn_sandbox.z.so
7f017be000-7f017bf000 rw-p 00000000 
7f017c0000-7f017c6000 r--p 00000000 /system/lib64/platformsdk/libdlp_fuse.z.so
7f017c6000-7f017ce000 r-xp 00005000 /system/lib64/platformsdk/libdlp_fuse.z.so
7f017ce000-7f017cf000 r--p 0000c000 /system/lib64/platformsdk/libdlp_fuse.z.so
7f017cf000-7f017d0000 rw-p 0000c000 /system/lib64/platformsdk/libdlp_fuse.z.so
7f01800000-7f0180d000 r--p 00000000 /system/lib64/platformsdk/libfuse.z.so
7f0180d000-7f0182d000 r-xp 0000c000 /system/lib64/platformsdk/libfuse.z.so
7f0182d000-7f01840000 r--p 0002b000 /system/lib64/platformsdk/libfuse.z.so
7f01840000-7f01841000 rw-p 0003d000 /system/lib64/platformsdk/libfuse.z.so
7f01841000-7f02041000 rw-p 00000000 
7f02080000-7f02092000 r--p 00000000 /system/lib64/chipset-sdk/libextractortool.z.so
7f02092000-7f020b2000 r-xp 00011000 /system/lib64/chipset-sdk/libextractortool.z.so
7f020b2000-7f020b3000 r--p 00030000 /system/lib64/chipset-sdk/libextractortool.z.so
7f020b3000-7f020b4000 rw-p 00030000 /system/lib64/chipset-sdk/libextractortool.z.so
7f020c0000-7f020c3000 r--p 00000000 /system/lib64/platformsdk/libdistributeddata_mgr.z.so
7f020c3000-7f020c7000 r-xp 00002000 /system/lib64/platformsdk/libdistributeddata_mgr.z.so
7f020c7000-7f020c9000 r--p 00005000 /system/lib64/platformsdk/libdistributeddata_mgr.z.so
7f020c9000-7f020ca000 rw-p 00006000 /system/lib64/platformsdk/libdistributeddata_mgr.z.so
7f02100000-7f0210a000 r--p 00000000 /system/lib64/appspawn/common/libappspawn_common.z.so
7f0210a000-7f02119000 r-xp 00009000 /system/lib64/appspawn/common/libappspawn_common.z.so
7f02119000-7f0211b000 r--p 00017000 /system/lib64/appspawn/common/libappspawn_common.z.so
7f0211b000-7f0211c000 rw-p 00018000 /system/lib64/appspawn/common/libappspawn_common.z.so
7f02140000-7f02153000 r--p 00000000 /system/lib64/chipset-sdk-sp/libjsoncpp.z.so
7f02153000-7f02173000 r-xp 00012000 /system/lib64/chipset-sdk-sp/libjsoncpp.z.so
7f02173000-7f02175000 r--p 00031000 /system/lib64/chipset-sdk-sp/libjsoncpp.z.so
7f02175000-7f02176000 rw-p 00032000 /system/lib64/chipset-sdk-sp/libjsoncpp.z.so
7f02180000-7f0221d000 r--p 00000000 /system/lib64/platformsdk/libappexecfwk_core.z.so
7f0221d000-7f02329000 r-xp 0009c000 /system/lib64/platformsdk/libappexecfwk_core.z.so
7f02329000-7f02346000 r--p 001a7000 /system/lib64/platformsdk/libappexecfwk_core.z.so
7f02346000-7f02347000 rw-p 001c3000 /system/lib64/platformsdk/libappexecfwk_core.z.so
7f02347000-7f02348000 rw-p 00000000 
7f02380000-7f02383000 r--p 00000000 /system/lib64/platformsdk/libnetsys_client.z.so
7f02383000-7f02388000 r-xp 00002000 /system/lib64/platformsdk/libnetsys_client.z.so
7f02388000-7f02389000 r--p 00006000 /system/lib64/platformsdk/libnetsys_client.z.so
7f02389000-7f0238a000 rw-p 00006000 /system/lib64/platformsdk/libnetsys_client.z.so
7f0238a000-7f02408000 rw-p 00000000 
7f02440000-7f02442000 r--p 00000000 /system/lib64/platformsdk/librestorecon.z.so
7f02442000-7f02444000 r-xp 00001000 /system/lib64/platformsdk/librestorecon.z.so
7f02444000-7f02445000 r--p 00002000 /system/lib64/platformsdk/librestorecon.z.so
7f02445000-7f02446000 rw-p 00002000 /system/lib64/platformsdk/librestorecon.z.so
7f02480000-7f024e8000 r--p 00000000 /system/android/lib64/libappexecfwk_base.z.so
7f024e8000-7f02634000 r-xp 00067000 /system/android/lib64/libappexecfwk_base.z.so
7f02634000-7f02640000 r--p 001b2000 /system/android/lib64/libappexecfwk_base.z.so
7f02640000-7f02642000 rw-p 001bd000 /system/android/lib64/libappexecfwk_base.z.so
7f02680000-7f0274a000 r--p 00000000 /system/lib64/platformsdk/libhmicuuc.z.so
7f0274a000-7f0284c000 r-xp 000c9000 /system/lib64/platformsdk/libhmicuuc.z.so
7f0284c000-7f02863000 r--p 001ca000 /system/lib64/platformsdk/libhmicuuc.z.so
7f02863000-7f02864000 rw-p 001e0000 /system/lib64/platformsdk/libhmicuuc.z.so
7f02864000-7f02866000 rw-p 00000000 
7f02880000-7f02883000 r--p 00000000 /system/lib64/platformsdk/libhitrace_option.so
7f02883000-7f02887000 r-xp 00002000 /system/lib64/platformsdk/libhitrace_option.so
7f02887000-7f02888000 r--p 00005000 /system/lib64/platformsdk/libhitrace_option.so
7f02888000-7f02889000 rw-p 00005000 /system/lib64/platformsdk/libhitrace_option.so
7f028c0000-7f028d5000 r--p 00000000 /system/lib64/chipset-sdk/libaccesstoken_common_cxx.z.so
7f028d5000-7f028db000 r-xp 00014000 /system/lib64/chipset-sdk/libaccesstoken_common_cxx.z.so
7f028db000-7f028e0000 r--p 00019000 /system/lib64/chipset-sdk/libaccesstoken_common_cxx.z.so
7f028e0000-7f028e8000 rw-p 0001d000 /system/lib64/chipset-sdk/libaccesstoken_common_cxx.z.so
7f02900000-7f02914000 r--p 00000000 /system/lib64/chipset-sdk-sp/libeventhandler.z.so
7f02914000-7f02943000 r-xp 00013000 /system/lib64/chipset-sdk-sp/libeventhandler.z.so
7f02943000-7f02945000 r--p 00041000 /system/lib64/chipset-sdk-sp/libeventhandler.z.so
7f02945000-7f02946000 rw-p 00042000 /system/lib64/chipset-sdk-sp/libeventhandler.z.so
7f02946000-7f02947000 rw-p 00000000 
7f02980000-7f02999000 r--p 00000000 /system/lib64/platformsdk/libaccount_common.z.so
7f02999000-7f029c0000 r-xp 00018000 /system/lib64/platformsdk/libaccount_common.z.so
7f029c0000-7f029c2000 r--p 0003e000 /system/lib64/platformsdk/libaccount_common.z.so
7f029c2000-7f029c3000 rw-p 0003f000 /system/lib64/platformsdk/libaccount_common.z.so
7f02a00000-7f02a1d000 r--p 00000000 /system/lib64/platformsdk/libos_account_innerkits.z.so
7f02a1d000-7f02a54000 r-xp 0001c000 /system/lib64/platformsdk/libos_account_innerkits.z.so
7f02a54000-7f02a59000 r--p 00052000 /system/lib64/platformsdk/libos_account_innerkits.z.so
7f02a59000-7f02a5a000 rw-p 00056000 /system/lib64/platformsdk/libos_account_innerkits.z.so
7f02a5a000-7f02a5b000 rw-p 00000000 
7f02a80000-7f02a81000 r--p 00000000 /system/lib64/platformsdk/libtokensetproc_shared.z.so
7f02a81000-7f02a84000 r-xp 00000000 /system/lib64/platformsdk/libtokensetproc_shared.z.so
7f02a84000-7f02a85000 r--p 00002000 /system/lib64/platformsdk/libtokensetproc_shared.z.so
7f02a85000-7f02a86000 rw-p 00002000 /system/lib64/platformsdk/libtokensetproc_shared.z.so
7f02ac0000-7f02acf000 r--p 00000000 /system/lib64/chipset-sdk-sp/libhicollie.z.so
7f02acf000-7f02af7000 r-xp 0000e000 /system/lib64/chipset-sdk-sp/libhicollie.z.so
7f02af7000-7f02af9000 r--p 00035000 /system/lib64/chipset-sdk-sp/libhicollie.z.so
7f02af9000-7f02afa000 rw-p 00036000 /system/lib64/chipset-sdk-sp/libhicollie.z.so
7f02afa000-7f02afb000 rw-p 00000000 
7f02b00000-7f02b04000 r--p 00000000 /system/lib64/chipset-sdk-sp/libucollection_client.z.so
7f02b04000-7f02b0c000 r-xp 00003000 /system/lib64/chipset-sdk-sp/libucollection_client.z.so
7f02b0c000-7f02b0e000 r--p 0000a000 /system/lib64/chipset-sdk-sp/libucollection_client.z.so
7f02b0e000-7f02b0f000 rw-p 0000b000 /system/lib64/chipset-sdk-sp/libucollection_client.z.so
7f02b40000-7f02b9a000 r--p 00000000 /system/lib64/platformsdk/libhmicui18n.z.so
7f02b9a000-7f02cc7000 r-xp 00059000 /system/lib64/platformsdk/libhmicui18n.z.so
7f02cc7000-7f02cd7000 r--p 00185000 /system/lib64/platformsdk/libhmicui18n.z.so
7f02cd7000-7f02cd8000 rw-p 00194000 /system/lib64/platformsdk/libhmicui18n.z.so
7f02cd8000-7f02cd9000 rw-p 00000000 
7f02d00000-7f02d06000 r--p 00000000 /system/lib64/chipset-sdk/libstring_utils.z.so
7f02d06000-7f02d19000 r-xp 00005000 /system/lib64/chipset-sdk/libstring_utils.z.so
7f02d19000-7f02d1a000 r--p 00017000 /system/lib64/chipset-sdk/libstring_utils.z.so
7f02d1a000-7f02d1b000 rw-p 00017000 /system/lib64/chipset-sdk/libstring_utils.z.so
7f02d40000-7f02d48000 r--p 00000000 /system/lib64/platformsdk/libaccountkits.z.so
7f02d48000-7f02d5a000 r-xp 00007000 /system/lib64/platformsdk/libaccountkits.z.so
7f02d5a000-7f02d5d000 r--p 00018000 /system/lib64/platformsdk/libaccountkits.z.so
7f02d5d000-7f02d5e000 rw-p 0001a000 /system/lib64/platformsdk/libaccountkits.z.so
7f02d80000-7f02dbc000 r--p 00000000 /system/lib64/platformsdk/libglobal_resmgr.z.so
7f02dbc000-7f02e20000 r-xp 0003b000 /system/lib64/platformsdk/libglobal_resmgr.z.so
7f02e20000-7f02e25000 r--p 0009e000 /system/lib64/platformsdk/libglobal_resmgr.z.so
7f02e25000-7f02e26000 rw-p 000a2000 /system/lib64/platformsdk/libglobal_resmgr.z.so
7f02e40000-7f02e59000 r--p 00000000 /system/lib64/platformsdk/libcesfwk_core.z.so
7f02e59000-7f02e74000 r-xp 00018000 /system/lib64/platformsdk/libcesfwk_core.z.so
7f02e74000-7f02e7a000 r--p 00032000 /system/lib64/platformsdk/libcesfwk_core.z.so
7f02e7a000-7f02e7b000 rw-p 00037000 /system/lib64/platformsdk/libcesfwk_core.z.so
7f02e80000-7f02e9f000 r--p 00000000 /system/lib64/platformsdk/libipc_single.z.so
7f02e9f000-7f02ee9000 r-xp 0001e000 /system/lib64/platformsdk/libipc_single.z.so
7f02ee9000-7f02eed000 r--p 00067000 /system/lib64/platformsdk/libipc_single.z.so
7f02eed000-7f02eee000 rw-p 0006a000 /system/lib64/platformsdk/libipc_single.z.so
7f02f00000-7f02f0f000 r--p 00000000 /system/lib64/chipset-sdk/libaccesstoken_sdk.z.so
7f02f0f000-7f02f34000 r-xp 0000e000 /system/lib64/chipset-sdk/libaccesstoken_sdk.z.so
7f02f34000-7f02f37000 r--p 00032000 /system/lib64/chipset-sdk/libaccesstoken_sdk.z.so
7f02f37000-7f02f38000 rw-p 00034000 /system/lib64/chipset-sdk/libaccesstoken_sdk.z.so
7f02f40000-7f02f41000 r--p 00000000 /system/lib64/platformsdk/libtokenid_sdk.z.so
7f02f41000-7f02f44000 r-xp 00000000 /system/lib64/platformsdk/libtokenid_sdk.z.so
7f02f44000-7f02f45000 r--p 00002000 /system/lib64/platformsdk/libtokenid_sdk.z.so
7f02f45000-7f02f46000 rw-p 00002000 /system/lib64/platformsdk/libtokenid_sdk.z.so
7f02f80000-7f02f84000 r--p 00000000 /system/lib64/chipset-sdk/libaccesstoken_communication_adapter_cxx.z.so
7f02f84000-7f02f8c000 r-xp 00003000 /system/lib64/chipset-sdk/libaccesstoken_communication_adapter_cxx.z.so
7f02f8c000-7f02f8f000 r--p 0000a000 /system/lib64/chipset-sdk/libaccesstoken_communication_adapter_cxx.z.so
7f02f8f000-7f02f90000 rw-p 0000c000 /system/lib64/chipset-sdk/libaccesstoken_communication_adapter_cxx.z.so
7f02fc0000-7f02fcc000 r--p 00000000 /system/lib64/chipset-sdk-sp/libstorage_manager_acl.z.so
7f02fcc000-7f02fe8000 r-xp 0000b000 /system/lib64/chipset-sdk-sp/libstorage_manager_acl.z.so
7f02fe8000-7f02fea000 r--p 00026000 /system/lib64/chipset-sdk-sp/libstorage_manager_acl.z.so
7f02fea000-7f02feb000 rw-p 00027000 /system/lib64/chipset-sdk-sp/libstorage_manager_acl.z.so
7f03000000-7f03007000 r--p 00000000 /system/lib64/platformsdk/libzuri.z.so
7f03007000-7f03015000 r-xp 00006000 /system/lib64/platformsdk/libzuri.z.so
7f03015000-7f03017000 r--p 00013000 /system/lib64/platformsdk/libzuri.z.so
7f03017000-7f03018000 rw-p 00014000 /system/lib64/platformsdk/libzuri.z.so
7f03040000-7f03043000 r--p 00000000 /system/lib64/platformsdk/libappexecfwk_common.z.so
7f03043000-7f03047000 r-xp 00002000 /system/lib64/platformsdk/libappexecfwk_common.z.so
7f03047000-7f03048000 r--p 00005000 /system/lib64/platformsdk/libappexecfwk_common.z.so
7f03048000-7f03049000 rw-p 00005000 /system/lib64/platformsdk/libappexecfwk_common.z.so
7f03049000-7f0304a000 rw-p 00000000 
7f03080000-7f03086000 r--p 00000000 /system/lib64/platformsdk/libipc_common.z.so
7f03086000-7f03090000 r-xp 00005000 /system/lib64/platformsdk/libipc_common.z.so
7f03090000-7f03091000 r--p 0000e000 /system/lib64/platformsdk/libipc_common.z.so
7f03091000-7f03092000 rw-p 0000e000 /system/lib64/platformsdk/libipc_common.z.so
7f03092000-7f03093000 rw-p 00000000 
7f030c0000-7f03100000 r--p 00000000 /system/lib64/platformsdk/libwant.z.so
7f03100000-7f0316e000 r-xp 0003f000 /system/lib64/platformsdk/libwant.z.so
7f0316e000-7f03173000 r--p 000ac000 /system/lib64/platformsdk/libwant.z.so
7f03173000-7f03174000 rw-p 000b0000 /system/lib64/platformsdk/libwant.z.so
7f03174000-7f03175000 rw-p 00000000 
7f03180000-7f03182000 r--p 00000000 /system/lib64/platformsdk/libapi_cache_manager.z.so
7f03182000-7f03188000 r-xp 00001000 /system/lib64/platformsdk/libapi_cache_manager.z.so
7f03188000-7f03189000 r--p 00006000 /system/lib64/platformsdk/libapi_cache_manager.z.so
7f03189000-7f0318a000 rw-p 00006000 /system/lib64/platformsdk/libapi_cache_manager.z.so
7f031c0000-7f031c1000 r--p 00000000 /system/lib64/libappspawn_stub_empty.so
7f031c1000-7f031c2000 r-xp 00000000 /system/lib64/libappspawn_stub_empty.so
7f031c2000-7f031c3000 r--p 00000000 /system/lib64/libappspawn_stub_empty.so
7f031c3000-7f031c4000 rw-p 00000000 /system/lib64/libappspawn_stub_empty.so
7f03200000-7f03218000 r--p 00000000 /system/lib64/platformsdk/libutd_client.z.so
7f03218000-7f0325c000 r-xp 00017000 /system/lib64/platformsdk/libutd_client.z.so
7f0325c000-7f0325f000 r--p 0005a000 /system/lib64/platformsdk/libutd_client.z.so
7f0325f000-7f03260000 rw-p 0005c000 /system/lib64/platformsdk/libutd_client.z.so
7f03280000-7f03281000 r--p 00000000 /system/lib64/libseccomp.z.so
7f03281000-7f03283000 r-xp 00000000 /system/lib64/libseccomp.z.so
7f03283000-7f03284000 r--p 00001000 /system/lib64/libseccomp.z.so
7f03284000-7f03285000 rw-p 00001000 /system/lib64/libseccomp.z.so
7f032c0000-7f032d7000 r--p 00000000 /system/lib64/platformsdk/libcesfwk_innerkits.z.so
7f032d7000-7f032e7000 r-xp 00016000 /system/lib64/platformsdk/libcesfwk_innerkits.z.so
7f032e7000-7f032e9000 r--p 00025000 /system/lib64/platformsdk/libcesfwk_innerkits.z.so
7f032e9000-7f032ea000 rw-p 00026000 /system/lib64/platformsdk/libcesfwk_innerkits.z.so
7f032ea000-7f032ec000 rw-p 00000000 
7f03300000-7f03312000 r--p 00000000 /system/lib64/chipset-sdk-sp/libsamgr_proxy.z.so
7f03312000-7f0332a000 r-xp 00011000 /system/lib64/chipset-sdk-sp/libsamgr_proxy.z.so
7f0332a000-7f03330000 r--p 00028000 /system/lib64/chipset-sdk-sp/libsamgr_proxy.z.so
7f03330000-7f03331000 rw-p 0002d000 /system/lib64/chipset-sdk-sp/libsamgr_proxy.z.so
7f03340000-7f03353000 r--p 00000000 /system/lib64/platformsdk/libdomain_account_innerkits.z.so
7f03353000-7f0336f000 r-xp 00012000 /system/lib64/platformsdk/libdomain_account_innerkits.z.so
7f0336f000-7f03375000 r--p 0002d000 /system/lib64/platformsdk/libdomain_account_innerkits.z.so
7f03375000-7f03376000 rw-p 00032000 /system/lib64/platformsdk/libdomain_account_innerkits.z.so
7f03380000-7f03386000 r--p 00000000 /system/lib64/chipset-sdk-sp/libhitrace_meter.so
7f03386000-7f03390000 r-xp 00005000 /system/lib64/chipset-sdk-sp/libhitrace_meter.so
7f03390000-7f03391000 r--p 0000e000 /system/lib64/chipset-sdk-sp/libhitrace_meter.so
7f03391000-7f03392000 rw-p 0000e000 /system/lib64/chipset-sdk-sp/libhitrace_meter.so
7f03392000-7f03393000 rw-p 00000000 
7f033c0000-7f033cf000 r--p 00000000 /system/lib64/libsecurity_component_sdk.z.so
7f033cf000-7f033e2000 r-xp 0000e000 /system/lib64/libsecurity_component_sdk.z.so
7f033e2000-7f033e5000 r--p 00020000 /system/lib64/libsecurity_component_sdk.z.so
7f033e5000-7f033e6000 rw-p 00022000 /system/lib64/libsecurity_component_sdk.z.so
7f033e6000-7f033e7000 rw-p 00000000 
7f03400000-7f0340c000 r--p 00000000 /system/lib64/platformsdk/libbase.z.so
7f0340c000-7f03414000 r-xp 0000b000 /system/lib64/platformsdk/libbase.z.so
7f03414000-7f03418000 r--p 00012000 /system/lib64/platformsdk/libbase.z.so
7f03418000-7f03419000 rw-p 00015000 /system/lib64/platformsdk/libbase.z.so
7f03440000-7f03442000 r--p 00000000 /system/lib64/appspawn/libwestlake_android_child.z.so
7f03442000-7f03448000 r-xp 00001000 /system/lib64/appspawn/libwestlake_android_child.z.so
7f03448000-7f0344c000 r--p 00006000 /system/lib64/appspawn/libwestlake_android_child.z.so
7f0344c000-7f0344d000 rw-p 00009000 /system/lib64/appspawn/libwestlake_android_child.z.so
7f0344d000-7f0345b000 rw-p 00000000 
7f03480000-7f03482000 r--p 00000000 /system/lib64/platformsdk/libfwmark_client.z.so
7f03482000-7f03485000 r-xp 00001000 /system/lib64/platformsdk/libfwmark_client.z.so
7f03485000-7f03486000 r--p 00003000 /system/lib64/platformsdk/libfwmark_client.z.so
7f03486000-7f03487000 rw-p 00003000 /system/lib64/platformsdk/libfwmark_client.z.so
7f034c0000-7f03ec0000 r--s 00000000 /dev/__parameters__/u:object_r:default_param:s0
7f03ec0000-7f0416b000 ---p 00000000 
7f0416b000-7f0416c000 r--p 00000000 
7f0416c000-7f042b8000 ---p 00000000 
7f042b8000-7f042b9000 r--p 00000000 
7f042b9000-7f042bc000 ---p 00000000 
7f042bc000-7f042bd000 r--p 00000000 
7f042bd000-7f83ec0000 ---p 00000000 
7f83ec0000-7f83ece000 r--p 00000000 /system/lib64/chipset-sdk-sp/libselinux.z.so
7f83ece000-7f83eec000 r-xp 0000d000 /system/lib64/chipset-sdk-sp/libselinux.z.so
7f83eec000-7f83eed000 r--p 0002a000 /system/lib64/chipset-sdk-sp/libselinux.z.so
7f83eed000-7f83eee000 rw-p 0002a000 /system/lib64/chipset-sdk-sp/libselinux.z.so
7f83eee000-7f83ef1000 rw-p 00000000 
7f83f00000-7f83f01000 r--p 00000000 /system/lib64/chipset-sdk-sp/libconfigpolicy_util.z.so
7f83f01000-7f83f03000 r-xp 00000000 /system/lib64/chipset-sdk-sp/libconfigpolicy_util.z.so
7f83f03000-7f83f05000 r--p 00001000 /system/lib64/chipset-sdk-sp/libconfigpolicy_util.z.so
7f83f05000-7f83f06000 rw-p 00002000 /system/lib64/chipset-sdk-sp/libconfigpolicy_util.z.so
7f83f40000-7f83f45000 r--p 00000000 /system/android/lib64/liblzma.so
7f83f45000-7f83f63000 r-xp 00004000 /system/android/lib64/liblzma.so
7f83f63000-7f83f65000 r--p 00021000 /system/android/lib64/liblzma.so
7f83f65000-7f83f66000 rw-p 00022000 /system/android/lib64/liblzma.so
7f83f66000-7f83f71000 rw-p 00000000 
7f83f80000-7f83f8a000 r--p 00000000 /system/lib64/chipset-sdk-sp/liblzma.z.so
7f83f8a000-7f83fae000 r-xp 00009000 /system/lib64/chipset-sdk-sp/liblzma.z.so
7f83fae000-7f83faf000 r--p 0002c000 /system/lib64/chipset-sdk-sp/liblzma.z.so
7f83faf000-7f83fb0000 rw-p 0002c000 /system/lib64/chipset-sdk-sp/liblzma.z.so
7f83fb0000-7f83fb9000 rw-p 00000000 
7f83fc0000-7f83fc9000 r--p 00000000 /system/lib64/chipset-sdk-sp/libpcre2.z.so
7f83fc9000-7f83fe9000 r-xp 00008000 /system/lib64/chipset-sdk-sp/libpcre2.z.so
7f83fe9000-7f83fea000 r--p 00027000 /system/lib64/chipset-sdk-sp/libpcre2.z.so
7f83fea000-7f83feb000 rw-p 00027000 /system/lib64/chipset-sdk-sp/libpcre2.z.so
7f84000000-7f84002000 r--p 00000000 /system/lib64/chipset-sdk-sp/libfaultloggerd.z.so
7f84002000-7f84007000 r-xp 00001000 /system/lib64/chipset-sdk-sp/libfaultloggerd.z.so
7f84007000-7f84008000 r--p 00005000 /system/lib64/chipset-sdk-sp/libfaultloggerd.z.so
7f84008000-7f84009000 rw-p 00005000 /system/lib64/chipset-sdk-sp/libfaultloggerd.z.so
7f84040000-7f84045000 r--p 00000000 /system/lib64/platformsdk/libdfx_signalhandler.z.so
7f84045000-7f84051000 r-xp 00004000 /system/lib64/platformsdk/libdfx_signalhandler.z.so
7f84051000-7f84052000 r--p 0000f000 /system/lib64/platformsdk/libdfx_signalhandler.z.so
7f84052000-7f84053000 rw-p 0000f000 /system/lib64/platformsdk/libdfx_signalhandler.z.so
7f84053000-7f84057000 rw-p 00000000 
7f84080000-7f84081000 r--p 00000000 /system/android/lib64/libwestlake_thread_guard_registry.so
7f84081000-7f84085000 r-xp 00000000 /system/android/lib64/libwestlake_thread_guard_registry.so
7f84085000-7f84086000 r--p 00003000 /system/android/lib64/libwestlake_thread_guard_registry.so
7f84086000-7f84087000 rw-p 00003000 /system/android/lib64/libwestlake_thread_guard_registry.so
7f84087000-7f8408e000 rw-p 00000000 
7f840c0000-7f840cc000 r--p 00000000 /system/lib64/chipset-sdk/libhilog.so
7f840cc000-7f840eb000 r-xp 0000b000 /system/lib64/chipset-sdk/libhilog.so
7f840eb000-7f840ed000 r--p 00029000 /system/lib64/chipset-sdk/libhilog.so
7f840ed000-7f840ee000 rw-p 0002a000 /system/lib64/chipset-sdk/libhilog.so
7f840ee000-7f840f0000 rw-p 00000000 
7f84100000-7f84112000 r--p 00000000 /system/lib64/chipset-sdk-sp/libunwinder.z.so
7f84112000-7f84141000 r-xp 00011000 /system/lib64/chipset-sdk-sp/libunwinder.z.so
7f84141000-7f84144000 r--p 0003f000 /system/lib64/chipset-sdk-sp/libunwinder.z.so
7f84144000-7f84145000 rw-p 00041000 /system/lib64/chipset-sdk-sp/libunwinder.z.so
7f84145000-7f84146000 rw-p 00000000 
7f84180000-7f84185000 r--p 00000000 /system/lib64/chipset-sdk-sp/libhitracechain.so
7f84185000-7f8418d000 r-xp 00004000 /system/lib64/chipset-sdk-sp/libhitracechain.so
7f8418d000-7f8418e000 r--p 0000b000 /system/lib64/chipset-sdk-sp/libhitracechain.so
7f8418e000-7f8418f000 rw-p 0000b000 /system/lib64/chipset-sdk-sp/libhitracechain.so
7f841c0000-7f84251000 r--p 00000000 /system/lib64/chipset-sdk-sp/libc++.so
7f84251000-7f842eb000 r-xp 00090000 /system/lib64/chipset-sdk-sp/libc++.so
7f842eb000-7f842f6000 r--p 00129000 /system/lib64/chipset-sdk-sp/libc++.so
7f842f6000-7f842f7000 rw-p 00133000 /system/lib64/chipset-sdk-sp/libc++.so
7f842f7000-7f842fe000 rw-p 00000000 
7f84300000-7f84302000 r--p 00000000 /system/android/lib64/libbionic_compat.so
7f84302000-7f84304000 r-xp 00001000 /system/android/lib64/libbionic_compat.so
7f84304000-7f84305000 r--p 00002000 /system/android/lib64/libbionic_compat.so
7f84305000-7f84306000 rw-p 00002000 /system/android/lib64/libbionic_compat.so
7f84306000-7f8431c000 rw-p 00000000 
7f84340000-7f84344000 r--p 00000000 /system/lib64/chipset-sdk-sp/libdfx_procinfo.z.so
7f84344000-7f8434c000 r-xp 00003000 /system/lib64/chipset-sdk-sp/libdfx_procinfo.z.so
7f8434c000-7f8434d000 r--p 0000a000 /system/lib64/chipset-sdk-sp/libdfx_procinfo.z.so
7f8434d000-7f8434e000 rw-p 0000a000 /system/lib64/chipset-sdk-sp/libdfx_procinfo.z.so
7f84380000-7f843d8000 r--p 00000000 /system/lib64/ndk/libffrt.so
7f843d8000-7f84465000 r-xp 00057000 /system/lib64/ndk/libffrt.so
7f84465000-7f8446b000 r--p 000e3000 /system/lib64/ndk/libffrt.so
7f8446b000-7f8446c000 rw-p 000e8000 /system/lib64/ndk/libffrt.so
7f8446c000-7f84474000 rw-p 00000000 
7f84480000-7f84487000 r--p 00000000 /system/lib64/chipset-sdk-sp/libhisysevent.z.so
7f84487000-7f84497000 r-xp 00006000 /system/lib64/chipset-sdk-sp/libhisysevent.z.so
7f84497000-7f84499000 r--p 00015000 /system/lib64/chipset-sdk-sp/libhisysevent.z.so
7f84499000-7f8449b000 rw-p 00016000 /system/lib64/chipset-sdk-sp/libhisysevent.z.so
7f844c0000-7f844c2000 r--p 00000000 /system/lib64/chipset-sdk-sp/libclang_rt.ubsan_minimal.so
7f844c2000-7f844c4000 r-xp 00001000 /system/lib64/chipset-sdk-sp/libclang_rt.ubsan_minimal.so
7f844c4000-7f844c5000 r--p 00002000 /system/lib64/chipset-sdk-sp/libclang_rt.ubsan_minimal.so
7f844c5000-7f844c6000 rw-p 00002000 /system/lib64/chipset-sdk-sp/libclang_rt.ubsan_minimal.so
7f844d4000-7f84500000 r--p 00000000 
7f84500000-7f84501000 r--p 00000000 /system/lib64/libappspawn_helper.z.so
7f84501000-7f84502000 r-xp 00000000 /system/lib64/libappspawn_helper.z.so
7f84502000-7f84503000 r--p 00000000 /system/lib64/libappspawn_helper.z.so
7f84503000-7f84504000 rw-p 00000000 /system/lib64/libappspawn_helper.z.so
7f84518000-7f8451a000 rw-p 00000000 
7f84520000-7f84540000 rw-p 00000000 
7f84540000-7f84543000 r--p 00000000 /system/lib64/chipset-sdk-sp/libcjson.z.so
7f84543000-7f84549000 r-xp 00002000 /system/lib64/chipset-sdk-sp/libcjson.z.so
7f84549000-7f8454a000 r--p 00007000 /system/lib64/chipset-sdk-sp/libcjson.z.so
7f8454a000-7f8454b000 rw-p 00007000 /system/lib64/chipset-sdk-sp/libcjson.z.so
7f84560000-7f84580000 rw-p 00000000 
7f84580000-7f84583000 r--p 00000000 /system/lib64/chipset-sdk-sp/libsec_shared.z.so
7f84583000-7f8458f000 r-xp 00002000 /system/lib64/chipset-sdk-sp/libsec_shared.z.so
7f8458f000-7f84590000 r--p 0000d000 /system/lib64/chipset-sdk-sp/libsec_shared.z.so
7f84590000-7f84591000 rw-p 0000d000 /system/lib64/chipset-sdk-sp/libsec_shared.z.so
7f845a0000-7f845c0000 rw-p 00000000 
7f845c0000-7f845cc000 r--p 00000000 /system/lib64/chipset-sdk-sp/libbegetutil.z.so
7f845cc000-7f845e2000 r-xp 0000b000 /system/lib64/chipset-sdk-sp/libbegetutil.z.so
7f845e2000-7f845e4000 r--p 00020000 /system/lib64/chipset-sdk-sp/libbegetutil.z.so
7f845e4000-7f845e5000 rw-p 00021000 /system/lib64/chipset-sdk-sp/libbegetutil.z.so
7f845f9000-7f84600000 rw-p 00000000 
7f84600000-7f84606000 r--p 00000000 /system/lib64/chipset-sdk-sp/libsystemparam.z.so
7f84606000-7f8460e000 r-xp 00005000 /system/lib64/chipset-sdk-sp/libsystemparam.z.so
7f8460e000-7f8460f000 r--p 0000c000 /system/lib64/chipset-sdk-sp/libsystemparam.z.so
7f8460f000-7f84610000 rw-p 0000c000 /system/lib64/chipset-sdk-sp/libsystemparam.z.so
7f84610000-7f84611000 rw-p 00000000 
7f84613000-7f84617000 rw-p 00000000 
7f84617000-7f84619000 rw-p 00000000 
7f8461c000-7f84640000 rw-p 00000000 
7f84640000-7f8464e000 r--p 00000000 /system/lib64/libhap_restorecon.z.so
7f8464e000-7f84670000 r-xp 0000d000 /system/lib64/libhap_restorecon.z.so
7f84670000-7f84673000 r--p 0002e000 /system/lib64/libhap_restorecon.z.so
7f84673000-7f84674000 rw-p 00030000 /system/lib64/libhap_restorecon.z.so
7f84677000-7f84680000 rw-p 00000000 
7f84680000-7f84687000 r--p 00000000 /system/lib64/chipset-sdk-sp/libbacktrace_local.so
7f84687000-7f8469b000 r-xp 00006000 /system/lib64/chipset-sdk-sp/libbacktrace_local.so
7f8469b000-7f8469c000 r--p 00019000 /system/lib64/chipset-sdk-sp/libbacktrace_local.so
7f8469c000-7f8469d000 rw-p 00019000 /system/lib64/chipset-sdk-sp/libbacktrace_local.so
7f8469d000-7f8469e000 rw-p 00000000 
7f846a4000-7f846c0000 rw-p 00000000 
7f846c0000-7f846d7000 r--p 00000000 /system/lib64/chipset-sdk-sp/libutils.z.so
7f846d7000-7f846f5000 r-xp 00016000 /system/lib64/chipset-sdk-sp/libutils.z.so
7f846f5000-7f846f7000 r--p 00033000 /system/lib64/chipset-sdk-sp/libutils.z.so
7f846f7000-7f846f8000 rw-p 00034000 /system/lib64/chipset-sdk-sp/libutils.z.so
7f846f8000-7f8470e000 rw-p 00000000 
7f8470e000-7f8470f000 rw-p 00000000 
7f8470f000-7f84718000 rw-p 00000000 
7f84718000-7f84719000 rw-p 00000000 
7f84719000-7f8471a000 rw-p 00000000 
7f8471a000-7f8471d000 rw-p 00000000 
7f8471d000-7f84720000 rw-p 00000000 
7f84720000-7f8472e000 rw-p 00000000 
7f8472e000-7f84737000 rw-p 00000000 
7f84737000-7f8473f000 rw-p 00000000 
7f8473f000-7f84740000 rw-p 00000000 
7f84740000-7f84758000 rw-p 00000000 
7f84758000-7f84760000 rw-p 00000000 
7f84760000-7f84769000 rw-p 00000000 
7f84769000-7f8476a000 r--s 00000000 /dev/__parameters__/u:object_r:hidebug_private_param:s0
7f8476a000-7f8476b000 r--s 00000000 /dev/__parameters__/u:object_r:hichecker_writable_param:s0
7f8476b000-7f8476c000 r--s 00000000 /__parameters__/u:object_r:arkcompiler_param:s0
7f8476c000-7f8476d000 rw-p 00000000 
7f8476d000-7f84771000 rw-p 00000000 
7f84771000-7f84774000 r--s 00000000 /dev/__parameters__/u:object_r:persist_sys_param:s0
7f84774000-7f8477a000 rw-p 00000000 
7f8477a000-7f84793000 rw-p 00000000 
7f84793000-7f84797000 rw-p 00000000 
7f84797000-7f84798000 rw-p 00000000 
7f84798000-7f8479a000 ---p 00000000 
7f8479a000-7f847a1000 rw-p 00000000 
7f847a1000-7f847a2000 r--s 00000000 /dev/__parameters__/u:object_r:hilog_private_param:s0
7f847a2000-7f847ac000 r--s 00000000 /dev/__parameters__/u:object_r:hilog_param:s0
7f847ac000-7f847c0000 r--s 00000000 /dev/__parameters__/u:object_r:startup_init_param:s0
7f847c0000-7f847ca000 r--s 00000000 /dev/__parameters__/u:object_r:persist_param:s0
7f847ca000-7f847d4000 r--s 00000000 /dev/__parameters__/u:object_r:hiviewdfx_hiview_param:s0
7f847d4000-7f847d8000 rw-p 00000000 
7f847d8000-7f847db000 rw-p 00000000 
7f847db000-7f847de000 rw-p 00000000 
7f847de000-7f847df000 r--s 00000000 /dev/__parameters__/u:object_r:hook_param:s0
7f847df000-7f847e0000 r--s 00000000 /dev/__parameters__/u:object_r:hitrace_param:s0
7f847e0000-7f849e0000 r--s 00000000 /dev/__parameters__/u:object_r:devinfo_public_param:s0
7f849e0000-7f849e1000 r--s 00000000 /dev/__parameters__/u:object_r:time_param:s0
7f849e1000-7f849e2000 r--s 00000000 /dev/__parameters__/u:object_r:i18n_param_tz_override:s0
7f849e2000-7f849e3000 r--s 00000000 /dev/__parameters__/u:object_r:musl_param:s0
7f849e3000-7f849e6000 rw-p 00000000 
7f849e6000-7f84be6000 r--s 00000000 /dev/__parameters__/param_sec_dac
7f84be6000-7f84c05000 rw-p 00000000 
7f84c05000-7f84c19000 r--s 00000000 /dev/__parameters__/param_selinux
7f84c19000-7f84c1a000 rw-p 00000000 
7f84c1a000-7f84c1c000 r--p 00000000 [vvar]
7f84c1c000-7f84c1d000 r-xp 00000000 [vdso]
7f84c1d000-7f84c9c000 r--p 00000000 /system/lib/ld-musl-aarch64.so.1
7f84c9c000-7f84d75000 r-xp 0007e000 /system/lib/ld-musl-aarch64.so.1
7f84d75000-7f84d78000 r--p 00156000 /system/lib/ld-musl-aarch64.so.1
7f84d78000-7f84d7c000 rw-p 00158000 /system/lib/ld-musl-aarch64.so.1
7f84d7c000-7f84e5d000 rw-p 00000000 
7fc0e23000-7fc0e24000 ---p 00000000 
7fc0e24000-7fc0e44000 rw-p 00000000 [stack]
OpenFiles:
0->/dev/null native object of unknown type 0
1->/dev/null native object of unknown type 0
2->/dev/null native object of unknown type 0
3->socket:[69801] native object of unknown type 0
5->socket:[69802] native object of unknown type 0
7->/dev/kmsg native object of unknown type 0
8->/sys/kernel/debug/tracing/trace_marker FILE* 218115379
