[compile_sigchain_muslcompat] clang++  = /home/dspfac/a2hlab/source-closure/verify/toolchains/ohos-sdk/native/llvm/bin/clang++
[compile_sigchain_muslcompat] sysroot  = /home/dspfac/a2hlab/source-closure/verify/toolchains/ohos-sdk/native/sysroot
[compile_sigchain_muslcompat] source   = /Users/zhaoyue/orca/workspaces/westlake-harness-bms-deploy/bms/src/adapter/aosp_patches/art/sigchainlib/sigchain_muslcompat.cc
[compile_sigchain_muslcompat] probe    = 0 (defs: <none>)
[compile_sigchain_muslcompat] out      = /Users/zhaoyue/orca/workspaces/westlake-harness-bms-deploy/bms/src/adapter/out/aosp_lib_arm64/libsigchain.so
/Users/zhaoyue/orca/workspaces/westlake-harness-bms-deploy/bms/src/adapter/aosp_patches/art/sigchainlib/sigchain_muslcompat.cc:60:27: warning: unused variable 'SIGCHAIN_ALLOW_NORETURN' [-Wunused-const-variable]
static constexpr uint64_t SIGCHAIN_ALLOW_NORETURN = 0x1UL;
                          ^
1 warning generated.
[compile_sigchain_muslcompat] done.
/Users/zhaoyue/orca/workspaces/westlake-harness-bms-deploy/bms/src/adapter/out/aosp_lib_arm64/libsigchain.so: ELF 64-bit LSB shared object, ARM aarch64, version 1 (SYSV), dynamically linked, with debug_info, not stripped
[compile_sigchain_muslcompat] exported symbols:
00000000000018ec T AddSpecialSignalHandlerFn
0000000000001960 T EnsureFrontOfChain
000000000000195c T RemoveSpecialSignalHandlerFn
0000000000001964 T SkipAddSignalHandler
000000000000199c T _fini
0000000000001988 T _init
                 U add_special_signal_handler
                 U remove_special_signal_handler
ada57135adb2ed595bd19c02e3f2d212  /Users/zhaoyue/orca/workspaces/westlake-harness-bms-deploy/bms/src/adapter/out/aosp_lib_arm64/libsigchain.so
